== mnaccept: job 21781 on ppac-pl1-s24-16, 2026-09-28T19:49:52-05:00, 3e2a5a5 INT3: int315_job.sh (the node batches); RESUME; ref /shared/prerelease/home/mpo_2026/chcoppola/ntt/ecalc/ref ==
PASS unit t_ntt 24: t_ntt: VERIFY OK (3215 checks)
PASS unit t_mul 20: t_mul: VERIFY OK (189 checks)
PASS unit t_bs: t_bs: VERIFY OK (10 checks)
PASS unit t_dbig 0: t_dbig: VERIFY OK (555 checks)
PASS unit t_newton 20: t_newton: VERIFY OK (620 checks)
PASS unit t_verify: t_verify: VERIFY OK (334 checks)
PASS unit t_out: t_out: VERIFY OK (1 checks)
PASS unit t_patch: t_patch: VERIFY OK (both forms)
PASS unit t_mn_grid (2 procs): 2 VERIFY OK: t_mn_grid: VERIFY OK (200 checks)
PASS e9 size 1 LIMB_BASE=10: identical; total 11.82 s (bs 1.4 + 10dP 0.1 + dm 1.
PASS e9 size 1 LIMB_BASE=2: identical; total 20.44 s (bs 1.1 + 10dP 0.4 + dm 1.
PASS mn e8 size 2: identical; all 2 nodes VERIFY OK; total 7.90 s (bs 0.8 + 10dP 0.0 + dm 3.6
PASS mn e8 size 3: identical; all 3 nodes VERIFY OK; total 9.39 s (bs 1.2 + 10dP 0.0 + dm 3.6
PASS mn e8 size 4: identical; all 4 nodes VERIFY OK; total 8.13 s (bs 1.0 + 10dP 0.0 + dm 3.3
PASS mn e9 size 2: identical; all 2 nodes VERIFY OK; total 21.21 s (bs 2.9 + 10dP 0.0 + dm 12
PASS mn e9 size 4: identical; all 4 nodes VERIFY OK; total 16.06 s (bs 3.0 + 10dP 0.0 + dm 7.
PASS recheck e9 size 1: run identical; recheck: 1 RECHECK OK, P, Q from the checkpoint on 1 node(s), read in 0.9 s; corrupted copy: 1 RECHECK FAILED
PASS recheck e8 size 2: run identical; recheck: 3 RECHECK OK, P, Q from the checkpoint on 2 node(s), read in 0.3 s; corrupted copy: 3 RECHECK FAILED
PASS corr d=511461828 size 1 TEST_CORR=14: identical; patched (8 bytes in 1 part file); total 6.58 s (bs 0.8 + 10dP 0.1 + dm 1.7; ECALC_RECHECK=1 on the patched file: RECHECK OK
PASS corr d=108388422 size 2 TEST_CORR=36: identical; patched (8 bytes in 1 part file); total 8.66 s (bs 0.9 + 10dP 0.0 + dm 4.0
PASS corr d=108388422 size 4 TEST_CORR=36: identical; patched (8 bytes in 1 part file); total 8.19 s (bs 1.0 + 10dP 0.0 + dm 3.5
== 21 passed, 0 failed; 1469 s; 3e2a5a5; logs in results/mnaccept/21781 ==
