== ecalc: e to 40000000000 digits (decimal limbs, base 10^18) [computed to the next multiple of 18] ==
META bench=ecalc host=ppac-pl1-s24-16 date=2026-09-28T11:36:53 pool_log=31 stg=7 pw_fuse=14 body=1 engine=1 base=10^18
ECALC_PLANE_CAP: 2^31 points (POOL_LOG=31 RNS_PLANES_3Q30=0 DIST_LOGN_TEST=31)
rns_init: three primes (ECALC_NP=3): c 2^44 + 1, c = 240, 216, 207; at most 58424467928 terms per product
RESULT ecalc init s 15.244
      VmRSS 24.2 GB after init (staging 4.3 GB pinned + device regions 140 GB); init 15.2 s
mem [init] device 243.7 GB in use (per APU 54.5..67.3): planes 103.1, regions 69.1, block pool 70.9 (donated 0.0, borrowed 70.9, hipMalloc 0.0; live 0.0, peak live 0.0, free 0.0), tables 0.61, other 0.0
mem [init] host 24.2 GB RSS (HWM 24.2): staging 21.5 pinned, registered 0.0, X 0.0, digits 0.0, named 0.0, other 2.7
budget: ECALC_BUDGET_CHECK ok: 1 rank, largest rank peak 268.4 GB, node budget 480 GB
bs       24.71 s   N 4346031744, P 2222222227 limbs, Q 2222222227 limbs (seeds 7.8 school 0.0 batch 12.6 mdev 4.3; pool 39.9 GB; dev pools 0.0 GB)   VmRSS 9.1 GB, VmHWM 26.0 GB
RESULT ecalc bs s 24.7118
mem [bs] device 249.7 GB in use (per APU 56.0..68.9): planes 103.1, regions 0.0, block pool 146.0 (donated 0.0, borrowed 146.0, hipMalloc 0.0; live 35.6, peak live 62.9, free 110.5), tables 0.61, other 0.0
mem [bs] host 9.1 GB RSS (HWM 26.0): staging 4.3 pinned, registered 0.1, X 0.0, digits 0.0, named 0.0, other 4.7
newton(db) j 1111111113 (k 2222222225): recip cut 0 pieces skipped, 6 formed in the step's two products
recip     9.41 s   mu 2222222226 limbs (31 iterations, 0 mdev)   VmRSS 6.9 GB, VmHWM 26.0 GB
mem [recip] device 249.7 GB in use (per APU 56.0..68.9): planes 103.1, regions 0.0, block pool 146.0 (donated 0.0, borrowed 146.0, hipMalloc 0.0; live 53.3, peak live 103.7, free 92.7), tables 0.61, other 0.0
mem [recip] host 6.9 GB RSS (HWM 26.0): staging 0.0 pinned, registered 0.1, X 0.0, digits 0.0, named 0.0, other 6.9
      I3: P, Q residues by kernel 0.53 s (before the reciprocal), S = P + Q on device 0.06 s; no host A
10dP      0.06 s   T 2222222223 limbs, A 4444444450 limbs (0 mdev, 0 splits)   VmRSS 6.9 GB, VmHWM 26.0 GB
RESULT ecalc 10dP s 0.0592376
   dist_db 2222222224 x 2222222225 limbs: 2 x 3 pieces of 1111111112 + 740740742, 5 formed, 1 skipped (low cut): 5.256 s (cache 0 slots: 0 hits, 0 misses)
mn_out: /tmp/cx15/e4e10.txt: O_DIRECT, packed form, 8 write threads, file system local
   dist_db 2222222224 x 2222222227 limbs: 2 x 3 pieces of 1111111112 + 740740743, 5 formed, 1 skipped (low product): 5.372 s (cache 0 slots: 0 hits, 0 misses)
mem [division] device 249.7 GB in use (per APU 56.0..68.9): planes 103.1, regions 0.0, block pool 146.0 (donated 0.0, borrowed 146.0, hipMalloc 0.0; live 17.8, peak live 103.7, free 128.3), tables 0.61, other 0.0
mem [division] host 7.5 GB RSS (HWM 26.0): staging 0.0 pinned, registered 0.1, X 0.0, digits 0.0, named 0.0, other 7.4
dm       21.59 s   X 2222222224 limbs, R 0 limbs (recip 9.4 s; corrections 0/0; 0 mdev); X on the device   VmRSS 7.5 GB, VmHWM 26.0 GB
mem [dm] device 249.7 GB in use (per APU 56.0..68.9): planes 103.1, regions 0.0, block pool 146.0 (donated 0.0, borrowed 146.0, hipMalloc 0.0; live 17.8, peak live 103.7, free 128.3), tables 0.61, other 0.0
mem [dm] host 7.5 GB RSS (HWM 26.0): staging 0.0 pinned, registered 0.1, X 0.0, digits 0.0, named 0.0, other 7.4
RESULT ecalc dm s 21.593
T1        0.00 s   ok: T(P+Q) == XQ + R and P, Q mod q for 8 primes (P, Q recurrence overlapped with bs)
      overlapped with bs: P, Q mod q recurrence 4.85 s, block pool pregrown by 0 GB in 0.00 s
RESULT ecalc T1 s 8.78004e-06
      VmRSS 7.5 GB before dc
total    61.69 s   (bs 24.7 + 10dP 0.1 + dm 21.6 + T1 0.0 + dc 0.0 + T2 0.0 = 46.4; init 15.2; other 0.1); VmHWM 26.0 GB
RESULT ecalc total s 61.6949
RESULT ecalc phases s 46.364
RESULT ecalc other s 0.0868062
RESULT ecalc vmhwm GB 25.9581
paper A22 (4e10): 285.7 = bs 112.2 + 10dP 12.6 + dm 46.8 + T1 ~3 + dc 110.3
      patch: X +0 after the formatting started (ECALC_CORR_PATCH): nothing to patch; 0 deferred windows; 0.002 s
dc        0.03 s   digits [0, 40000000015) of 40000000015 formatted from 2222222224 decimal limbs in 150 chunks (streamed with the low product; joined after total) (residues 0.27, format 0.84, digit residue 1.43, T2 0.30, fetch 1.04, waiting for the writer 1.77)
RESULT ecalc dc s 0.0275528
T2        0.00 s   windows ok (4 checked), digits == X mod q ok (overlapped)
RESULT ecalc T2 s 0
digits: 27182818284590452353602874713526624977572470936999595749669676...78143383465712288221
wrote /tmp/cx15/e4e10.txt (17.78 GB; write 4.63 s in the writer thread, 0.00 s after the checks)
VERIFY OK
mem [end] device 103.7 GB in use (per APU 25.9..25.9): planes 103.1, regions 0.0, block pool 0.0 (donated 0.0, borrowed 0.0, hipMalloc 0.0; live 0.0, peak live 103.7, free 0.0), tables 0.61, other 0.0
mem [end] host 7.0 GB RSS (HWM 26.0): staging 0.0 pinned, registered 0.1, X 0.0, digits 0.0, named 0.0, other 6.9
mem summary: bytes in use at each phase boundary, GB (device: all APUs / largest APU; host: this process)
mem phase           device  maxAPU |  planes regions  pl:don  pl:bor  pl:hip pl:live pl:peak tables |    host staging  regist       X  digits   other     HWM
mem init             243.7    67.3 |   103.1    69.1     0.0    70.9     0.0     0.0     0.0   0.61 |    24.2    21.5     0.0     0.0     0.0     2.7    24.2
mem bs               249.7    68.9 |   103.1     0.0     0.0   146.0     0.0    35.6    62.9   0.61 |     9.1     4.3     0.1     0.0     0.0     4.7    26.0
mem recip            249.7    68.9 |   103.1     0.0     0.0   146.0     0.0    53.3   103.7   0.61 |     6.9     0.0     0.1     0.0     0.0     6.9    26.0
mem division         249.7    68.9 |   103.1     0.0     0.0   146.0     0.0    17.8   103.7   0.61 |     7.5     0.0     0.1     0.0     0.0     7.4    26.0
mem dm               249.7    68.9 |   103.1     0.0     0.0   146.0     0.0    17.8   103.7   0.61 |     7.5     0.0     0.1     0.0     0.0     7.4    26.0
mem end              103.7    25.9 |   103.1     0.0     0.0     0.0     0.0     0.0   103.7   0.61 |     7.0     0.0     0.1     0.0     0.0     6.9    26.0
rns_dist: RNS_STRATEGY=auto form B: C 16 products 13.05 s, B 66 products 4.72 s, B4 0 products 0.00 s; extra plane memory 0.00 GiB/APU (allocations 0.00 s)
