== ecalc: e to 10000000000 digits (decimal limbs, base 10^18) [computed to the next multiple of 18] ==
META bench=ecalc host=ppac-pl1-s24-16 date=2026-09-28T09:46:52 pool_log=31 stg=7 pw_fuse=14 body=1 engine=1 base=10^18
== ecalc: e to 10000000000 digits (decimal limbs, base 10^18) [computed to the next multiple of 18] ==
META bench=ecalc host=ppac-pl1-s24-16 date=2026-09-28T09:46:52 pool_log=31 stg=7 pw_fuse=14 body=1 engine=1 base=10^18
mn: node 0 of 2, four meshes of 2 ranks on ppac-pl1-s24-16,ppac-pl1-s24-16 (port base 23045): connected in 0.40 s
mn: node 1 of 2, four meshes of 2 ranks on ppac-pl1-s24-16,ppac-pl1-s24-16 (port base 23045): connected in 0.09 s
mn: self-test, four meshes over 2 nodes at 2^22 points: ok (2.87 s)
mn: node 0: level 1 group [0, 2) (transform nodes 2): meshes connected in 0.00 s
mn: self-test, four meshes over 2 nodes at 2^22 points: ok (2.89 s)
mn: node 1: level 1 group [0, 2) (transform nodes 2): meshes connected in 0.00 s
mn: layered self-test, 2 x 4 ranks at 2^22 points: ok (0.20 s)
mn: node 1 computes terms [579393793, 1158787586) of 1158787585
RESULT ecalc init s 7.65163
      VmRSS 8.8 GB after init (staging 4.3 GB pinned + device regions 26 GB); init 7.7 s
mem[1] [init] device 42.0 GB in use (per APU 8.9..15.3): planes 8.6, regions 0.0, block pool 32.2 (donated 0.0, borrowed 32.2, hipMalloc 0.0; live 0.0, peak live 0.0, free 6.2), tables 1.23, other 0.0
mem[1] [init] host 8.8 GB RSS (HWM 11.4): staging 4.3 pinned, registered 0.0, X 0.0, digits 0.0, named 0.0, other 4.5
mem[1] [init]   APU0: in use 15.3 GB: planes 2.15 pool:borrowed 12.88 pool:free 1.63 tables 0.31  (driver: 30.5 of 137.4 GB used)
mem[1] [init]   APU1: in use 8.9 GB: planes 2.15 pool:borrowed 6.44 pool:free 1.27 tables 0.31  (driver: 17.6 of 137.4 GB used)
mem[1] [init]   APU2: in use 8.9 GB: planes 2.15 pool:borrowed 6.44 pool:free 1.63 tables 0.31  (driver: 17.6 of 137.4 GB used)
mem[1] [init]   APU3: in use 8.9 GB: planes 2.15 pool:borrowed 6.44 pool:free 1.63 tables 0.31  (driver: 17.6 of 137.4 GB used)
mn: layered self-test, 2 x 4 ranks at 2^22 points: ok (0.23 s)
mn: node 0 computes terms [1, 579393793) of 1158787585
RESULT ecalc init s 7.66512
      VmRSS 8.8 GB after init (staging 4.3 GB pinned + device regions 26 GB); init 7.7 s
mem[0] [init] device 42.0 GB in use (per APU 8.9..15.3): planes 8.6, regions 0.0, block pool 32.2 (donated 0.0, borrowed 32.2, hipMalloc 0.0; live 0.0, peak live 0.0, free 6.0), tables 1.22, other 0.0
mem[0] [init] host 8.8 GB RSS (HWM 11.2): staging 4.3 pinned, registered 0.0, X 0.0, digits 0.0, named 0.0, other 4.5
mem[0] [init]   APU0: in use 15.3 GB: planes 2.15 pool:borrowed 12.88 pool:free 1.66 tables 0.30  (driver: 30.5 of 137.4 GB used)
mem[0] [init]   APU1: in use 8.9 GB: planes 2.15 pool:borrowed 6.44 pool:free 1.12 tables 0.31  (driver: 17.6 of 137.4 GB used)
mem[0] [init]   APU2: in use 8.9 GB: planes 2.15 pool:borrowed 6.44 pool:free 1.63 tables 0.30  (driver: 17.6 of 137.4 GB used)
mem[0] [init]   APU3: in use 8.9 GB: planes 2.15 pool:borrowed 6.44 pool:free 1.63 tables 0.31  (driver: 17.6 of 137.4 GB used)
budget: ECALC_BUDGET_CHECK ok: 2 ranks, largest rank peak 117.1 GB, node budget 480 GB
mn: node 0 leaf P 268088063 limbs, Q 268088063 limbs (device)
mn: MN_TREE_EARLY_FREE: the tree levels free P_i, P_run between their two products
mn: node 1 leaf P 287467497 limbs, Q 287467497 limbs (device)
   transform cache: 2 of 2 slots of 16.0 GiB per APU allocated in 16.47 s (margin 24 GB) = 137.44 GB per node-process
   transform cache: 2 of 2 slots of 16.0 GiB per APU allocated in 16.85 s (margin 24 GB) = 137.44 GB per node-process
cache_trace node 0: piece (0, 0) of 2 x 3, 134044032 + 95822499 limbs at 0, slots 2: A cached B cached | 18.122 s: redistribute 6.735 ntt 5.941 crt 0.009 out 8.118 carry 0.009
cache_trace node 1: piece (0, 0) of 2 x 3, 134044032 + 95822499 limbs at 0, slots 2: A cached B cached | 18.122 s: redistribute 6.734 ntt 5.937 crt 0.010 out 8.118 carry 0.009
cache_trace node 0: piece (1, 0) of 2 x 3, 134044031 + 95822499 limbs at 134044032, slots 2: A - B HIT | 2.715 s: redistribute 0.076 ntt 2.269 crt 0.009 out 0.281 carry 0.093
cache_trace node 1: piece (1, 0) of 2 x 3, 134044031 + 95822499 limbs at 134044032, slots 2: A - B HIT | 2.715 s: redistribute 0.077 ntt 2.272 crt 0.010 out 0.275 carry 0.093
cache_trace node 0: piece (0, 1) of 2 x 3, 134044032 + 95822499 limbs at 95822499, slots 2: A HIT B cached | 2.652 s: redistribute 0.082 ntt 2.383 crt 0.005 out 0.139 carry 0.079
cache_trace node 1: piece (0, 1) of 2 x 3, 134044032 + 95822499 limbs at 95822499, slots 2: A HIT B cached | 2.652 s: redistribute 0.079 ntt 2.380 crt 0.005 out 0.139 carry 0.079
cache_trace node 0: piece (1, 1) of 2 x 3, 134044031 + 95822499 limbs at 229866531, slots 2: A - B HIT | 8.468 s: redistribute 0.072 ntt 2.161 crt 0.006 out 6.190 carry 0.082
cache_trace node 1: piece (1, 1) of 2 x 3, 134044031 + 95822499 limbs at 229866531, slots 2: A - B HIT | 8.468 s: redistribute 0.075 ntt 6.949 crt 0.008 out 6.186 carry 0.082
cache_trace node 0: piece (0, 2) of 2 x 3, 134044032 + 95822499 limbs at 191644998, slots 2: A HIT B cached | 3.635 s: redistribute 0.094 ntt 3.362 crt 0.010 out 0.144 carry 0.064
cache_trace node 1: piece (0, 2) of 2 x 3, 134044032 + 95822499 limbs at 191644998, slots 2: A HIT B cached | 3.635 s: redistribute 0.082 ntt 3.363 crt 0.010 out 0.144 carry 0.064
cache_trace node 0: piece (1, 2) of 2 x 3, 134044031 + 95822499 limbs at 325689030, slots 2: A - B HIT | 10.569 s: redistribute 0.088 ntt 2.398 crt 0.010 out 8.027 carry 0.077
cache_trace node 1: piece (1, 2) of 2 x 3, 134044031 + 95822499 limbs at 325689030, slots 2: A - B HIT | 10.569 s: redistribute 0.097 ntt 2.400 crt 0.010 out 8.023 carry 0.077
dist_mn node 0: 268088063 x 287467497 limbs over 2 x 4 ranks (cap 2^28): 2 x 3 pieces, 6 formed, 0 skipped (cache 2 slots: 5 hits, 4 misses)
dist_mn node 1: 268088063 x 287467497 limbs over 2 x 4 ranks (cap 2^28): 2 x 3 pieces, 6 formed, 0 skipped (cache 2 slots: 5 hits, 4 misses)
cache_trace node 0: piece (0, 0) of 2 x 3, 134044032 + 95822499 limbs at 0, slots 2: A cached B cached | 3.389 s: redistribute 0.120 ntt 3.146 crt 0.009 out 0.128 carry 0.003
cache_trace node 1: piece (0, 0) of 2 x 3, 134044032 + 95822499 limbs at 0, slots 2: A cached B cached | 3.389 s: redistribute 0.118 ntt 3.153 crt 0.010 out 0.122 carry 0.004
cache_trace node 0: piece (1, 0) of 2 x 3, 134044031 + 95822499 limbs at 134044032, slots 2: A - B HIT | 2.513 s: redistribute 0.081 ntt 2.229 crt 0.010 out 0.163 carry 0.087
cache_trace node 1: piece (1, 0) of 2 x 3, 134044031 + 95822499 limbs at 134044032, slots 2: A - B HIT | 2.513 s: redistribute 0.082 ntt 2.220 crt 0.010 out 0.163 carry 0.087
cache_trace node 0: piece (0, 1) of 2 x 3, 134044032 + 95822499 limbs at 95822499, slots 2: A HIT B cached | 2.946 s: redistribute 0.063 ntt 2.686 crt 0.010 out 0.142 carry 0.064
cache_trace node 1: piece (0, 1) of 2 x 3, 134044032 + 95822499 limbs at 95822499, slots 2: A HIT B cached | 2.946 s: redistribute 0.060 ntt 2.698 crt 0.010 out 0.142 carry 0.064
cache_trace node 0: piece (1, 1) of 2 x 3, 134044031 + 95822499 limbs at 229866531, slots 2: A - B HIT | 2.585 s: redistribute 0.110 ntt 2.236 crt 0.010 out 0.170 carry 0.086
cache_trace node 1: piece (1, 1) of 2 x 3, 134044031 + 95822499 limbs at 229866531, slots 2: A - B HIT | 2.585 s: redistribute 0.113 ntt 2.228 crt 0.010 out 0.165 carry 0.086
cache_trace node 0: piece (0, 2) of 2 x 3, 134044032 + 95822499 limbs at 191644998, slots 2: A HIT B cached | 2.713 s: redistribute 0.079 ntt 2.434 crt 0.010 out 0.135 carry 0.078
cache_trace node 1: piece (0, 2) of 2 x 3, 134044032 + 95822499 limbs at 191644998, slots 2: A HIT B cached | 2.713 s: redistribute 0.069 ntt 2.445 crt 0.010 out 0.135 carry 0.078
cache_trace node 0: piece (1, 2) of 2 x 3, 134044031 + 95822499 limbs at 325689030, slots 2: A - B HIT | 2.465 s: redistribute 0.088 ntt 2.206 crt 0.010 out 0.109 carry 0.078
dist_mn node 0: 268088063 x 287467497 limbs over 2 x 4 ranks (cap 2^28): 2 x 3 pieces, 6 formed, 0 skipped (cache 2 slots: 10 hits, 8 misses)
cache_trace node 1: piece (1, 2) of 2 x 3, 134044031 + 95822499 limbs at 325689030, slots 2: A - B HIT | 2.465 s: redistribute 0.107 ntt 2.196 crt 0.010 out 0.112 carry 0.078
dist_mn node 1: 268088063 x 287467497 limbs over 2 x 4 ranks (cap 2^28): 2 x 3 pieces, 6 formed, 0 skipped (cache 2 slots: 10 hits, 8 misses)
mn: node 0 level 1 [0, 2): P 555555560 limbs, Q 555555560 limbs (my share of P [0, 277777780)) in 90.15 s
mn: node 0: tree levels 90.15 s: P 555555560 limbs, Q 555555560 limbs
mn: node 1 level 1 [0, 2): P 555555560 limbs, Q 555555560 limbs (my share of P [277777780, 555555561)) in 87.18 s
mn: node 1: tree levels 87.18 s: P 555555560 limbs, Q 555555560 limbs
mem[1] [tree] device 205.2 GB in use (per APU 49.7..56.1): planes 34.4, regions 0.0, block pool 32.2 (donated 0.0, borrowed 32.2, hipMalloc 0.0; live 4.4, peak live 11.6, free 27.8), tables 1.23, other 137.4
mem[1] [tree] host 13.3 GB RSS (HWM 13.3): staging 4.3 pinned, registered 0.0, X 0.0, digits 0.0, named 0.0, other 9.0
mem[1] [tree]   APU0: in use 56.1 GB: planes 8.59 pool:borrowed 12.88 pool:live 1.11 pool:free 11.77 pool:peak-live 2.89 tables 0.31 other 34.36  (driver: 108.0 of 137.4 GB used)
mem[1] [tree]   APU1: in use 49.7 GB: planes 8.59 pool:borrowed 6.44 pool:live 1.11 pool:free 5.33 pool:peak-live 2.89 tables 0.31 other 34.36  (driver: 95.1 of 137.4 GB used)
mem[1] [tree]   APU2: in use 49.7 GB: planes 8.59 pool:borrowed 6.44 pool:live 1.11 pool:free 5.33 pool:peak-live 2.89 tables 0.31 other 34.36  (driver: 95.1 of 137.4 GB used)
mem[1] [tree]   APU3: in use 49.7 GB: planes 8.59 pool:borrowed 6.44 pool:live 1.11 pool:free 5.33 pool:peak-live 2.89 tables 0.31 other 34.36  (driver: 95.1 of 137.4 GB used)
mem[0] [tree] device 188.1 GB in use (per APU 45.4..51.8): planes 17.2, regions 0.0, block pool 32.2 (donated 0.0, borrowed 32.2, hipMalloc 0.0; live 4.4, peak live 10.9, free 27.8), tables 1.22, other 137.4
mem[0] [tree] host 13.1 GB RSS (HWM 13.1): staging 4.3 pinned, registered 0.0, X 0.0, digits 0.0, named 0.0, other 8.8
mem[0] [tree]   APU0: in use 51.8 GB: planes 4.29 pool:borrowed 12.88 pool:live 1.11 pool:free 11.77 pool:peak-live 2.72 tables 0.30 other 34.36  (driver: 108.0 of 137.4 GB used)
mem[0] [tree]   APU1: in use 45.4 GB: planes 4.29 pool:borrowed 6.44 pool:live 1.11 pool:free 5.33 pool:peak-live 2.72 tables 0.31 other 34.36  (driver: 95.1 of 137.4 GB used)
mem[0] [tree]   APU2: in use 45.4 GB: planes 4.29 pool:borrowed 6.44 pool:live 1.11 pool:free 5.33 pool:peak-live 2.72 tables 0.30 other 34.36  (driver: 95.1 of 137.4 GB used)
mem[0] [tree]   APU3: in use 45.4 GB: planes 4.29 pool:borrowed 6.44 pool:live 1.11 pool:free 5.33 pool:peak-live 2.72 tables 0.31 other 34.36  (driver: 95.1 of 137.4 GB used)
recip(mn): the single-node chain to 33909 limbs (27.87 s), then the sharded steps to 555555558 over 2 nodes
cache_trace node 0: piece (0, 0) of 3 x 1, 92592594 + 138888891 limbs at 0, slots 2: A cached B cached | 3.553 s: redistribute 0.161 ntt 3.264 crt 0.010 out 0.134 carry 0.003
cache_trace node 1: piece (0, 0) of 3 x 1, 92592594 + 138888891 limbs at 0, slots 2: A cached B cached | 3.553 s: redistribute 0.161 ntt 3.264 crt 0.009 out 0.132 carry 0.003
cache_trace node 0: piece (1, 0) of 3 x 1, 92592594 + 138888891 limbs at 92592594, slots 2: A - B HIT | 2.628 s: redistribute 0.088 ntt 2.403 crt 0.009 out 0.124 carry 0.033
cache_trace node 1: piece (1, 0) of 3 x 1, 92592594 + 138888891 limbs at 92592594, slots 2: A - B HIT | 2.628 s: redistribute 0.089 ntt 2.401 crt 0.010 out 0.118 carry 0.033
cache_trace node 0: piece (2, 0) of 3 x 1, 92592594 + 138888891 limbs at 185185188, slots 2: A - B HIT | 2.371 s: redistribute 0.092 ntt 2.198 crt 0.010 out 0.058 carry 0.055
dist_mn node 0: 277777782 x 138888891 limbs over 2 x 4 ranks (cap 2^28): 3 x 1 pieces, 3 formed, 0 skipped (low product) (low cut) (cache 2 slots: 12 hits, 10 misses)
cache_trace node 1: piece (2, 0) of 3 x 1, 92592594 + 138888891 limbs at 185185188, slots 2: A - B HIT | 2.371 s: redistribute 0.089 ntt 2.206 crt 0.010 out 0.059 carry 0.055
dist_mn node 1: 277777782 x 138888891 limbs over 2 x 4 ranks (cap 2^28): 3 x 1 pieces, 3 formed, 0 skipped (low product) (low cut) (cache 2 slots: 12 hits, 10 misses)
cache_trace node 0: piece (0, 0) of 1 x 2, 138888891 + 69444445 limbs at 0, slots 2: A cached B cached | 3.638 s: redistribute 0.159 ntt 3.329 crt 0.009 out 0.147 carry 0.003
cache_trace node 1: piece (0, 0) of 1 x 2, 138888891 + 69444445 limbs at 0, slots 2: A cached B cached | 3.638 s: redistribute 0.166 ntt 3.315 crt 0.010 out 0.145 carry 0.003
cache_trace node 0: piece (0, 1) of 1 x 2, 138888891 + 69444445 limbs at 69444445, slots 2: A HIT B cached | 2.439 s: redistribute 0.067 ntt 2.235 crt 0.010 out 0.134 carry 0.046
dist_mn node 0: 138888891 x 138888890 limbs over 2 x 4 ranks (cap 2^28): 1 x 2 pieces, 2 formed, 0 skipped (low cut) (cache 2 slots: 13 hits, 13 misses)
cache_trace node 1: piece (0, 1) of 1 x 2, 138888891 + 69444445 limbs at 69444445, slots 2: A HIT B cached | 2.439 s: redistribute 0.059 ntt 2.253 crt 0.010 out 0.134 carry 0.046
dist_mn node 1: 138888891 x 138888890 limbs over 2 x 4 ranks (cap 2^28): 1 x 2 pieces, 2 formed, 0 skipped (low cut) (cache 2 slots: 13 hits, 13 misses)
cache_trace node 0: piece (1, 0) of 5 x 2, 111111112 + 138888890 limbs at 111111112, slots 2: A - B cached | 3.846 s: redistribute 0.157 ntt 3.511 crt 0.010 out 0.153 carry 0.078
cache_trace node 1: piece (1, 0) of 5 x 2, 111111112 + 138888890 limbs at 111111112, slots 2: A - B cached | 3.846 s: redistribute 0.160 ntt 3.507 crt 0.010 out 0.153 carry 0.078
cache_trace node 0: piece (2, 0) of 5 x 2, 111111112 + 138888890 limbs at 222222224, slots 2: A - B HIT | 2.512 s: redistribute 0.090 ntt 2.211 crt 0.009 out 0.162 carry 0.087
cache_trace node 1: piece (2, 0) of 5 x 2, 111111112 + 138888890 limbs at 222222224, slots 2: A - B HIT | 2.512 s: redistribute 0.080 ntt 2.209 crt 0.008 out 0.164 carry 0.087
cache_trace node 0: piece (3, 0) of 5 x 2, 111111112 + 138888890 limbs at 333333336, slots 2: A - B HIT | 2.728 s: redistribute 0.078 ntt 2.454 crt 0.010 out 0.131 carry 0.088
cache_trace node 1: piece (3, 0) of 5 x 2, 111111112 + 138888890 limbs at 333333336, slots 2: A - B HIT | 2.728 s: redistribute 0.075 ntt 2.462 crt 0.010 out 0.136 carry 0.088
cache_trace node 0: piece (4, 0) of 5 x 2, 111111112 + 138888890 limbs at 444444448, slots 2: A - B HIT | 3.050 s: redistribute 0.066 ntt 2.859 crt 0.010 out 0.085 carry 0.071
cache_trace node 1: piece (4, 0) of 5 x 2, 111111112 + 138888890 limbs at 444444448, slots 2: A - B HIT | 3.050 s: redistribute 0.062 ntt 2.867 crt 0.010 out 0.085 carry 0.071
cache_trace node 0: piece (0, 1) of 5 x 2, 111111112 + 138888890 limbs at 138888890, slots 2: A cached B cached | 3.835 s: redistribute 0.166 ntt 3.435 crt 0.010 out 0.168 carry 0.076
cache_trace node 1: piece (0, 1) of 5 x 2, 111111112 + 138888890 limbs at 138888890, slots 2: A cached B cached | 3.835 s: redistribute 0.163 ntt 3.439 crt 0.010 out 0.165 carry 0.076
cache_trace node 0: piece (1, 1) of 5 x 2, 111111112 + 138888890 limbs at 250000002, slots 2: A - B HIT | 2.674 s: redistribute 0.074 ntt 2.404 crt 0.010 out 0.156 carry 0.073
cache_trace node 1: piece (1, 1) of 5 x 2, 111111112 + 138888890 limbs at 250000002, slots 2: A - B HIT | 2.674 s: redistribute 0.093 ntt 2.391 crt 0.010 out 0.151 carry 0.072
cache_trace node 0: piece (2, 1) of 5 x 2, 111111112 + 138888890 limbs at 361111114, slots 2: A - B HIT | 2.546 s: redistribute 0.082 ntt 2.264 crt 0.010 out 0.117 carry 0.108
cache_trace node 1: piece (2, 1) of 5 x 2, 111111112 + 138888890 limbs at 361111114, slots 2: A - B HIT | 2.546 s: redistribute 0.087 ntt 2.254 crt 0.010 out 0.109 carry 0.107
cache_trace node 0: piece (3, 1) of 5 x 2, 111111112 + 138888890 limbs at 472222226, slots 2: A - B HIT | 3.304 s: redistribute 0.077 ntt 3.096 crt 0.010 out 0.068 carry 0.063
dist_mn node 0: 555555560 x 277777780 limbs over 2 x 4 ranks (cap 2^28): 5 x 2 pieces, 8 formed, 2 skipped (low product) (low cut) (cache 2 slots: 19 hits, 16 misses)
cache_trace node 1: piece (3, 1) of 5 x 2, 111111112 + 138888890 limbs at 472222226, slots 2: A - B HIT | 3.304 s: redistribute 0.074 ntt 3.113 crt 0.010 out 0.062 carry 0.063
dist_mn node 1: 555555560 x 277777780 limbs over 2 x 4 ranks (cap 2^28): 5 x 2 pieces, 8 formed, 2 skipped (low product) (low cut) (cache 2 slots: 19 hits, 16 misses)
cache_trace node 0: piece (1, 0) of 2 x 3, 138888890 + 92592593 limbs at 138888890, slots 2: A - B cached | 3.798 s: redistribute 0.149 ntt 3.460 crt 0.010 out 0.120 carry 0.093
cache_trace node 1: piece (1, 0) of 2 x 3, 138888890 + 92592593 limbs at 138888890, slots 2: A - B cached | 3.798 s: redistribute 0.153 ntt 3.463 crt 0.010 out 0.120 carry 0.092
cache_trace node 0: piece (0, 1) of 2 x 3, 138888890 + 92592593 limbs at 92592593, slots 2: A cached B cached | 3.932 s: redistribute 0.194 ntt 3.578 crt 0.010 out 0.139 carry 0.071
cache_trace node 1: piece (0, 1) of 2 x 3, 138888890 + 92592593 limbs at 92592593, slots 2: A cached B cached | 3.931 s: redistribute 0.197 ntt 3.577 crt 0.010 out 0.142 carry 0.071
cache_trace node 0: piece (1, 1) of 2 x 3, 138888890 + 92592593 limbs at 231481483, slots 2: A - B HIT | 3.221 s: redistribute 0.080 ntt 2.918 crt 0.010 out 0.132 carry 0.087
cache_trace node 1: piece (1, 1) of 2 x 3, 138888890 + 92592593 limbs at 231481483, slots 2: A - B HIT | 3.221 s: redistribute 0.077 ntt 2.915 crt 0.010 out 0.137 carry 0.087
cache_trace node 0: piece (0, 2) of 2 x 3, 138888890 + 92592593 limbs at 185185186, slots 2: A HIT B cached | 3.498 s: redistribute 0.073 ntt 3.032 crt 0.010 out 0.327 carry 0.080
cache_trace node 1: piece (0, 2) of 2 x 3, 138888890 + 92592593 limbs at 185185186, slots 2: A HIT B cached | 3.498 s: redistribute 0.066 ntt 3.034 crt 0.010 out 0.326 carry 0.080
cache_trace node 0: piece (1, 2) of 2 x 3, 138888890 + 92592593 limbs at 324074076, slots 2: A - B HIT | 3.314 s: redistribute 0.104 ntt 3.022 crt 0.010 out 0.146 carry 0.075
dist_mn node 0: 277777780 x 277777779 limbs over 2 x 4 ranks (cap 2^28): 2 x 3 pieces, 5 formed, 1 skipped (low cut) (cache 2 slots: 22 hits, 20 misses)
cache_trace node 1: piece (1, 2) of 2 x 3, 138888890 + 92592593 limbs at 324074076, slots 2: A - B HIT | 3.314 s: redistribute 0.100 ntt 3.026 crt 0.010 out 0.147 carry 0.075
dist_mn node 1: 277777780 x 277777779 limbs over 2 x 4 ranks (cap 2^28): 2 x 3 pieces, 5 formed, 1 skipped (low cut) (cache 2 slots: 22 hits, 20 misses)
cache_trace node 0: piece (3, 0) of 4 x 5, 138888887 + 111111112 limbs at 416666670, slots 2: A - B cached | 4.097 s: redistribute 0.157 ntt 3.719 crt 0.010 out 0.176 carry 0.072
cache_trace node 1: piece (3, 0) of 4 x 5, 138888887 + 111111112 limbs at 416666670, slots 2: A - B cached | 4.097 s: redistribute 0.159 ntt 3.722 crt 0.010 out 0.172 carry 0.071
cache_trace node 0: piece (2, 1) of 4 x 5, 138888890 + 111111112 limbs at 388888892, slots 2: A - B cached | 3.652 s: redistribute 0.148 ntt 3.319 crt 0.010 out 0.142 carry 0.069
cache_trace node 1: piece (2, 1) of 4 x 5, 138888890 + 111111112 limbs at 388888892, slots 2: A - B cached | 3.652 s: redistribute 0.151 ntt 3.312 crt 0.010 out 0.140 carry 0.069
cache_trace node 0: piece (3, 1) of 4 x 5, 138888887 + 111111112 limbs at 527777782, slots 2: A - B HIT | 2.717 s: redistribute 0.083 ntt 2.326 crt 0.010 out 0.249 carry 0.087
cache_trace node 1: piece (3, 1) of 4 x 5, 138888887 + 111111112 limbs at 527777782, slots 2: A - B HIT | 2.717 s: redistribute 0.080 ntt 2.327 crt 0.010 out 0.252 carry 0.086
cache_trace node 0: piece (1, 2) of 4 x 5, 138888890 + 111111112 limbs at 361111114, slots 2: A - B cached | 3.648 s: redistribute 0.152 ntt 3.256 crt 0.010 out 0.170 carry 0.100
cache_trace node 1: piece (1, 2) of 4 x 5, 138888890 + 111111112 limbs at 361111114, slots 2: A - B cached | 3.648 s: redistribute 0.152 ntt 3.256 crt 0.010 out 0.174 carry 0.101
cache_trace node 0: piece (2, 2) of 4 x 5, 138888890 + 111111112 limbs at 500000004, slots 2: A - B HIT | 3.365 s: redistribute 0.081 ntt 3.019 crt 0.005 out 0.172 carry 0.099
cache_trace node 1: piece (2, 2) of 4 x 5, 138888890 + 111111112 limbs at 500000004, slots 2: A - B HIT | 3.365 s: redistribute 0.078 ntt 3.013 crt 0.005 out 0.181 carry 0.099
cache_trace node 0: piece (3, 2) of 4 x 5, 138888887 + 111111112 limbs at 638888894, slots 2: A - B HIT | 2.544 s: redistribute 0.100 ntt 2.204 crt 0.005 out 0.157 carry 0.111
cache_trace node 1: piece (3, 2) of 4 x 5, 138888887 + 111111112 limbs at 638888894, slots 2: A - B HIT | 2.544 s: redistribute 0.096 ntt 2.218 crt 0.005 out 0.149 carry 0.111
cache_trace node 0: piece (0, 3) of 4 x 5, 138888890 + 111111112 limbs at 333333336, slots 2: A cached B cached | 4.729 s: redistribute 0.147 ntt 4.340 crt 0.010 out 0.164 carry 0.086
cache_trace node 1: piece (0, 3) of 4 x 5, 138888890 + 111111112 limbs at 333333336, slots 2: A cached B cached | 4.729 s: redistribute 0.145 ntt 4.347 crt 0.010 out 0.163 carry 0.086
cache_trace node 0: piece (1, 3) of 4 x 5, 138888890 + 111111112 limbs at 472222226, slots 2: A - B HIT | 2.525 s: redistribute 0.081 ntt 2.188 crt 0.010 out 0.166 carry 0.099
cache_trace node 1: piece (1, 3) of 4 x 5, 138888890 + 111111112 limbs at 472222226, slots 2: A - B HIT | 2.525 s: redistribute 0.084 ntt 2.190 crt 0.010 out 0.156 carry 0.099
cache_trace node 0: piece (2, 3) of 4 x 5, 138888890 + 111111112 limbs at 611111116, slots 2: A - B HIT | 2.475 s: redistribute 0.087 ntt 2.181 crt 0.005 out 0.109 carry 0.115
cache_trace node 1: piece (2, 3) of 4 x 5, 138888890 + 111111112 limbs at 611111116, slots 2: A - B HIT | 2.475 s: redistribute 0.083 ntt 2.189 crt 0.005 out 0.105 carry 0.115
cache_trace node 0: piece (3, 3) of 4 x 5, 138888887 + 111111112 limbs at 750000006, slots 2: A - B HIT | 2.427 s: redistribute 0.079 ntt 2.148 crt 0.010 out 0.120 carry 0.086
cache_trace node 1: piece (3, 3) of 4 x 5, 138888887 + 111111112 limbs at 750000006, slots 2: A - B HIT | 2.427 s: redistribute 0.076 ntt 2.160 crt 0.010 out 0.125 carry 0.086
cache_trace node 0: piece (0, 4) of 4 x 5, 138888890 + 111111110 limbs at 444444448, slots 2: A HIT B cached | 2.426 s: redistribute 0.072 ntt 2.124 crt 0.009 out 0.163 carry 0.079
cache_trace node 1: piece (0, 4) of 4 x 5, 138888890 + 111111110 limbs at 444444448, slots 2: A HIT B cached | 2.426 s: redistribute 0.070 ntt 2.121 crt 0.007 out 0.158 carry 0.078
cache_trace node 0: piece (1, 4) of 4 x 5, 138888890 + 111111110 limbs at 583333338, slots 2: A - B HIT | 2.559 s: redistribute 0.094 ntt 2.212 crt 0.010 out 0.123 carry 0.159
cache_trace node 1: piece (1, 4) of 4 x 5, 138888890 + 111111110 limbs at 583333338, slots 2: A - B HIT | 2.559 s: redistribute 0.122 ntt 2.204 crt 0.010 out 0.128 carry 0.159
cache_trace node 0: piece (2, 4) of 4 x 5, 138888890 + 111111110 limbs at 722222228, slots 2: A - B HIT | 2.491 s: redistribute 0.088 ntt 2.205 crt 0.010 out 0.122 carry 0.091
cache_trace node 1: piece (2, 4) of 4 x 5, 138888890 + 111111110 limbs at 722222228, slots 2: A - B HIT | 2.491 s: redistribute 0.085 ntt 2.208 crt 0.010 out 0.118 carry 0.091
cache_trace node 0: piece (3, 4) of 4 x 5, 138888887 + 111111110 limbs at 861111118, slots 2: A - B HIT | 2.477 s: redistribute 0.085 ntt 2.129 crt 0.010 out 0.116 carry 0.141
dist_mn node 0: 555555557 x 555555558 limbs over 2 x 4 ranks (cap 2^28): 4 x 5 pieces, 14 formed, 6 skipped (low cut) (cache 2 slots: 32 hits, 26 misses)
cache_trace node 1: piece (3, 4) of 4 x 5, 138888887 + 111111110 limbs at 861111118, slots 2: A - B HIT | 2.477 s: redistribute 0.082 ntt 2.137 crt 0.010 out 0.124 carry 0.141
dist_mn node 1: 555555557 x 555555558 limbs over 2 x 4 ranks (cap 2^28): 4 x 5 pieces, 14 formed, 6 skipped (low cut) (cache 2 slots: 32 hits, 26 misses)
mn_out: /tmp/cx15/c2_r1.txt.part0001: O_DIRECT, packed form, 8 write threads, file system local
cache_trace node 0: piece (0, 0) of 4 x 5, 138888890 + 111111112 limbs at 0, slots 2: A cached B cached | 6.595 s: redistribute 2.932 ntt 3.544 crt 0.010 out 0.118 carry 0.003
cache_trace node 1: piece (0, 0) of 4 x 5, 138888890 + 111111112 limbs at 0, slots 2: A cached B cached | 6.595 s: redistribute 2.934 ntt 3.541 crt 0.010 out 0.118 carry 0.003
cache_trace node 0: piece (1, 0) of 4 x 5, 138888890 + 111111112 limbs at 138888890, slots 2: A - B HIT | 2.716 s: redistribute 0.082 ntt 2.410 crt 0.010 out 0.150 carry 0.084
cache_trace node 1: piece (1, 0) of 4 x 5, 138888890 + 111111112 limbs at 138888890, slots 2: A - B HIT | 2.716 s: redistribute 0.086 ntt 2.416 crt 0.010 out 0.144 carry 0.084
cache_trace node 0: piece (2, 0) of 4 x 5, 138888890 + 111111112 limbs at 277777780, slots 2: A - B HIT | 2.401 s: redistribute 0.093 ntt 2.178 crt 0.010 out 0.121 carry 0.042
cache_trace node 1: piece (2, 0) of 4 x 5, 138888890 + 111111112 limbs at 277777780, slots 2: A - B HIT | 2.401 s: redistribute 0.090 ntt 2.186 crt 0.010 out 0.121 carry 0.042
cache_trace node 0: piece (3, 0) of 4 x 5, 138888887 + 111111112 limbs at 416666670, slots 2: A - B HIT | 3.233 s: redistribute 0.104 ntt 2.950 crt 0.010 out 0.075 carry 0.106
cache_trace node 1: piece (3, 0) of 4 x 5, 138888887 + 111111112 limbs at 416666670, slots 2: A - B HIT | 3.233 s: redistribute 0.101 ntt 2.959 crt 0.010 out 0.076 carry 0.105
cache_trace node 0: piece (0, 1) of 4 x 5, 138888890 + 111111112 limbs at 111111112, slots 2: A HIT B cached | 2.376 s: redistribute 0.061 ntt 2.076 crt 0.010 out 0.188 carry 0.076
cache_trace node 1: piece (0, 1) of 4 x 5, 138888890 + 111111112 limbs at 111111112, slots 2: A HIT B cached | 2.376 s: redistribute 0.066 ntt 2.072 crt 0.010 out 0.194 carry 0.076
cache_trace node 0: piece (1, 1) of 4 x 5, 138888890 + 111111112 limbs at 250000002, slots 2: A - B HIT | 2.854 s: redistribute 0.115 ntt 2.576 crt 0.010 out 0.146 carry 0.070
cache_trace node 1: piece (1, 1) of 4 x 5, 138888890 + 111111112 limbs at 250000002, slots 2: A - B HIT | 2.854 s: redistribute 0.118 ntt 2.579 crt 0.010 out 0.140 carry 0.070
cache_trace node 0: piece (2, 1) of 4 x 5, 138888890 + 111111112 limbs at 388888892, slots 2: A - B HIT | 2.419 s: redistribute 0.099 ntt 2.158 crt 0.010 out 0.090 carry 0.085
cache_trace node 1: piece (2, 1) of 4 x 5, 138888890 + 111111112 limbs at 388888892, slots 2: A - B HIT | 2.419 s: redistribute 0.096 ntt 2.166 crt 0.010 out 0.102 carry 0.085
cache_trace node 0: piece (3, 1) of 4 x 5, 138888887 + 111111112 limbs at 527777782, slots 2: A - B HIT | 2.312 s: redistribute 0.085 ntt 2.174 crt 0.009 out 0.034 carry 0.025
cache_trace node 1: piece (3, 1) of 4 x 5, 138888887 + 111111112 limbs at 527777782, slots 2: A - B HIT | 2.312 s: redistribute 0.082 ntt 2.172 crt 0.010 out 0.039 carry 0.025
cache_trace node 0: piece (0, 2) of 4 x 5, 138888890 + 111111112 limbs at 222222224, slots 2: A HIT B cached | 2.537 s: redistribute 0.095 ntt 2.223 crt 0.010 out 0.141 carry 0.096
cache_trace node 1: piece (0, 2) of 4 x 5, 138888890 + 111111112 limbs at 222222224, slots 2: A HIT B cached | 2.537 s: redistribute 0.094 ntt 2.228 crt 0.009 out 0.146 carry 0.096
cache_trace node 0: piece (1, 2) of 4 x 5, 138888890 + 111111112 limbs at 361111114, slots 2: A - B HIT | 2.417 s: redistribute 0.094 ntt 2.125 crt 0.009 out 0.098 carry 0.105
cache_trace node 1: piece (1, 2) of 4 x 5, 138888890 + 111111112 limbs at 361111114, slots 2: A - B HIT | 2.417 s: redistribute 0.095 ntt 2.115 crt 0.010 out 0.105 carry 0.105
cache_trace node 0: piece (2, 2) of 4 x 5, 138888890 + 111111112 limbs at 500000004, slots 2: A - B HIT | 2.553 s: redistribute 0.082 ntt 2.383 crt 0.010 out 0.047 carry 0.047
cache_trace node 1: piece (2, 2) of 4 x 5, 138888890 + 111111112 limbs at 500000004, slots 2: A - B HIT | 2.553 s: redistribute 0.079 ntt 2.391 crt 0.010 out 0.047 carry 0.047
cache_trace node 0: piece (0, 3) of 4 x 5, 138888890 + 111111112 limbs at 333333336, slots 2: A HIT B cached | 2.480 s: redistribute 0.078 ntt 2.229 crt 0.005 out 0.113 carry 0.090
cache_trace node 1: piece (0, 3) of 4 x 5, 138888890 + 111111112 limbs at 333333336, slots 2: A HIT B cached | 2.480 s: redistribute 0.076 ntt 2.236 crt 0.005 out 0.124 carry 0.090
cache_trace node 0: piece (1, 3) of 4 x 5, 138888890 + 111111112 limbs at 472222226, slots 2: A - B HIT | 2.244 s: redistribute 0.078 ntt 2.070 crt 0.010 out 0.063 carry 0.061
cache_trace node 1: piece (1, 3) of 4 x 5, 138888890 + 111111112 limbs at 472222226, slots 2: A - B HIT | 2.244 s: redistribute 0.080 ntt 2.062 crt 0.010 out 0.070 carry 0.061
cache_trace node 0: piece (0, 4) of 4 x 5, 138888890 + 111111112 limbs at 444444448, slots 2: A HIT B cached | 2.431 s: redistribute 0.073 ntt 2.247 crt 0.010 out 0.060 carry 0.069
dist_mn node 0: 555555557 x 555555560 limbs over 2 x 4 ranks (cap 2^28): 4 x 5 pieces, 14 formed, 6 skipped (low product) (cache 2 slots: 45 hits, 32 misses)
cache_trace node 1: piece (0, 4) of 4 x 5, 138888890 + 111111112 limbs at 444444448, slots 2: A HIT B cached | 2.431 s: redistribute 0.071 ntt 2.244 crt 0.010 out 0.063 carry 0.069
dist_mn node 1: 555555557 x 555555560 limbs over 2 x 4 ranks (cap 2^28): 4 x 5 pieces, 14 formed, 6 skipped (low product) (cache 2 slots: 45 hits, 32 misses)
divmod(mn) 248.35 s: reciprocal 111.96 (products 76.15), S = P + Q 6.00, A mu + shift 90.00, X Q + window 40.29, corrections 0.03 (0), R residues 0.07; division products 81.75 s; shifts 68/59.98 s, addsub 24/0.11 s
scratch(mn): mdb_shift slabs 4.444 GB per node-process at most (MDB_SHIFT_CHUNK_MB=1024), window temporaries T + rbO 4.370 GB (MN_T_CHUNK_MB=1024)
mn: node 0: dm over 2 nodes 248.35 s (reciprocal 111.96), X 555555557 limbs, sharded
mn: node 1: dm over 2 nodes 248.35 s (reciprocal 111.96), X 555555557 limbs, sharded; to the output stage
bs       94.70 s   N 1158787585, P 555555560 limbs, Q 555555560 limbs (seeds 0.0 school 0.0 batch 4.5 mdev 0.0; pool 5.0 GB; dev pools 0.0 GB)   VmRSS 22.4 GB, VmHWM 22.4 GB
RESULT ecalc bs s 94.6982
mem[0] [bs] device 50.6 GB in use (per APU 11.0..17.5): planes 17.2, regions 0.0, block pool 32.2 (donated 0.0, borrowed 32.2, hipMalloc 0.0; live 2.2, peak live 18.0, free 30.0), tables 1.22, other 0.0
mem[0] [bs] host 22.4 GB RSS (HWM 22.4): staging 4.3 pinned, registered 0.0, X 0.0, digits 0.0, named 0.0, other 18.1
mem[0] [bs]   APU0: in use 17.5 GB: planes 4.29 pool:borrowed 12.88 pool:live 0.56 pool:free 12.33 pool:peak-live 4.49 tables 0.30  (driver: 39.4 of 137.4 GB used)
mem[0] [bs]   APU1: in use 11.0 GB: planes 4.29 pool:borrowed 6.44 pool:live 0.56 pool:free 5.89 pool:peak-live 4.49 tables 0.31  (driver: 26.5 of 137.4 GB used)
mem[0] [bs]   APU2: in use 11.0 GB: planes 4.29 pool:borrowed 6.44 pool:live 0.56 pool:free 5.89 pool:peak-live 4.49 tables 0.30  (driver: 26.6 of 137.4 GB used)
mem[0] [bs]   APU3: in use 11.0 GB: planes 4.29 pool:borrowed 6.44 pool:live 0.56 pool:free 5.89 pool:peak-live 4.49 tables 0.31  (driver: 26.6 of 137.4 GB used)
recip   111.96 s   (over 2 nodes; 29 iterations)
10dP      0.00 s   (S = P + Q over shares, inside dm)
RESULT ecalc 10dP s 0
dm      248.35 s   X 555555557 limbs (recip 112.0 s; corrections 0/0; over 2 nodes)   VmRSS 22.4 GB, VmHWM 22.4 GB
RESULT ecalc dm s 248.346
mn: node 0: X share [0, 277777778) of 555555557 limbs on the device (the distributed division's)
mn: node 1: X share [277777778, 555555557) of 555555557 limbs on the device (the distributed division's)
mn: node 0: T1        0.07 s   ok: T(P+Q) == XQ + R and P, Q mod q for 8 primes (P, Q recurrence over this node's terms, overlapped with bs; joined over the nodes)
mn: node 0:       overlapped with bs: P, Q mod q recurrence 1.20 s, block pool pregrown by 0 GB in 0.00 s
mn: node 0:       VmRSS 22.4 GB before dc
mn: node 1: T1        0.07 s   ok: T(P+Q) == XQ + R and P, Q mod q for 8 primes (P, Q recurrence over this node's terms, overlapped with bs; joined over the nodes)
mn: node 1:       overlapped with bs: P, Q mod q recurrence 0.99 s, block pool pregrown by 0 GB in 0.00 s
mn: node 0:       the part file started in the division (MN_OUT_EARLY): its writer ran 1.62 s, joined after 0.00 s here
mn: node 1:       VmRSS 27.0 GB before dc
mn: node 1:       the part file started in the division (MN_OUT_EARLY): its writer ran 4.69 s, joined after 0.00 s here
mn: node 0:       patch: X +0 after the formatting started (ECALC_CORR_PATCH): nothing to patch; 0 deferred windows; 0.005 s
mn: node 1:       patch: X +0 after the formatting started (ECALC_CORR_PATCH): nothing to patch; 0 deferred windows; 0.013 s
mn: node 0: dc        0.07 s   digits [5000000005, 10000000009) of 10000000009 formatted from 277777778 decimal limbs in 19 chunks (residues 0.00, format 0.12, digit residue 0.31, T2 0.00, fetch 0.05, waiting for the writer 0.10)
mn: node 0: T2        0.00 s   windows ok (0 checked on this node), digits == X mod q ok
mn: node 0: digits: 47329977426968671005186835658995918489734436742905921433796789...56994816931502679526 (this node's range)
mn: node 1: dc        0.07 s   digits [0, 5000000005) of 10000000009 formatted from 277777779 decimal limbs in 19 chunks (residues 0.00, format 0.12, digit residue 0.31, T2 0.34, fetch 0.85, waiting for the writer 0.13)
total   350.86 s   (bs 94.7 + 10dP 0.0 + dm 248.3 + T1 0.1 + dc 0.1 + T2 0.0 = 343.2; init 7.7; other 0.0); VmHWM 22.3 GB
RESULT ecalc total s 350.858
RESULT ecalc phases s 343.181
RESULT ecalc other s 0.0116466
mn: node 1: T2        0.00 s   windows ok (4 checked on this node), digits == X mod q ok
mn: node 1: digits: 27182818284590452353602874713526624977572470936999595749669676... (this node's range)
mn: node 1: wrote /tmp/cx15/c2_r1.txt.part0000 (2.22 GB; write 0.62 s in the writer thread, 0.00 s after the checks)
mn: node 1: VERIFY OK
RESULT ecalc vmhwm GB 22.2921
paper A22 (4e10): 285.7 = bs 112.2 + 10dP 12.6 + dm 46.8 + T1 ~3 + dc 110.3
mn: node 0: wrote /tmp/cx15/c2_r1.txt.part0001 (2.22 GB; write 0.60 s in the writer thread, 0.00 s after the checks)
mn: node 0: VERIFY OK
mn: all 2 nodes: VERIFY OK
mem[0] [end] device 18.4 GB in use (per APU 4.6..4.6): planes 17.2, regions 0.0, block pool 0.0 (donated 0.0, borrowed 0.0, hipMalloc 0.0; live 0.0, peak live 18.0, free 0.0), tables 1.22, other 0.0
mem[0] [end] host 21.9 GB RSS (HWM 22.3): staging 4.3 pinned, registered 0.0, X 0.0, digits 0.0, named 0.0, other 17.6
mem[0] [end]   APU0: in use 4.6 GB: planes 4.29 pool:peak-live 4.49 tables 0.30  (driver: 39.4 of 137.4 GB used)
mem[0] [end]   APU1: in use 4.6 GB: planes 4.29 pool:peak-live 4.49 tables 0.31  (driver: 26.5 of 137.4 GB used)
mem[0] [end]   APU2: in use 4.6 GB: planes 4.29 pool:peak-live 4.49 tables 0.30  (driver: 26.6 of 137.4 GB used)
mem[0] [end]   APU3: in use 4.6 GB: planes 4.29 pool:peak-live 4.49 tables 0.31  (driver: 26.6 of 137.4 GB used)
mem[0] summary: bytes in use at each phase boundary, GB (device: all APUs / largest APU; host: this process)
mem[0] phase           device  maxAPU |  planes regions  pl:don  pl:bor  pl:hip pl:live pl:peak tables |    host staging  regist       X  digits   other     HWM
mem[0] init              42.0    15.3 |     8.6     0.0     0.0    32.2     0.0     0.0     0.0   1.22 |     8.8     4.3     0.0     0.0     0.0     4.5    11.2
mem[0] tree             188.1    51.8 |    17.2     0.0     0.0    32.2     0.0     4.4    10.9   1.22 |    13.1     4.3     0.0     0.0     0.0     8.8    13.1
mem[0] bs                50.6    17.5 |    17.2     0.0     0.0    32.2     0.0     2.2    18.0   1.22 |    22.4     4.3     0.0     0.0     0.0    18.1    22.4
mem[0] end               18.4     4.6 |    17.2     0.0     0.0     0.0     0.0     0.0    18.0   1.22 |    21.9     4.3     0.0     0.0     0.0    17.6    22.3
mem[1] [released] device 1.2 GB in use (per APU 0.3..0.3): planes 0.0, regions 0.0, block pool 0.0 (donated 0.0, borrowed 0.0, hipMalloc 0.0; live 0.0, peak live 18.4, free 0.0), tables 1.23, other 0.0
mem[1] [released] host 22.2 GB RSS (HWM 26.9): staging 0.0 pinned, registered 0.0, X 0.0, digits 0.0, named 0.0, other 22.2
mem[1] [released]   APU0: in use 0.3 GB: pool:peak-live 4.60 tables 0.31  (driver: 17.9 of 137.4 GB used)
mem[1] [released]   APU1: in use 0.3 GB: pool:peak-live 4.60 tables 0.31  (driver: 11.5 of 137.4 GB used)
mem[1] [released]   APU2: in use 0.3 GB: pool:peak-live 4.60 tables 0.31  (driver: 11.5 of 137.4 GB used)
mem[1] [released]   APU3: in use 0.3 GB: pool:peak-live 4.60 tables 0.31  (driver: 11.5 of 137.4 GB used)
mem[1] summary: bytes in use at each phase boundary, GB (device: all APUs / largest APU; host: this process)
mem[1] phase           device  maxAPU |  planes regions  pl:don  pl:bor  pl:hip pl:live pl:peak tables |    host staging  regist       X  digits   other     HWM
mem[1] init              42.0    15.3 |     8.6     0.0     0.0    32.2     0.0     0.0     0.0   1.23 |     8.8     4.3     0.0     0.0     0.0     4.5    11.4
mem[1] tree             205.2    56.1 |    34.4     0.0     0.0    32.2     0.0     4.4    11.6   1.23 |    13.3     4.3     0.0     0.0     0.0     9.0    13.3
mem[1] released           1.2     0.3 |     0.0     0.0     0.0     0.0     0.0     0.0    18.4   1.23 |    22.2     0.0     0.0     0.0     0.0    22.2    26.9
rns_dist: RNS_STRATEGY=auto form B: C 0 products 0.00 s, B 30 products 0.07 s, B4 0 products 0.00 s; extra plane memory 0.00 GiB/APU (allocations 0.00 s)
rns_dist: RNS_STRATEGY=auto form B: C 0 products 0.00 s, B 30 products 0.08 s, B4 0 products 0.00 s; extra plane memory 0.00 GiB/APU (allocations 0.00 s)
