== ecalc: e to 10000000000 digits (decimal limbs, base 10^18) [computed to the next multiple of 18] ==
META bench=ecalc host=ppac-pl1-s24-16 date=2026-09-28T09:57:48 pool_log=31 stg=7 pw_fuse=14 body=1 engine=1 base=10^18
== ecalc: e to 10000000000 digits (decimal limbs, base 10^18) [computed to the next multiple of 18] ==
META bench=ecalc host=ppac-pl1-s24-16 date=2026-09-28T09:57:48 pool_log=31 stg=7 pw_fuse=14 body=1 engine=1 base=10^18
mn: node 0 of 2, four meshes of 2 ranks on ppac-pl1-s24-16,ppac-pl1-s24-16 (port base 23460): connected in 0.10 s
mn: node 1 of 2, four meshes of 2 ranks on ppac-pl1-s24-16,ppac-pl1-s24-16 (port base 23460): connected in 0.06 s
mn: self-test, four meshes over 2 nodes at 2^22 points: ok (3.13 s)
mn: node 1: level 1 group [0, 2) (transform nodes 2): meshes connected in 0.00 s
mn: self-test, four meshes over 2 nodes at 2^22 points: ok (3.14 s)
mn: node 0: level 1 group [0, 2) (transform nodes 2): meshes connected in 0.00 s
mn: layered self-test, 2 x 4 ranks at 2^22 points: ok (0.20 s)
mn: node 1 computes terms [579393793, 1158787586) of 1158787585
RESULT ecalc init s 7.6409
      VmRSS 8.8 GB after init (staging 4.3 GB pinned + device regions 26 GB); init 7.6 s
mem[1] [init] device 42.0 GB in use (per APU 8.9..15.3): planes 8.6, regions 0.0, block pool 32.2 (donated 0.0, borrowed 32.2, hipMalloc 0.0; live 0.0, peak live 0.0, free 6.2), tables 1.23, other 0.0
mem[1] [init] host 8.8 GB RSS (HWM 11.5): staging 4.3 pinned, registered 0.0, X 0.0, digits 0.0, named 0.0, other 4.5
mem[1] [init]   APU0: in use 15.3 GB: planes 2.15 pool:borrowed 12.88 pool:free 1.63 tables 0.31  (driver: 30.5 of 137.4 GB used)
mem[1] [init]   APU1: in use 8.9 GB: planes 2.15 pool:borrowed 6.44 pool:free 1.27 tables 0.31  (driver: 17.6 of 137.4 GB used)
mem[1] [init]   APU2: in use 8.9 GB: planes 2.15 pool:borrowed 6.44 pool:free 1.63 tables 0.31  (driver: 17.6 of 137.4 GB used)
mem[1] [init]   APU3: in use 8.9 GB: planes 2.15 pool:borrowed 6.44 pool:free 1.63 tables 0.31  (driver: 17.6 of 137.4 GB used)
mn: layered self-test, 2 x 4 ranks at 2^22 points: ok (0.21 s)
mn: node 0 computes terms [1, 579393793) of 1158787585
RESULT ecalc init s 7.65683
      VmRSS 8.8 GB after init (staging 4.3 GB pinned + device regions 26 GB); init 7.7 s
mem[0] [init] device 42.0 GB in use (per APU 8.9..15.3): planes 8.6, regions 0.0, block pool 32.2 (donated 0.0, borrowed 32.2, hipMalloc 0.0; live 0.0, peak live 0.0, free 6.0), tables 1.23, other 0.0
mem[0] [init] host 8.8 GB RSS (HWM 11.5): staging 4.3 pinned, registered 0.0, X 0.0, digits 0.0, named 0.0, other 4.5
mem[0] [init]   APU0: in use 15.3 GB: planes 2.15 pool:borrowed 12.88 pool:free 1.66 tables 0.30  (driver: 30.5 of 137.4 GB used)
mem[0] [init]   APU1: in use 8.9 GB: planes 2.15 pool:borrowed 6.44 pool:free 1.12 tables 0.31  (driver: 17.6 of 137.4 GB used)
mem[0] [init]   APU2: in use 8.9 GB: planes 2.15 pool:borrowed 6.44 pool:free 1.63 tables 0.31  (driver: 17.6 of 137.4 GB used)
mem[0] [init]   APU3: in use 8.9 GB: planes 2.15 pool:borrowed 6.44 pool:free 1.63 tables 0.31  (driver: 17.6 of 137.4 GB used)
budget: ECALC_BUDGET_CHECK ok: 2 ranks, largest rank peak 117.1 GB, node budget 480 GB
mn: node 0 leaf P 268088063 limbs, Q 268088063 limbs (device)
mn: MN_TREE_EARLY_FREE: the tree levels free P_i, P_run between their two products
mn: node 1 leaf P 287467497 limbs, Q 287467497 limbs (device)
   transform cache: 1 of 1 slots of 1.0 GiB per APU allocated in 0.39 s (margin 24 GB) [RNS_DIST_CACHE_FIT: slot 2^25 limbs x 4 primes, 2 node-processes on the node, budget room 123.0 GB less the reserve 0.0 -> at most 28 slots] = 4.29 GB per node-process
   transform cache: 1 of 1 slots of 1.0 GiB per APU allocated in 0.42 s (margin 24 GB) [RNS_DIST_CACHE_FIT: slot 2^25 limbs x 4 primes, 2 node-processes on the node, budget room 122.9 GB less the reserve 0.0 -> at most 28 slots] = 4.29 GB per node-process
cache_trace node 0: piece (0, 0) of 2 x 3, 134044032 + 95822499 limbs at 0, slots 1: A - B cached | 5.260 s: redistribute 0.822 ntt 4.003 crt 0.005 out 0.739 carry 0.008
cache_trace node 1: piece (0, 0) of 2 x 3, 134044032 + 95822499 limbs at 0, slots 1: A - B cached | 5.260 s: redistribute 0.739 ntt 4.082 crt 0.005 out 0.744 carry 0.008
cache_trace node 0: piece (1, 0) of 2 x 3, 134044031 + 95822499 limbs at 134044032, slots 1: A - B HIT | 3.086 s: redistribute 0.078 ntt 2.786 crt 0.010 out 0.139 carry 0.085
cache_trace node 1: piece (1, 0) of 2 x 3, 134044031 + 95822499 limbs at 134044032, slots 1: A - B HIT | 3.086 s: redistribute 0.081 ntt 2.778 crt 0.010 out 0.141 carry 0.085
cache_trace node 0: piece (0, 1) of 2 x 3, 134044032 + 95822499 limbs at 95822499, slots 1: A - B cached | 4.598 s: redistribute 0.154 ntt 4.079 crt 0.009 out 0.303 carry 0.074
cache_trace node 1: piece (0, 1) of 2 x 3, 134044032 + 95822499 limbs at 95822499, slots 1: A - B cached | 4.598 s: redistribute 0.153 ntt 4.074 crt 0.009 out 0.310 carry 0.074
cache_trace node 0: piece (1, 1) of 2 x 3, 134044031 + 95822499 limbs at 229866531, slots 1: A - B HIT | 2.922 s: redistribute 0.085 ntt 2.211 crt 0.009 out 0.553 carry 0.081
cache_trace node 1: piece (1, 1) of 2 x 3, 134044031 + 95822499 limbs at 229866531, slots 1: A - B HIT | 2.922 s: redistribute 0.088 ntt 2.266 crt 0.009 out 0.494 carry 0.080
cache_trace node 0: piece (0, 2) of 2 x 3, 134044032 + 95822499 limbs at 191644998, slots 1: A - B cached | 3.919 s: redistribute 0.135 ntt 3.539 crt 0.010 out 0.163 carry 0.082
cache_trace node 1: piece (0, 2) of 2 x 3, 134044032 + 95822499 limbs at 191644998, slots 1: A - B cached | 3.919 s: redistribute 0.133 ntt 3.551 crt 0.010 out 0.153 carry 0.082
cache_trace node 0: piece (1, 2) of 2 x 3, 134044031 + 95822499 limbs at 325689030, slots 1: A - B HIT | 2.966 s: redistribute 0.089 ntt 2.172 crt 0.010 out 0.645 carry 0.077
cache_trace node 1: piece (1, 2) of 2 x 3, 134044031 + 95822499 limbs at 325689030, slots 1: A - B HIT | 2.966 s: redistribute 0.092 ntt 2.227 crt 0.010 out 0.582 carry 0.077
dist_mn node 0: 268088063 x 287467497 limbs over 2 x 4 ranks (cap 2^28): 2 x 3 pieces, 6 formed, 0 skipped (cache 1 slots: 3 hits, 3 misses)
dist_mn node 1: 268088063 x 287467497 limbs over 2 x 4 ranks (cap 2^28): 2 x 3 pieces, 6 formed, 0 skipped (cache 1 slots: 3 hits, 3 misses)
cache_trace node 0: piece (0, 0) of 2 x 3, 134044032 + 95822499 limbs at 0, slots 1: A - B cached | 3.820 s: redistribute 0.140 ntt 3.566 crt 0.010 out 0.124 carry 0.003
cache_trace node 1: piece (0, 0) of 2 x 3, 134044032 + 95822499 limbs at 0, slots 1: A - B cached | 3.820 s: redistribute 0.139 ntt 3.567 crt 0.010 out 0.119 carry 0.003
cache_trace node 0: piece (1, 0) of 2 x 3, 134044031 + 95822499 limbs at 134044032, slots 1: A - B HIT | 2.701 s: redistribute 0.071 ntt 2.275 crt 0.010 out 0.271 carry 0.085
cache_trace node 1: piece (1, 0) of 2 x 3, 134044031 + 95822499 limbs at 134044032, slots 1: A - B HIT | 2.701 s: redistribute 0.073 ntt 2.257 crt 0.010 out 0.286 carry 0.085
cache_trace node 0: piece (0, 1) of 2 x 3, 134044032 + 95822499 limbs at 95822499, slots 1: A - B cached | 4.948 s: redistribute 0.148 ntt 4.426 crt 0.008 out 0.341 carry 0.074
cache_trace node 1: piece (0, 1) of 2 x 3, 134044032 + 95822499 limbs at 95822499, slots 1: A - B cached | 4.948 s: redistribute 0.147 ntt 4.432 crt 0.006 out 0.345 carry 0.074
cache_trace node 0: piece (1, 1) of 2 x 3, 134044031 + 95822499 limbs at 229866531, slots 1: A - B HIT | 2.480 s: redistribute 0.100 ntt 2.201 crt 0.010 out 0.131 carry 0.081
cache_trace node 1: piece (1, 1) of 2 x 3, 134044031 + 95822499 limbs at 229866531, slots 1: A - B HIT | 2.480 s: redistribute 0.103 ntt 2.193 crt 0.009 out 0.136 carry 0.081
cache_trace node 0: piece (0, 2) of 2 x 3, 134044032 + 95822499 limbs at 191644998, slots 1: A - B cached | 3.571 s: redistribute 0.163 ntt 3.207 crt 0.010 out 0.167 carry 0.081
cache_trace node 1: piece (0, 2) of 2 x 3, 134044032 + 95822499 limbs at 191644998, slots 1: A - B cached | 3.571 s: redistribute 0.160 ntt 3.209 crt 0.010 out 0.167 carry 0.081
cache_trace node 0: piece (1, 2) of 2 x 3, 134044031 + 95822499 limbs at 325689030, slots 1: A - B HIT | 3.561 s: redistribute 0.076 ntt 3.317 crt 0.010 out 0.109 carry 0.078
dist_mn node 0: 268088063 x 287467497 limbs over 2 x 4 ranks (cap 2^28): 2 x 3 pieces, 6 formed, 0 skipped (cache 1 slots: 6 hits, 6 misses)
cache_trace node 1: piece (1, 2) of 2 x 3, 134044031 + 95822499 limbs at 325689030, slots 1: A - B HIT | 3.561 s: redistribute 0.096 ntt 3.310 crt 0.010 out 0.109 carry 0.078
dist_mn node 1: 268088063 x 287467497 limbs over 2 x 4 ranks (cap 2^28): 2 x 3 pieces, 6 formed, 0 skipped (cache 1 slots: 6 hits, 6 misses)
mn: node 0 level 1 [0, 2): P 555555560 limbs, Q 555555560 limbs (my share of P [0, 277777780)) in 47.95 s
mn: node 0: tree levels 47.95 s: P 555555560 limbs, Q 555555560 limbs
mn: node 1 level 1 [0, 2): P 555555560 limbs, Q 555555560 limbs (my share of P [277777780, 555555561)) in 45.33 s
mn: node 1: tree levels 45.33 s: P 555555560 limbs, Q 555555560 limbs
mem[0] [tree] device 54.9 GB in use (per APU 12.1..18.6): planes 17.2, regions 0.0, block pool 32.2 (donated 0.0, borrowed 32.2, hipMalloc 0.0; live 4.4, peak live 10.9, free 27.8), tables 1.23, other 4.3
mem[0] [tree] host 13.1 GB RSS (HWM 13.1): staging 4.3 pinned, registered 0.0, X 0.0, digits 0.0, named 0.0, other 8.8
mem[1] [tree] device 72.1 GB in use (per APU 16.4..22.9): planes 34.4, regions 0.0, block pool 32.2 (donated 0.0, borrowed 32.2, hipMalloc 0.0; live 4.4, peak live 11.6, free 27.8), tables 1.23, other 4.3
mem[1] [tree] host 13.3 GB RSS (HWM 13.3): staging 4.3 pinned, registered 0.0, X 0.0, digits 0.0, named 0.0, other 9.0
mem[1] [tree]   APU0: in use 22.9 GB: planes 8.59 pool:borrowed 12.88 pool:live 1.11 pool:free 11.77 pool:peak-live 2.89 tables 0.31 other 1.07  (driver: 41.4 of 137.4 GB used)
mem[0] [tree]   APU0: in use 18.6 GB: planes 4.29 pool:borrowed 12.88 pool:live 1.11 pool:free 11.77 pool:peak-live 2.72 tables 0.30 other 1.07  (driver: 41.4 of 137.4 GB used)
mem[0] [tree]   APU1: in use 12.1 GB: planes 4.29 pool:borrowed 6.44 pool:live 1.11 pool:free 5.33 pool:peak-live 2.72 tables 0.31 other 1.07  (driver: 28.5 of 137.4 GB used)
mem[0] [tree]   APU2: in use 12.1 GB: planes 4.29 pool:borrowed 6.44 pool:live 1.11 pool:free 5.33 pool:peak-live 2.72 tables 0.31 other 1.07  (driver: 28.5 of 137.4 GB used)
mem[1] [tree]   APU1: in use 16.4 GB: planes 8.59 pool:borrowed 6.44 pool:live 1.11 pool:free 5.33 pool:peak-live 2.89 tables 0.31 other 1.07  (driver: 28.5 of 137.4 GB used)
mem[1] [tree]   APU2: in use 16.4 GB: planes 8.59 pool:borrowed 6.44 pool:live 1.11 pool:free 5.33 pool:peak-live 2.89 tables 0.31 other 1.07  (driver: 28.5 of 137.4 GB used)
mem[1] [tree]   APU3: in use 16.4 GB: planes 8.59 pool:borrowed 6.44 pool:live 1.11 pool:free 5.33 pool:peak-live 2.89 tables 0.31 other 1.07  (driver: 28.5 of 137.4 GB used)
mem[0] [tree]   APU3: in use 12.1 GB: planes 4.29 pool:borrowed 6.44 pool:live 1.11 pool:free 5.33 pool:peak-live 2.72 tables 0.31 other 1.07  (driver: 28.5 of 137.4 GB used)
recip(mn): the single-node chain to 33909 limbs (1.35 s), then the sharded steps to 555555558 over 2 nodes
cache_trace node 0: piece (0, 0) of 3 x 1, 92592594 + 138888891 limbs at 0, slots 1: A - B cached | 3.485 s: redistribute 0.149 ntt 3.246 crt 0.010 out 0.132 carry 0.003
cache_trace node 1: piece (0, 0) of 3 x 1, 92592594 + 138888891 limbs at 0, slots 1: A - B cached | 3.485 s: redistribute 0.149 ntt 3.236 crt 0.010 out 0.138 carry 0.003
cache_trace node 0: piece (1, 0) of 3 x 1, 92592594 + 138888891 limbs at 92592594, slots 1: A - B HIT | 2.787 s: redistribute 0.071 ntt 2.580 crt 0.009 out 0.120 carry 0.031
cache_trace node 1: piece (1, 0) of 3 x 1, 92592594 + 138888891 limbs at 92592594, slots 1: A - B HIT | 2.787 s: redistribute 0.071 ntt 2.583 crt 0.010 out 0.125 carry 0.030
cache_trace node 0: piece (2, 0) of 3 x 1, 92592594 + 138888891 limbs at 185185188, slots 1: A - B HIT | 2.416 s: redistribute 0.079 ntt 2.240 crt 0.010 out 0.076 carry 0.054
dist_mn node 0: 277777782 x 138888891 limbs over 2 x 4 ranks (cap 2^28): 3 x 1 pieces, 3 formed, 0 skipped (low product) (low cut) (cache 1 slots: 8 hits, 7 misses)
cache_trace node 1: piece (2, 0) of 3 x 1, 92592594 + 138888891 limbs at 185185188, slots 1: A - B HIT | 2.416 s: redistribute 0.068 ntt 2.253 crt 0.010 out 0.074 carry 0.054
dist_mn node 1: 277777782 x 138888891 limbs over 2 x 4 ranks (cap 2^28): 3 x 1 pieces, 3 formed, 0 skipped (low product) (low cut) (cache 1 slots: 8 hits, 7 misses)
cache_trace node 0: piece (0, 0) of 1 x 2, 138888891 + 69444445 limbs at 0, slots 1: A - B cached | 3.568 s: redistribute 0.175 ntt 3.258 crt 0.008 out 0.147 carry 0.003
cache_trace node 1: piece (0, 0) of 1 x 2, 138888891 + 69444445 limbs at 0, slots 1: A - B cached | 3.568 s: redistribute 0.177 ntt 3.260 crt 0.006 out 0.142 carry 0.003
cache_trace node 0: piece (0, 1) of 1 x 2, 138888891 + 69444445 limbs at 69444445, slots 1: A - B cached | 4.290 s: redistribute 0.181 ntt 3.901 crt 0.010 out 0.156 carry 0.047
dist_mn node 0: 138888891 x 138888890 limbs over 2 x 4 ranks (cap 2^28): 1 x 2 pieces, 2 formed, 0 skipped (low cut) (cache 1 slots: 8 hits, 9 misses)
cache_trace node 1: piece (0, 1) of 1 x 2, 138888891 + 69444445 limbs at 69444445, slots 1: A - B cached | 4.290 s: redistribute 0.179 ntt 3.920 crt 0.010 out 0.139 carry 0.047
dist_mn node 1: 138888891 x 138888890 limbs over 2 x 4 ranks (cap 2^28): 1 x 2 pieces, 2 formed, 0 skipped (low cut) (cache 1 slots: 8 hits, 9 misses)
cache_trace node 0: piece (1, 0) of 5 x 2, 111111112 + 138888890 limbs at 111111112, slots 1: A - B cached | 3.798 s: redistribute 0.147 ntt 3.458 crt 0.010 out 0.151 carry 0.083
cache_trace node 1: piece (1, 0) of 5 x 2, 111111112 + 138888890 limbs at 111111112, slots 1: A - B cached | 3.798 s: redistribute 0.150 ntt 3.442 crt 0.010 out 0.151 carry 0.083
cache_trace node 0: piece (2, 0) of 5 x 2, 111111112 + 138888890 limbs at 222222224, slots 1: A - B HIT | 2.490 s: redistribute 0.097 ntt 2.159 crt 0.008 out 0.152 carry 0.092
cache_trace node 1: piece (2, 0) of 5 x 2, 111111112 + 138888890 limbs at 222222224, slots 1: A - B HIT | 2.490 s: redistribute 0.097 ntt 2.155 crt 0.006 out 0.157 carry 0.092
cache_trace node 0: piece (3, 0) of 5 x 2, 111111112 + 138888890 limbs at 333333336, slots 1: A - B HIT | 2.931 s: redistribute 0.087 ntt 2.658 crt 0.010 out 0.121 carry 0.090
cache_trace node 1: piece (3, 0) of 5 x 2, 111111112 + 138888890 limbs at 333333336, slots 1: A - B HIT | 2.931 s: redistribute 0.084 ntt 2.660 crt 0.010 out 0.122 carry 0.090
cache_trace node 0: piece (4, 0) of 5 x 2, 111111112 + 138888890 limbs at 444444448, slots 1: A - B HIT | 3.088 s: redistribute 0.108 ntt 2.861 crt 0.009 out 0.056 carry 0.067
cache_trace node 1: piece (4, 0) of 5 x 2, 111111112 + 138888890 limbs at 444444448, slots 1: A - B HIT | 3.088 s: redistribute 0.105 ntt 2.847 crt 0.006 out 0.065 carry 0.067
cache_trace node 0: piece (0, 1) of 5 x 2, 111111112 + 138888890 limbs at 138888890, slots 1: A - B cached | 5.323 s: redistribute 0.152 ntt 4.937 crt 0.009 out 0.169 carry 0.083
cache_trace node 1: piece (0, 1) of 5 x 2, 111111112 + 138888890 limbs at 138888890, slots 1: A - B cached | 5.323 s: redistribute 0.150 ntt 4.945 crt 0.007 out 0.164 carry 0.083
cache_trace node 0: piece (1, 1) of 5 x 2, 111111112 + 138888890 limbs at 250000002, slots 1: A - B HIT | 2.867 s: redistribute 0.081 ntt 2.558 crt 0.009 out 0.173 carry 0.074
cache_trace node 1: piece (1, 1) of 5 x 2, 111111112 + 138888890 limbs at 250000002, slots 1: A - B HIT | 2.867 s: redistribute 0.091 ntt 2.554 crt 0.008 out 0.169 carry 0.073
cache_trace node 0: piece (2, 1) of 5 x 2, 111111112 + 138888890 limbs at 361111114, slots 1: A - B HIT | 2.700 s: redistribute 0.104 ntt 2.389 crt 0.010 out 0.107 carry 0.106
cache_trace node 1: piece (2, 1) of 5 x 2, 111111112 + 138888890 limbs at 361111114, slots 1: A - B HIT | 2.700 s: redistribute 0.110 ntt 2.389 crt 0.009 out 0.114 carry 0.106
cache_trace node 0: piece (3, 1) of 5 x 2, 111111112 + 138888890 limbs at 472222226, slots 1: A - B HIT | 3.247 s: redistribute 0.092 ntt 3.073 crt 0.010 out 0.051 carry 0.059
dist_mn node 0: 555555560 x 277777780 limbs over 2 x 4 ranks (cap 2^28): 5 x 2 pieces, 8 formed, 2 skipped (low product) (low cut) (cache 1 slots: 14 hits, 11 misses)
cache_trace node 1: piece (3, 1) of 5 x 2, 111111112 + 138888890 limbs at 472222226, slots 1: A - B HIT | 3.247 s: redistribute 0.089 ntt 3.072 crt 0.010 out 0.049 carry 0.059
dist_mn node 1: 555555560 x 277777780 limbs over 2 x 4 ranks (cap 2^28): 5 x 2 pieces, 8 formed, 2 skipped (low product) (low cut) (cache 1 slots: 14 hits, 11 misses)
cache_trace node 0: piece (1, 0) of 2 x 3, 138888890 + 92592593 limbs at 138888890, slots 1: A - B cached | 3.556 s: redistribute 0.145 ntt 3.221 crt 0.010 out 0.144 carry 0.075
cache_trace node 1: piece (1, 0) of 2 x 3, 138888890 + 92592593 limbs at 138888890, slots 1: A - B cached | 3.556 s: redistribute 0.147 ntt 3.219 crt 0.010 out 0.139 carry 0.075
cache_trace node 0: piece (0, 1) of 2 x 3, 138888890 + 92592593 limbs at 92592593, slots 1: A - B cached | 4.404 s: redistribute 0.145 ntt 4.074 crt 0.010 out 0.138 carry 0.070
cache_trace node 1: piece (0, 1) of 2 x 3, 138888890 + 92592593 limbs at 92592593, slots 1: A - B cached | 4.404 s: redistribute 0.144 ntt 4.066 crt 0.010 out 0.136 carry 0.070
cache_trace node 0: piece (1, 1) of 2 x 3, 138888890 + 92592593 limbs at 231481483, slots 1: A - B HIT | 2.686 s: redistribute 0.100 ntt 2.372 crt 0.010 out 0.133 carry 0.085
cache_trace node 1: piece (1, 1) of 2 x 3, 138888890 + 92592593 limbs at 231481483, slots 1: A - B HIT | 2.686 s: redistribute 0.098 ntt 2.372 crt 0.010 out 0.132 carry 0.085
cache_trace node 0: piece (0, 2) of 2 x 3, 138888890 + 92592593 limbs at 185185186, slots 1: A - B cached | 3.522 s: redistribute 0.179 ntt 3.157 crt 0.010 out 0.164 carry 0.093
cache_trace node 1: piece (0, 2) of 2 x 3, 138888890 + 92592593 limbs at 185185186, slots 1: A - B cached | 3.522 s: redistribute 0.167 ntt 3.159 crt 0.010 out 0.159 carry 0.093
cache_trace node 0: piece (1, 2) of 2 x 3, 138888890 + 92592593 limbs at 324074076, slots 1: A - B HIT | 2.486 s: redistribute 0.123 ntt 2.188 crt 0.008 out 0.152 carry 0.075
dist_mn node 0: 277777780 x 277777779 limbs over 2 x 4 ranks (cap 2^28): 2 x 3 pieces, 5 formed, 1 skipped (low cut) (cache 1 slots: 16 hits, 14 misses)
cache_trace node 1: piece (1, 2) of 2 x 3, 138888890 + 92592593 limbs at 324074076, slots 1: A - B HIT | 2.486 s: redistribute 0.118 ntt 2.207 crt 0.009 out 0.162 carry 0.075
dist_mn node 1: 277777780 x 277777779 limbs over 2 x 4 ranks (cap 2^28): 2 x 3 pieces, 5 formed, 1 skipped (low cut) (cache 1 slots: 16 hits, 14 misses)
cache_trace node 0: piece (3, 0) of 4 x 5, 138888887 + 111111112 limbs at 416666670, slots 1: A - B cached | 3.508 s: redistribute 0.153 ntt 3.174 crt 0.010 out 0.158 carry 0.073
cache_trace node 1: piece (3, 0) of 4 x 5, 138888887 + 111111112 limbs at 416666670, slots 1: A - B cached | 3.508 s: redistribute 0.155 ntt 3.171 crt 0.010 out 0.161 carry 0.073
cache_trace node 0: piece (2, 1) of 4 x 5, 138888890 + 111111112 limbs at 388888892, slots 1: A - B cached | 4.016 s: redistribute 0.132 ntt 3.674 crt 0.010 out 0.144 carry 0.071
cache_trace node 1: piece (2, 1) of 4 x 5, 138888890 + 111111112 limbs at 388888892, slots 1: A - B cached | 4.016 s: redistribute 0.155 ntt 3.672 crt 0.010 out 0.146 carry 0.071
cache_trace node 0: piece (3, 1) of 4 x 5, 138888887 + 111111112 limbs at 527777782, slots 1: A - B HIT | 2.659 s: redistribute 0.097 ntt 2.342 crt 0.010 out 0.142 carry 0.083
cache_trace node 1: piece (3, 1) of 4 x 5, 138888887 + 111111112 limbs at 527777782, slots 1: A - B HIT | 2.659 s: redistribute 0.093 ntt 2.354 crt 0.009 out 0.147 carry 0.083
cache_trace node 0: piece (1, 2) of 4 x 5, 138888890 + 111111112 limbs at 361111114, slots 1: A - B cached | 3.605 s: redistribute 0.156 ntt 3.235 crt 0.010 out 0.146 carry 0.093
cache_trace node 1: piece (1, 2) of 4 x 5, 138888890 + 111111112 limbs at 361111114, slots 1: A - B cached | 3.605 s: redistribute 0.156 ntt 3.236 crt 0.010 out 0.146 carry 0.093
cache_trace node 0: piece (2, 2) of 4 x 5, 138888890 + 111111112 limbs at 500000004, slots 1: A - B HIT | 3.399 s: redistribute 0.092 ntt 3.085 crt 0.005 out 0.154 carry 0.107
cache_trace node 1: piece (2, 2) of 4 x 5, 138888890 + 111111112 limbs at 500000004, slots 1: A - B HIT | 3.399 s: redistribute 0.089 ntt 3.078 crt 0.005 out 0.159 carry 0.107
cache_trace node 0: piece (3, 2) of 4 x 5, 138888887 + 111111112 limbs at 638888894, slots 1: A - B HIT | 2.684 s: redistribute 0.114 ntt 2.369 crt 0.010 out 0.110 carry 0.107
cache_trace node 1: piece (3, 2) of 4 x 5, 138888887 + 111111112 limbs at 638888894, slots 1: A - B HIT | 2.684 s: redistribute 0.111 ntt 2.376 crt 0.010 out 0.108 carry 0.106
cache_trace node 0: piece (0, 3) of 4 x 5, 138888890 + 111111112 limbs at 333333336, slots 1: A - B cached | 4.035 s: redistribute 0.144 ntt 3.694 crt 0.007 out 0.143 carry 0.087
cache_trace node 1: piece (0, 3) of 4 x 5, 138888890 + 111111112 limbs at 333333336, slots 1: A - B cached | 4.035 s: redistribute 0.142 ntt 3.704 crt 0.009 out 0.141 carry 0.087
cache_trace node 0: piece (1, 3) of 4 x 5, 138888890 + 111111112 limbs at 472222226, slots 1: A - B HIT | 2.755 s: redistribute 0.081 ntt 2.376 crt 0.010 out 0.197 carry 0.090
cache_trace node 1: piece (1, 3) of 4 x 5, 138888890 + 111111112 limbs at 472222226, slots 1: A - B HIT | 2.755 s: redistribute 0.084 ntt 2.373 crt 0.010 out 0.197 carry 0.090
cache_trace node 0: piece (2, 3) of 4 x 5, 138888890 + 111111112 limbs at 611111116, slots 1: A - B HIT | 2.547 s: redistribute 0.090 ntt 2.207 crt 0.010 out 0.124 carry 0.127
cache_trace node 1: piece (2, 3) of 4 x 5, 138888890 + 111111112 limbs at 611111116, slots 1: A - B HIT | 2.547 s: redistribute 0.087 ntt 2.209 crt 0.010 out 0.120 carry 0.127
cache_trace node 0: piece (3, 3) of 4 x 5, 138888887 + 111111112 limbs at 750000006, slots 1: A - B HIT | 2.799 s: redistribute 0.089 ntt 2.515 crt 0.010 out 0.131 carry 0.095
cache_trace node 1: piece (3, 3) of 4 x 5, 138888887 + 111111112 limbs at 750000006, slots 1: A - B HIT | 2.799 s: redistribute 0.086 ntt 2.517 crt 0.010 out 0.136 carry 0.095
cache_trace node 0: piece (0, 4) of 4 x 5, 138888890 + 111111110 limbs at 444444448, slots 1: A - B cached | 3.790 s: redistribute 0.139 ntt 3.436 crt 0.010 out 0.169 carry 0.078
cache_trace node 1: piece (0, 4) of 4 x 5, 138888890 + 111111110 limbs at 444444448, slots 1: A - B cached | 3.790 s: redistribute 0.137 ntt 3.439 crt 0.010 out 0.172 carry 0.078
cache_trace node 0: piece (1, 4) of 4 x 5, 138888890 + 111111110 limbs at 583333338, slots 1: A - B HIT | 2.540 s: redistribute 0.086 ntt 2.224 crt 0.005 out 0.107 carry 0.144
cache_trace node 1: piece (1, 4) of 4 x 5, 138888890 + 111111110 limbs at 583333338, slots 1: A - B HIT | 2.540 s: redistribute 0.096 ntt 2.215 crt 0.005 out 0.112 carry 0.144
cache_trace node 0: piece (2, 4) of 4 x 5, 138888890 + 111111110 limbs at 722222228, slots 1: A - B HIT | 2.355 s: redistribute 0.085 ntt 2.067 crt 0.010 out 0.115 carry 0.092
cache_trace node 1: piece (2, 4) of 4 x 5, 138888890 + 111111110 limbs at 722222228, slots 1: A - B HIT | 2.355 s: redistribute 0.081 ntt 2.069 crt 0.010 out 0.119 carry 0.092
cache_trace node 0: piece (3, 4) of 4 x 5, 138888887 + 111111110 limbs at 861111118, slots 1: A - B HIT | 2.769 s: redistribute 0.091 ntt 2.403 crt 0.007 out 0.129 carry 0.143
dist_mn node 0: 555555557 x 555555558 limbs over 2 x 4 ranks (cap 2^28): 4 x 5 pieces, 14 formed, 6 skipped (low cut) (cache 1 slots: 25 hits, 19 misses)
cache_trace node 1: piece (3, 4) of 4 x 5, 138888887 + 111111110 limbs at 861111118, slots 1: A - B HIT | 2.769 s: redistribute 0.088 ntt 2.429 crt 0.009 out 0.118 carry 0.143
dist_mn node 1: 555555557 x 555555558 limbs over 2 x 4 ranks (cap 2^28): 4 x 5 pieces, 14 formed, 6 skipped (low cut) (cache 1 slots: 25 hits, 19 misses)
mn_out: /tmp/cx15/f1_r2.txt.part0001: O_DIRECT, packed form, 8 write threads, file system local
cache_trace node 0: piece (0, 0) of 4 x 5, 138888890 + 111111112 limbs at 0, slots 1: A - B cached | 5.533 s: redistribute 0.155 ntt 5.283 crt 0.009 out 0.114 carry 0.004
cache_trace node 1: piece (0, 0) of 4 x 5, 138888890 + 111111112 limbs at 0, slots 1: A - B cached | 5.533 s: redistribute 0.157 ntt 5.279 crt 0.010 out 0.118 carry 0.004
cache_trace node 0: piece (1, 0) of 4 x 5, 138888890 + 111111112 limbs at 138888890, slots 1: A - B HIT | 3.977 s: redistribute 0.081 ntt 3.656 crt 0.010 out 0.161 carry 0.084
cache_trace node 1: piece (1, 0) of 4 x 5, 138888890 + 111111112 limbs at 138888890, slots 1: A - B HIT | 3.977 s: redistribute 0.085 ntt 3.642 crt 0.010 out 0.162 carry 0.084
cache_trace node 0: piece (2, 0) of 4 x 5, 138888890 + 111111112 limbs at 277777780, slots 1: A - B HIT | 3.125 s: redistribute 0.088 ntt 2.890 crt 0.010 out 0.116 carry 0.043
cache_trace node 1: piece (2, 0) of 4 x 5, 138888890 + 111111112 limbs at 277777780, slots 1: A - B HIT | 3.125 s: redistribute 0.085 ntt 2.900 crt 0.010 out 0.121 carry 0.042
cache_trace node 0: piece (3, 0) of 4 x 5, 138888887 + 111111112 limbs at 416666670, slots 1: A - B HIT | 4.541 s: redistribute 0.084 ntt 4.286 crt 0.007 out 0.079 carry 0.099
cache_trace node 1: piece (3, 0) of 4 x 5, 138888887 + 111111112 limbs at 416666670, slots 1: A - B HIT | 4.541 s: redistribute 0.080 ntt 4.294 crt 0.009 out 0.084 carry 0.098
cache_trace node 0: piece (0, 1) of 4 x 5, 138888890 + 111111112 limbs at 111111112, slots 1: A - B cached | 4.596 s: redistribute 0.147 ntt 4.184 crt 0.009 out 0.179 carry 0.085
cache_trace node 1: piece (0, 1) of 4 x 5, 138888890 + 111111112 limbs at 111111112, slots 1: A - B cached | 4.596 s: redistribute 0.149 ntt 4.177 crt 0.007 out 0.183 carry 0.085
cache_trace node 0: piece (1, 1) of 4 x 5, 138888890 + 111111112 limbs at 250000002, slots 1: A - B HIT | 2.639 s: redistribute 0.089 ntt 2.376 crt 0.010 out 0.146 carry 0.076
cache_trace node 1: piece (1, 1) of 4 x 5, 138888890 + 111111112 limbs at 250000002, slots 1: A - B HIT | 2.639 s: redistribute 0.091 ntt 2.372 crt 0.010 out 0.146 carry 0.076
cache_trace node 0: piece (2, 1) of 4 x 5, 138888890 + 111111112 limbs at 388888892, slots 1: A - B HIT | 2.417 s: redistribute 0.084 ntt 2.162 crt 0.010 out 0.093 carry 0.087
cache_trace node 1: piece (2, 1) of 4 x 5, 138888890 + 111111112 limbs at 388888892, slots 1: A - B HIT | 2.417 s: redistribute 0.081 ntt 2.160 crt 0.010 out 0.090 carry 0.087
cache_trace node 0: piece (3, 1) of 4 x 5, 138888887 + 111111112 limbs at 527777782, slots 1: A - B HIT | 3.210 s: redistribute 0.116 ntt 3.090 crt 0.005 out 0.035 carry 0.025
cache_trace node 1: piece (3, 1) of 4 x 5, 138888887 + 111111112 limbs at 527777782, slots 1: A - B HIT | 3.210 s: redistribute 0.113 ntt 3.087 crt 0.005 out 0.032 carry 0.025
cache_trace node 0: piece (0, 2) of 4 x 5, 138888890 + 111111112 limbs at 222222224, slots 1: A - B cached | 5.632 s: redistribute 0.152 ntt 5.274 crt 0.010 out 0.155 carry 0.089
cache_trace node 1: piece (0, 2) of 4 x 5, 138888890 + 111111112 limbs at 222222224, slots 1: A - B cached | 5.632 s: redistribute 0.152 ntt 5.277 crt 0.009 out 0.159 carry 0.088
cache_trace node 0: piece (1, 2) of 4 x 5, 138888890 + 111111112 limbs at 361111114, slots 1: A - B HIT | 2.650 s: redistribute 0.078 ntt 2.369 crt 0.010 out 0.095 carry 0.103
cache_trace node 1: piece (1, 2) of 4 x 5, 138888890 + 111111112 limbs at 361111114, slots 1: A - B HIT | 2.650 s: redistribute 0.079 ntt 2.366 crt 0.010 out 0.095 carry 0.103
cache_trace node 0: piece (2, 2) of 4 x 5, 138888890 + 111111112 limbs at 500000004, slots 1: A - B HIT | 2.407 s: redistribute 0.098 ntt 2.212 crt 0.010 out 0.052 carry 0.046
cache_trace node 1: piece (2, 2) of 4 x 5, 138888890 + 111111112 limbs at 500000004, slots 1: A - B HIT | 2.407 s: redistribute 0.093 ntt 2.210 crt 0.009 out 0.051 carry 0.046
cache_trace node 0: piece (0, 3) of 4 x 5, 138888890 + 111111112 limbs at 333333336, slots 1: A - B cached | 3.800 s: redistribute 0.156 ntt 3.457 crt 0.010 out 0.105 carry 0.090
cache_trace node 1: piece (0, 3) of 4 x 5, 138888890 + 111111112 limbs at 333333336, slots 1: A - B cached | 3.799 s: redistribute 0.154 ntt 3.453 crt 0.010 out 0.111 carry 0.090
cache_trace node 0: piece (1, 3) of 4 x 5, 138888890 + 111111112 limbs at 472222226, slots 1: A - B HIT | 2.388 s: redistribute 0.075 ntt 2.206 crt 0.010 out 0.047 carry 0.059
cache_trace node 1: piece (1, 3) of 4 x 5, 138888890 + 111111112 limbs at 472222226, slots 1: A - B HIT | 2.388 s: redistribute 0.078 ntt 2.203 crt 0.010 out 0.043 carry 0.059
cache_trace node 0: piece (0, 4) of 4 x 5, 138888890 + 111111112 limbs at 444444448, slots 1: A - B cached | 3.328 s: redistribute 0.149 ntt 3.047 crt 0.010 out 0.068 carry 0.067
dist_mn node 0: 555555557 x 555555560 limbs over 2 x 4 ranks (cap 2^28): 4 x 5 pieces, 14 formed, 6 skipped (low product) (cache 1 slots: 34 hits, 24 misses)
cache_trace node 1: piece (0, 4) of 4 x 5, 138888890 + 111111112 limbs at 444444448, slots 1: A - B cached | 3.328 s: redistribute 0.147 ntt 3.049 crt 0.010 out 0.073 carry 0.067
dist_mn node 1: 555555557 x 555555560 limbs over 2 x 4 ranks (cap 2^28): 4 x 5 pieces, 14 formed, 6 skipped (low product) (cache 1 slots: 34 hits, 24 misses)
divmod(mn) 180.54 s: reciprocal 84.26 (products 80.10), S = P + Q 0.83, A mu + shift 45.07, X Q + window 50.29, corrections 0.03 (0), R residues 0.07; division products 93.74 s; shifts 68/4.99 s, addsub 24/0.14 s
scratch(mn): mdb_shift slabs 4.444 GB per node-process at most (MDB_SHIFT_CHUNK_MB=1024), window temporaries T + rbO 4.370 GB (MN_T_CHUNK_MB=1024)
mn: node 0: dm over 2 nodes 180.54 s (reciprocal 84.26), X 555555557 limbs, sharded
mn: node 1: dm over 2 nodes 180.54 s (reciprocal 84.26), X 555555557 limbs, sharded; to the output stage
bs       52.80 s   N 1158787585, P 555555560 limbs, Q 555555560 limbs (seeds 0.0 school 0.0 batch 4.8 mdev 0.0; pool 5.0 GB; dev pools 0.0 GB)   VmRSS 22.4 GB, VmHWM 22.4 GB
RESULT ecalc bs s 52.8049
mem[0] [bs] device 50.6 GB in use (per APU 11.0..17.5): planes 17.2, regions 0.0, block pool 32.2 (donated 0.0, borrowed 32.2, hipMalloc 0.0; live 2.2, peak live 18.0, free 30.0), tables 1.23, other 0.0
mem[0] [bs] host 22.4 GB RSS (HWM 22.4): staging 4.3 pinned, registered 0.0, X 0.0, digits 0.0, named 0.0, other 18.1
mem[0] [bs]   APU0: in use 17.5 GB: planes 4.29 pool:borrowed 12.88 pool:live 0.56 pool:free 12.33 pool:peak-live 4.49 tables 0.30  (driver: 39.4 of 137.4 GB used)
mem[0] [bs]   APU1: in use 11.0 GB: planes 4.29 pool:borrowed 6.44 pool:live 0.56 pool:free 5.89 pool:peak-live 4.49 tables 0.31  (driver: 26.6 of 137.4 GB used)
mem[0] [bs]   APU2: in use 11.0 GB: planes 4.29 pool:borrowed 6.44 pool:live 0.56 pool:free 5.89 pool:peak-live 4.49 tables 0.31  (driver: 26.6 of 137.4 GB used)
mem[0] [bs]   APU3: in use 11.0 GB: planes 4.29 pool:borrowed 6.44 pool:live 0.56 pool:free 5.89 pool:peak-live 4.49 tables 0.31  (driver: 26.6 of 137.4 GB used)
recip    84.26 s   (over 2 nodes; 29 iterations)
10dP      0.00 s   (S = P + Q over shares, inside dm)
RESULT ecalc 10dP s 0
dm      180.54 s   X 555555557 limbs (recip 84.3 s; corrections 0/0; over 2 nodes)   VmRSS 22.4 GB, VmHWM 22.4 GB
RESULT ecalc dm s 180.544
mn: node 0: X share [0, 277777778) of 555555557 limbs on the device (the distributed division's)
mn: node 1: X share [277777778, 555555557) of 555555557 limbs on the device (the distributed division's)
mn: node 0: T1        0.07 s   ok: T(P+Q) == XQ + R and P, Q mod q for 8 primes (P, Q recurrence over this node's terms, overlapped with bs; joined over the nodes)
mn: node 0:       overlapped with bs: P, Q mod q recurrence 1.25 s, block pool pregrown by 0 GB in 0.00 s
mn: node 1: T1        0.07 s   ok: T(P+Q) == XQ + R and P, Q mod q for 8 primes (P, Q recurrence over this node's terms, overlapped with bs; joined over the nodes)
mn: node 1:       overlapped with bs: P, Q mod q recurrence 1.01 s, block pool pregrown by 0 GB in 0.00 s
mn: node 0:       VmRSS 22.4 GB before dc
mn: node 1:       VmRSS 27.0 GB before dc
mn: node 0:       the part file started in the division (MN_OUT_EARLY): its writer ran 0.83 s, joined after 0.00 s here
mn: node 1:       the part file started in the division (MN_OUT_EARLY): its writer ran 1.12 s, joined after 0.00 s here
mn: node 1:       patch: X +0 after the formatting started (ECALC_CORR_PATCH): nothing to patch; 0 deferred windows; 0.002 s
mn: node 0:       patch: X +0 after the formatting started (ECALC_CORR_PATCH): nothing to patch; 0 deferred windows; 0.003 s
mn: node 0: dc        0.02 s   digits [5000000005, 10000000009) of 10000000009 formatted from 277777778 decimal limbs in 19 chunks (residues 0.00, format 0.13, digit residue 0.37, T2 0.00, fetch 0.06, waiting for the writer 0.24)
mn: node 1: dc        0.02 s   digits [0, 5000000005) of 10000000009 formatted from 277777779 decimal limbs in 19 chunks (residues 0.00, format 0.13, digit residue 0.39, T2 0.29, fetch 0.05, waiting for the writer 0.23)
mn: node 1: T2        0.00 s   windows ok (4 checked on this node), digits == X mod q ok
mn: node 1: digits: 27182818284590452353602874713526624977572470936999595749669676... (this node's range)
mn: node 1: wrote /tmp/cx15/f1_r2.txt.part0000 (2.22 GB; write 0.78 s in the writer thread, 0.00 s after the checks)
mn: node 1: VERIFY OK
mn: node 0: T2        0.00 s   windows ok (0 checked on this node), digits == X mod q ok
mn: node 0: digits: 47329977426968671005186835658995918489734436742905921433796789...56994816931502679526 (this node's range)
total   241.11 s   (bs 52.8 + 10dP 0.0 + dm 180.5 + T1 0.1 + dc 0.0 + T2 0.0 = 233.4; init 7.7; other 0.0); VmHWM 22.4 GB
RESULT ecalc total s 241.11
RESULT ecalc phases s 233.44
RESULT ecalc other s 0.013762
RESULT ecalc vmhwm GB 22.3593
paper A22 (4e10): 285.7 = bs 112.2 + 10dP 12.6 + dm 46.8 + T1 ~3 + dc 110.3
mn: node 0: wrote /tmp/cx15/f1_r2.txt.part0001 (2.22 GB; write 0.76 s in the writer thread, 0.00 s after the checks)
mn: node 0: VERIFY OK
mn: all 2 nodes: VERIFY OK
mem[0] [end] device 18.4 GB in use (per APU 4.6..4.6): planes 17.2, regions 0.0, block pool 0.0 (donated 0.0, borrowed 0.0, hipMalloc 0.0; live 0.0, peak live 18.0, free 0.0), tables 1.23, other 0.0
mem[0] [end] host 21.9 GB RSS (HWM 22.4): staging 4.3 pinned, registered 0.0, X 0.0, digits 0.0, named 0.0, other 17.6
mem[0] [end]   APU0: in use 4.6 GB: planes 4.29 pool:peak-live 4.49 tables 0.30  (driver: 39.4 of 137.4 GB used)
mem[0] [end]   APU1: in use 4.6 GB: planes 4.29 pool:peak-live 4.49 tables 0.31  (driver: 26.6 of 137.4 GB used)
mem[0] [end]   APU2: in use 4.6 GB: planes 4.29 pool:peak-live 4.49 tables 0.31  (driver: 26.6 of 137.4 GB used)
mem[0] [end]   APU3: in use 4.6 GB: planes 4.29 pool:peak-live 4.49 tables 0.31  (driver: 26.6 of 137.4 GB used)
mem[0] summary: bytes in use at each phase boundary, GB (device: all APUs / largest APU; host: this process)
mem[0] phase           device  maxAPU |  planes regions  pl:don  pl:bor  pl:hip pl:live pl:peak tables |    host staging  regist       X  digits   other     HWM
mem[0] init              42.0    15.3 |     8.6     0.0     0.0    32.2     0.0     0.0     0.0   1.23 |     8.8     4.3     0.0     0.0     0.0     4.5    11.5
mem[0] tree              54.9    18.6 |    17.2     0.0     0.0    32.2     0.0     4.4    10.9   1.23 |    13.1     4.3     0.0     0.0     0.0     8.8    13.1
mem[0] bs                50.6    17.5 |    17.2     0.0     0.0    32.2     0.0     2.2    18.0   1.23 |    22.4     4.3     0.0     0.0     0.0    18.1    22.4
mem[0] end               18.4     4.6 |    17.2     0.0     0.0     0.0     0.0     0.0    18.0   1.23 |    21.9     4.3     0.0     0.0     0.0    17.6    22.4
mem[1] [released] device 1.2 GB in use (per APU 0.3..0.3): planes 0.0, regions 0.0, block pool 0.0 (donated 0.0, borrowed 0.0, hipMalloc 0.0; live 0.0, peak live 18.4, free 0.0), tables 1.23, other 0.0
mem[1] [released] host 22.2 GB RSS (HWM 26.9): staging 0.0 pinned, registered 0.0, X 0.0, digits 0.0, named 0.0, other 22.2
mem[1] [released]   APU0: in use 0.3 GB: pool:peak-live 4.60 tables 0.31  (driver: 17.9 of 137.4 GB used)
mem[1] [released]   APU1: in use 0.3 GB: pool:peak-live 4.60 tables 0.31  (driver: 11.5 of 137.4 GB used)
mem[1] [released]   APU2: in use 0.3 GB: pool:peak-live 4.60 tables 0.31  (driver: 11.5 of 137.4 GB used)
mem[1] [released]   APU3: in use 0.3 GB: pool:peak-live 4.60 tables 0.31  (driver: 11.5 of 137.4 GB used)
mem[1] summary: bytes in use at each phase boundary, GB (device: all APUs / largest APU; host: this process)
mem[1] phase           device  maxAPU |  planes regions  pl:don  pl:bor  pl:hip pl:live pl:peak tables |    host staging  regist       X  digits   other     HWM
mem[1] init              42.0    15.3 |     8.6     0.0     0.0    32.2     0.0     0.0     0.0   1.23 |     8.8     4.3     0.0     0.0     0.0     4.5    11.5
mem[1] tree              72.1    22.9 |    34.4     0.0     0.0    32.2     0.0     4.4    11.6   1.23 |    13.3     4.3     0.0     0.0     0.0     9.0    13.3
mem[1] released           1.2     0.3 |     0.0     0.0     0.0     0.0     0.0     0.0    18.4   1.23 |    22.2     0.0     0.0     0.0     0.0    22.2    26.9
rns_dist: RNS_STRATEGY=auto form B: C 0 products 0.00 s, B 30 products 0.04 s, B4 0 products 0.00 s; extra plane memory 0.00 GiB/APU (allocations 0.00 s)
rns_dist: RNS_STRATEGY=auto form B: C 0 products 0.00 s, B 30 products 0.04 s, B4 0 products 0.00 s; extra plane memory 0.00 GiB/APU (allocations 0.00 s)
