== ecalc: e to 1000000000 digits (decimal limbs, base 10^18) [computed to the next multiple of 18] ==
META bench=ecalc host=ppac-pl1-s24-30 date=2026-09-27T18:30:27 pool_log=31 stg=7 pw_fuse=14 body=1 engine=1 base=10^18
rns_init: primes per product (ECALC_NP=auto): three (c 2^44 + 1, c = 240, 216, 207), four for a distributed product over 8000000 terms (ECALC_NP_AUTO_TERMS, a test bound); plane pool 0 for 4 primes
rns_init: APU1 staging 1.0 GiB touch 0.05 s register 0.09 s, 48 cpus; device open 0.00 s, contexts 1.39 s, stream+staging 0.16 s
rns_init: APU3 staging 1.0 GiB touch 0.03 s register 0.08 s, 48 cpus; device open 0.00 s, contexts 1.60 s, stream+staging 0.13 s
rns_init: APU0 staging 1.0 GiB touch 0.04 s register 0.09 s, 48 cpus; device open 0.00 s, contexts 1.77 s, stream+staging 0.15 s
rns_init: APU2 staging 1.0 GiB touch 0.04 s register 0.09 s, 48 cpus; device open 0.00 s, contexts 1.84 s, stream+staging 0.23 s
dbig pool: APU3 VMM arena 2.15 GB = 1 chunks of 2.00 GiB, the first 1 mapped in 0.42 s (0.196 s/GB), VA 8.6 GB reserved at 0x7945ece00000
dbig pool: APU2 VMM arena 2.15 GB = 1 chunks of 2.00 GiB, the first 1 mapped in 0.61 s (0.286 s/GB), VA 8.6 GB reserved at 0x794b6d200000
dbig pool: APU0 VMM arena 4.29 GB = 2 chunks of 2.00 GiB, the first 1 mapped in 0.68 s (0.318 s/GB), the rest in the background, VA 15.0 GB reserved at 0x7947ed000000
dbig pool: APU1 VMM arena 2.15 GB = 1 chunks of 2.00 GiB, the first 1 mapped in 0.73 s (0.338 s/GB), VA 8.6 GB reserved at 0x79414be00000
rns_init: plane pools per APU 24.00 + 18.00 GiB (3*2^k planes, B3) (hipmalloc), staging 1.00 GiB, tables 0.153 GB; staging+contexts 2.09 s, pools 10.25 s, peer access 0.23 s
RESULT ecalc init s 12.8155
      VmRSS 7.2 GB after init (staging 4.3 GB pinned + device regions 5 GB); init 12.8 s
mem [init] device 189.7 GB in use (per APU 47.4..47.5): planes 180.4, regions 0.1, block pool 8.6 (donated 0.0, borrowed 8.6, hipMalloc 0.0; live 0.0, peak live 0.0, free 3.7), tables 0.61, other 0.0
mem [init] host 7.2 GB RSS (HWM 7.2): staging 4.8 pinned, registered 0.0, X 0.0, digits 0.0, named 0.0, other 2.5
budget: ECALC_BUDGET_CHECK ok: 1 rank, largest rank peak 205.2 GB, node budget 480 GB
dbig pool: APU0 VMM arena: the background thread mapped chunks 0..1 in 0.25 s
batch-local N=460080 (115022/115020/115020/115018) L=2^10 tile 406900 pair: scatter 0.016 ntt 0.078 crt 0.002 merge 0.009
batch-local N=230040 (57512/57510/57510/57508) L=2^10 tile 406900 pair: scatter 0.001 ntt 0.008 crt 0.002 merge 0.000
batch-local N=115020 (28756/28756/28756/28752) L=2^10 tile 406900 pair: scatter 0.001 ntt 0.004 crt 0.003 merge 0.000
batch-local N=57510 (14378/14378/14378/14376) L=2^11 tile 203450 pair: scatter 0.001 ntt 0.007 crt 0.003 merge 0.000
batch-local N=28756 (7190/7188/7190/7188) L=2^12 tile 101724 pair: scatter 0.001 ntt 0.004 crt 0.003 merge 0.000
batch-local N=14378 (3596/3594/3594/3594) L=2^13 tile 50862 pair: scatter 0.001 ntt 0.013 crt 0.002 merge 0.000
batch-local N=7188 (1798/1798/1798/1794) L=2^14 tile 25430 pair: scatter 0.001 ntt 0.009 crt 0.003 merge 0.000
batch-local N=3594 (900/898/900/896) L=2^15 tile 12714 pair: scatter 0.001 ntt 0.007 crt 0.003 merge 0.000
batch-local N=1798 (450/450/450/448) L=2^16 tile 6356 pair: scatter 0.000 ntt 0.006 crt 0.003 merge 0.000
batch-local N=898 (226/224/226/222) L=2^17 tile 3178 pair: scatter 0.001 ntt 0.006 crt 0.002 merge 0.000
batch-local N=450 (114/112/112/112) L=2^18 tile 1588 pair: scatter 0.001 ntt 0.007 crt 0.003 merge 0.000
batch-local N=224 (58/56/56/54) L=2^19 tile 794 pair: scatter 0.001 ntt 0.008 crt 0.003 merge 0.000
batch-local N=112 (30/28/28/26) L=2^20 tile 396 pair: scatter 0.001 ntt 0.009 crt 0.003 merge 0.000
batch-local N=56 (16/14/14/12) L=2^21 tile 198 pair: scatter 0.001 ntt 0.010 crt 0.003 merge 0.000
batch-local N=28 (8/8/6/6) L=2^22 tile 98 pair: scatter 0.002 ntt 0.010 crt 0.003 merge 0.000
batch N=14 L=2^23 tile 128 pair: 0.032 s (scatter 0.006 ntt 0.018 crt 0.007 merge 0.000)
batch N=8 L=2^24 tile 64 pair: 0.028 s (scatter 0.006 ntt 0.020 crt 0.007 merge 0.000)
batch N=4 L=2^25 tile 32 pair: 0.029 s (scatter 0.006 ntt 0.020 crt 0.009 merge 0.000)
batch N=2 L=2^26 tile 9 grpB: 0.036 s (scatter 0.007 ntt 0.018 crt 0.009 merge 0.001)
bs        1.29 s   N 130202816, P 55555560 limbs, Q 55555560 limbs (seeds 0.5 school 0.0 batch 0.7 mdev 0.0; pool 1.0 GB; dev pools 5.0 GB)   VmRSS 9.2 GB, VmHWM 9.2 GB
RESULT ecalc bs s 1.28902
mem [bs] device 191.7 GB in use (per APU 47.4..49.5): planes 180.4, regions 0.0, block pool 10.7 (donated 0.0, borrowed 10.7, hipMalloc 0.0; live 0.0, peak live 0.0, free 5.8), tables 0.61, other 0.0
mem [bs] host 9.2 GB RSS (HWM 9.2): staging 4.3 pinned, registered 0.0, X 0.0, digits 0.0, named 0.0, other 4.8
dist B 2^20 (9 limbs = 6 x 3, 3 primes): load 0.014 ntt 0.001 crt 0.000 spills 0.021 total 0.038 s
   dist_db 9 limbs: 0.045 s (dbig: shift 0.000 addsub 0.021 maxidx 0.013 reserve 0.000)
dist B 2^20 (5 limbs = 3 x 2, 3 primes): load 0.000 ntt 0.000 crt 0.000 spills 0.000 total 0.000 s
   dist_db 5 limbs: 0.000 s (dbig: shift 0.000 addsub 0.000 maxidx 0.000 reserve 0.000)
dist B 2^20 (15 limbs = 10 x 5, 3 primes): load 0.000 ntt 0.000 crt 0.000 spills 0.000 total 0.000 s
   dist_db 15 limbs: 0.000 s (dbig: shift 0.000 addsub 0.000 maxidx 0.000 reserve 0.000)
dist B 2^20 (9 limbs = 5 x 4, 3 primes): load 0.000 ntt 0.000 crt 0.000 spills 0.000 total 0.000 s
   dist_db 9 limbs: 0.000 s (dbig: shift 0.000 addsub 0.000 maxidx 0.000 reserve 0.000)
dist B 2^20 (24 limbs = 16 x 8, 3 primes): load 0.000 ntt 0.000 crt 0.000 spills 0.000 total 0.000 s
   dist_db 24 limbs: 0.000 s (dbig: shift 0.000 addsub 0.000 maxidx 0.000 reserve 0.000)
dist B 2^20 (15 limbs = 8 x 7, 3 primes): load 0.000 ntt 0.000 crt 0.000 spills 0.000 total 0.000 s
   dist_db 15 limbs: 0.000 s (dbig: shift 0.000 addsub 0.000 maxidx 0.000 reserve 0.000)
dist B 2^20 (45 limbs = 30 x 15, 3 primes): load 0.000 ntt 0.000 crt 0.000 spills 0.000 total 0.000 s
   dist_db 45 limbs: 0.000 s (dbig: shift 0.000 addsub 0.000 maxidx 0.000 reserve 0.000)
dist B 2^20 (29 limbs = 15 x 14, 3 primes): load 0.000 ntt 0.000 crt 0.000 spills 0.000 total 0.000 s
   dist_db 29 limbs: 0.000 s (dbig: shift 0.000 addsub 0.000 maxidx 0.000 reserve 0.000)
dist B 2^20 (84 limbs = 56 x 28, 3 primes): load 0.000 ntt 0.000 crt 0.000 spills 0.000 total 0.000 s
   dist_db 84 limbs: 0.000 s (dbig: shift 0.000 addsub 0.000 maxidx 0.000 reserve 0.000)
dist B 2^20 (55 limbs = 28 x 27, 3 primes): load 0.000 ntt 0.000 crt 0.000 spills 0.000 total 0.000 s
   dist_db 55 limbs: 0.000 s (dbig: shift 0.000 addsub 0.000 maxidx 0.000 reserve 0.000)
dist B 2^20 (162 limbs = 108 x 54, 3 primes): load 0.000 ntt 0.000 crt 0.000 spills 0.000 total 0.000 s
   dist_db 162 limbs: 0.000 s (dbig: shift 0.000 addsub 0.000 maxidx 0.000 reserve 0.000)
dist B 2^20 (107 limbs = 54 x 53, 3 primes): load 0.000 ntt 0.000 crt 0.000 spills 0.000 total 0.000 s
   dist_db 107 limbs: 0.000 s (dbig: shift 0.000 addsub 0.000 maxidx 0.000 reserve 0.000)
dist B 2^20 (321 limbs = 214 x 107, 3 primes): load 0.000 ntt 0.000 crt 0.000 spills 0.000 total 0.000 s
   dist_db 321 limbs: 0.000 s (dbig: shift 0.000 addsub 0.000 maxidx 0.000 reserve 0.000)
dist B 2^20 (213 limbs = 107 x 106, 3 primes): load 0.000 ntt 0.000 crt 0.000 spills 0.000 total 0.000 s
   dist_db 213 limbs: 0.000 s (dbig: shift 0.000 addsub 0.000 maxidx 0.000 reserve 0.000)
dist B 2^20 (639 limbs = 426 x 213, 3 primes): load 0.000 ntt 0.000 crt 0.000 spills 0.000 total 0.000 s
   dist_db 639 limbs: 0.000 s (dbig: shift 0.000 addsub 0.000 maxidx 0.000 reserve 0.000)
dist B 2^20 (425 limbs = 213 x 212, 3 primes): load 0.000 ntt 0.000 crt 0.000 spills 0.000 total 0.000 s
   dist_db 425 limbs: 0.000 s (dbig: shift 0.000 addsub 0.000 maxidx 0.000 reserve 0.000)
dist B 2^20 (1275 limbs = 850 x 425, 3 primes): load 0.000 ntt 0.000 crt 0.000 spills 0.000 total 0.000 s
   dist_db 1275 limbs: 0.000 s (dbig: shift 0.000 addsub 0.000 maxidx 0.000 reserve 0.000)
dist B 2^20 (849 limbs = 425 x 424, 3 primes): load 0.000 ntt 0.000 crt 0.000 spills 0.000 total 0.000 s
   dist_db 849 limbs: 0.000 s (dbig: shift 0.000 addsub 0.000 maxidx 0.000 reserve 0.000)
dist B 2^20 (2547 limbs = 1698 x 849, 3 primes): load 0.000 ntt 0.000 crt 0.000 spills 0.000 total 0.000 s
   dist_db 2547 limbs: 0.000 s (dbig: shift 0.000 addsub 0.000 maxidx 0.000 reserve 0.000)
dist B 2^20 (1697 limbs = 849 x 848, 3 primes): load 0.000 ntt 0.000 crt 0.000 spills 0.000 total 0.000 s
   dist_db 1697 limbs: 0.000 s (dbig: shift 0.000 addsub 0.000 maxidx 0.000 reserve 0.000)
dist B 2^20 (5091 limbs = 3394 x 1697, 3 primes): load 0.000 ntt 0.000 crt 0.000 spills 0.001 total 0.002 s
   dist_db 5091 limbs: 0.002 s (dbig: shift 0.000 addsub 0.001 maxidx 0.000 reserve 0.000)
dist B 2^20 (3393 limbs = 1697 x 1696, 3 primes): load 0.000 ntt 0.000 crt 0.000 spills 0.000 total 0.000 s
   dist_db 3393 limbs: 0.000 s (dbig: shift 0.000 addsub 0.000 maxidx 0.000 reserve 0.000)
dist B 2^20 (10176 limbs = 6784 x 3392, 3 primes): load 0.000 ntt 0.000 crt 0.000 spills 0.001 total 0.002 s
   dist_db 10176 limbs: 0.002 s (dbig: shift 0.000 addsub 0.001 maxidx 0.000 reserve 0.000)
dist B 2^20 (6783 limbs = 3392 x 3391, 3 primes): load 0.000 ntt 0.000 crt 0.000 spills 0.000 total 0.001 s
   dist_db 6783 limbs: 0.001 s (dbig: shift 0.000 addsub 0.000 maxidx 0.000 reserve 0.000)
dist B 2^20 (20349 limbs = 13566 x 6783, 3 primes): load 0.000 ntt 0.000 crt 0.000 spills 0.001 total 0.002 s
   dist_db 20349 limbs: 0.002 s (dbig: shift 0.000 addsub 0.001 maxidx 0.000 reserve 0.000)
dist B 2^20 (13565 limbs = 6783 x 6782, 3 primes): load 0.000 ntt 0.000 crt 0.000 spills 0.000 total 0.000 s
   dist_db 13565 limbs: 0.001 s (dbig: shift 0.000 addsub 0.000 maxidx 0.000 reserve 0.000)
dist B 2^20 (40695 limbs = 27130 x 13565, 3 primes): load 0.000 ntt 0.000 crt 0.000 spills 0.002 total 0.003 s
   dist_db 40695 limbs: 0.003 s (dbig: shift 0.000 addsub 0.002 maxidx 0.000 reserve 0.000)
dist B 2^20 (27129 limbs = 13565 x 13564, 3 primes): load 0.000 ntt 0.000 crt 0.000 spills 0.000 total 0.001 s
   dist_db 27129 limbs: 0.001 s (dbig: shift 0.000 addsub 0.000 maxidx 0.000 reserve 0.000)
dist B 2^20 (81384 limbs = 54256 x 27128, 3 primes): load 0.000 ntt 0.000 crt 0.000 spills 0.001 total 0.002 s
   dist_db 81384 limbs: 0.002 s (dbig: shift 0.000 addsub 0.001 maxidx 0.000 reserve 0.000)
dist B 2^20 (54255 limbs = 27128 x 27127, 3 primes): load 0.000 ntt 0.000 crt 0.000 spills 0.000 total 0.001 s
   dist_db 54255 limbs: 0.001 s (dbig: shift 0.000 addsub 0.000 maxidx 0.000 reserve 0.000)
dist B 2^20 (162765 limbs = 108510 x 54255, 3 primes): load 0.000 ntt 0.000 crt 0.000 spills 0.002 total 0.003 s
   dist_db 162765 limbs: 0.003 s (dbig: shift 0.000 addsub 0.002 maxidx 0.000 reserve 0.000)
dist B 2^20 (108509 limbs = 54255 x 54254, 3 primes): load 0.000 ntt 0.000 crt 0.000 spills 0.000 total 0.001 s
   dist_db 108509 limbs: 0.001 s (dbig: shift 0.000 addsub 0.000 maxidx 0.000 reserve 0.000)
dist B 2^20 (325524 limbs = 217016 x 108508, 3 primes): load 0.000 ntt 0.000 crt 0.000 spills 0.001 total 0.002 s
   dist_db 325524 limbs: 0.002 s (dbig: shift 0.000 addsub 0.001 maxidx 0.000 reserve 0.000)
dist B 2^20 (217015 limbs = 108508 x 108507, 3 primes): load 0.000 ntt 0.000 crt 0.000 spills 0.000 total 0.001 s
   dist_db 217015 limbs: 0.001 s (dbig: shift 0.000 addsub 0.000 maxidx 0.000 reserve 0.000)
dist B 2^20 (651045 limbs = 434030 x 217015, 3 primes): load 0.000 ntt 0.000 crt 0.000 spills 0.002 total 0.003 s
   dist_db 651045 limbs: 0.003 s (dbig: shift 0.000 addsub 0.002 maxidx 0.000 reserve 0.000)
dist B 2^20 (434029 limbs = 217015 x 217014, 3 primes): load 0.000 ntt 0.000 crt 0.000 spills 0.000 total 0.001 s
   dist_db 434029 limbs: 0.001 s (dbig: shift 0.000 addsub 0.000 maxidx 0.000 reserve 0.000)
dist B 3*2^19 (1302087 limbs = 868058 x 434029, 3 primes): load 0.000 ntt 0.005 crt 0.000 spills 0.001 total 0.007 s
   dist_db 1302087 limbs: 0.007 s (dbig: shift 0.000 addsub 0.001 maxidx 0.000 reserve 0.000)
dist B 2^20 (868057 limbs = 434029 x 434028, 3 primes): load 0.000 ntt 0.000 crt 0.000 spills 0.000 total 0.001 s
   dist_db 868057 limbs: 0.001 s (dbig: shift 0.000 addsub 0.000 maxidx 0.000 reserve 0.000)
dist B 3*2^20 (2604171 limbs = 1736114 x 868057, 3 primes): load 0.000 ntt 0.002 crt 0.000 spills 0.002 total 0.005 s
   dist_db 2604171 limbs: 0.005 s (dbig: shift 0.000 addsub 0.002 maxidx 0.000 reserve 0.000)
dist B 2^21 (1736113 limbs = 868057 x 868056, 3 primes): load 0.000 ntt 0.001 crt 0.000 spills 0.000 total 0.001 s
   dist_db 1736113 limbs: 0.001 s (dbig: shift 0.000 addsub 0.000 maxidx 0.000 reserve 0.000)
dist B 3*2^21 (5208339 limbs = 3472226 x 1736113, 3 primes): load 0.001 ntt 0.002 crt 0.000 spills 0.003 total 0.006 s
   dist_db 5208339 limbs: 0.006 s (dbig: shift 0.000 addsub 0.003 maxidx 0.000 reserve 0.000)
dist B 2^22 (3472225 limbs = 1736113 x 1736112, 3 primes): load 0.000 ntt 0.001 crt 0.000 spills 0.000 total 0.002 s
   dist_db 3472225 limbs: 0.002 s (dbig: shift 0.000 addsub 0.000 maxidx 0.000 reserve 0.000)
dist B 3*2^22 (10416672 limbs = 6944448 x 3472224, 4 primes): load 0.006 ntt 0.008 crt 0.001 spills 0.002 total 0.016 s
   dist_db 10416672 limbs: 0.016 s (dbig: shift 0.000 addsub 0.002 maxidx 0.000 reserve 0.000)
dist B 2^23 (6944447 limbs = 3472224 x 3472223, 3 primes): load 0.001 ntt 0.001 crt 0.000 spills 0.001 total 0.003 s
   dist_db 6944447 limbs: 0.003 s (dbig: shift 0.000 addsub 0.001 maxidx 0.000 reserve 0.000)
dist B 3*2^23 (20833338 limbs = 13888892 x 6944446, 4 primes): load 0.003 ntt 0.006 crt 0.002 spills 0.003 total 0.017 s
   dist_db 20833338 limbs: 0.018 s (dbig: shift 0.000 addsub 0.003 maxidx 0.001 reserve 0.000)
dist B 2^24 (13888891 limbs = 6944446 x 6944445, 4 primes): load 0.002 ntt 0.002 crt 0.002 spills 0.001 total 0.007 s
   dist_db 13888891 limbs: 0.007 s (dbig: shift 0.000 addsub 0.001 maxidx 0.000 reserve 0.000)
dist B 3*2^24 (41666673 limbs = 27777782 x 13888891, 4 primes): load 0.004 ntt 0.009 crt 0.004 spills 0.005 total 0.026 s
   dist_db 41666673 limbs: 0.027 s (dbig: shift 0.000 addsub 0.005 maxidx 0.001 reserve 0.000)
dist B 2^25 (27777781 limbs = 13888891 x 13888890, 4 primes): load 0.003 ntt 0.004 crt 0.004 spills 0.001 total 0.012 s
   dist_db 27777781 limbs: 0.013 s (dbig: shift 0.000 addsub 0.001 maxidx 0.001 reserve 0.000)
dist B 3*2^25 (83333341 limbs = 55555560 x 27777781, 4 primes): load 0.004 ntt 0.016 crt 0.006 spills 0.004 total 0.034 s
   dist_db 83333341 limbs: 0.034 s (dbig: shift 0.000 addsub 0.004 maxidx 0.001 reserve 0.000)
dist B 2^26 (55555561 limbs = 27777781 x 27777780, 4 primes): load 0.004 ntt 0.008 crt 0.005 spills 0.001 total 0.018 s
   dist_db 55555561 limbs: 0.018 s (dbig: shift 0.000 addsub 0.001 maxidx 0.001 reserve 0.000)
recip(db) 0.34 s: dist 50 calls 0.22 s (load 0.04 ntt 0.07 crt 0.03 spills 0.06); dbig shift 56/0.06 addsub 86/0.10 maxidx 277/0.07 reserve 5/0.00; pools 0.0 GB
recip     1.57 s   mu 55555560 limbs (25 iterations, 0 mdev)   VmRSS 14.3 GB, VmHWM 14.3 GB
mem [recip] device 191.7 GB in use (per APU 47.4..49.5): planes 180.4, regions 0.0, block pool 10.7 (donated 0.0, borrowed 10.7, hipMalloc 0.0; live 0.4, peak live 1.8, free 10.3), tables 0.61, other 0.0
mem [recip] host 14.3 GB RSS (HWM 14.3): staging 0.0 pinned, registered 0.0, X 0.0, digits 0.0, named 0.0, other 14.3
10dP      0.12 s   T 55555556 limbs, A 111111116 limbs (0 mdev, 0 splits)   VmRSS 15.2 GB, VmHWM 15.2 GB
RESULT ecalc 10dP s 0.121372
dist B 2^27 (111111115 limbs = 55555558 x 55555557, 4 primes): load 0.006 ntt 0.020 crt 0.008 spills 0.008 total 0.044 s
   dist_db 111111115 limbs: 0.044 s (dbig: shift 0.000 addsub 0.008 maxidx 0.001 reserve 0.000)
dist B 2^27 (111111117 limbs = 55555560 x 55555557, 4 primes): load 0.006 ntt 0.020 crt 0.008 spills 0.002 total 0.037 s
   dist_db 111111117 limbs: 0.037 s (dbig: shift 0.000 addsub 0.002 maxidx 0.001 reserve 0.000)
divmod(db) 0.21 s: Q in + mu 0.02, A mu + shift 0.08, low product 0.07, copies out 0.02, window + corrections 0.01; pools 0.0 GB
dbig pool: APU0 tail 0.23 GB: 1 large blocks from its back, 0 small blocks spilled into it
dbig pool: APU1 tail 0.23 GB: 1 large blocks from its back, 0 small blocks spilled into it
dbig pool: APU2 tail 0.23 GB: 1 large blocks from its back, 0 small blocks spilled into it
dbig pool: APU3 tail 0.23 GB: 1 large blocks from its back, 0 small blocks spilled into it
dm        1.78 s   X 55555557 limbs, R 55555560 limbs (recip 1.6 s; corrections 0/0; 0 mdev)   VmRSS 14.8 GB, VmHWM 15.7 GB
mem [dm] device 181.0 GB in use (per APU 45.3..45.3): planes 180.4, regions 0.0, block pool 0.0 (donated 0.0, borrowed 0.0, hipMalloc 0.0; live 0.0, peak live 2.2, free 0.0), tables 0.61, other 0.0
mem [dm] host 14.8 GB RSS (HWM 15.7): staging 0.0 pinned, registered 0.0, X 0.4, digits 0.0, named 0.0, other 14.3
RESULT ecalc dm s 1.78338
mn_out: /tmp/np15_e9_k8e6_1b.txt: O_DIRECT, packed form, 8 write threads, file system local
T1        0.00 s   ok: T(P+Q) == XQ + R and P, Q mod q for 8 primes (P, Q recurrence overlapped with bs)
      overlapped with bs: P, Q mod q recurrence 0.38 s, block pool pregrown by 0 GB in 0.00 s
RESULT ecalc T1 s 1.317e-05
      VmRSS 13.6 GB before dc
total    16.27 s   (bs 1.3 + 10dP 0.1 + dm 1.8 + T1 0.0 + dc 0.0 + T2 0.0 = 3.2; init 12.8; other 0.3); VmHWM 15.7 GB
RESULT ecalc total s 16.2735
RESULT ecalc phases s 3.19379
RESULT ecalc other s 0.264237
RESULT ecalc vmhwm GB 15.6689
paper A22 (4e10): 285.7 = bs 112.2 + 10dP 12.6 + dm 46.8 + T1 ~3 + dc 110.3
      patch: X +0 after the formatting started (ECALC_CORR_PATCH): nothing to patch; 1 deferred windows; 0.001 s
dc        0.52 s   digits [0, 1000000009) of 1000000009 formatted from 55555557 decimal limbs in 4 chunks (streamed with the low product; joined after total) (residues 0.13, format 0.02, digit residue 0.07, T2 0.35, fetch 0.00, waiting for the writer 0.08)
RESULT ecalc dc s 0.516305
T2        0.00 s   windows ok (5 checked), digits == X mod q ok (overlapped)
RESULT ecalc T2 s 0
digits: 27182818284590452353602874713526624977572470936999595749669676...51035678710858200191
wrote /tmp/np15_e9_k8e6_1b.txt (0.44 GB; write 0.18 s in the writer thread, 0.00 s after the checks)
VERIFY OK
mem [end] device 181.0 GB in use (per APU 45.3..45.3): planes 180.4, regions 0.0, block pool 0.0 (donated 0.0, borrowed 0.0, hipMalloc 0.0; live 0.0, peak live 2.2, free 0.0), tables 0.61, other 0.0
mem [end] host 13.0 GB RSS (HWM 15.7): staging 0.0 pinned, registered 0.0, X 0.0, digits 0.0, named 0.0, other 13.0
mem summary: bytes in use at each phase boundary, GB (device: all APUs / largest APU; host: this process)
mem phase           device  maxAPU |  planes regions  pl:don  pl:bor  pl:hip pl:live pl:peak tables |    host staging  regist       X  digits   other     HWM
mem init             189.7    47.5 |   180.4     0.1     0.0     8.6     0.0     0.0     0.0   0.61 |     7.2     4.8     0.0     0.0     0.0     2.5     7.2
mem bs               191.7    49.5 |   180.4     0.0     0.0    10.7     0.0     0.0     0.0   0.61 |     9.2     4.3     0.0     0.0     0.0     4.8     9.2
mem recip            191.7    49.5 |   180.4     0.0     0.0    10.7     0.0     0.4     1.8   0.61 |    14.3     0.0     0.0     0.0     0.0    14.3    14.3
mem dm               181.0    45.3 |   180.4     0.0     0.0     0.0     0.0     0.0     2.2   0.61 |    14.8     0.0     0.0     0.4     0.0    14.3    15.7
mem end              181.0    45.3 |   180.4     0.0     0.0     0.0     0.0     0.0     2.2   0.61 |    13.0     0.0     0.0     0.0     0.0    13.0    15.7
dbig pool: APU0 VMM arena released (0 remaps of 0 chunks in 0.00 s, 0 growths of 0 chunks)
dbig pool: APU1 VMM arena released (0 remaps of 0 chunks in 0.00 s, 0 growths of 0 chunks)
dbig pool: APU2 VMM arena released (0 remaps of 0 chunks in 0.00 s, 0 growths of 0 chunks)
dbig pool: APU3 VMM arena released (0 remaps of 0 chunks in 0.00 s, 0 growths of 0 chunks)
rns_dist: RNS_STRATEGY=auto form B: C 0 products 0.00 s, B 52 products 0.30 s, B4 0 products 0.00 s; extra plane memory 0.00 GiB/APU (allocations 0.00 s)
