np15_job 2134 at c9636822 Sun Sep 27 05:20:53 PM CDT 2026
batch 2: job 21611 submitted Sun Sep 27 05:20:53 PM CDT 2026
batch 2: job 21611 running on ppac-pl1-s24-26 Sun Sep 27 05:21:13 PM CDT 2026
t_crt auto (real bound) rc 0 t_crt: VERIFY OK (102 checks)
t_crt auto (bound 1e6) rc 0 t_crt: VERIFY OK (102 checks)
t_crt auto binary rc 0 t_crt: VERIFY OK (24 checks)
t_dbig 0 x (decimal, bound 4e6) rc 0 t_dbig: VERIFY OK (565 checks); lines at 4 primes 0, at 3 0
t_newton 20 (decimal, bound 3e5) rc 0 t_newton: VERIFY OK (620 checks); lines at 4 primes 0, at 3 0
t_mn_grid size 2 base 10 (bound 23488102) rc 0: 2 VERIFY OK, 0 FAILED; dist_mn lines at 4 primes 712, at 3 60
t_mn_grid size 2 base 2 (bound 23488102) rc 0: 2 VERIFY OK, 0 FAILED; dist_mn lines at 4 primes 0, at 3 0
t_mn_grid size 3 base 10 (bound 23488102) rc 0: 3 VERIFY OK, 0 FAILED; dist_mn lines at 4 primes 1068, at 3 90
t_mn_grid size 3 base 2 (bound 23488102) rc 0: 3 VERIFY OK, 0 FAILED; dist_mn lines at 4 primes 0, at 3 0
t_mn_grid size 4 base 10 (bound 46976204) rc 0: 4 VERIFY OK, 0 FAILED; dist_mn lines at 4 primes 1440, at 3 336
t_mn_grid size 4 base 2 (bound 46976204) rc 0: 4 VERIFY OK, 0 FAILED; dist_mn lines at 4 primes 0, at 3 0
e9_k8e6_1: size 1 d 1000000000 ECALC_NP=auto ECALC_NP_AUTO_TERMS=8000000 RNS_VERBOSE=1: rc 0, identical, 1 VERIFY OK, product lines at 4 primes 0, at 3 0; total 14.69 s (bs 1.4 + 10dP 0.1 + dm 1.9 + T1 0.0 + dc 0.0 
e9_k8e6_2: size 2 d 1000000000 ECALC_NP=auto ECALC_NP_AUTO_TERMS=8000000 RNS_VERBOSE=1: rc 0, identical, 3 VERIFY OK, product lines at 4 primes 22, at 3 26; total 24.26 s (bs 3.6 + 10dP 0.0 + dm 15.7 + T1 0.0 + dc 0.0
e9_k8e6_4: size 4 d 1000000000 ECALC_NP=auto ECALC_NP_AUTO_TERMS=8000000 RNS_VERBOSE=1: rc 0, identical, 5 VERIFY OK, product lines at 4 primes 52, at 3 40; total 17.77 s (bs 3.5 + 10dP 0.0 + dm 8.9 + T1 0.0 + dc 0.0 
e8_k2e6_1: size 1 d 100000000 ECALC_NP=auto ECALC_NP_AUTO_TERMS=2000000 RNS_VERBOSE=1: rc 0, identical, 1 VERIFY OK, product lines at 4 primes 0, at 3 0; total 12.32 s (bs 0.6 + 10dP 0.1 + dm 1.7 + T1 0.0 + dc 0.0 
e8_k2e6_2: size 2 d 100000000 ECALC_NP=auto ECALC_NP_AUTO_TERMS=2000000 RNS_VERBOSE=1: rc 0, identical, 3 VERIFY OK, product lines at 4 primes 18, at 3 18; total 8.18 s (bs 0.9 + 10dP 0.0 + dm 3.7 + T1 0.0 + dc 0.0 +
e8_k2e6_3: size 3 d 100000000 ECALC_NP=auto ECALC_NP_AUTO_TERMS=2000000 RNS_VERBOSE=1: rc 0, identical, 4 VERIFY OK, product lines at 4 primes 33, at 3 19; total 8.39 s (bs 1.4 + 10dP 0.0 + dm 3.6 + T1 0.0 + dc 0.0 +
e8_k2e6_4: size 4 d 100000000 ECALC_NP=auto ECALC_NP_AUTO_TERMS=2000000 RNS_VERBOSE=1: rc 0, identical, 5 VERIFY OK, product lines at 4 primes 44, at 3 20; total 8.68 s (bs 1.0 + 10dP 0.0 + dm 3.7 + T1 0.0 + dc 0.0 +
e9_k5e7_4: size 4 d 1000000000 ECALC_NP=auto ECALC_NP_AUTO_TERMS=50000000 RNS_VERBOSE=1: rc 0, identical, 5 VERIFY OK, product lines at 4 primes 24, at 3 68; total 17.14 s (bs 3.3 + 10dP 0.0 + dm 8.4 + T1 0.0 + dc 0.0 
batch 2 done Sun Sep 27 05:47:29 PM CDT 2026
batch 1: job 21618 submitted Sun Sep 27 05:47:29 PM CDT 2026
batch 1: job 21618 running on ppac-pl1-s24-30 Sun Sep 27 05:47:49 PM CDT 2026
mnaccept (ECALC_NP=auto) rc 0
PASS unit t_ntt 24: t_ntt: VERIFY OK (3215 checks)
PASS unit t_mul 20: t_mul: VERIFY OK (189 checks)
PASS unit t_bs: t_bs: VERIFY OK (10 checks)
PASS unit t_dbig 0: t_dbig: VERIFY OK (555 checks)
PASS unit t_newton 20: t_newton: VERIFY OK (620 checks)
PASS unit t_verify: t_verify: VERIFY OK (334 checks)
PASS unit t_out: t_out: VERIFY OK (1 checks)
PASS unit t_mn_grid (2 procs): 2 VERIFY OK: t_mn_grid: VERIFY OK (200 checks)
PASS e9 size 1 LIMB_BASE=10: identical; total 11.68 s (bs 1.3 + 10dP 0.1 + dm 1.
PASS e9 size 1 LIMB_BASE=2: identical; total 22.72 s (bs 1.1 + 10dP 0.4 + dm 1.
PASS mn e8 size 2: identical; all 2 nodes VERIFY OK; total 8.57 s (bs 0.7 + 10dP 0.0 + dm 3.5
PASS mn e8 size 3: identical; all 3 nodes VERIFY OK; total 8.20 s (bs 1.3 + 10dP 0.0 + dm 3.5
PASS mn e8 size 4: identical; all 4 nodes VERIFY OK; total 8.12 s (bs 0.9 + 10dP 0.0 + dm 3.4
PASS mn e9 size 2: identical; all 2 nodes VERIFY OK; total 21.08 s (bs 2.9 + 10dP 0.0 + dm 13
PASS mn e9 size 4: identical; all 4 nodes VERIFY OK; total 15.69 s (bs 3.0 + 10dP 0.0 + dm 7.
batch 1 done Sun Sep 27 06:09:33 PM CDT 2026
batch 3: job 21627 submitted Sun Sep 27 06:09:33 PM CDT 2026
batch 3: job 21627 running on ppac-pl1-s24-30 Sun Sep 27 06:09:53 PM CDT 2026
e1e11_auto (ECALC_NP=auto): rc 0 VERIFY OK | total   202.14 s   (bs 75.8 + 10dP 0.1 + dm 104.0 + T1 0.0 + dc 0.0 + T2 0.0 = 180.0; init 22.0; other 0.2); VmHWM 27.4 GB
rns_init: primes per product (ECALC_NP=auto): three (c 2^44 + 1, c = 240, 216, 207), four for a distributed product over 58424467928 terms; plane pool 0 for 3 primes
sha1 578f5efb0ff2b9af6b681a375c9ff39197f55cb7 ref 578f5efb0ff2b9af6b681a375c9ff39197f55cb7
SHA1 IDENTICAL
e1e11_def (): rc 0 VERIFY OK | total   199.65 s   (bs 75.8 + 10dP 0.1 + dm 104.9 + T1 0.0 + dc 0.0 + T2 0.0 = 180.9; init 18.5; other 0.2); VmHWM 27.5 GB
rns_init: three primes (ECALC_NP=3): c 2^44 + 1, c = 240, 216, 207; at most 58424467928 terms per product
sha1 578f5efb0ff2b9af6b681a375c9ff39197f55cb7 ref 578f5efb0ff2b9af6b681a375c9ff39197f55cb7
SHA1 IDENTICAL
batch 3 done Sun Sep 27 06:19:06 PM CDT 2026
batch 4: job 21629 submitted Sun Sep 27 06:19:06 PM CDT 2026
batch 4: job 21629 running on ppac-pl1-s24-30 Sun Sep 27 06:19:26 PM CDT 2026
e10_s1_kreal: size 1 d 10000000000 ECALC_NP=auto RNS_STRATEGY=C RNS_VERBOSE=1: rc 0, sha1 3fc025473586ed222be1605df7fac8774f951f3a, 1 VERIFY OK, product lines at 4 primes 0, at 3 60; total 27.91 s (bs 7.8 + 10dP 0.6 + dm 6.2 + T1 0.0 + dc 0.0 
e10_s1_k1: size 1 d 10000000000 ECALC_NP=auto ECALC_NP_AUTO_TERMS=1 RNS_STRATEGY=C RNS_VERBOSE=1: rc 0, sha1 3fc025473586ed222be1605df7fac8774f951f3a, 1 VERIFY OK, product lines at 4 primes 60, at 3 0; total 30.00 s (bs 7.7 + 10dP 0.6 + dm 7.2 + T1 0.0 + dc 0.0 
e10_s2_kreal: size 2 d 10000000000 ECALC_NP=auto RNS_STRATEGY=C RNS_VERBOSE=1: rc 0, sha1 3fc025473586ed222be1605df7fac8774f951f3a, 3 VERIFY OK, product lines at 4 primes 0, at 3 128; total 114.23 s (bs 20.6 + 10dP 0.0 + dm 84.2 + T1 0.1 + dc 0
e10_s2_k1: size 2 d 10000000000 ECALC_NP=auto ECALC_NP_AUTO_TERMS=1 RNS_STRATEGY=C RNS_VERBOSE=1: rc 0, sha1 3fc025473586ed222be1605df7fac8774f951f3a, 3 VERIFY OK, product lines at 4 primes 128, at 3 0; total 143.88 s (bs 25.5 + 10dP 0.0 + dm 108.7 + T1 0.1 + dc 
batch 4 done Sun Sep 27 06:25:23 PM CDT 2026
np15_job 2134 done Sun Sep 27 06:25:23 PM CDT 2026
