== j3: cd7188a PC: the trace line's partial note at its end (CX's parsers unchanged); tests/pc_hashes.py, pc_hits.py fit, pc_j3.sh (the gates) Mon Sep 28 10:51:03 PM CDT 2026; mnaccept --only unit,e9,mn,corr with: RNS_DIST_CACHE_PARTIAL=1; 4e10: 1
job 21789 queued Mon Sep 28 10:51:03 PM CDT 2026
job 21789 running on ppac-pl1-s24-26 Mon Sep 28 10:51:23 PM CDT 2026
PASS unit t_ntt 24: t_ntt: VERIFY OK (3215 checks)
PASS unit t_mul 20: t_mul: VERIFY OK (189 checks)
PASS unit t_bs: t_bs: VERIFY OK (10 checks)
PASS unit t_dbig 0: t_dbig: VERIFY OK (555 checks)
PASS unit t_newton 20: t_newton: VERIFY OK (620 checks)
PASS unit t_verify: t_verify: VERIFY OK (334 checks)
PASS unit t_out: t_out: VERIFY OK (1 checks)
PASS unit t_patch: t_patch: VERIFY OK (both forms)
PASS unit t_mn_grid (2 procs): 2 VERIFY OK: t_mn_grid: VERIFY OK (200 checks)
PASS e9 size 1 LIMB_BASE=10: identical; total 11.37 s (bs 1.4 + 10dP 0.1 + dm 1.
PASS e9 size 1 LIMB_BASE=2: identical; total 19.94 s (bs 1.0 + 10dP 0.4 + dm 1.
PASS mn e8 size 2: identical; all 2 nodes VERIFY OK; total 7.84 s (bs 0.8 + 10dP 0.0 + dm 3.5
PASS mn e8 size 3: identical; all 3 nodes VERIFY OK; total 9.10 s (bs 1.3 + 10dP 0.0 + dm 3.6
PASS mn e8 size 4: identical; all 4 nodes VERIFY OK; total 7.78 s (bs 1.0 + 10dP 0.0 + dm 3.1
PASS mn e9 size 2: identical; all 2 nodes VERIFY OK; total 20.66 s (bs 3.0 + 10dP 0.0 + dm 12
PASS mn e9 size 4: identical; all 4 nodes VERIFY OK; total 16.46 s (bs 3.0 + 10dP 0.0 + dm 7.
PASS corr d=511461828 size 1 TEST_CORR=14: identical; patched (8 bytes in 1 part file); total 7.40 s (bs 0.8 + 10dP 0.1 + dm 1.6; ECALC_RECHECK=1 on the patched file: RECHECK OK
PASS corr d=108388422 size 2 TEST_CORR=36: identical; patched (8 bytes in 1 part file); total 8.62 s (bs 0.9 + 10dP 0.0 + dm 4.1
PASS corr d=108388422 size 4 TEST_CORR=36: identical; patched (8 bytes in 1 part file); total 8.38 s (bs 1.0 + 10dP 0.0 + dm 3.6
== 19 passed, 0 failed; 1462 s; cd7188a; logs in results/mnaccept/21789 ==
mnaccept done Mon Sep 28 11:15:45 PM CDT 2026, 1462 s
4e10 rc 0 identical wall 430 s | total 62.53 s (bs 25.2 + 10dP 0.1 + dm 24.3 + T1 0.0 + dc 0.0 + T2 0.0 = 49.5; init 12.9; other 0.1) | 1 VERIFY OK
== j3 done Mon Sep 28 11:22:56 PM CDT 2026, 1893 s on the node
