== AS run w1a: 100000000000 w, env: BS_ARENA_ROOM=0.16; job 21626 on ppac-pl1-s24-26, clone at 1667150, 2026-09-27 18:29:44 CDT
== ecalc: e to 100000000000 digits (decimal limbs, base 10^18) [computed to the next multiple of 18] ==
META bench=ecalc host=ppac-pl1-s24-26 date=2026-09-27T18:29:44 pool_log=31 stg=7 pw_fuse=14 body=1 engine=1 base=10^18
ECALC_PLANE_CAP: 2^31 points (POOL_LOG=31 RNS_PLANES_3Q30=0 DIST_LOGN_TEST=31)
rns_init: three primes (ECALC_NP=3): c 2^44 + 1, c = 240, 216, 207; at most 58424467928 terms per product
dbig pool: APU1 VMM arena 68.72 GB = 32 chunks of 2.00 GiB, the first 15 mapped in 6.25 s (0.194 s/GB), the rest in the background, VA 208.3 GB reserved at 0x7c3b23400000
dbig pool: APU3 VMM arena 68.72 GB = 32 chunks of 2.00 GiB, the first 14 mapped in 7.32 s (0.243 s/GB), the rest in the background, VA 208.3 GB reserved at 0x7c6ba3600000
dbig pool: APU2 VMM arena 68.72 GB = 32 chunks of 2.00 GiB, the first 15 mapped in 9.94 s (0.309 s/GB), the rest in the background, VA 208.3 GB reserved at 0x7c9e23a00000
dbig pool: APU0 VMM arena 83.75 GB = 39 chunks of 2.00 GiB, the first 20 mapped in 11.34 s (0.264 s/GB), the rest in the background, VA 253.4 GB reserved at 0x7ccea3c00000
bs: arenas 289.9 GB allocated in 11.34 s (layout pass 0.23 s; dm extra 28.7 GB, tails 90.3 GB)
      init: region pools 11.57 s (inside rns_init, before the plane pools: the seeds stream into them)
      init: rns_init 17.25 s, region pools 0.00 s, the rest 0.00 s
RESULT ecalc init s 17.2521
      VmRSS 24.4 GB after init (staging 4.3 GB pinned + device regions 290 GB); init 17.3 s
mem [init] device 393.6 GB in use (per APU 94.6..109.7): planes 103.1, regions 152.5, block pool 137.4 (donated 0.0, borrowed 137.4, hipMalloc 0.0; live 0.0, peak live 0.0, free 0.0), tables 0.61, other 0.0
mem [init] host 24.4 GB RSS (HWM 24.4): staging 21.5 pinned, registered 0.0, X 0.0, digits 0.0, named 0.0, other 2.9
budget: rank 0: peak 418.5 GB (device 393.6, host 24.9), still to take 0.0 GB | node of 1 rank: peaks 418.5 of 480 GB, to take 0.0 of MemAvailable 260.4 GB | rank share 480.0 GB
budget: ECALC_BUDGET_CHECK ok: 1 rank, largest rank peak 418.5 GB, node budget 480 GB
bs: seeds were computed during init (28.29 s: buffers 1.61 + 0.10, spans 16.37, waited 6.99 for the regions, 0.68 for the DMA, 2.55 issuing it (max 1.04); 12 chunks of 8191 MB, 12 through a buffer, the rest stored into the regions; BI_MUL1_FAST=1)
bs: 10433891470 terms, 45562845 spans of 229, seeds 16.29 s (waiting for the init thread)
dbig pool: APU0 VMM arena: the background thread mapped chunks 0..38 in 13.07 s
bs:   layout 1.101  batch 4.170  add+norm 0.244
bs: level  1 batch  22781422 pairs  max_nl        128  pool  89.34 GB  5.51 s  (batch 3.22: scatter 0.34 ntt 1.39 crt 0.18 merge 0.15)
live: bs level 1 batch               pool live 0.00 0.00 0.00 0.00 | window peak 0.00 0.00 0.00 0.00 | pool 0.00 0.00 0.00 0.00 GB per APU; peak/pool 0.0 %; MemAvailable 120.3 GB, Cached 0.6 GB
bs:   layout 0.479  batch 1.740  add+norm 0.066
bs: level  2 batch  11390711 pairs  max_nl        255  pool  89.11 GB  2.29 s  (batch 1.37: scatter 0.13 ntt 0.65 crt 0.17 merge 0.06)
live: bs level 2 batch               pool live 0.00 0.00 0.00 0.00 | window peak 0.00 0.00 0.00 0.00 | pool 0.00 0.00 0.00 0.00 GB per APU; peak/pool 0.0 %; MemAvailable 122.1 GB, Cached 0.6 GB
bs:   layout 0.200  batch 0.953  add+norm 0.037
bs: level  3 batch   5695356 pairs  max_nl        510  pool  89.00 GB  1.19 s  (batch 0.77: scatter 0.07 ntt 0.33 crt 0.17 merge 0.03)
live: bs level 3 batch               pool live 0.00 0.00 0.00 0.00 | window peak 0.00 0.00 0.00 0.00 | pool 0.00 0.00 0.00 0.00 GB per APU; peak/pool 0.0 %; MemAvailable 123.0 GB, Cached 0.6 GB
bs:   layout 0.077  batch 0.775  add+norm 0.018
bs: level  4 batch   2847678 pairs  max_nl       1020  pool  88.95 GB  0.87 s  (batch 0.68: scatter 0.06 ntt 0.34 crt 0.17 merge 0.02)
live: bs level 4 batch               pool live 0.00 0.00 0.00 0.00 | window peak 0.00 0.00 0.00 0.00 | pool 0.00 0.00 0.00 0.00 GB per APU; peak/pool 0.0 %; MemAvailable 123.5 GB, Cached 0.6 GB
bs:   layout 0.072  batch 0.709  add+norm 0.010
bs: level  5 batch   1423839 pairs  max_nl       2040  pool  88.92 GB  0.79 s  (batch 0.66: scatter 0.06 ntt 0.37 crt 0.17 merge 0.01)
live: bs level 5 batch               pool live 0.00 0.00 0.00 0.00 | window peak 0.00 0.00 0.00 0.00 | pool 0.00 0.00 0.00 0.00 GB per APU; peak/pool 0.0 %; MemAvailable 123.7 GB, Cached 0.6 GB
bs:   layout 0.022  batch 0.845  add+norm 0.006
bs: level  6 batch    711919 pairs  max_nl       4079  pool  88.90 GB  0.87 s  (batch 0.82: scatter 0.06 ntt 0.53 crt 0.16 merge 0.04)
live: bs level 6 batch               pool live 0.00 0.00 0.00 0.00 | window peak 0.00 0.00 0.00 0.00 | pool 0.00 0.00 0.00 0.00 GB per APU; peak/pool 0.0 %; MemAvailable 123.7 GB, Cached 0.6 GB
bs:   layout 0.012  batch 0.712  add+norm 0.003
bs: level  7 batch    355960 pairs  max_nl       8158  pool  88.90 GB  0.73 s  (batch 0.70: scatter 0.06 ntt 0.46 crt 0.16 merge 0.01)
live: bs level 7 batch               pool live 0.00 0.00 0.00 0.00 | window peak 0.00 0.00 0.00 0.00 | pool 0.00 0.00 0.00 0.00 GB per APU; peak/pool 0.0 %; MemAvailable 123.8 GB, Cached 0.6 GB
bs:   layout 0.009  batch 0.730  add+norm 0.001
bs: level  8 batch    177980 pairs  max_nl      16315  pool  88.89 GB  0.74 s  (batch 0.72: scatter 0.06 ntt 0.50 crt 0.16 merge 0.01)
live: bs level 8 batch               pool live 0.00 0.00 0.00 0.00 | window peak 0.00 0.00 0.00 0.00 | pool 0.00 0.00 0.00 0.00 GB per APU; peak/pool 0.0 %; MemAvailable 123.8 GB, Cached 0.6 GB
bs:   layout 0.002  batch 0.723  add+norm 0.001
bs: level  9 batch     88990 pairs  max_nl      32629  pool  88.89 GB  0.73 s  (batch 0.72: scatter 0.06 ntt 0.49 crt 0.17 merge 0.00)
live: bs level 9 batch               pool live 0.00 0.00 0.00 0.00 | window peak 0.00 0.00 0.00 0.00 | pool 0.00 0.00 0.00 0.00 GB per APU; peak/pool 0.0 %; MemAvailable 123.8 GB, Cached 0.6 GB
bs:   layout 0.009  batch 0.689  add+norm 0.000
bs: level 10 batch     44495 pairs  max_nl      65258  pool  88.89 GB  0.70 s  (batch 0.69: scatter 0.06 ntt 0.45 crt 0.18 merge 0.00)
live: bs level 10 batch              pool live 0.00 0.00 0.00 0.00 | window peak 0.00 0.00 0.00 0.00 | pool 0.00 0.00 0.00 0.00 GB per APU; peak/pool 0.0 %; MemAvailable 123.9 GB, Cached 0.6 GB
bs:   layout 0.001  batch 0.715  add+norm 0.000
bs: level 11 batch     22247 pairs  max_nl     130516  pool  88.89 GB  0.72 s  (batch 0.71: scatter 0.06 ntt 0.47 crt 0.19 merge 0.00)
live: bs level 11 batch              pool live 0.00 0.00 0.00 0.00 | window peak 0.00 0.00 0.00 0.00 | pool 0.00 0.00 0.00 0.00 GB per APU; peak/pool 0.0 %; MemAvailable 123.9 GB, Cached 0.6 GB
bs:   layout 0.001  batch 0.742  add+norm 0.000
bs: level 12 batch     11124 pairs  max_nl     261032  pool  88.89 GB  0.74 s  (batch 0.74: scatter 0.05 ntt 0.49 crt 0.19 merge 0.00)
live: bs level 12 batch              pool live 0.00 0.00 0.00 0.00 | window peak 0.00 0.00 0.00 0.00 | pool 0.00 0.00 0.00 0.00 GB per APU; peak/pool 0.0 %; MemAvailable 123.9 GB, Cached 0.6 GB
bs:   layout 0.001  batch 0.956  add+norm 0.000
bs: level 13 batch      5562 pairs  max_nl     522061  pool  88.89 GB  0.96 s  (batch 0.96: scatter 0.06 ntt 0.65 crt 0.25 merge 0.00)
live: bs level 13 batch              pool live 0.00 0.00 0.00 0.00 | window peak 0.00 0.00 0.00 0.00 | pool 0.00 0.00 0.00 0.00 GB per APU; peak/pool 0.0 %; MemAvailable 123.9 GB, Cached 0.6 GB
bs:   layout 0.000  batch 0.937  add+norm 0.000
bs: level 14 batch      2781 pairs  max_nl    1044116  pool  88.89 GB  0.94 s  (batch 0.94: scatter 0.06 ntt 0.67 crt 0.21 merge 0.00)
live: bs level 14 batch              pool live 0.00 0.00 0.00 0.00 | window peak 0.00 0.00 0.00 0.00 | pool 0.00 0.00 0.00 0.00 GB per APU; peak/pool 0.0 %; MemAvailable 123.9 GB, Cached 0.6 GB
bs:   layout 0.000  batch 0.974  add+norm 0.000
bs: level 15 batch      1390 pairs  max_nl    2088208  pool  88.89 GB  0.97 s  (batch 0.97: scatter 0.06 ntt 0.71 crt 0.21 merge 0.00)
live: bs level 15 batch              pool live 0.00 0.00 0.00 0.00 | window peak 0.00 0.00 0.00 0.00 | pool 0.00 0.00 0.00 0.00 GB per APU; peak/pool 0.0 %; MemAvailable 123.9 GB, Cached 0.6 GB
bs:   layout 0.000  batch 0.946  add+norm 0.000
bs: level 16 batch       695 pairs  max_nl    4176382  pool  88.89 GB  0.95 s  (batch 0.95: scatter 0.06 ntt 0.71 crt 0.19 merge 0.00)
live: bs level 16 batch              pool live 0.00 0.00 0.00 0.00 | window peak 0.00 0.00 0.00 0.00 | pool 0.00 0.00 0.00 0.00 GB per APU; peak/pool 0.0 %; MemAvailable 124.0 GB, Cached 0.6 GB
bs:   layout 0.000  batch 0.951  add+norm 0.000
bs: level 17 batch       348 pairs  max_nl    8352633  pool  88.89 GB  0.95 s  (batch 0.95: scatter 0.06 ntt 0.72 crt 0.19 merge 0.00)
live: bs level 17 batch              pool live 0.00 0.00 0.00 0.00 | window peak 0.00 0.00 0.00 0.00 | pool 0.00 0.00 0.00 0.00 GB per APU; peak/pool 0.0 %; MemAvailable 124.0 GB, Cached 0.6 GB
bs:   layout 0.000  batch 0.917  add+norm 0.000
bs: level 18 batch       174 pairs  max_nl   16703700  pool  88.89 GB  0.92 s  (batch 0.92: scatter 0.05 ntt 0.68 crt 0.18 merge 0.00)
live: bs level 18 batch              pool live 0.00 0.00 0.00 0.00 | window peak 0.00 0.00 0.00 0.00 | pool 0.00 0.00 0.00 0.00 GB per APU; peak/pool 0.0 %; MemAvailable 124.0 GB, Cached 0.6 GB
bs:   layout 0.000  batch 0.960  add+norm 0.000
bs: level 19 batch        87 pairs  max_nl   33401115  pool  88.89 GB  0.96 s  (batch 0.96: scatter 0.06 ntt 0.72 crt 0.18 merge 0.00)
live: bs level 19 batch              pool live 0.00 0.00 0.00 0.00 | window peak 0.00 0.00 0.00 0.00 | pool 0.00 0.00 0.00 0.00 GB per APU; peak/pool 0.0 %; MemAvailable 124.0 GB, Cached 0.6 GB
bs:   layout 0.000  batch 1.127  add+norm 0.001
bs: level 20 batch        43 pairs  max_nl   66776918  pool  88.89 GB  1.13 s  (batch 1.13: scatter 0.05 ntt 0.88 crt 0.19 merge 0.01)
live: bs level 20 batch              pool live 0.00 0.00 0.00 0.00 | window peak 0.00 0.00 0.00 0.00 | pool 0.00 0.00 0.00 0.00 GB per APU; peak/pool 0.0 %; MemAvailable 124.0 GB, Cached 0.6 GB
bs:   layout 0.000  batch 1.242  add+norm 0.000
bs: level 21 batch        22 pairs  max_nl  133519754  pool  88.89 GB  1.24 s  (batch 1.24: scatter 0.07 ntt 0.97 crt 0.20 merge 0.01)
live: bs level 21 batch              pool live 0.00 0.00 0.00 0.00 | window peak 0.00 0.00 0.00 0.00 | pool 0.00 0.00 0.00 0.00 GB per APU; peak/pool 0.0 %; MemAvailable 124.0 GB, Cached 0.6 GB
bs:   layout 0.000  batch 1.809  add+norm 0.000
bs: level 22 batch        11 pairs  max_nl  266622276  pool  88.89 GB  1.81 s  (batch 1.81: scatter 0.31 ntt 1.29 crt 0.27 merge 0.01)
live: bs level 22 batch              pool live 0.00 0.00 0.00 0.00 | window peak 0.00 0.00 0.00 0.00 | pool 0.00 0.00 0.00 0.00 GB per APU; peak/pool 0.0 %; MemAvailable 124.0 GB, Cached 0.6 GB
bs:   layout 0.000  batch 2.769  add+norm 0.126
bs: level 23 batch         5 pairs  max_nl  531475219  pool  88.89 GB  2.90 s  (batch 2.77: scatter 0.71 ntt 2.06 crt 0.68 merge 0.02)
live: bs level 23 batch              pool live 0.00 0.00 0.00 0.00 | window peak 0.00 0.00 0.00 0.00 | pool 0.00 0.00 0.00 0.00 GB per APU; peak/pool 0.0 %; MemAvailable 124.0 GB, Cached 0.6 GB
dbig pool: APU1 VMM arena: the background thread mapped chunks 0..31 in 15.71 s
dbig pool: APU2 VMM arena: the background thread mapped chunks 0..31 in 5.99 s
dbig pool: APU3 VMM arena: the background thread mapped chunks 0..31 in 15.65 s
bs: level 24 mdev          3 pairs  max_nl 1060370187  pool  88.89 GB  5.30 s  (batch 0.00: scatter 0.00 ntt 0.00 crt 0.00 merge 0.00)
live: bs level 24 mdev               pool live 22.22 22.22 22.22 22.22 | window peak 22.22 22.22 22.22 22.22 | pool 83.75 68.72 68.72 68.72 GB per APU; peak/pool 30.7 %; MemAvailable 122.9 GB, Cached 0.6 GB
bs: level 25 mdev          1 pairs  max_nl 2081569213  pool  88.89 GB  8.68 s  (batch 0.00: scatter 0.00 ntt 0.00 crt 0.00 merge 0.00)
live: bs level 25 mdev               pool live 22.22 22.22 22.22 22.22 | window peak 34.33 34.33 34.33 34.33 | pool 83.75 68.72 68.72 68.72 GB per APU; peak/pool 47.4 %; MemAvailable 122.9 GB, Cached 0.6 GB
bs: level 26 mdev          1 pairs  max_nl 4034632653  pool  88.89 GB  13.27 s  (batch 0.00: scatter 0.00 ntt 0.00 crt 0.00 merge 0.00)
live: bs level 26 mdev               pool live 22.22 22.22 22.22 22.22 | window peak 37.54 37.54 37.54 37.54 | pool 83.75 68.72 68.72 68.72 GB per APU; peak/pool 51.8 %; MemAvailable 122.9 GB, Cached 0.6 GB
bs       73.27 s   N 10433891470, P 5555555560 limbs, Q 5555555560 limbs (seeds 16.3 school 0.0 batch 29.6 mdev 27.2; pool 99.1 GB; dev pools 0.0 GB)   VmRSS 9.0 GB, VmHWM 27.4 GB
RESULT ecalc bs s 73.2692
mem [bs] device 393.6 GB in use (per APU 94.6..109.7): planes 103.1, regions 0.0, block pool 289.9 (donated 0.0, borrowed 289.9, hipMalloc 0.0; live 88.9, peak live 150.2, free 201.0), tables 0.61, other 0.0
mem [bs] host 9.0 GB RSS (HWM 27.4): staging 4.3 pinned, registered 0.1, X 0.0, digits 0.0, named 0.0, other 4.7
      I3: plane pool tails donated: 0.0 GB
live: recip(db) j 2 -> 3             pool live 55.56 55.56 55.56 55.56 | window peak 55.56 55.56 55.56 55.56 | pool 83.75 68.72 68.72 68.72 GB per APU; peak/pool 76.7 %; MemAvailable 125.0 GB, Cached 0.6 GB
live: recip(db) j 3 -> 6             pool live 55.56 55.56 55.56 55.56 | window peak 55.56 55.56 55.56 55.56 | pool 83.75 68.72 68.72 68.72 GB per APU; peak/pool 76.7 %; MemAvailable 125.0 GB, Cached 0.6 GB
live: recip(db) j 6 -> 11            pool live 55.56 55.56 55.56 55.56 | window peak 55.56 55.56 55.56 55.56 | pool 83.75 68.72 68.72 68.72 GB per APU; peak/pool 76.7 %; MemAvailable 125.0 GB, Cached 0.6 GB
live: recip(db) j 11 -> 21           pool live 55.56 55.56 55.56 55.56 | window peak 55.56 55.56 55.56 55.56 | pool 83.75 68.72 68.72 68.72 GB per APU; peak/pool 76.7 %; MemAvailable 125.0 GB, Cached 0.6 GB
live: recip(db) j 21 -> 42           pool live 55.56 55.56 55.56 55.56 | window peak 55.56 55.56 55.56 55.56 | pool 83.75 68.72 68.72 68.72 GB per APU; peak/pool 76.7 %; MemAvailable 125.0 GB, Cached 0.6 GB
live: recip(db) j 42 -> 83           pool live 55.56 55.56 55.56 55.56 | window peak 55.56 55.56 55.56 55.56 | pool 83.75 68.72 68.72 68.72 GB per APU; peak/pool 76.7 %; MemAvailable 125.0 GB, Cached 0.6 GB
live: recip(db) j 83 -> 166          pool live 55.56 55.56 55.56 55.56 | window peak 55.56 55.56 55.56 55.56 | pool 83.75 68.72 68.72 68.72 GB per APU; peak/pool 76.7 %; MemAvailable 125.0 GB, Cached 0.6 GB
live: recip(db) j 166 -> 332         pool live 55.56 55.56 55.56 55.56 | window peak 55.56 55.56 55.56 55.56 | pool 83.75 68.72 68.72 68.72 GB per APU; peak/pool 76.7 %; MemAvailable 125.0 GB, Cached 0.6 GB
live: recip(db) j 332 -> 663         pool live 55.56 55.56 55.56 55.56 | window peak 55.56 55.56 55.56 55.56 | pool 83.75 68.72 68.72 68.72 GB per APU; peak/pool 76.7 %; MemAvailable 125.0 GB, Cached 0.6 GB
live: recip(db) j 663 -> 1325        pool live 55.56 55.56 55.56 55.56 | window peak 55.56 55.56 55.56 55.56 | pool 83.75 68.72 68.72 68.72 GB per APU; peak/pool 76.7 %; MemAvailable 125.0 GB, Cached 0.6 GB
live: recip(db) j 1325 -> 2650       pool live 55.56 55.56 55.56 55.56 | window peak 55.56 55.56 55.56 55.56 | pool 83.75 68.72 68.72 68.72 GB per APU; peak/pool 76.7 %; MemAvailable 125.0 GB, Cached 0.6 GB
live: recip(db) j 2650 -> 5299       pool live 55.56 55.56 55.56 55.56 | window peak 55.56 55.56 55.56 55.56 | pool 83.75 68.72 68.72 68.72 GB per APU; peak/pool 76.7 %; MemAvailable 125.0 GB, Cached 0.6 GB
live: recip(db) j 5299 -> 10597      pool live 55.56 55.56 55.56 55.56 | window peak 55.56 55.56 55.56 55.56 | pool 83.75 68.72 68.72 68.72 GB per APU; peak/pool 76.7 %; MemAvailable 125.0 GB, Cached 0.6 GB
live: recip(db) j 10597 -> 21193     pool live 55.56 55.56 55.56 55.56 | window peak 55.56 55.56 55.56 55.56 | pool 83.75 68.72 68.72 68.72 GB per APU; peak/pool 76.7 %; MemAvailable 125.0 GB, Cached 0.6 GB
live: recip(db) j 21193 -> 42386     pool live 55.56 55.56 55.56 55.56 | window peak 55.56 55.56 55.56 55.56 | pool 83.75 68.72 68.72 68.72 GB per APU; peak/pool 76.7 %; MemAvailable 125.0 GB, Cached 0.6 GB
live: recip(db) j 42386 -> 84772     pool live 55.56 55.56 55.56 55.56 | window peak 55.56 55.56 55.56 55.56 | pool 83.75 68.72 68.72 68.72 GB per APU; peak/pool 76.7 %; MemAvailable 125.0 GB, Cached 0.6 GB
live: recip(db) j 84772 -> 169543    pool live 55.56 55.56 55.56 55.56 | window peak 55.56 55.56 55.56 55.56 | pool 83.75 68.72 68.72 68.72 GB per APU; peak/pool 76.7 %; MemAvailable 125.0 GB, Cached 0.6 GB
live: recip(db) j 169543 -> 339085   pool live 55.56 55.56 55.56 55.56 | window peak 55.56 55.56 55.56 55.56 | pool 83.75 68.72 68.72 68.72 GB per APU; peak/pool 76.7 %; MemAvailable 125.0 GB, Cached 0.6 GB
live: recip(db) j 339085 -> 678169   pool live 55.56 55.56 55.56 55.56 | window peak 55.56 55.56 55.56 55.56 | pool 83.75 68.72 68.72 68.72 GB per APU; peak/pool 76.7 %; MemAvailable 125.0 GB, Cached 0.6 GB
live: recip(db) j 678169 -> 1356337  pool live 55.56 55.56 55.56 55.56 | window peak 55.56 55.56 55.56 55.56 | pool 83.75 68.72 68.72 68.72 GB per APU; peak/pool 76.7 %; MemAvailable 125.0 GB, Cached 0.6 GB
live: recip(db) j 1356337 -> 2712674 pool live 55.56 55.56 55.56 55.56 | window peak 55.56 55.56 55.56 55.56 | pool 83.75 68.72 68.72 68.72 GB per APU; peak/pool 76.7 %; MemAvailable 125.0 GB, Cached 0.6 GB
live: recip(db) j 2712674 -> 5425348 pool live 55.56 55.56 55.56 55.56 | window peak 55.56 55.56 55.56 55.56 | pool 83.75 68.72 68.72 68.72 GB per APU; peak/pool 76.7 %; MemAvailable 125.0 GB, Cached 0.6 GB
live: recip(db) j 5425348 -> 10850695 pool live 55.56 55.56 55.56 55.56 | window peak 55.56 55.56 55.56 55.56 | pool 83.75 68.72 68.72 68.72 GB per APU; peak/pool 76.7 %; MemAvailable 125.0 GB, Cached 0.6 GB
live: recip(db) j 10850695 -> 21701389 pool live 55.56 55.56 55.56 55.56 | window peak 55.56 55.56 55.56 55.56 | pool 83.75 68.72 68.72 68.72 GB per APU; peak/pool 76.7 %; MemAvailable 125.0 GB, Cached 0.6 GB
live: recip(db) j 21701389 -> 43402778 pool live 55.56 55.56 55.56 55.56 | window peak 55.56 55.56 55.56 55.56 | pool 83.75 68.72 68.72 68.72 GB per APU; peak/pool 76.7 %; MemAvailable 125.0 GB, Cached 0.6 GB
live: recip(db) j 43402778 -> 86805556 pool live 55.56 55.56 55.56 55.56 | window peak 55.56 55.56 55.56 55.56 | pool 83.75 68.72 68.72 68.72 GB per APU; peak/pool 76.7 %; MemAvailable 125.0 GB, Cached 0.6 GB
live: recip(db) j 86805556 -> 173611112 pool live 55.56 55.56 55.56 55.56 | window peak 55.56 55.56 55.56 55.56 | pool 83.75 68.72 68.72 68.72 GB per APU; peak/pool 76.7 %; MemAvailable 125.0 GB, Cached 0.6 GB
live: recip(db) j 173611112 -> 347222223 pool live 55.56 55.56 55.56 55.56 | window peak 55.56 55.56 55.56 55.56 | pool 83.75 68.72 68.72 68.72 GB per APU; peak/pool 76.7 %; MemAvailable 125.0 GB, Cached 0.6 GB
live: recip(db) j 347222223 -> 694444445 pool live 55.56 55.56 55.56 55.56 | window peak 55.56 55.56 55.56 55.56 | pool 83.75 68.72 68.72 68.72 GB per APU; peak/pool 76.7 %; MemAvailable 125.0 GB, Cached 0.6 GB
live: recip(db) j 694444445 -> 1388888890 pool live 55.56 55.56 55.56 55.56 | window peak 55.56 55.56 55.56 55.56 | pool 83.75 68.72 68.72 68.72 GB per APU; peak/pool 76.7 %; MemAvailable 125.0 GB, Cached 0.6 GB
newton(db) j 1388888890 (k 5555555558): recip cut 0 pieces skipped, 6 formed in the step's two products
live: recip(db) j 1388888890 -> 2777777779 pool live 55.56 55.56 55.56 55.56 | window peak 59.72 59.72 59.72 59.72 | pool 83.75 68.72 68.72 68.72 GB per APU; peak/pool 82.4 %; MemAvailable 125.0 GB, Cached 0.6 GB
   dist_db 5555555560 x 2777777780 limbs: 5 x 3 pieces of 1111111112 + 925925927, 13 formed, 2 skipped (low cut) (low product): 15.313 s (cache 0 slots: 0 hits, 0 misses)
   dist_db 2777777780 x 2777777779 limbs: 2 x 4 pieces of 1388888890 + 694444445, 7 formed, 1 skipped (low cut): 8.093 s (cache 0 slots: 0 hits, 0 misses)
newton(db) j 2777777779 (k 5555555558): recip cut 3 pieces skipped, 20 formed in the step's two products
live: recip(db) j 2777777779 -> 5555555558 pool live 55.56 55.56 55.56 55.56 | window peak 59.72 59.72 59.72 59.72 | pool 83.75 68.72 68.72 68.72 GB per APU; peak/pool 82.4 %; MemAvailable 125.0 GB, Cached 0.6 GB
recip    36.83 s   mu 5555555559 limbs (32 iterations, 0 mdev)   VmRSS 6.9 GB, VmHWM 27.4 GB
mem [recip] device 393.6 GB in use (per APU 94.6..109.7): planes 103.1, regions 0.0, block pool 289.9 (donated 0.0, borrowed 289.9, hipMalloc 0.0; live 133.3, peak live 238.9, free 156.6), tables 0.61, other 0.0
mem [recip] host 6.9 GB RSS (HWM 27.4): staging 0.0 pinned, registered 0.1, X 0.0, digits 0.0, named 0.0, other 6.8
      I3: P, Q residues by kernel 1.31 s (before the reciprocal), S = P + Q on device 0.14 s; no host A
10dP      0.14 s   T 5555555556 limbs, A 11111111116 limbs (0 mdev, 0 splits)   VmRSS 6.9 GB, VmHWM 27.4 GB
RESULT ecalc 10dP s 0.141634
   dist_db 5555555557 x 5555555558 limbs: 5 x 6 pieces of 1111111112 + 925925927, 20 formed, 10 skipped (low cut): 24.657 s (cache 0 slots: 0 hits, 0 misses)
mn_out: /tmp/as_21626/e.out: O_DIRECT, packed form, 8 write threads, file system local
  T2 window@50 ok
  T2 window@1000000 ok
  T2 window@100000000 ok
  T2 window@1000000000 ok
   dist_db 5555555557 x 5555555560 limbs: 5 x 6 pieces of 1111111112 + 925925927, 20 formed, 10 skipped (low product): 25.058 s (cache 0 slots: 0 hits, 0 misses)
live: divmod(dev) end                pool live 33.33 33.33 33.33 33.33 | window peak 59.63 59.63 59.63 59.63 | pool 83.75 68.72 68.72 68.72 GB per APU; peak/pool 82.3 %; MemAvailable 124.5 GB, Cached 0.6 GB
mem [division] device 393.6 GB in use (per APU 94.6..109.7): planes 103.1, regions 0.0, block pool 289.9 (donated 0.0, borrowed 289.9, hipMalloc 0.0; live 44.4, peak live 238.9, free 245.5), tables 0.61, other 0.0
mem [division] host 7.4 GB RSS (HWM 27.4): staging 0.0 pinned, registered 0.1, X 0.0, digits 0.0, named 0.0, other 7.4
dm       89.19 s   X 5555555557 limbs, R 0 limbs (recip 36.8 s; corrections 0/0; 0 mdev); X on the device   VmRSS 7.4 GB, VmHWM 27.4 GB
mem [dm] device 393.6 GB in use (per APU 94.6..109.7): planes 103.1, regions 0.0, block pool 289.9 (donated 0.0, borrowed 289.9, hipMalloc 0.0; live 44.4, peak live 238.9, free 245.5), tables 0.61, other 0.0
mem [dm] host 7.4 GB RSS (HWM 27.4): staging 0.0 pinned, registered 0.1, X 0.0, digits 0.0, named 0.0, other 7.4
RESULT ecalc dm s 89.1861
  T1 q0=4611686018427388039: P ok, Q ok, T(P+Q) == XQ+R ok
  T1 q1=4611686018427388073: P ok, Q ok, T(P+Q) == XQ+R ok
  T1 q2=4611686018427388081: P ok, Q ok, T(P+Q) == XQ+R ok
  T1 q3=4611686018427388091: P ok, Q ok, T(P+Q) == XQ+R ok
  T1 q4=4611686018427388093: P ok, Q ok, T(P+Q) == XQ+R ok
  T1 q5=4611686018427388097: P ok, Q ok, T(P+Q) == XQ+R ok
  T1 q6=4611686018427388157: P ok, Q ok, T(P+Q) == XQ+R ok
  T1 q7=4611686018427388181: P ok, Q ok, T(P+Q) == XQ+R ok
T1        0.00 s   ok: T(P+Q) == XQ + R and P, Q mod q for 8 primes (P, Q recurrence overlapped with bs)
      overlapped with bs: P, Q mod q recurrence 11.05 s, block pool pregrown by 0 GB in 0.00 s
RESULT ecalc T1 s 2.284e-05
      VmRSS 7.4 GB before dc
total   180.06 s   (bs 73.3 + 10dP 0.1 + dm 89.2 + T1 0.0 + dc 0.0 + T2 0.0 = 162.6; init 17.3; other 0.2); VmHWM 27.4 GB
RESULT ecalc total s 180.062
RESULT ecalc phases s 162.597
RESULT ecalc other s 0.213299
RESULT ecalc vmhwm GB 27.449
paper A22 (4e10): 285.7 = bs 112.2 + 10dP 12.6 + dm 46.8 + T1 ~3 + dc 110.3
      patch: X +0 after the formatting started (ECALC_CORR_PATCH): nothing to patch; 0 deferred windows; 0.003 s
  T1 q0: digits == X ok
  T1 q1: digits == X ok
  T1 q2: digits == X ok
  T1 q3: digits == X ok
  T1 q4: digits == X ok
  T1 q5: digits == X ok
  T1 q6: digits == X ok
  T1 q7: digits == X ok
dc        1.13 s   digits [0, 100000000009) of 100000000009 formatted from 5555555557 decimal limbs in 373 chunks (streamed with the low product; joined after total) (residues 0.69, format 2.73, digit residue 4.19, T2 0.29, fetch 1.98, waiting for the writer 18.52)
RESULT ecalc dc s 1.12596
T2        0.00 s   windows ok (4 checked), digits == X mod q ok (overlapped)
RESULT ecalc T2 s 0
digits: 27182818284590452353602874713526624977572470936999595749669676...37703810896884928977
wrote /tmp/as_21626/e.out (44.44 GB; write 27.44 s in the writer thread, 0.00 s after the checks)
VERIFY OK
dbig pool: APU0 tail 22.57 GB: 3 large blocks from its back, 0 small blocks spilled into it
dbig pool: APU1 tail 22.57 GB: 0 large blocks from its back, 1 small blocks spilled into it
dbig pool: APU2 tail 22.57 GB: 0 large blocks from its back, 1 small blocks spilled into it
dbig pool: APU3 tail 22.57 GB: 0 large blocks from its back, 1 small blocks spilled into it
mem [end] device 103.7 GB in use (per APU 25.9..25.9): planes 103.1, regions 0.0, block pool 0.0 (donated 0.0, borrowed 0.0, hipMalloc 0.0; live 0.0, peak live 238.9, free 0.0), tables 0.61, other 0.0
mem [end] host 7.0 GB RSS (HWM 27.4): staging 0.0 pinned, registered 0.1, X 0.0, digits 0.0, named 0.0, other 6.9
mem summary: bytes in use at each phase boundary, GB (device: all APUs / largest APU; host: this process)
mem phase           device  maxAPU |  planes regions  pl:don  pl:bor  pl:hip pl:live pl:peak tables |    host staging  regist       X  digits   other     HWM
mem init             393.6   109.7 |   103.1   152.5     0.0   137.4     0.0     0.0     0.0   0.61 |    24.4    21.5     0.0     0.0     0.0     2.9    24.4
mem bs               393.6   109.7 |   103.1     0.0     0.0   289.9     0.0    88.9   150.2   0.61 |     9.0     4.3     0.1     0.0     0.0     4.7    27.4
mem recip            393.6   109.7 |   103.1     0.0     0.0   289.9     0.0   133.3   238.9   0.61 |     6.9     0.0     0.1     0.0     0.0     6.8    27.4
mem division         393.6   109.7 |   103.1     0.0     0.0   289.9     0.0    44.4   238.9   0.61 |     7.4     0.0     0.1     0.0     0.0     7.4    27.4
mem dm               393.6   109.7 |   103.1     0.0     0.0   289.9     0.0    44.4   238.9   0.61 |     7.4     0.0     0.1     0.0     0.0     7.4    27.4
mem end              103.7    25.9 |   103.1     0.0     0.0     0.0     0.0     0.0   238.9   0.61 |     7.0     0.0     0.1     0.0     0.0     6.9    27.4
dbig pool: APU0 VMM arena released (0 remaps of 0 chunks in 0.00 s, 0 growths of 0 chunks)
dbig pool: APU1 VMM arena released (0 remaps of 0 chunks in 0.00 s, 0 growths of 0 chunks)
dbig pool: APU2 VMM arena released (0 remaps of 0 chunks in 0.00 s, 0 growths of 0 chunks)
dbig pool: APU3 VMM arena released (0 remaps of 0 chunks in 0.00 s, 0 growths of 0 chunks)
rns_dist: RNS_STRATEGY=auto form B: C 91 products 73.24 s, B 61 products 3.06 s, B4 0 products 0.00 s; extra plane memory 0.00 GiB/APU (allocations 0.00 s)

real	3m3.321s
user	0m0.004s
sys	0m0.019s
