dbtrace: P 1
dbtrace: V 3 83751862272 2147483648 39 118 0
dbtrace: V 1 83751862272 2147483648 39 118 1
dbtrace: V 2 83751862272 2147483648 39 118 2
dbtrace: V 0 83751862272 2147483648 39 118 3
dbtrace: I 0 0 40468742144 3
dbtrace: I 1 0 40468742144 1
dbtrace: I 2 0 40468742144 2
dbtrace: I 3 0 35693527040 0
dbtrace: A 0 3870425088 0 3
dbtrace: A 1 3870425088 0 1
dbtrace: A 2 3870425088 0 2
dbtrace: A 3 3870425088 0 0
dbtrace: A 0 3870425088 3870425088 3
dbtrace: A 1 3870425088 3870425088 1
dbtrace: A 2 3870425088 3870425088 2
dbtrace: A 3 3870425088 3870425088 0
dbtrace: A 0 4125196288 7740850176 3
dbtrace: A 1 4125196288 7740850176 1
dbtrace: A 2 4125196288 7740850176 2
dbtrace: A 3 4125196288 7740850176 0
dbtrace: A 0 4125196288 11866046464 3
dbtrace: A 1 4125196288 11866046464 1
dbtrace: A 2 4125196288 11866046464 2
dbtrace: A 3 4125196288 11866046464 0
dbtrace: A 0 4221337600 15991242752 3
dbtrace: A 1 4221337600 15991242752 1
dbtrace: A 2 4221337600 15991242752 2
dbtrace: A 3 4221337600 15991242752 0
dbtrace: A 0 4221337600 20212580352 3
dbtrace: A 1 4221337600 20212580352 1
dbtrace: A 2 4221337600 20212580352 2
dbtrace: A 3 4221337600 20212580352 0
dbtrace: A 0 2227568640 24433917952 3
dbtrace: A 1 2227568640 24433917952 1
dbtrace: A 2 2227568640 24433917952 2
dbtrace: A 3 2227568640 24433917952 0
dbtrace: A 0 2227568640 26661486592 3
dbtrace: A 1 2227568640 26661486592 1
dbtrace: A 2 2227568640 26661486592 2
dbtrace: A 3 2227568640 26661486592 0
dbtrace: I 0 40468742144 43283120128 3
dbtrace: T 0 54410608640 29341253632 18337696000
dbtrace: I 1 40468742144 43283120128 1
dbtrace: T 1 54410608640 29341253632 18337696000
dbtrace: I 2 40468742144 43283120128 2
dbtrace: T 2 54410608640 29341253632 18337696000
dbtrace: I 3 35693527040 48058335232 0
dbtrace: T 3 54410608640 29341253632 18337696000
dbtrace: A 0 7995588608 28889055232 3
dbtrace: A 1 7995588608 28889055232 1
dbtrace: A 2 7995588608 28889055232 2
dbtrace: A 3 7995588608 28889055232 0
dbtrace: A 0 3997794304 36884643840 3
dbtrace: A 1 3997794304 36884643840 1
dbtrace: A 2 3997794304 36884643840 2
dbtrace: A 3 3997794304 36884643840 0
dbtrace: F 0 36884643840 3997794304
dbtrace: F 1 36884643840 3997794304
dbtrace: F 2 36884643840 3997794304
dbtrace: F 3 36884643840 3997794304
dbtrace: F 0 0 3870425088
dbtrace: F 1 0 3870425088
dbtrace: F 2 0 3870425088
dbtrace: F 3 0 3870425088
dbtrace: F 0 7740850176 4125196288
dbtrace: F 1 7740850176 4125196288
dbtrace: F 2 7740850176 4125196288
dbtrace: F 3 7740850176 4125196288
dbtrace: A 0 7995588608 36884643840 3
dbtrace: A 1 7995588608 36884643840 1
dbtrace: A 2 7995588608 36884643840 2
dbtrace: A 3 7995588608 36884643840 0
dbtrace: A 0 3997794304 7740850176 3
dbtrace: A 1 3997794304 7740850176 1
dbtrace: A 2 3997794304 7740850176 2
dbtrace: A 3 3997794304 7740850176 0
dbtrace: F 0 7740850176 3997794304
dbtrace: F 1 7740850176 3997794304
dbtrace: F 2 7740850176 3997794304
dbtrace: F 3 7740850176 3997794304
dbtrace: F 0 3870425088 3870425088
dbtrace: F 1 3870425088 3870425088
dbtrace: F 2 3870425088 3870425088
dbtrace: F 3 3870425088 3870425088
dbtrace: F 0 11866046464 4125196288
dbtrace: F 1 11866046464 4125196288
dbtrace: F 2 11866046464 4125196288
dbtrace: F 3 11866046464 4125196288
dbtrace: A 0 6448906240 44880232448 3
dbtrace: A 1 6448906240 44880232448 1
dbtrace: A 2 6448906240 44880232448 2
dbtrace: A 3 6448906240 44880232448 0
dbtrace: A 0 3634659328 0 3
dbtrace: A 1 3634659328 0 1
dbtrace: A 2 3634659328 0 2
dbtrace: A 3 3634659328 0 0
dbtrace: F 0 0 3634659328
dbtrace: F 1 0 3634659328
dbtrace: F 2 0 3634659328
dbtrace: F 3 0 3634659328
dbtrace: F 0 15991242752 4221337600
dbtrace: F 1 15991242752 4221337600
dbtrace: F 2 15991242752 4221337600
dbtrace: F 3 15991242752 4221337600
dbtrace: F 0 24433917952 2227568640
dbtrace: F 1 24433917952 2227568640
dbtrace: F 2 24433917952 2227568640
dbtrace: F 3 24433917952 2227568640
dbtrace: A 0 6448906240 0 3
dbtrace: A 1 6448906240 0 1
dbtrace: A 2 6448906240 0 2
dbtrace: A 3 6448906240 0 0
dbtrace: A 0 3634659328 6448906240 3
dbtrace: A 1 3634659328 6448906240 1
dbtrace: A 2 3634659328 6448906240 2
dbtrace: A 3 3634659328 6448906240 0
dbtrace: F 0 6448906240 3634659328
dbtrace: F 1 6448906240 3634659328
dbtrace: F 2 6448906240 3634659328
dbtrace: F 3 6448906240 3634659328
dbtrace: F 0 20212580352 4221337600
dbtrace: F 1 20212580352 4221337600
dbtrace: F 2 20212580352 4221337600
dbtrace: F 3 20212580352 4221337600
dbtrace: F 0 26661486592 2227568640
dbtrace: F 1 26661486592 2227568640
dbtrace: F 2 26661486592 2227568640
dbtrace: F 3 26661486592 2227568640
dbtrace: A 0 14444462080 6448906240 3
dbtrace: A 1 14444462080 6448906240 1
dbtrace: A 2 14444462080 6448906240 2
dbtrace: A 3 14444462080 6448906240 0
dbtrace: A 0 4277436416 20893368320 3
dbtrace: A 1 4277436416 20893368320 1
dbtrace: A 2 4277436416 20893368320 2
dbtrace: A 3 4277436416 20893368320 0
dbtrace: F 0 20893368320 4277436416
dbtrace: F 1 20893368320 4277436416
dbtrace: F 2 20893368320 4277436416
dbtrace: F 3 20893368320 4277436416
dbtrace: F 0 28889055232 7995588608
dbtrace: F 1 28889055232 7995588608
dbtrace: F 2 28889055232 7995588608
dbtrace: F 3 28889055232 7995588608
dbtrace: F 0 44880232448 6448906240
dbtrace: F 1 44880232448 6448906240
dbtrace: F 2 44880232448 6448906240
dbtrace: F 3 44880232448 6448906240
dbtrace: A 0 14444462080 20893368320 3
dbtrace: A 1 14444462080 20893368320 1
dbtrace: A 2 14444462080 20893368320 2
dbtrace: A 3 14444462080 20893368320 0
dbtrace: A 0 4277436416 44880232448 3
dbtrace: A 1 4277436416 44880232448 1
dbtrace: A 2 4277436416 44880232448 2
dbtrace: A 3 4277436416 44880232448 0
dbtrace: F 0 44880232448 4277436416
dbtrace: F 1 44880232448 4277436416
dbtrace: F 2 44880232448 4277436416
dbtrace: F 3 44880232448 4277436416
dbtrace: F 0 36884643840 7995588608
dbtrace: F 1 36884643840 7995588608
dbtrace: F 2 36884643840 7995588608
dbtrace: F 3 36884643840 7995588608
dbtrace: F 0 0 6448906240
dbtrace: F 1 0 6448906240
dbtrace: F 2 0 6448906240
dbtrace: F 3 0 6448906240
dbtrace: P 2
dbtrace: A 0 32768 0 3
dbtrace: A 1 32768 0 1
dbtrace: A 2 32768 0 2
dbtrace: A 3 32768 0 0
dbtrace: A 0 21666693120 62085169152 3
dbtrace: A 1 21666693120 62085169152 1
dbtrace: A 2 21666693120 62085169152 2
dbtrace: A 3 21666693120 62085169152 0
dbtrace: N 1
dbtrace: A 0 7222231040 54862938112 3
dbtrace: A 1 7222231040 54862938112 1
dbtrace: A 2 7222231040 54862938112 2
dbtrace: A 3 7222231040 54862938112 0
dbtrace: F 0 0 32768
dbtrace: F 1 0 32768
dbtrace: F 2 0 32768
dbtrace: F 3 0 32768
dbtrace: N 0
dbtrace: A 0 14444462080 35337830400 3
dbtrace: A 1 14444462080 35337830400 1
dbtrace: A 2 14444462080 35337830400 2
dbtrace: A 3 14444462080 35337830400 0
dbtrace: A 0 3009282048 49782292480 3
dbtrace: A 1 3009282048 49782292480 1
dbtrace: A 2 3009282048 49782292480 2
dbtrace: A 3 3009282048 49782292480 0
dbtrace: F 0 49782292480 3009282048
dbtrace: F 1 49782292480 3009282048
dbtrace: F 2 49782292480 3009282048
dbtrace: F 3 49782292480 3009282048
dbtrace: A 0 4212981760 49782292480 3
dbtrace: A 1 4212981760 49782292480 1
dbtrace: A 2 4212981760 49782292480 2
dbtrace: A 3 4212981760 49782292480 0
dbtrace: F 0 49782292480 4212981760
dbtrace: F 1 49782292480 4212981760
dbtrace: F 2 49782292480 4212981760
dbtrace: F 3 49782292480 4212981760
dbtrace: A 0 3611131904 49782292480 3
dbtrace: A 1 3611131904 49782292480 1
dbtrace: A 2 3611131904 49782292480 2
dbtrace: A 3 3611131904 49782292480 0
dbtrace: F 0 49782292480 3611131904
dbtrace: F 1 49782292480 3611131904
dbtrace: F 2 49782292480 3611131904
dbtrace: F 3 49782292480 3611131904
dbtrace: A 0 4212981760 49782292480 3
dbtrace: A 1 4212981760 49782292480 1
dbtrace: A 2 4212981760 49782292480 2
dbtrace: A 3 4212981760 49782292480 0
dbtrace: F 0 49782292480 4212981760
dbtrace: F 1 49782292480 4212981760
dbtrace: F 2 49782292480 4212981760
dbtrace: F 3 49782292480 4212981760
dbtrace: A 0 4212981760 49782292480 3
dbtrace: A 1 4212981760 49782292480 1
dbtrace: A 2 4212981760 49782292480 2
dbtrace: A 3 4212981760 49782292480 0
dbtrace: F 0 49782292480 4212981760
dbtrace: F 1 49782292480 4212981760
dbtrace: F 2 49782292480 4212981760
dbtrace: F 3 49782292480 4212981760
dbtrace: F 0 54862938112 7222231040
dbtrace: F 1 54862938112 7222231040
dbtrace: F 2 54862938112 7222231040
dbtrace: F 3 54862938112 7222231040
dbtrace: F 0 62085169152 21666693120
dbtrace: F 1 62085169152 21666693120
dbtrace: F 2 62085169152 21666693120
dbtrace: F 3 62085169152 21666693120
dbtrace: A 0 28888891392 54862970880 3
dbtrace: A 1 28888891392 54862970880 1
dbtrace: A 2 28888891392 54862970880 2
dbtrace: A 3 28888891392 54862970880 0
dbtrace: A 0 4212981760 49782292480 3
dbtrace: A 1 4212981760 49782292480 1
dbtrace: A 2 4212981760 49782292480 2
dbtrace: A 3 4212981760 49782292480 0
dbtrace: F 0 49782292480 4212981760
dbtrace: F 1 49782292480 4212981760
dbtrace: F 2 49782292480 4212981760
dbtrace: F 3 49782292480 4212981760
dbtrace: F 0 35337830400 14444462080
dbtrace: F 1 35337830400 14444462080
dbtrace: F 2 35337830400 14444462080
dbtrace: F 3 35337830400 14444462080
dbtrace: A 0 14444462080 35337830400 3
dbtrace: A 1 14444462080 35337830400 1
dbtrace: A 2 14444462080 35337830400 2
dbtrace: A 3 14444462080 35337830400 0
dbtrace: F 0 54862970880 28888891392
dbtrace: F 1 54862970880 28888891392
dbtrace: F 2 54862970880 28888891392
dbtrace: F 3 54862970880 28888891392
dbtrace: A 0 14444462080 69307400192 3
dbtrace: A 1 14444462080 69307400192 1
dbtrace: A 2 14444462080 69307400192 2
dbtrace: A 3 14444462080 69307400192 0
dbtrace: F 0 6448906240 14444462080
dbtrace: F 1 6448906240 14444462080
dbtrace: F 2 6448906240 14444462080
dbtrace: F 3 6448906240 14444462080
dbtrace: R 0 28888891392 39 14 14 0.634
dbtrace: A 0 28888891392 84927741952 3
dbtrace: R 1 28888891392 39 14 14 0.662
dbtrace: A 1 28888891392 84927741952 1
dbtrace: R 2 28888891392 39 14 14 0.585
dbtrace: A 2 28888891392 84927741952 2
dbtrace: R 3 28888891392 39 14 14 0.614
dbtrace: A 3 28888891392 84927741952 0
dbtrace: A 0 4212981760 62277025792 3
dbtrace: A 1 4212981760 62277025792 1
dbtrace: A 2 4212981760 62277025792 2
dbtrace: A 3 4212981760 62277025792 0
dbtrace: F 0 62277025792 4212981760
dbtrace: F 1 62277025792 4212981760
dbtrace: F 2 62277025792 4212981760
dbtrace: F 3 62277025792 4212981760
dbtrace: F 0 84927741952 28888891392
dbtrace: F 1 84927741952 28888891392
dbtrace: F 2 84927741952 28888891392
dbtrace: F 3 84927741952 28888891392
dbtrace: F 0 69307400192 14444462080
dbtrace: F 1 69307400192 14444462080
dbtrace: F 2 69307400192 14444462080
dbtrace: F 3 69307400192 14444462080
dbtrace: F 0 20893368320 14444462080
dbtrace: F 1 20893368320 14444462080
dbtrace: F 2 20893368320 14444462080
dbtrace: F 3 20893368320 14444462080
dbtrace: F 0 35337830400 14444462080
dbtrace: F 1 35337830400 14444462080
dbtrace: F 2 35337830400 14444462080
dbtrace: F 3 35337830400 14444462080
