dbtrace: P 1
dbtrace: V 3 85899345920 2147483648 40 121 0
dbtrace: V 0 85899345920 2147483648 40 121 1
dbtrace: V 2 85899345920 2147483648 40 121 2
dbtrace: V 1 85899345920 2147483648 40 121 3
dbtrace: I 0 0 40468742144 1
dbtrace: I 1 0 40468742144 3
dbtrace: I 2 0 36087791616 2
dbtrace: I 3 0 34378612736 0
dbtrace: A 0 3870425088 0 1
dbtrace: A 1 3870425088 0 3
dbtrace: A 2 3870425088 0 2
dbtrace: A 3 3870425088 0 0
dbtrace: A 0 3870425088 3870425088 1
dbtrace: A 1 3870425088 3870425088 3
dbtrace: A 2 3870425088 3870425088 2
dbtrace: A 3 3870425088 3870425088 0
dbtrace: A 0 4125196288 7740850176 1
dbtrace: A 1 4125196288 7740850176 3
dbtrace: A 2 4125196288 7740850176 2
dbtrace: A 3 4125196288 7740850176 0
dbtrace: A 0 4125196288 11866046464 1
dbtrace: A 1 4125196288 11866046464 3
dbtrace: A 2 4125196288 11866046464 2
dbtrace: A 3 4125196288 11866046464 0
dbtrace: A 0 4221337600 15991242752 1
dbtrace: A 1 4221337600 15991242752 3
dbtrace: A 2 4221337600 15991242752 2
dbtrace: A 3 4221337600 15991242752 0
dbtrace: A 0 4221337600 20212580352 1
dbtrace: A 1 4221337600 20212580352 3
dbtrace: A 2 4221337600 20212580352 2
dbtrace: A 3 4221337600 20212580352 0
dbtrace: A 0 1672019968 24433917952 1
dbtrace: A 1 1672019968 24433917952 3
dbtrace: A 2 1672019968 24433917952 2
dbtrace: A 3 1672019968 24433917952 0
dbtrace: A 0 1672019968 26105937920 1
dbtrace: A 1 1672019968 26105937920 3
dbtrace: A 2 1672019968 26105937920 2
dbtrace: A 3 1672019968 26105937920 0
dbtrace: I 0 40468742144 45430603776 1
dbtrace: T 0 57686360064 28212985856 17632388800
dbtrace: I 1 40468742144 45430603776 3
dbtrace: T 1 57686360064 28212985856 17632388800
dbtrace: I 2 36087791616 49811554304 2
dbtrace: T 2 57686360064 28212985856 17632388800
dbtrace: I 3 34378612736 51520733184 0
dbtrace: T 3 57686360064 28212985856 17632388800
dbtrace: A 0 7995588608 27777957888 1
dbtrace: A 1 7995588608 27777957888 3
dbtrace: A 2 7995588608 27777957888 2
dbtrace: A 3 7995588608 27777957888 0
dbtrace: A 0 3997794304 35773546496 1
dbtrace: A 1 3997794304 35773546496 3
dbtrace: A 2 3997794304 35773546496 2
dbtrace: A 3 3997794304 35773546496 0
dbtrace: F 0 35773546496 3997794304
dbtrace: F 1 35773546496 3997794304
dbtrace: F 2 35773546496 3997794304
dbtrace: F 3 35773546496 3997794304
dbtrace: F 0 0 3870425088
dbtrace: F 1 0 3870425088
dbtrace: F 2 0 3870425088
dbtrace: F 3 0 3870425088
dbtrace: F 0 7740850176 4125196288
dbtrace: F 1 7740850176 4125196288
dbtrace: F 2 7740850176 4125196288
dbtrace: F 3 7740850176 4125196288
dbtrace: A 0 7995588608 35773546496 1
dbtrace: A 1 7995588608 35773546496 3
dbtrace: A 2 7995588608 35773546496 2
dbtrace: A 3 7995588608 35773546496 0
dbtrace: A 0 3997794304 7740850176 1
dbtrace: A 1 3997794304 7740850176 3
dbtrace: A 2 3997794304 7740850176 2
dbtrace: A 3 3997794304 7740850176 0
dbtrace: F 0 7740850176 3997794304
dbtrace: F 1 7740850176 3997794304
dbtrace: F 2 7740850176 3997794304
dbtrace: F 3 7740850176 3997794304
dbtrace: F 0 3870425088 3870425088
dbtrace: F 1 3870425088 3870425088
dbtrace: F 2 3870425088 3870425088
dbtrace: F 3 3870425088 3870425088
dbtrace: F 0 11866046464 4125196288
dbtrace: F 1 11866046464 4125196288
dbtrace: F 2 11866046464 4125196288
dbtrace: F 3 11866046464 4125196288
dbtrace: A 0 5893324800 43769135104 1
dbtrace: A 1 5893324800 43769135104 3
dbtrace: A 2 5893324800 43769135104 2
dbtrace: A 3 5893324800 43769135104 0
dbtrace: A 0 3079110656 49662459904 1
dbtrace: A 1 3079110656 49662459904 3
dbtrace: A 2 3079110656 49662459904 2
dbtrace: A 3 3079110656 49662459904 0
dbtrace: F 0 49662459904 3079110656
dbtrace: F 1 49662459904 3079110656
dbtrace: F 2 49662459904 3079110656
dbtrace: F 3 49662459904 3079110656
dbtrace: F 0 15991242752 4221337600
dbtrace: F 1 15991242752 4221337600
dbtrace: F 2 15991242752 4221337600
dbtrace: F 3 15991242752 4221337600
dbtrace: F 0 24433917952 1672019968
dbtrace: F 1 24433917952 1672019968
dbtrace: F 2 24433917952 1672019968
dbtrace: F 3 24433917952 1672019968
dbtrace: A 0 5893324800 49662459904 1
dbtrace: A 1 5893324800 49662459904 3
dbtrace: A 2 5893324800 49662459904 2
dbtrace: A 3 5893324800 49662459904 0
dbtrace: A 0 3079110656 0 1
dbtrace: A 1 3079110656 0 3
dbtrace: A 2 3079110656 0 2
dbtrace: A 3 3079110656 0 0
dbtrace: F 0 0 3079110656
dbtrace: F 1 0 3079110656
dbtrace: F 2 0 3079110656
dbtrace: F 3 0 3079110656
dbtrace: F 0 20212580352 4221337600
dbtrace: F 1 20212580352 4221337600
dbtrace: F 2 20212580352 4221337600
dbtrace: F 3 20212580352 4221337600
dbtrace: F 0 26105937920 1672019968
dbtrace: F 1 26105937920 1672019968
dbtrace: F 2 26105937920 1672019968
dbtrace: F 3 26105937920 1672019968
dbtrace: A 0 13888913408 0 1
dbtrace: A 1 13888913408 0 3
dbtrace: A 2 13888913408 0 2
dbtrace: A 3 13888913408 0 0
dbtrace: A 0 4138532864 13888913408 1
dbtrace: A 1 4138532864 13888913408 3
dbtrace: A 2 4138532864 13888913408 2
dbtrace: A 3 4138532864 13888913408 0
dbtrace: F 0 13888913408 4138532864
dbtrace: F 1 13888913408 4138532864
dbtrace: F 2 13888913408 4138532864
dbtrace: F 3 13888913408 4138532864
dbtrace: F 0 27777957888 7995588608
dbtrace: F 1 27777957888 7995588608
dbtrace: F 2 27777957888 7995588608
dbtrace: F 3 27777957888 7995588608
dbtrace: F 0 43769135104 5893324800
dbtrace: F 1 43769135104 5893324800
dbtrace: F 2 43769135104 5893324800
dbtrace: F 3 43769135104 5893324800
dbtrace: A 0 13888913408 13888913408 1
dbtrace: A 1 13888913408 13888913408 3
dbtrace: A 2 13888913408 13888913408 2
dbtrace: A 3 13888913408 13888913408 0
dbtrace: A 0 4138532864 43769135104 1
dbtrace: A 1 4138532864 43769135104 3
dbtrace: A 2 4138532864 43769135104 2
dbtrace: A 3 4138532864 43769135104 0
dbtrace: F 0 43769135104 4138532864
dbtrace: F 1 43769135104 4138532864
dbtrace: F 2 43769135104 4138532864
dbtrace: F 3 43769135104 4138532864
dbtrace: F 0 35773546496 7995588608
dbtrace: F 1 35773546496 7995588608
dbtrace: F 2 35773546496 7995588608
dbtrace: F 3 35773546496 7995588608
dbtrace: F 0 49662459904 5893324800
dbtrace: F 1 49662459904 5893324800
dbtrace: F 2 49662459904 5893324800
dbtrace: F 3 49662459904 5893324800
dbtrace: P 2
dbtrace: A 0 32768 27777826816 1
dbtrace: A 1 32768 27777826816 3
dbtrace: A 2 32768 27777826816 2
dbtrace: A 3 32768 27777826816 0
dbtrace: A 0 20833337344 65066008576 1
dbtrace: A 1 20833337344 65066008576 3
dbtrace: A 2 20833337344 65066008576 2
dbtrace: A 3 20833337344 65066008576 0
dbtrace: N 1
dbtrace: A 0 6944456704 58121551872 1
dbtrace: A 1 6944456704 58121551872 3
dbtrace: A 2 6944456704 58121551872 2
dbtrace: A 3 6944456704 58121551872 0
dbtrace: F 0 27777826816 32768
dbtrace: F 1 27777826816 32768
dbtrace: F 2 27777826816 32768
dbtrace: F 3 27777826816 32768
dbtrace: N 0
dbtrace: A 0 13888913408 27777826816 1
dbtrace: A 1 13888913408 27777826816 3
dbtrace: A 2 13888913408 27777826816 2
dbtrace: A 3 13888913408 27777826816 0
dbtrace: A 0 2893545472 41666740224 1
dbtrace: A 1 2893545472 41666740224 3
dbtrace: A 2 2893545472 41666740224 2
dbtrace: A 3 2893545472 41666740224 0
dbtrace: F 0 41666740224 2893545472
dbtrace: F 1 41666740224 2893545472
dbtrace: F 2 41666740224 2893545472
dbtrace: F 3 41666740224 2893545472
dbtrace: A 0 4050944000 41666740224 1
dbtrace: A 1 4050944000 41666740224 3
dbtrace: A 2 4050944000 41666740224 2
dbtrace: A 3 4050944000 41666740224 0
dbtrace: F 0 41666740224 4050944000
dbtrace: F 1 41666740224 4050944000
dbtrace: F 2 41666740224 4050944000
dbtrace: F 3 41666740224 4050944000
dbtrace: A 0 3472228352 41666740224 1
dbtrace: A 1 3472228352 41666740224 3
dbtrace: A 2 3472228352 41666740224 2
dbtrace: A 3 3472228352 41666740224 0
dbtrace: F 0 41666740224 3472228352
dbtrace: F 1 41666740224 3472228352
dbtrace: F 2 41666740224 3472228352
dbtrace: F 3 41666740224 3472228352
dbtrace: A 0 4050944000 41666740224 1
dbtrace: A 1 4050944000 41666740224 3
dbtrace: A 2 4050944000 41666740224 2
dbtrace: A 3 4050944000 41666740224 0
dbtrace: F 0 41666740224 4050944000
dbtrace: F 1 41666740224 4050944000
dbtrace: F 2 41666740224 4050944000
dbtrace: F 3 41666740224 4050944000
dbtrace: A 0 4050944000 41666740224 1
dbtrace: A 1 4050944000 41666740224 3
dbtrace: A 2 4050944000 41666740224 2
dbtrace: A 3 4050944000 41666740224 0
dbtrace: F 0 41666740224 4050944000
dbtrace: F 1 41666740224 4050944000
dbtrace: F 2 41666740224 4050944000
dbtrace: F 3 41666740224 4050944000
dbtrace: F 0 58121551872 6944456704
dbtrace: F 1 58121551872 6944456704
dbtrace: F 2 58121551872 6944456704
dbtrace: F 3 58121551872 6944456704
dbtrace: F 0 65066008576 20833337344
dbtrace: F 1 65066008576 20833337344
dbtrace: F 2 65066008576 20833337344
dbtrace: F 3 65066008576 20833337344
dbtrace: A 0 13888913408 41666740224 1
dbtrace: A 1 13888913408 41666740224 3
dbtrace: A 2 13888913408 41666740224 2
dbtrace: A 3 13888913408 41666740224 0
dbtrace: F 0 27777826816 13888913408
dbtrace: F 1 27777826816 13888913408
dbtrace: F 2 27777826816 13888913408
dbtrace: F 3 27777826816 13888913408
dbtrace: A 0 27777794048 58121551872 1
dbtrace: A 1 27777794048 58121551872 3
dbtrace: A 2 27777794048 58121551872 2
dbtrace: A 3 27777794048 58121551872 0
dbtrace: A 0 4050944000 27777826816 1
dbtrace: A 1 4050944000 27777826816 3
dbtrace: A 2 4050944000 27777826816 2
dbtrace: A 3 4050944000 27777826816 0
dbtrace: F 0 27777826816 4050944000
dbtrace: F 1 27777826816 4050944000
dbtrace: F 2 27777826816 4050944000
dbtrace: F 3 27777826816 4050944000
dbtrace: F 0 41666740224 13888913408
dbtrace: F 1 41666740224 13888913408
dbtrace: F 2 41666740224 13888913408
dbtrace: F 3 41666740224 13888913408
dbtrace: A 0 13888913408 27777826816 1
dbtrace: A 1 13888913408 27777826816 3
dbtrace: A 2 13888913408 27777826816 2
dbtrace: A 3 13888913408 27777826816 0
dbtrace: F 0 58121551872 27777794048
dbtrace: F 1 58121551872 27777794048
dbtrace: F 2 58121551872 27777794048
dbtrace: F 3 58121551872 27777794048
dbtrace: A 0 13888913408 41666740224 1
dbtrace: A 1 13888913408 41666740224 3
dbtrace: A 2 13888913408 41666740224 2
dbtrace: A 3 13888913408 41666740224 0
dbtrace: F 0 0 13888913408
dbtrace: F 1 0 13888913408
dbtrace: F 2 0 13888913408
dbtrace: F 3 0 13888913408
dbtrace: A 0 27777794048 58121551872 1
dbtrace: A 1 27777794048 58121551872 3
dbtrace: A 2 27777794048 58121551872 2
dbtrace: A 3 27777794048 58121551872 0
dbtrace: A 0 4050944000 0 1
dbtrace: A 1 4050944000 0 3
dbtrace: A 2 4050944000 0 2
dbtrace: A 3 4050944000 0 0
dbtrace: F 0 0 4050944000
dbtrace: F 1 0 4050944000
dbtrace: F 2 0 4050944000
dbtrace: F 3 0 4050944000
dbtrace: F 0 58121551872 27777794048
dbtrace: F 1 58121551872 27777794048
dbtrace: F 2 58121551872 27777794048
dbtrace: F 3 58121551872 27777794048
dbtrace: F 0 41666740224 13888913408
dbtrace: F 1 41666740224 13888913408
dbtrace: F 2 41666740224 13888913408
dbtrace: F 3 41666740224 13888913408
dbtrace: F 0 13888913408 13888913408
dbtrace: F 1 13888913408 13888913408
dbtrace: F 2 13888913408 13888913408
dbtrace: F 3 13888913408 13888913408
dbtrace: F 0 27777826816 13888913408
dbtrace: F 1 27777826816 13888913408
dbtrace: F 2 27777826816 13888913408
dbtrace: F 3 27777826816 13888913408
