== AS run v125: 125000000000 nw, env: BS_ARENA_ROOM=0.16 DB_POOL_TRACE=1; job 21651 on ppac-pl1-s24-26, clone at b0db7ac, 2026-09-27 20:45:48 CDT
== ecalc: e to 125000000000 digits (decimal limbs, base 10^18) [computed to the next multiple of 18] ==
META bench=ecalc host=ppac-pl1-s24-26 date=2026-09-27T20:45:49 pool_log=31 stg=7 pw_fuse=14 body=1 engine=1 base=10^18
ECALC_PLANE_CAP: 2^31 points (POOL_LOG=31 RNS_PLANES_3Q30=0 DIST_LOGN_TEST=31)
rns_init: three primes (ECALC_NP=3): c 2^44 + 1, c = 240, 216, 207; at most 58424467928 terms per product
dbig pool: APU3 VMM arena 85.90 GB = 40 chunks of 2.00 GiB, the first 17 mapped in 6.26 s (0.171 s/GB), the rest in the background, VA 259.8 GB reserved at 0x70199bc00000
dbig pool: APU0 VMM arena 85.90 GB = 40 chunks of 2.00 GiB, the first 19 mapped in 9.21 s (0.226 s/GB), the rest in the background, VA 259.8 GB reserved at 0x6f9e9b600000
dbig pool: APU2 VMM arena 85.90 GB = 40 chunks of 2.00 GiB, the first 17 mapped in 10.01 s (0.274 s/GB), the rest in the background, VA 259.8 GB reserved at 0x6fdb1b800000
dbig pool: APU1 VMM arena 85.90 GB = 40 chunks of 2.00 GiB, the first 19 mapped in 12.10 s (0.297 s/GB), the rest in the background, VA 259.8 GB reserved at 0x6f621b400000
bs: arenas 343.6 GB allocated in 12.37 s (layout pass 0.34 s; dm extra 40.8 GB, tails 112.8 GB)
      init: region pools 12.70 s (inside rns_init, before the plane pools: the seeds stream into them)
      init: rns_init 19.79 s, region pools 0.00 s, the rest 0.00 s
RESULT ecalc init s 19.7862
      VmRSS 24.5 GB after init (staging 4.3 GB pinned + device regions 344 GB); init 19.8 s
mem [init] device 447.3 GB in use (per APU 111.8..111.8): planes 103.1, regions 189.0, block pool 154.6 (donated 0.0, borrowed 154.6, hipMalloc 0.0; live 0.0, peak live 0.0, free 0.0), tables 0.61, other 0.0
mem [init] host 24.5 GB RSS (HWM 24.5): staging 21.5 pinned, registered 0.0, X 0.0, digits 0.0, named 0.0, other 3.0
budget: rank 0: peak 472.4 GB (device 447.3, host 25.1), still to take 0.0 GB | node of 1 rank: peaks 472.4 of 480 GB, to take 0.0 of MemAvailable 242.6 GB | rank share 480.0 GB
budget: ECALC_BUDGET_CHECK ok: 1 rank, largest rank peak 472.4 GB, node budget 480 GB
bs: seeds were computed during init (33.15 s: buffers 1.52 + 0.15, spans 19.98, waited 8.42 for the regions, 1.03 for the DMA, 2.05 issuing it (max 0.70); 16 chunks of 8191 MB, 16 through a buffer, the rest stored into the regions; BI_MUL1_FAST=1)
bs: 12917386377 terms, 56904786 spans of 227, seeds 19.92 s (waiting for the init thread)
bs:   layout 1.767  batch 4.770  add+norm 0.316
bs: level  1 batch  28452393 pairs  max_nl        128  pool 111.67 GB  6.85 s  (batch 3.59: scatter 0.34 ntt 1.68 crt 0.23 merge 0.15)
live: bs level 1 batch               pool live 0.00 0.00 0.00 0.00 | window peak 0.00 0.00 0.00 0.00 | pool 0.00 0.00 0.00 0.00 GB per APU; peak/pool 0.0 %; MemAvailable 65.1 GB, Cached 0.6 GB
bs:   layout 0.652  batch 2.248  add+norm 0.088
bs: level  2 batch  14226196 pairs  max_nl        256  pool 111.39 GB  2.99 s  (batch 1.69: scatter 0.16 ntt 0.81 crt 0.22 merge 0.05)
live: bs level 2 batch               pool live 0.00 0.00 0.00 0.00 | window peak 0.00 0.00 0.00 0.00 | pool 0.00 0.00 0.00 0.00 GB per APU; peak/pool 0.0 %; MemAvailable 67.3 GB, Cached 0.6 GB
bs:   layout 0.315  batch 1.202  add+norm 0.043
bs: level  3 batch   7113098 pairs  max_nl        511  pool 111.25 GB  1.56 s  (batch 0.92: scatter 0.08 ntt 0.40 crt 0.21 merge 0.02)
live: bs level 3 batch               pool live 0.00 0.00 0.00 0.00 | window peak 0.00 0.00 0.00 0.00 | pool 0.00 0.00 0.00 0.00 GB per APU; peak/pool 0.0 %; MemAvailable 68.5 GB, Cached 0.6 GB
bs:   layout 0.096  batch 0.981  add+norm 0.022
bs: level  4 batch   3556549 pairs  max_nl       1021  pool 111.18 GB  1.10 s  (batch 0.84: scatter 0.08 ntt 0.43 crt 0.21 merge 0.01)
live: bs level 4 batch               pool live 0.00 0.00 0.00 0.00 | window peak 0.00 0.00 0.00 0.00 | pool 0.00 0.00 0.00 0.00 GB per APU; peak/pool 0.0 %; MemAvailable 69.1 GB, Cached 0.6 GB
bs:   layout 0.087  batch 0.879  add+norm 0.012
bs: level  5 batch   1778275 pairs  max_nl       2041  pool 111.15 GB  0.98 s  (batch 0.81: scatter 0.08 ntt 0.47 crt 0.21 merge 0.00)
live: bs level 5 batch               pool live 0.00 0.00 0.00 0.00 | window peak 0.00 0.00 0.00 0.00 | pool 0.00 0.00 0.00 0.00 GB per APU; peak/pool 0.0 %; MemAvailable 69.4 GB, Cached 0.6 GB
bs:   layout 0.025  batch 1.037  add+norm 0.007
bs: level  6 batch    889137 pairs  max_nl       4081  pool 111.13 GB  1.07 s  (batch 1.00: scatter 0.08 ntt 0.65 crt 0.20 merge 0.04)
live: bs level 6 batch               pool live 0.00 0.00 0.00 0.00 | window peak 0.00 0.00 0.00 0.00 | pool 0.00 0.00 0.00 0.00 GB per APU; peak/pool 0.0 %; MemAvailable 69.4 GB, Cached 0.6 GB
bs:   layout 0.016  batch 0.884  add+norm 0.004
bs: level  7 batch    444569 pairs  max_nl       8161  pool 111.12 GB  0.90 s  (batch 0.87: scatter 0.07 ntt 0.57 crt 0.20 merge 0.01)
live: bs level 7 batch               pool live 0.00 0.00 0.00 0.00 | window peak 0.00 0.00 0.00 0.00 | pool 0.00 0.00 0.00 0.00 GB per APU; peak/pool 0.0 %; MemAvailable 69.5 GB, Cached 0.6 GB
bs:   layout 0.009  batch 0.914  add+norm 0.001
bs: level  8 batch    222284 pairs  max_nl      16322  pool 111.12 GB  0.92 s  (batch 0.91: scatter 0.07 ntt 0.62 crt 0.21 merge 0.00)
live: bs level 8 batch               pool live 0.00 0.00 0.00 0.00 | window peak 0.00 0.00 0.00 0.00 | pool 0.00 0.00 0.00 0.00 GB per APU; peak/pool 0.0 %; MemAvailable 69.5 GB, Cached 0.6 GB
bs:   layout 0.003  batch 0.911  add+norm 0.001
bs: level  9 batch    111142 pairs  max_nl      32644  pool 111.11 GB  0.91 s  (batch 0.91: scatter 0.07 ntt 0.61 crt 0.21 merge 0.00)
live: bs level 9 batch               pool live 0.00 0.00 0.00 0.00 | window peak 0.00 0.00 0.00 0.00 | pool 0.00 0.00 0.00 0.00 GB per APU; peak/pool 0.0 %; MemAvailable 69.5 GB, Cached 0.6 GB
bs:   layout 0.009  batch 0.864  add+norm 0.000
bs: level 10 batch     55571 pairs  max_nl      65287  pool 111.11 GB  0.87 s  (batch 0.86: scatter 0.07 ntt 0.56 crt 0.23 merge 0.00)
live: bs level 10 batch              pool live 0.00 0.00 0.00 0.00 | window peak 0.00 0.00 0.00 0.00 | pool 0.00 0.00 0.00 0.00 GB per APU; peak/pool 0.0 %; MemAvailable 69.6 GB, Cached 0.6 GB
bs:   layout 0.001  batch 0.905  add+norm 0.000
bs: level 11 batch     27786 pairs  max_nl     130574  pool 111.11 GB  0.91 s  (batch 0.90: scatter 0.07 ntt 0.58 crt 0.25 merge 0.00)
live: bs level 11 batch              pool live 0.00 0.00 0.00 0.00 | window peak 0.00 0.00 0.00 0.00 | pool 0.00 0.00 0.00 0.00 GB per APU; peak/pool 0.0 %; MemAvailable 69.6 GB, Cached 0.6 GB
bs:   layout 0.000  batch 0.936  add+norm 0.000
bs: level 12 batch     13893 pairs  max_nl     261147  pool 111.11 GB  0.94 s  (batch 0.94: scatter 0.07 ntt 0.62 crt 0.25 merge 0.00)
live: bs level 12 batch              pool live 0.00 0.00 0.00 0.00 | window peak 0.00 0.00 0.00 0.00 | pool 0.00 0.00 0.00 0.00 GB per APU; peak/pool 0.0 %; MemAvailable 69.7 GB, Cached 0.6 GB
bs:   layout 0.001  batch 1.193  add+norm 0.000
bs: level 13 batch      6946 pairs  max_nl     522292  pool 111.11 GB  1.19 s  (batch 1.19: scatter 0.07 ntt 0.81 crt 0.31 merge 0.00)
live: bs level 13 batch              pool live 0.00 0.00 0.00 0.00 | window peak 0.00 0.00 0.00 0.00 | pool 0.00 0.00 0.00 0.00 GB per APU; peak/pool 0.0 %; MemAvailable 69.7 GB, Cached 0.6 GB
bs:   layout 0.000  batch 1.169  add+norm 0.000
bs: level 14 batch      3473 pairs  max_nl    1044582  pool 111.11 GB  1.17 s  (batch 1.17: scatter 0.07 ntt 0.83 crt 0.26 merge 0.00)
live: bs level 14 batch              pool live 0.00 0.00 0.00 0.00 | window peak 0.00 0.00 0.00 0.00 | pool 0.00 0.00 0.00 0.00 GB per APU; peak/pool 0.0 %; MemAvailable 69.7 GB, Cached 0.6 GB
bs:   layout 0.000  batch 1.210  add+norm 0.000
bs: level 15 batch      1737 pairs  max_nl    2089158  pool 111.11 GB  1.21 s  (batch 1.21: scatter 0.07 ntt 0.87 crt 0.26 merge 0.00)
live: bs level 15 batch              pool live 0.00 0.00 0.00 0.00 | window peak 0.00 0.00 0.00 0.00 | pool 0.00 0.00 0.00 0.00 GB per APU; peak/pool 0.0 %; MemAvailable 69.7 GB, Cached 0.6 GB
bs:   layout 0.000  batch 1.173  add+norm 0.000
bs: level 16 batch       868 pairs  max_nl    4178238  pool 111.11 GB  1.17 s  (batch 1.17: scatter 0.07 ntt 0.87 crt 0.23 merge 0.00)
live: bs level 16 batch              pool live 0.00 0.00 0.00 0.00 | window peak 0.00 0.00 0.00 0.00 | pool 0.00 0.00 0.00 0.00 GB per APU; peak/pool 0.0 %; MemAvailable 69.7 GB, Cached 0.6 GB
bs:   layout 0.000  batch 1.189  add+norm 0.000
bs: level 17 batch       434 pairs  max_nl    8356372  pool 111.11 GB  1.19 s  (batch 1.19: scatter 0.07 ntt 0.89 crt 0.23 merge 0.00)
live: bs level 17 batch              pool live 0.00 0.00 0.00 0.00 | window peak 0.00 0.00 0.00 0.00 | pool 0.00 0.00 0.00 0.00 GB per APU; peak/pool 0.0 %; MemAvailable 69.7 GB, Cached 0.6 GB
bs:   layout 0.000  batch 1.151  add+norm 0.000
bs: level 18 batch       217 pairs  max_nl   16712330  pool 111.11 GB  1.15 s  (batch 1.15: scatter 0.07 ntt 0.85 crt 0.23 merge 0.00)
live: bs level 18 batch              pool live 0.00 0.00 0.00 0.00 | window peak 0.00 0.00 0.00 0.00 | pool 0.00 0.00 0.00 0.00 GB per APU; peak/pool 0.0 %; MemAvailable 69.7 GB, Cached 0.6 GB
bs:   layout 0.000  batch 1.183  add+norm 0.000
bs: level 19 batch       109 pairs  max_nl   33423001  pool 111.11 GB  1.18 s  (batch 1.18: scatter 0.07 ntt 0.90 crt 0.22 merge 0.00)
live: bs level 19 batch              pool live 0.00 0.00 0.00 0.00 | window peak 0.00 0.00 0.00 0.00 | pool 0.00 0.00 0.00 0.00 GB per APU; peak/pool 0.0 %; MemAvailable 69.7 GB, Cached 0.6 GB
bs:   layout 0.000  batch 1.456  add+norm 0.000
bs: level 20 batch        54 pairs  max_nl   66826029  pool 111.11 GB  1.46 s  (batch 1.46: scatter 0.08 ntt 1.11 crt 0.25 merge 0.01)
live: bs level 20 batch              pool live 0.00 0.00 0.00 0.00 | window peak 0.00 0.00 0.00 0.00 | pool 0.00 0.00 0.00 0.00 GB per APU; peak/pool 0.0 %; MemAvailable 69.7 GB, Cached 0.6 GB
bs:   layout 0.000  batch 1.447  add+norm 0.000
bs: level 21 batch        27 pairs  max_nl  133625220  pool 111.11 GB  1.45 s  (batch 1.45: scatter 0.07 ntt 1.13 crt 0.23 merge 0.01)
live: bs level 21 batch              pool live 0.00 0.00 0.00 0.00 | window peak 0.00 0.00 0.00 0.00 | pool 0.00 0.00 0.00 0.00 GB per APU; peak/pool 0.0 %; MemAvailable 69.7 GB, Cached 0.6 GB
bs:   layout 0.000  batch 2.315  add+norm 0.000
bs: level 22 batch        14 pairs  max_nl  267142076  pool 111.11 GB  2.32 s  (batch 2.32: scatter 0.44 ntt 1.70 crt 0.27 merge 0.01)
live: bs level 22 batch              pool live 0.00 0.00 0.00 0.00 | window peak 0.00 0.00 0.00 0.00 | pool 0.00 0.00 0.00 0.00 GB per APU; peak/pool 0.0 %; MemAvailable 69.7 GB, Cached 0.6 GB
bs:   layout 0.000  batch 3.815  add+norm 0.001
bs: level 23 batch         7 pairs  max_nl  532940835  pool 111.11 GB  3.82 s  (batch 3.82: scatter 0.99 ntt 2.86 crt 0.92 merge 0.03)
live: bs level 23 batch              pool live 0.00 0.00 0.00 0.00 | window peak 0.00 0.00 0.00 0.00 | pool 0.00 0.00 0.00 0.00 GB per APU; peak/pool 0.0 %; MemAvailable 69.7 GB, Cached 0.6 GB
dbig pool: APU0 VMM arena: the background thread mapped chunks 0..39 in 14.57 s
dbig pool: APU1 VMM arena: the background thread mapped chunks 0..39 in 20.23 s
dbig pool: APU2 VMM arena: the background thread mapped chunks 0..39 in 22.76 s
dbig pool: APU3 VMM arena: the background thread mapped chunks 0..39 in 14.82 s
bs: level 24 mdev          3 pairs  max_nl 1059957327  pool 111.11 GB  6.00 s  (batch 0.00: scatter 0.00 ntt 0.00 crt 0.00 merge 0.00)
live: bs level 24 mdev               pool live 27.78 27.78 27.78 27.78 | window peak 27.78 27.78 27.78 27.78 | pool 85.90 85.90 85.90 85.90 GB per APU; peak/pool 32.3 %; MemAvailable 68.7 GB, Cached 0.6 GB
bs: level 25 mdev          2 pairs  max_nl 2110663620  pool 111.11 GB  12.61 s  (batch 0.00: scatter 0.00 ntt 0.00 crt 0.00 merge 0.00)
live: bs level 25 mdev               pool live 27.78 27.78 27.78 27.78 | window peak 39.77 39.77 39.77 39.77 | pool 85.90 85.90 85.90 85.90 GB per APU; peak/pool 46.3 %; MemAvailable 68.6 GB, Cached 0.6 GB
bs: level 26 mdev          1 pairs  max_nl 3997783611  pool 111.11 GB  27.92 s  (batch 0.00: scatter 0.00 ntt 0.00 crt 0.00 merge 0.00)
live: bs level 26 mdev               pool live 27.78 27.78 27.78 27.78 | window peak 45.81 45.81 45.81 45.81 | pool 85.90 85.90 85.90 85.90 GB per APU; peak/pool 53.3 %; MemAvailable 68.7 GB, Cached 0.6 GB
bs      103.96 s   N 12917386377, P 6944444448 limbs, Q 6944444448 limbs (seeds 19.9 school 0.0 batch 37.3 mdev 46.5; pool 122.0 GB; dev pools 0.0 GB)   VmRSS 9.1 GB, VmHWM 28.1 GB
RESULT ecalc bs s 103.956
mem [bs] device 447.3 GB in use (per APU 111.8..111.8): planes 103.1, regions 0.0, block pool 343.6 (donated 0.0, borrowed 343.6, hipMalloc 0.0; live 111.1, peak live 183.2, free 232.5), tables 0.61, other 0.0
mem [bs] host 9.1 GB RSS (HWM 28.1): staging 4.3 pinned, registered 0.1, X 0.0, digits 0.0, named 0.0, other 4.7
      I3: plane pool tails donated: 0.0 GB
live: recip(db) j 2 -> 4             pool live 69.44 69.44 69.44 69.44 | window peak 69.44 69.44 69.44 69.44 | pool 85.90 85.90 85.90 85.90 GB per APU; peak/pool 80.8 %; MemAvailable 70.8 GB, Cached 0.6 GB
live: recip(db) j 4 -> 7             pool live 69.44 69.44 69.44 69.44 | window peak 69.44 69.44 69.44 69.44 | pool 85.90 85.90 85.90 85.90 GB per APU; peak/pool 80.8 %; MemAvailable 70.8 GB, Cached 0.6 GB
live: recip(db) j 7 -> 13            pool live 69.44 69.44 69.44 69.44 | window peak 69.44 69.44 69.44 69.44 | pool 85.90 85.90 85.90 85.90 GB per APU; peak/pool 80.8 %; MemAvailable 70.8 GB, Cached 0.6 GB
live: recip(db) j 13 -> 26           pool live 69.44 69.44 69.44 69.44 | window peak 69.44 69.44 69.44 69.44 | pool 85.90 85.90 85.90 85.90 GB per APU; peak/pool 80.8 %; MemAvailable 70.8 GB, Cached 0.6 GB
live: recip(db) j 26 -> 52           pool live 69.44 69.44 69.44 69.44 | window peak 69.44 69.44 69.44 69.44 | pool 85.90 85.90 85.90 85.90 GB per APU; peak/pool 80.8 %; MemAvailable 70.8 GB, Cached 0.6 GB
live: recip(db) j 52 -> 104          pool live 69.44 69.44 69.44 69.44 | window peak 69.44 69.44 69.44 69.44 | pool 85.90 85.90 85.90 85.90 GB per APU; peak/pool 80.8 %; MemAvailable 70.8 GB, Cached 0.6 GB
live: recip(db) j 104 -> 207         pool live 69.44 69.44 69.44 69.44 | window peak 69.44 69.44 69.44 69.44 | pool 85.90 85.90 85.90 85.90 GB per APU; peak/pool 80.8 %; MemAvailable 70.8 GB, Cached 0.6 GB
live: recip(db) j 207 -> 414         pool live 69.44 69.44 69.44 69.44 | window peak 69.44 69.44 69.44 69.44 | pool 85.90 85.90 85.90 85.90 GB per APU; peak/pool 80.8 %; MemAvailable 70.8 GB, Cached 0.6 GB
live: recip(db) j 414 -> 828         pool live 69.44 69.44 69.44 69.44 | window peak 69.44 69.44 69.44 69.44 | pool 85.90 85.90 85.90 85.90 GB per APU; peak/pool 80.8 %; MemAvailable 70.8 GB, Cached 0.6 GB
live: recip(db) j 828 -> 1656        pool live 69.44 69.44 69.44 69.44 | window peak 69.44 69.44 69.44 69.44 | pool 85.90 85.90 85.90 85.90 GB per APU; peak/pool 80.8 %; MemAvailable 70.8 GB, Cached 0.6 GB
live: recip(db) j 1656 -> 3312       pool live 69.44 69.44 69.44 69.44 | window peak 69.44 69.44 69.44 69.44 | pool 85.90 85.90 85.90 85.90 GB per APU; peak/pool 80.8 %; MemAvailable 70.8 GB, Cached 0.6 GB
live: recip(db) j 3312 -> 6623       pool live 69.44 69.44 69.44 69.44 | window peak 69.44 69.44 69.44 69.44 | pool 85.90 85.90 85.90 85.90 GB per APU; peak/pool 80.8 %; MemAvailable 70.8 GB, Cached 0.6 GB
live: recip(db) j 6623 -> 13246      pool live 69.44 69.44 69.44 69.44 | window peak 69.44 69.44 69.44 69.44 | pool 85.90 85.90 85.90 85.90 GB per APU; peak/pool 80.8 %; MemAvailable 70.8 GB, Cached 0.6 GB
live: recip(db) j 13246 -> 26491     pool live 69.44 69.44 69.44 69.44 | window peak 69.44 69.44 69.44 69.44 | pool 85.90 85.90 85.90 85.90 GB per APU; peak/pool 80.8 %; MemAvailable 70.8 GB, Cached 0.6 GB
live: recip(db) j 26491 -> 52982     pool live 69.44 69.44 69.44 69.44 | window peak 69.44 69.44 69.44 69.44 | pool 85.90 85.90 85.90 85.90 GB per APU; peak/pool 80.8 %; MemAvailable 70.8 GB, Cached 0.6 GB
live: recip(db) j 52982 -> 105964    pool live 69.44 69.44 69.44 69.44 | window peak 69.44 69.44 69.44 69.44 | pool 85.90 85.90 85.90 85.90 GB per APU; peak/pool 80.8 %; MemAvailable 70.8 GB, Cached 0.6 GB
live: recip(db) j 105964 -> 211928   pool live 69.44 69.44 69.44 69.44 | window peak 69.44 69.44 69.44 69.44 | pool 85.90 85.90 85.90 85.90 GB per APU; peak/pool 80.8 %; MemAvailable 70.8 GB, Cached 0.6 GB
live: recip(db) j 211928 -> 423856   pool live 69.44 69.44 69.44 69.44 | window peak 69.44 69.44 69.44 69.44 | pool 85.90 85.90 85.90 85.90 GB per APU; peak/pool 80.8 %; MemAvailable 70.8 GB, Cached 0.6 GB
live: recip(db) j 423856 -> 847711   pool live 69.44 69.44 69.44 69.44 | window peak 69.44 69.44 69.44 69.44 | pool 85.90 85.90 85.90 85.90 GB per APU; peak/pool 80.8 %; MemAvailable 70.8 GB, Cached 0.6 GB
live: recip(db) j 847711 -> 1695422  pool live 69.44 69.44 69.44 69.44 | window peak 69.44 69.44 69.44 69.44 | pool 85.90 85.90 85.90 85.90 GB per APU; peak/pool 80.8 %; MemAvailable 70.8 GB, Cached 0.6 GB
live: recip(db) j 1695422 -> 3390843 pool live 69.44 69.44 69.44 69.44 | window peak 69.44 69.44 69.44 69.44 | pool 85.90 85.90 85.90 85.90 GB per APU; peak/pool 80.8 %; MemAvailable 70.7 GB, Cached 0.6 GB
live: recip(db) j 3390843 -> 6781685 pool live 69.44 69.44 69.44 69.44 | window peak 69.44 69.44 69.44 69.44 | pool 85.90 85.90 85.90 85.90 GB per APU; peak/pool 80.8 %; MemAvailable 70.7 GB, Cached 0.6 GB
live: recip(db) j 6781685 -> 13563369 pool live 69.44 69.44 69.44 69.44 | window peak 69.44 69.44 69.44 69.44 | pool 85.90 85.90 85.90 85.90 GB per APU; peak/pool 80.8 %; MemAvailable 70.7 GB, Cached 0.6 GB
live: recip(db) j 13563369 -> 27126737 pool live 69.44 69.44 69.44 69.44 | window peak 69.44 69.44 69.44 69.44 | pool 85.90 85.90 85.90 85.90 GB per APU; peak/pool 80.8 %; MemAvailable 70.7 GB, Cached 0.6 GB
live: recip(db) j 27126737 -> 54253473 pool live 69.44 69.44 69.44 69.44 | window peak 69.44 69.44 69.44 69.44 | pool 85.90 85.90 85.90 85.90 GB per APU; peak/pool 80.8 %; MemAvailable 70.7 GB, Cached 0.6 GB
live: recip(db) j 54253473 -> 108506945 pool live 69.44 69.44 69.44 69.44 | window peak 69.44 69.44 69.44 69.44 | pool 85.90 85.90 85.90 85.90 GB per APU; peak/pool 80.8 %; MemAvailable 70.7 GB, Cached 0.6 GB
live: recip(db) j 108506945 -> 217013889 pool live 69.44 69.44 69.44 69.44 | window peak 69.44 69.44 69.44 69.44 | pool 85.90 85.90 85.90 85.90 GB per APU; peak/pool 80.8 %; MemAvailable 70.7 GB, Cached 0.6 GB
live: recip(db) j 217013889 -> 434027778 pool live 69.44 69.44 69.44 69.44 | window peak 69.44 69.44 69.44 69.44 | pool 85.90 85.90 85.90 85.90 GB per APU; peak/pool 80.8 %; MemAvailable 70.7 GB, Cached 0.6 GB
live: recip(db) j 434027778 -> 868055556 pool live 69.44 69.44 69.44 69.44 | window peak 69.44 69.44 69.44 69.44 | pool 85.90 85.90 85.90 85.90 GB per APU; peak/pool 80.8 %; MemAvailable 70.7 GB, Cached 0.6 GB
newton(db) j 868055556 (k 6944444447): recip cut 0 pieces skipped, 3 formed in the step's two products
live: recip(db) j 868055556 -> 1736111112 pool live 69.44 69.44 69.44 69.44 | window peak 72.34 72.34 72.34 72.34 | pool 85.90 85.90 85.90 85.90 GB per APU; peak/pool 84.2 %; MemAvailable 70.7 GB, Cached 0.6 GB
newton(db) j 1736111112 (k 6944444447): recip cut 0 pieces skipped, 10 formed in the step's two products
live: recip(db) j 1736111112 -> 3472222224 pool live 69.44 69.44 69.44 69.44 | window peak 73.50 73.50 73.50 73.50 | pool 85.90 85.90 85.90 85.90 GB per APU; peak/pool 85.6 %; MemAvailable 70.7 GB, Cached 0.6 GB
   dist_db 6944444448 x 3472222225 limbs: 6 x 4 pieces of 1157407408 + 868055557, 18 formed, 6 skipped (low cut) (low product): 22.100 s (cache 0 slots: 0 hits, 0 misses)
   dist_db 3472222225 x 3472222224 limbs: 3 x 4 pieces of 1157407409 + 868055556, 9 formed, 3 skipped (low cut): 10.688 s (cache 0 slots: 0 hits, 0 misses)
newton(db) j 3472222224 (k 6944444447): recip cut 9 pieces skipped, 27 formed in the step's two products
live: recip(db) j 3472222224 -> 6944444447 pool live 69.44 69.44 69.44 69.44 | window peak 73.50 73.50 73.50 73.50 | pool 85.90 85.90 85.90 85.90 GB per APU; peak/pool 85.6 %; MemAvailable 70.8 GB, Cached 0.6 GB
recip    53.50 s   mu 6944444448 limbs (32 iterations, 0 mdev)   VmRSS 6.9 GB, VmHWM 28.1 GB
mem [recip] device 447.3 GB in use (per APU 111.8..111.8): planes 103.1, regions 0.0, block pool 343.6 (donated 0.0, borrowed 343.6, hipMalloc 0.0; live 166.7, peak live 294.0, free 176.9), tables 0.61, other 0.0
mem [recip] host 6.9 GB RSS (HWM 28.1): staging 0.0 pinned, registered 0.1, X 0.0, digits 0.0, named 0.0, other 6.9
      I3: P, Q residues by kernel 1.65 s (before the reciprocal), S = P + Q on device 0.18 s; no host A
10dP      0.18 s   T 6944444445 limbs, A 13888888893 limbs (0 mdev, 0 splits)   VmRSS 6.9 GB, VmHWM 28.1 GB
RESULT ecalc 10dP s 0.177688
   dist_db 6944444446 x 6944444447 limbs: 6 x 8 pieces of 1157407408 + 868055556, 31 formed, 17 skipped (low cut): 39.736 s (cache 0 slots: 0 hits, 0 misses)
  T2 window@50 ok
  T2 window@1000000 ok
  T2 window@100000000 ok
  T2 window@1000000000 ok
   dist_db 6944444446 x 6944444448 limbs: 6 x 8 pieces of 1157407408 + 868055556, 31 formed, 17 skipped (low product): 39.709 s (cache 0 slots: 0 hits, 0 misses)
live: divmod(dev) end                pool live 41.67 41.67 41.67 41.67 | window peak 73.50 73.50 73.50 73.50 | pool 85.90 85.90 85.90 85.90 GB per APU; peak/pool 85.6 %; MemAvailable 70.4 GB, Cached 0.6 GB
mem [division] device 447.3 GB in use (per APU 111.8..111.8): planes 103.1, regions 0.0, block pool 343.6 (donated 0.0, borrowed 343.6, hipMalloc 0.0; live 55.6, peak live 294.0, free 288.0), tables 0.61, other 0.0
mem [division] host 7.3 GB RSS (HWM 28.1): staging 0.0 pinned, registered 0.1, X 0.0, digits 0.0, named 0.0, other 7.3
dm      136.13 s   X 6944444446 limbs, R 0 limbs (recip 53.5 s; corrections 0/0; 0 mdev); X on the device   VmRSS 7.3 GB, VmHWM 28.1 GB
mem [dm] device 447.3 GB in use (per APU 111.8..111.8): planes 103.1, regions 0.0, block pool 343.6 (donated 0.0, borrowed 343.6, hipMalloc 0.0; live 55.6, peak live 294.0, free 288.0), tables 0.61, other 0.0
mem [dm] host 7.3 GB RSS (HWM 28.1): staging 0.0 pinned, registered 0.1, X 0.0, digits 0.0, named 0.0, other 7.3
RESULT ecalc dm s 136.128
  T1 q0=4611686018427388039: P ok, Q ok, T(P+Q) == XQ+R ok
  T1 q1=4611686018427388073: P ok, Q ok, T(P+Q) == XQ+R ok
  T1 q2=4611686018427388081: P ok, Q ok, T(P+Q) == XQ+R ok
  T1 q3=4611686018427388091: P ok, Q ok, T(P+Q) == XQ+R ok
  T1 q4=4611686018427388093: P ok, Q ok, T(P+Q) == XQ+R ok
  T1 q5=4611686018427388097: P ok, Q ok, T(P+Q) == XQ+R ok
  T1 q6=4611686018427388157: P ok, Q ok, T(P+Q) == XQ+R ok
  T1 q7=4611686018427388181: P ok, Q ok, T(P+Q) == XQ+R ok
T1        0.00 s   ok: T(P+Q) == XQ + R and P, Q mod q for 8 primes (P, Q recurrence overlapped with bs)
      overlapped with bs: P, Q mod q recurrence 14.04 s, block pool pregrown by 0 GB in 0.00 s
RESULT ecalc T1 s 1.925e-05
      VmRSS 7.3 GB before dc
total   260.31 s   (bs 104.0 + 10dP 0.2 + dm 136.1 + T1 0.0 + dc 0.0 + T2 0.0 = 240.3; init 19.8; other 0.3); VmHWM 28.1 GB
RESULT ecalc total s 260.314
RESULT ecalc phases s 240.261
RESULT ecalc other s 0.266225
RESULT ecalc vmhwm GB 28.0586
paper A22 (4e10): 285.7 = bs 112.2 + 10dP 12.6 + dm 46.8 + T1 ~3 + dc 110.3
      patch: X +0 after the formatting started (ECALC_CORR_PATCH): nothing to patch; 0 deferred windows; 0.002 s
  T1 q0: digits == X ok
  T1 q1: digits == X ok
  T1 q2: digits == X ok
  T1 q3: digits == X ok
  T1 q4: digits == X ok
  T1 q5: digits == X ok
  T1 q6: digits == X ok
  T1 q7: digits == X ok
dc        0.01 s   digits [0, 125000000011) of 125000000011 formatted from 6944444446 decimal limbs in 466 chunks (streamed with the low product; joined after total) (residues 0.85, format 0.73, digit residue 4.03, T2 0.29, fetch 1.88, waiting for the writer 0.00)
RESULT ecalc dc s 0.00544702
T2        0.00 s   windows ok (4 checked), digits == X mod q ok (overlapped)
RESULT ecalc T2 s 0
digits: 27182818284590452353602874713526624977572470936999595749669676...22443573310615312264
VERIFY OK
dbig pool: APU0 tail 28.21 GB: 3 large blocks from its back, 0 small blocks spilled into it
dbig pool: APU1 tail 28.21 GB: 3 large blocks from its back, 0 small blocks spilled into it
dbig pool: APU2 tail 28.21 GB: 3 large blocks from its back, 0 small blocks spilled into it
dbig pool: APU3 tail 28.21 GB: 3 large blocks from its back, 0 small blocks spilled into it
mem [end] device 103.7 GB in use (per APU 25.9..25.9): planes 103.1, regions 0.0, block pool 0.0 (donated 0.0, borrowed 0.0, hipMalloc 0.0; live 0.0, peak live 294.0, free 0.0), tables 0.61, other 0.0
mem [end] host 7.0 GB RSS (HWM 28.1): staging 0.0 pinned, registered 0.1, X 0.0, digits 0.0, named 0.0, other 6.9
mem summary: bytes in use at each phase boundary, GB (device: all APUs / largest APU; host: this process)
mem phase           device  maxAPU |  planes regions  pl:don  pl:bor  pl:hip pl:live pl:peak tables |    host staging  regist       X  digits   other     HWM
mem init             447.3   111.8 |   103.1   189.0     0.0   154.6     0.0     0.0     0.0   0.61 |    24.5    21.5     0.0     0.0     0.0     3.0    24.5
mem bs               447.3   111.8 |   103.1     0.0     0.0   343.6     0.0   111.1   183.2   0.61 |     9.1     4.3     0.1     0.0     0.0     4.7    28.1
mem recip            447.3   111.8 |   103.1     0.0     0.0   343.6     0.0   166.7   294.0   0.61 |     6.9     0.0     0.1     0.0     0.0     6.9    28.1
mem division         447.3   111.8 |   103.1     0.0     0.0   343.6     0.0    55.6   294.0   0.61 |     7.3     0.0     0.1     0.0     0.0     7.3    28.1
mem dm               447.3   111.8 |   103.1     0.0     0.0   343.6     0.0    55.6   294.0   0.61 |     7.3     0.0     0.1     0.0     0.0     7.3    28.1
mem end              103.7    25.9 |   103.1     0.0     0.0     0.0     0.0     0.0   294.0   0.61 |     7.0     0.0     0.1     0.0     0.0     6.9    28.1
dbig pool: APU0 VMM arena released (0 remaps of 0 chunks in 0.00 s, 0 growths of 0 chunks)
dbig pool: APU1 VMM arena released (0 remaps of 0 chunks in 0.00 s, 0 growths of 0 chunks)
dbig pool: APU2 VMM arena released (0 remaps of 0 chunks in 0.00 s, 0 growths of 0 chunks)
dbig pool: APU3 VMM arena released (0 remaps of 0 chunks in 0.00 s, 0 growths of 0 chunks)
rns_dist: RNS_STRATEGY=auto form B: C 138 products 109.88 s, B 67 products 6.13 s, B4 0 products 0.00 s; extra plane memory 0.00 GiB/APU (allocations 0.00 s)

real	4m22.686s
user	0m0.008s
sys	0m0.021s
