dbtrace: P 1
dbtrace: V 3 36507222016 2147483648 17 52 0
dbtrace: V 0 42949672960 2147483648 20 61 1
dbtrace: V 1 42949672960 2147483648 20 61 2
dbtrace: V 2 36507222016 2147483648 17 52 3
dbtrace: I 0 0 20537409536 1
dbtrace: I 1 0 20537409536 2
dbtrace: I 2 0 15403581440 3
dbtrace: I 3 0 13973323776 0
dbtrace: A 0 4031283200 0 1
dbtrace: A 1 4031283200 0 2
dbtrace: A 2 4031283200 0 3
dbtrace: A 3 4031283200 0 0
dbtrace: A 0 4031283200 4031283200 1
dbtrace: A 1 4031283200 4031283200 2
dbtrace: A 2 4031283200 4031283200 3
dbtrace: A 3 4031283200 4031283200 0
dbtrace: A 0 1524301824 8062566400 1
dbtrace: A 1 1524301824 8062566400 2
dbtrace: A 2 1524301824 8062566400 3
dbtrace: A 3 1524301824 8062566400 0
dbtrace: A 0 1524301824 9586868224 1
dbtrace: A 1 1524301824 9586868224 2
dbtrace: A 2 1524301824 9586868224 3
dbtrace: A 3 1524301824 9586868224 0
dbtrace: I 0 20537409536 22412263424 1
dbtrace: T 0 31662800896 11286872064 7052988800
dbtrace: I 1 20537409536 22412263424 2
dbtrace: T 1 31662800896 11286872064 7052988800
dbtrace: I 2 15403581440 21103640576 3
dbtrace: T 2 25220349952 11286872064 7052988800
dbtrace: I 3 13973323776 22533898240 0
dbtrace: T 3 25220349952 11286872064 7052988800
dbtrace: A 0 5555585024 11111170048 1
dbtrace: A 1 5555585024 11111170048 2
dbtrace: A 2 5555585024 11111170048 3
dbtrace: A 3 5555585024 11111170048 0
dbtrace: A 0 2868051968 16666755072 1
dbtrace: A 1 2868051968 16666755072 2
dbtrace: A 2 2868051968 16666755072 3
dbtrace: A 3 2868051968 16666755072 0
dbtrace: F 0 16666755072 2868051968
dbtrace: F 1 16666755072 2868051968
dbtrace: F 2 16666755072 2868051968
dbtrace: F 3 16666755072 2868051968
dbtrace: F 0 0 4031283200
dbtrace: F 1 0 4031283200
dbtrace: F 2 0 4031283200
dbtrace: F 3 0 4031283200
dbtrace: F 0 8062566400 1524301824
dbtrace: F 1 8062566400 1524301824
dbtrace: F 2 8062566400 1524301824
dbtrace: F 3 8062566400 1524301824
dbtrace: A 0 5555585024 16666755072 1
dbtrace: A 1 5555585024 16666755072 2
dbtrace: A 2 5555585024 16666755072 3
dbtrace: A 3 5555585024 16666755072 0
dbtrace: A 0 2868051968 0 1
dbtrace: A 1 2868051968 0 2
dbtrace: A 2 2868051968 22222340096 3
dbtrace: A 3 2868051968 22222340096 0
dbtrace: F 0 0 2868051968
dbtrace: F 1 0 2868051968
dbtrace: F 2 22222340096 2868051968
dbtrace: F 3 22222340096 2868051968
dbtrace: F 0 4031283200 4031283200
dbtrace: F 1 4031283200 4031283200
dbtrace: F 2 4031283200 4031283200
dbtrace: F 3 4031283200 4031283200
dbtrace: F 0 9586868224 1524301824
dbtrace: F 1 9586868224 1524301824
dbtrace: F 2 9586868224 1524301824
dbtrace: F 3 9586868224 1524301824
dbtrace: P 2
dbtrace: A 0 32768 22222340096 1
dbtrace: A 1 32768 22222340096 2
dbtrace: A 2 32768 22222340096 3
dbtrace: A 3 32768 22222340096 0
dbtrace: A 0 8333361152 34616311808 1
dbtrace: A 1 8333361152 34616311808 2
dbtrace: A 2 8333361152 28173860864 3
dbtrace: A 3 8333361152 28173860864 0
dbtrace: N 1
dbtrace: A 0 2777808896 31838502912 1
dbtrace: A 1 2777808896 31838502912 2
dbtrace: A 2 2777808896 25396051968 3
dbtrace: A 3 2777808896 25396051968 0
dbtrace: F 0 22222340096 32768
dbtrace: F 1 22222340096 32768
dbtrace: F 2 22222340096 32768
dbtrace: F 3 22222340096 32768
dbtrace: N 0
dbtrace: A 0 5555585024 22222340096 1
dbtrace: A 1 5555585024 22222340096 2
dbtrace: A 2 5555585024 0 3
dbtrace: A 3 5555585024 0 0
dbtrace: A 0 4166680576 0 1
dbtrace: A 1 4166680576 0 2
dbtrace: A 2 4166680576 5555585024 3
dbtrace: A 3 4166680576 5555585024 0
dbtrace: F 0 0 4166680576
dbtrace: F 1 0 4166680576
dbtrace: F 2 5555585024 4166680576
dbtrace: F 3 5555585024 4166680576
dbtrace: A 0 4166680576 0 1
dbtrace: A 1 4166680576 0 2
dbtrace: A 2 4166680576 5555585024 3
dbtrace: A 3 4166680576 5555585024 0
dbtrace: F 0 0 4166680576
dbtrace: F 1 0 4166680576
dbtrace: F 2 5555585024 4166680576
dbtrace: F 3 5555585024 4166680576
dbtrace: F 0 31838502912 2777808896
dbtrace: F 1 31838502912 2777808896
dbtrace: F 2 25396051968 2777808896
dbtrace: F 3 25396051968 2777808896
dbtrace: F 0 34616311808 8333361152
dbtrace: F 1 34616311808 8333361152
dbtrace: F 2 28173860864 8333361152
dbtrace: F 3 28173860864 8333361152
dbtrace: A 0 5555585024 0 1
dbtrace: A 1 5555585024 0 2
dbtrace: A 2 5555585024 5555585024 3
dbtrace: A 3 5555585024 5555585024 0
dbtrace: F 0 22222340096 5555585024
dbtrace: F 1 22222340096 5555585024
dbtrace: F 2 0 5555585024
dbtrace: F 3 0 5555585024
dbtrace: A 0 11111137280 31838535680 1
dbtrace: A 1 11111137280 31838535680 2
dbtrace: A 2 11111137280 25396084736 3
dbtrace: A 3 11111137280 25396084736 0
dbtrace: A 0 4166680576 5555585024 1
dbtrace: A 1 4166680576 5555585024 2
dbtrace: A 2 4166680576 0 3
dbtrace: A 3 4166680576 0 0
dbtrace: F 0 5555585024 4166680576
dbtrace: F 1 5555585024 4166680576
dbtrace: F 2 0 4166680576
dbtrace: F 3 0 4166680576
dbtrace: F 0 0 5555585024
dbtrace: F 1 0 5555585024
dbtrace: F 2 5555585024 5555585024
dbtrace: F 3 5555585024 5555585024
dbtrace: A 0 5555585024 22222340096 1
dbtrace: A 1 5555585024 22222340096 2
dbtrace: A 2 5555585024 0 3
dbtrace: A 3 5555585024 0 0
dbtrace: F 0 31838535680 11111137280
dbtrace: F 1 31838535680 11111137280
dbtrace: F 2 25396084736 11111137280
dbtrace: F 3 25396084736 11111137280
dbtrace: A 0 5555585024 0 1
dbtrace: A 1 5555585024 0 2
dbtrace: A 2 5555585024 5555585024 3
dbtrace: A 3 5555585024 5555585024 0
dbtrace: F 0 11111170048 5555585024
dbtrace: F 1 11111170048 5555585024
dbtrace: F 2 11111170048 5555585024
dbtrace: F 3 11111170048 5555585024
dbtrace: A 0 11111137280 31838535680 1
dbtrace: A 1 11111137280 31838535680 2
dbtrace: A 2 11111137280 25396084736 3
dbtrace: A 3 11111137280 25396084736 0
dbtrace: A 0 4166680576 5555585024 1
dbtrace: A 1 4166680576 5555585024 2
dbtrace: A 2 4166680576 11111170048 3
dbtrace: A 3 4166680576 11111170048 0
dbtrace: F 0 5555585024 4166680576
dbtrace: F 1 5555585024 4166680576
dbtrace: F 2 11111170048 4166680576
dbtrace: F 3 11111170048 4166680576
dbtrace: F 0 31838535680 11111137280
dbtrace: F 1 31838535680 11111137280
dbtrace: F 2 25396084736 11111137280
dbtrace: F 3 25396084736 11111137280
dbtrace: F 0 0 5555585024
dbtrace: F 1 0 5555585024
dbtrace: F 2 5555585024 5555585024
dbtrace: F 3 5555585024 5555585024
dbtrace: F 0 16666755072 5555585024
dbtrace: F 1 16666755072 5555585024
dbtrace: F 2 16666755072 5555585024
dbtrace: F 3 16666755072 5555585024
dbtrace: F 0 22222340096 5555585024
dbtrace: F 1 22222340096 5555585024
dbtrace: F 2 0 5555585024
dbtrace: F 3 0 5555585024
