dbtrace: P 1
dbtrace: V 3 49392123904 2147483648 23 70 0
dbtrace: V 0 49392123904 2147483648 23 70 1
dbtrace: V 2 49392123904 2147483648 23 70 2
dbtrace: V 1 49392123904 2147483648 23 70 3
dbtrace: I 0 0 20235419648 1
dbtrace: I 1 0 20235419648 3
dbtrace: I 2 0 20235419648 2
dbtrace: I 3 0 19235078144 0
dbtrace: A 0 3977641984 0 1
dbtrace: A 1 3977641984 0 3
dbtrace: A 2 3977641984 0 2
dbtrace: A 3 3977641984 0 0
dbtrace: A 0 3977641984 3977641984 1
dbtrace: A 1 3977641984 3977641984 3
dbtrace: A 2 3977641984 3977641984 2
dbtrace: A 3 3977641984 3977641984 0
dbtrace: A 0 3800170496 7955283968 1
dbtrace: A 1 3800170496 7955283968 3
dbtrace: A 2 3800170496 7955283968 2
dbtrace: A 3 3800170496 7955283968 0
dbtrace: A 0 3800170496 11755454464 1
dbtrace: A 1 3800170496 11755454464 3
dbtrace: A 2 3800170496 11755454464 2
dbtrace: A 3 3800170496 11755454464 0
dbtrace: I 0 20235419648 29156704256 1
dbtrace: T 0 33592180736 15799943168 9874155200
dbtrace: I 1 20235419648 29156704256 3
dbtrace: T 1 33592180736 15799943168 9874155200
dbtrace: I 2 20235419648 29156704256 2
dbtrace: T 2 33592180736 15799943168 9874155200
dbtrace: I 3 19235078144 30157045760 0
dbtrace: T 3 33592180736 15799943168 9874155200
dbtrace: A 0 7777779712 15555624960 1
dbtrace: A 1 7777779712 15555624960 3
dbtrace: A 2 7777779712 15555624960 2
dbtrace: A 3 7777779712 15555624960 0
dbtrace: A 0 3888906240 23333404672 1
dbtrace: A 1 3888906240 23333404672 3
dbtrace: A 2 3888906240 23333404672 2
dbtrace: A 3 3888906240 23333404672 0
dbtrace: F 0 23333404672 3888906240
dbtrace: F 1 23333404672 3888906240
dbtrace: F 2 23333404672 3888906240
dbtrace: F 3 23333404672 3888906240
dbtrace: F 0 0 3977641984
dbtrace: F 1 0 3977641984
dbtrace: F 2 0 3977641984
dbtrace: F 3 0 3977641984
dbtrace: F 0 7955283968 3800170496
dbtrace: F 1 7955283968 3800170496
dbtrace: F 2 7955283968 3800170496
dbtrace: F 3 7955283968 3800170496
dbtrace: A 0 7777779712 23333404672 1
dbtrace: A 1 7777779712 23333404672 3
dbtrace: A 2 7777779712 23333404672 2
dbtrace: A 3 7777779712 23333404672 0
dbtrace: A 0 3888906240 0 1
dbtrace: A 1 3888906240 0 3
dbtrace: A 2 3888906240 0 2
dbtrace: A 3 3888906240 0 0
dbtrace: F 0 0 3888906240
dbtrace: F 1 0 3888906240
dbtrace: F 2 0 3888906240
dbtrace: F 3 0 3888906240
dbtrace: F 0 3977641984 3977641984
dbtrace: F 1 3977641984 3977641984
dbtrace: F 2 3977641984 3977641984
dbtrace: F 3 3977641984 3977641984
dbtrace: F 0 11755454464 3800170496
dbtrace: F 1 11755454464 3800170496
dbtrace: F 2 11755454464 3800170496
dbtrace: F 3 11755454464 3800170496
dbtrace: P 2
dbtrace: A 0 32768 31111184384 1
dbtrace: A 1 32768 31111184384 3
dbtrace: A 2 32768 31111184384 2
dbtrace: A 3 32768 31111184384 0
dbtrace: A 0 11666685952 37725437952 1
dbtrace: A 1 11666685952 37725437952 3
dbtrace: A 2 11666685952 37725437952 2
dbtrace: A 3 11666685952 37725437952 0
dbtrace: N 1
dbtrace: A 0 3888906240 33836531712 1
dbtrace: A 1 3888906240 33836531712 3
dbtrace: A 2 3888906240 33836531712 2
dbtrace: A 3 3888906240 33836531712 0
dbtrace: F 0 31111184384 32768
dbtrace: F 1 31111184384 32768
dbtrace: F 2 31111184384 32768
dbtrace: F 3 31111184384 32768
dbtrace: N 0
dbtrace: A 0 7777779712 0 1
dbtrace: A 1 7777779712 0 3
dbtrace: A 2 7777779712 0 2
dbtrace: A 3 7777779712 0 0
dbtrace: A 0 3888906240 7777779712 1
dbtrace: A 1 3888906240 7777779712 3
dbtrace: A 2 3888906240 7777779712 2
dbtrace: A 3 3888906240 7777779712 0
dbtrace: F 0 7777779712 3888906240
dbtrace: F 1 7777779712 3888906240
dbtrace: F 2 7777779712 3888906240
dbtrace: F 3 7777779712 3888906240
dbtrace: A 0 3888906240 7777779712 1
dbtrace: A 1 3888906240 7777779712 3
dbtrace: A 2 3888906240 7777779712 2
dbtrace: A 3 3888906240 7777779712 0
dbtrace: F 0 7777779712 3888906240
dbtrace: F 1 7777779712 3888906240
dbtrace: F 2 7777779712 3888906240
dbtrace: F 3 7777779712 3888906240
dbtrace: A 0 3888906240 7777779712 1
dbtrace: A 1 3888906240 7777779712 3
dbtrace: A 2 3888906240 7777779712 2
dbtrace: A 3 3888906240 7777779712 0
dbtrace: F 0 7777779712 3888906240
dbtrace: F 1 7777779712 3888906240
dbtrace: F 2 7777779712 3888906240
dbtrace: F 3 7777779712 3888906240
dbtrace: F 0 33836531712 3888906240
dbtrace: F 1 33836531712 3888906240
dbtrace: F 2 33836531712 3888906240
dbtrace: F 3 33836531712 3888906240
dbtrace: F 0 37725437952 11666685952
dbtrace: F 1 37725437952 11666685952
dbtrace: F 2 37725437952 11666685952
dbtrace: F 3 37725437952 11666685952
dbtrace: A 0 7777779712 7777779712 1
dbtrace: A 1 7777779712 7777779712 3
dbtrace: A 2 7777779712 7777779712 2
dbtrace: A 3 7777779712 7777779712 0
dbtrace: F 0 0 7777779712
dbtrace: F 1 0 7777779712
dbtrace: F 2 0 7777779712
dbtrace: F 3 0 7777779712
dbtrace: A 0 15555559424 33836564480 1
dbtrace: A 1 15555559424 33836564480 3
dbtrace: A 2 15555559424 33836564480 2
dbtrace: A 3 15555559424 33836564480 0
dbtrace: A 0 4148166656 0 1
dbtrace: A 1 4148166656 0 3
dbtrace: A 2 4148166656 0 2
dbtrace: A 3 4148166656 0 0
dbtrace: F 0 0 4148166656
dbtrace: F 1 0 4148166656
dbtrace: F 2 0 4148166656
dbtrace: F 3 0 4148166656
dbtrace: F 0 7777779712 7777779712
dbtrace: F 1 7777779712 7777779712
dbtrace: F 2 7777779712 7777779712
dbtrace: F 3 7777779712 7777779712
dbtrace: A 0 7777779712 0 1
dbtrace: A 1 7777779712 0 3
dbtrace: A 2 7777779712 0 2
dbtrace: A 3 7777779712 0 0
dbtrace: F 0 33836564480 15555559424
dbtrace: F 1 33836564480 15555559424
dbtrace: F 2 33836564480 15555559424
dbtrace: F 3 33836564480 15555559424
dbtrace: A 0 7777779712 7777779712 1
dbtrace: A 1 7777779712 7777779712 3
dbtrace: A 2 7777779712 7777779712 2
dbtrace: A 3 7777779712 7777779712 0
dbtrace: F 0 15555624960 7777779712
dbtrace: F 1 15555624960 7777779712
dbtrace: F 2 15555624960 7777779712
dbtrace: F 3 15555624960 7777779712
dbtrace: A 0 15555559424 33836564480 1
dbtrace: A 1 15555559424 33836564480 3
dbtrace: A 2 15555559424 33836564480 2
dbtrace: A 3 15555559424 33836564480 0
dbtrace: A 0 4148166656 15555559424 1
dbtrace: A 1 4148166656 15555559424 3
dbtrace: A 2 4148166656 15555559424 2
dbtrace: A 3 4148166656 15555559424 0
dbtrace: F 0 15555559424 4148166656
dbtrace: F 1 15555559424 4148166656
dbtrace: F 2 15555559424 4148166656
dbtrace: F 3 15555559424 4148166656
dbtrace: F 0 33836564480 15555559424
dbtrace: F 1 33836564480 15555559424
dbtrace: F 2 33836564480 15555559424
dbtrace: F 3 33836564480 15555559424
dbtrace: F 0 7777779712 7777779712
dbtrace: F 1 7777779712 7777779712
dbtrace: F 2 7777779712 7777779712
dbtrace: F 3 7777779712 7777779712
dbtrace: F 0 23333404672 7777779712
dbtrace: F 1 23333404672 7777779712
dbtrace: F 2 23333404672 7777779712
dbtrace: F 3 23333404672 7777779712
dbtrace: F 0 0 7777779712
dbtrace: F 1 0 7777779712
dbtrace: F 2 0 7777779712
dbtrace: F 3 0 7777779712
