== ecalc: e to 100000000000 digits (decimal limbs, base 10^18) [computed to the next multiple of 18] ==
META bench=ecalc host=ppac-pl1-s24-30 date=2026-09-26T17:36:18 pool_log=31 stg=7 pw_fuse=14 body=1 engine=1 base=10^18
ECALC_PLANE_CAP: 2^31 points (POOL_LOG=31 RNS_PLANES_3Q30=0 DIST_LOGN_TEST=31)
rns_init: three primes (ECALC_NP=3): c 2^44 + 1, c = 240, 216, 207; at most 58424467928 terms per product
bs: arenas 255.3 GB allocated in 9.93 s (layout pass 0.36 s; dm extra 18.0 GB, tails 90.3 GB)
      init: region pools 10.29 s (inside rns_init, before the plane pools: the seeds stream into them)
      init: rns_init 16.83 s, region pools 0.00 s, the rest 0.00 s
RESULT ecalc init s 16.8258
      VmRSS 24.5 GB after init (staging 4.3 GB pinned + device regions 255 GB); init 16.8 s
mem [init] device 485.7 GB in use (per APU 119.8..122.0): planes 103.1, regions 255.3, block pool 126.7 (donated 0.0, borrowed 126.7, hipMalloc 0.0; live 0.0, peak live 0.0, free 0.0), tables 0.61, other 0.0
mem [init] host 24.5 GB RSS (HWM 24.5): staging 21.5 pinned, registered 0.0, X 0.0, digits 0.0, named 0.0, other 3.0
bs: seeds were computed during init (25.37 s: buffers 1.47 + 0.16, spans 15.58, waited 5.34 for the regions, 0.67 for the DMA, 2.15 issuing it (max 0.87); 12 chunks of 8191 MB, 12 through a buffer, the rest stored into the regions)
bs: 10433891470 terms, 62106497 spans of 168, seeds 14.83 s (waiting for the init thread)
bs:   layout 1.151  batch 5.318  add+norm 0.598
bs: level  1 batch  31053248 pairs  max_nl         94  pool  89.51 GB  7.07 s  (batch 3.91: scatter 0.38 ntt 1.92 crt 0.22 merge 0.19)
live: bs level 1 batch               pool live 0.00 0.00 0.00 0.00 | window peak 0.00 0.00 0.00 0.00 | pool 0.60 0.60 0.60 0.60 GB per APU; peak/pool 0.0 %; MemAvailable 152.8 GB, Cached 0.6 GB
bs:   layout 0.717  batch 2.690  add+norm 0.151
bs: level  2 batch  15526624 pairs  max_nl        188  pool  89.19 GB  3.56 s  (batch 1.93: scatter 0.19 ntt 0.94 crt 0.19 merge 0.09)
live: bs level 2 batch               pool live 0.00 0.00 0.00 0.00 | window peak 0.00 0.00 0.00 0.00 | pool 0.60 0.60 0.60 0.60 GB per APU; peak/pool 0.0 %; MemAvailable 155.3 GB, Cached 0.6 GB
bs:   layout 0.342  batch 1.359  add+norm 0.043
bs: level  3 batch   7763312 pairs  max_nl        375  pool  89.04 GB  1.74 s  (batch 0.99: scatter 0.09 ntt 0.46 crt 0.18 merge 0.03)
live: bs level 3 batch               pool live 0.00 0.00 0.00 0.00 | window peak 0.00 0.00 0.00 0.00 | pool 0.60 0.60 0.60 0.60 GB per APU; peak/pool 0.0 %; MemAvailable 156.6 GB, Cached 0.6 GB
bs:   layout 0.161  batch 1.051  add+norm 0.021
bs: level  4 batch   3881656 pairs  max_nl        749  pool  88.97 GB  1.23 s  (batch 0.87: scatter 0.09 ntt 0.49 crt 0.17 merge 0.01)
live: bs level 4 batch               pool live 0.00 0.00 0.00 0.00 | window peak 0.00 0.00 0.00 0.00 | pool 0.60 0.60 0.60 0.60 GB per APU; peak/pool 0.0 %; MemAvailable 157.3 GB, Cached 0.6 GB
bs:   layout 0.050  batch 0.944  add+norm 0.012
bs: level  5 batch   1940828 pairs  max_nl       1497  pool  88.93 GB  1.01 s  (batch 0.85: scatter 0.07 ntt 0.55 crt 0.17 merge 0.01)
live: bs level 5 batch               pool live 0.00 0.00 0.00 0.00 | window peak 0.00 0.00 0.00 0.00 | pool 0.60 0.60 0.60 0.60 GB per APU; peak/pool 0.0 %; MemAvailable 157.6 GB, Cached 0.6 GB
bs:   layout 0.025  batch 0.895  add+norm 0.006
bs: level  6 batch    970414 pairs  max_nl       2993  pool  88.91 GB  0.93 s  (batch 0.85: scatter 0.07 ntt 0.58 crt 0.17 merge 0.01)
live: bs level 6 batch               pool live 0.00 0.00 0.00 0.00 | window peak 0.00 0.00 0.00 0.00 | pool 0.60 0.60 0.60 0.60 GB per APU; peak/pool 0.0 %; MemAvailable 157.7 GB, Cached 0.6 GB
bs:   layout 0.014  batch 0.905  add+norm 0.004
bs: level  7 batch    485207 pairs  max_nl       5985  pool  88.90 GB  0.92 s  (batch 0.88: scatter 0.07 ntt 0.60 crt 0.17 merge 0.04)
live: bs level 7 batch               pool live 0.00 0.00 0.00 0.00 | window peak 0.00 0.00 0.00 0.00 | pool 0.60 0.60 0.60 0.60 GB per APU; peak/pool 0.0 %; MemAvailable 157.7 GB, Cached 0.6 GB
bs:   layout 0.009  batch 0.954  add+norm 0.002
bs: level  8 batch    242604 pairs  max_nl      11969  pool  88.89 GB  0.97 s  (batch 0.94: scatter 0.07 ntt 0.69 crt 0.17 merge 0.01)
live: bs level 8 batch               pool live 0.00 0.00 0.00 0.00 | window peak 0.00 0.00 0.00 0.00 | pool 0.60 0.60 0.60 0.60 GB per APU; peak/pool 0.0 %; MemAvailable 157.7 GB, Cached 0.6 GB
bs:   layout 0.003  batch 0.962  add+norm 0.001
bs: level  9 batch    121302 pairs  max_nl      23938  pool  88.89 GB  0.97 s  (batch 0.96: scatter 0.06 ntt 0.71 crt 0.18 merge 0.00)
live: bs level 9 batch               pool live 0.00 0.00 0.00 0.00 | window peak 0.00 0.00 0.00 0.00 | pool 0.60 0.60 0.60 0.60 GB per APU; peak/pool 0.0 %; MemAvailable 157.7 GB, Cached 0.6 GB
bs:   layout 0.003  batch 1.002  add+norm 0.000
bs: level 10 batch     60651 pairs  max_nl      47875  pool  88.89 GB  1.00 s  (batch 1.00: scatter 0.06 ntt 0.75 crt 0.18 merge 0.00)
live: bs level 10 batch              pool live 0.00 0.00 0.00 0.00 | window peak 0.00 0.00 0.00 0.00 | pool 0.60 0.60 0.60 0.60 GB per APU; peak/pool 0.0 %; MemAvailable 157.8 GB, Cached 0.6 GB
bs:   layout 0.002  batch 1.017  add+norm 0.000
bs: level 11 batch     30325 pairs  max_nl      95750  pool  88.89 GB  1.02 s  (batch 1.02: scatter 0.06 ntt 0.74 crt 0.20 merge 0.00)
live: bs level 11 batch              pool live 0.00 0.00 0.00 0.00 | window peak 0.00 0.00 0.00 0.00 | pool 0.60 0.60 0.60 0.60 GB per APU; peak/pool 0.0 %; MemAvailable 157.7 GB, Cached 0.6 GB
bs:   layout 0.001  batch 0.968  add+norm 0.000
bs: level 12 batch     15163 pairs  max_nl     191500  pool  88.89 GB  0.97 s  (batch 0.97: scatter 0.06 ntt 0.70 crt 0.20 merge 0.00)
live: bs level 12 batch              pool live 0.00 0.00 0.00 0.00 | window peak 0.00 0.00 0.00 0.00 | pool 0.60 0.60 0.60 0.60 GB per APU; peak/pool 0.0 %; MemAvailable 157.7 GB, Cached 0.6 GB
bs:   layout 0.001  batch 0.991  add+norm 0.000
bs: level 13 batch      7581 pairs  max_nl     382998  pool  88.89 GB  0.99 s  (batch 0.99: scatter 0.06 ntt 0.72 crt 0.20 merge 0.00)
live: bs level 13 batch              pool live 0.00 0.00 0.00 0.00 | window peak 0.00 0.00 0.00 0.00 | pool 0.60 0.60 0.60 0.60 GB per APU; peak/pool 0.0 %; MemAvailable 157.7 GB, Cached 0.6 GB
bs:   layout 0.000  batch 1.026  add+norm 0.000
bs: level 14 batch      3791 pairs  max_nl     765994  pool  88.89 GB  1.03 s  (batch 1.03: scatter 0.06 ntt 0.76 crt 0.20 merge 0.00)
live: bs level 14 batch              pool live 0.00 0.00 0.00 0.00 | window peak 0.00 0.00 0.00 0.00 | pool 0.60 0.60 0.60 0.60 GB per APU; peak/pool 0.0 %; MemAvailable 157.7 GB, Cached 0.6 GB
bs:   layout 0.000  batch 1.205  add+norm 0.000
bs: level 15 batch      1895 pairs  max_nl    1531974  pool  88.89 GB  1.21 s  (batch 1.20: scatter 0.06 ntt 0.92 crt 0.22 merge 0.00)
live: bs level 15 batch              pool live 0.00 0.00 0.00 0.00 | window peak 0.00 0.00 0.00 0.00 | pool 0.60 0.60 0.60 0.60 GB per APU; peak/pool 0.0 %; MemAvailable 157.7 GB, Cached 0.6 GB
bs:   layout 0.000  batch 1.227  add+norm 0.000
bs: level 16 batch       948 pairs  max_nl    3063930  pool  88.89 GB  1.23 s  (batch 1.23: scatter 0.06 ntt 0.94 crt 0.22 merge 0.00)
live: bs level 16 batch              pool live 0.00 0.00 0.00 0.00 | window peak 0.00 0.00 0.00 0.00 | pool 0.60 0.60 0.60 0.60 GB per APU; peak/pool 0.0 %; MemAvailable 157.7 GB, Cached 0.6 GB
bs:   layout 0.000  batch 1.272  add+norm 0.000
bs: level 17 batch       474 pairs  max_nl    6127649  pool  88.89 GB  1.27 s  (batch 1.27: scatter 0.06 ntt 0.98 crt 0.23 merge 0.00)
live: bs level 17 batch              pool live 0.00 0.00 0.00 0.00 | window peak 0.00 0.00 0.00 0.00 | pool 0.60 0.60 0.60 0.60 GB per APU; peak/pool 0.0 %; MemAvailable 157.7 GB, Cached 0.6 GB
bs:   layout 0.000  batch 1.224  add+norm 0.000
bs: level 18 batch       237 pairs  max_nl   12254454  pool  88.89 GB  1.22 s  (batch 1.22: scatter 0.06 ntt 0.98 crt 0.19 merge 0.00)
live: bs level 18 batch              pool live 0.00 0.00 0.00 0.00 | window peak 0.00 0.00 0.00 0.00 | pool 0.60 0.60 0.60 0.60 GB per APU; peak/pool 0.0 %; MemAvailable 157.7 GB, Cached 0.6 GB
bs:   layout 0.000  batch 1.268  add+norm 0.000
bs: level 19 batch       118 pairs  max_nl   24505529  pool  88.89 GB  1.27 s  (batch 1.27: scatter 0.07 ntt 1.01 crt 0.19 merge 0.00)
live: bs level 19 batch              pool live 0.00 0.00 0.00 0.00 | window peak 0.00 0.00 0.00 0.00 | pool 0.60 0.60 0.60 0.60 GB per APU; peak/pool 0.0 %; MemAvailable 157.7 GB, Cached 0.6 GB
bs:   layout 0.000  batch 1.234  add+norm 0.000
bs: level 20 batch        59 pairs  max_nl   49006535  pool  88.89 GB  1.23 s  (batch 1.23: scatter 0.06 ntt 0.98 crt 0.19 merge 0.00)
live: bs level 20 batch              pool live 0.00 0.00 0.00 0.00 | window peak 0.00 0.00 0.00 0.00 | pool 0.60 0.60 0.60 0.60 GB per APU; peak/pool 0.0 %; MemAvailable 157.7 GB, Cached 0.6 GB
bs:   layout 0.000  batch 1.362  add+norm 0.000
bs: level 21 batch        30 pairs  max_nl   97994906  pool  88.89 GB  1.36 s  (batch 1.36: scatter 0.07 ntt 1.08 crt 0.20 merge 0.01)
live: bs level 21 batch              pool live 0.00 0.00 0.00 0.00 | window peak 0.00 0.00 0.00 0.00 | pool 0.60 0.60 0.60 0.60 GB per APU; peak/pool 0.0 %; MemAvailable 157.7 GB, Cached 0.6 GB
bs:   layout 0.000  batch 2.143  add+norm 0.000
bs: level 22 batch        15 pairs  max_nl  195768671  pool  88.89 GB  2.14 s  (batch 2.14: scatter 0.33 ntt 1.65 crt 0.22 merge 0.01)
live: bs level 22 batch              pool live 0.00 0.00 0.00 0.00 | window peak 0.00 0.00 0.00 0.00 | pool 0.60 0.60 0.60 0.60 GB per APU; peak/pool 0.0 %; MemAvailable 157.7 GB, Cached 0.6 GB
bs:   layout 0.000  batch 2.765  add+norm 0.087
bs: level 23 batch         7 pairs  max_nl  390615115  pool  88.89 GB  2.85 s  (batch 2.76: scatter 0.60 ntt 2.09 crt 0.67 merge 0.01)
live: bs level 23 batch              pool live 0.00 0.00 0.00 0.00 | window peak 0.00 0.00 0.00 0.00 | pool 0.60 0.60 0.60 0.60 GB per APU; peak/pool 0.0 %; MemAvailable 157.7 GB, Cached 0.6 GB
bs: level 24 mdev          4 pairs  max_nl  779921147  pool  88.89 GB  5.22 s  (batch 0.00: scatter 0.00 ntt 0.00 crt 0.00 merge 0.00)
live: bs level 24 mdev               pool live 22.22 22.22 22.22 22.22 | window peak 22.22 22.22 22.22 22.22 | pool 64.42 64.42 64.42 64.42 GB per APU; peak/pool 34.5 %; MemAvailable 156.8 GB, Cached 0.6 GB
bs: level 25 mdev          2 pairs  max_nl 1541608478  pool  88.89 GB  9.85 s  (batch 0.00: scatter 0.00 ntt 0.00 crt 0.00 merge 0.00)
live: bs level 25 mdev               pool live 22.22 22.22 22.22 22.22 | window peak 30.98 30.98 30.98 30.98 | pool 64.42 64.42 64.42 64.42 GB per APU; peak/pool 48.1 %; MemAvailable 156.8 GB, Cached 0.6 GB
bs: level 26 mdev          1 pairs  max_nl 2917774976  pool  88.89 GB  19.41 s  (batch 0.00: scatter 0.00 ntt 0.00 crt 0.00 merge 0.00)
live: bs level 26 mdev               pool live 22.22 22.22 22.22 22.22 | window peak 36.55 36.55 36.55 36.55 | pool 64.42 64.42 64.42 64.42 GB per APU; peak/pool 56.7 %; MemAvailable 156.8 GB, Cached 0.6 GB
bs       86.67 s   N 10433891470, P 5555555560 limbs, Q 5555555560 limbs (seeds 14.8 school 0.0 batch 37.2 mdev 34.5; pool 99.4 GB; dev pools 0.0 GB)   VmRSS 8.9 GB, VmHWM 28.3 GB
RESULT ecalc bs s 86.6698
mem [bs] device 361.4 GB in use (per APU 90.3..90.3): planes 103.1, regions 0.0, block pool 257.7 (donated 0.0, borrowed 257.7, hipMalloc 0.0; live 88.9, peak live 146.2, free 168.8), tables 0.61, other 0.0
mem [bs] host 8.9 GB RSS (HWM 28.3): staging 4.3 pinned, registered 0.1, X 0.0, digits 0.0, named 0.0, other 4.6
      I3: plane pool tails donated: 0.0 GB
live: recip(db) j 2 -> 3             pool live 55.56 55.56 55.56 55.56 | window peak 55.56 55.56 55.56 55.56 | pool 64.42 64.42 64.42 64.42 GB per APU; peak/pool 86.2 %; MemAvailable 158.9 GB, Cached 0.6 GB
live: recip(db) j 3 -> 6             pool live 55.56 55.56 55.56 55.56 | window peak 55.56 55.56 55.56 55.56 | pool 64.42 64.42 64.42 64.42 GB per APU; peak/pool 86.2 %; MemAvailable 158.9 GB, Cached 0.6 GB
live: recip(db) j 6 -> 11            pool live 55.56 55.56 55.56 55.56 | window peak 55.56 55.56 55.56 55.56 | pool 64.42 64.42 64.42 64.42 GB per APU; peak/pool 86.2 %; MemAvailable 158.9 GB, Cached 0.6 GB
live: recip(db) j 11 -> 21           pool live 55.56 55.56 55.56 55.56 | window peak 55.56 55.56 55.56 55.56 | pool 64.42 64.42 64.42 64.42 GB per APU; peak/pool 86.2 %; MemAvailable 158.9 GB, Cached 0.6 GB
live: recip(db) j 21 -> 42           pool live 55.56 55.56 55.56 55.56 | window peak 55.56 55.56 55.56 55.56 | pool 64.42 64.42 64.42 64.42 GB per APU; peak/pool 86.2 %; MemAvailable 158.9 GB, Cached 0.6 GB
live: recip(db) j 42 -> 83           pool live 55.56 55.56 55.56 55.56 | window peak 55.56 55.56 55.56 55.56 | pool 64.42 64.42 64.42 64.42 GB per APU; peak/pool 86.2 %; MemAvailable 158.9 GB, Cached 0.6 GB
live: recip(db) j 83 -> 166          pool live 55.56 55.56 55.56 55.56 | window peak 55.56 55.56 55.56 55.56 | pool 64.42 64.42 64.42 64.42 GB per APU; peak/pool 86.2 %; MemAvailable 158.9 GB, Cached 0.6 GB
live: recip(db) j 166 -> 332         pool live 55.56 55.56 55.56 55.56 | window peak 55.56 55.56 55.56 55.56 | pool 64.42 64.42 64.42 64.42 GB per APU; peak/pool 86.2 %; MemAvailable 158.9 GB, Cached 0.6 GB
live: recip(db) j 332 -> 663         pool live 55.56 55.56 55.56 55.56 | window peak 55.56 55.56 55.56 55.56 | pool 64.42 64.42 64.42 64.42 GB per APU; peak/pool 86.2 %; MemAvailable 158.9 GB, Cached 0.6 GB
live: recip(db) j 663 -> 1325        pool live 55.56 55.56 55.56 55.56 | window peak 55.56 55.56 55.56 55.56 | pool 64.42 64.42 64.42 64.42 GB per APU; peak/pool 86.2 %; MemAvailable 158.9 GB, Cached 0.6 GB
live: recip(db) j 1325 -> 2650       pool live 55.56 55.56 55.56 55.56 | window peak 55.56 55.56 55.56 55.56 | pool 64.42 64.42 64.42 64.42 GB per APU; peak/pool 86.2 %; MemAvailable 158.9 GB, Cached 0.6 GB
live: recip(db) j 2650 -> 5299       pool live 55.56 55.56 55.56 55.56 | window peak 55.56 55.56 55.56 55.56 | pool 64.42 64.42 64.42 64.42 GB per APU; peak/pool 86.2 %; MemAvailable 158.9 GB, Cached 0.6 GB
live: recip(db) j 5299 -> 10597      pool live 55.56 55.56 55.56 55.56 | window peak 55.56 55.56 55.56 55.56 | pool 64.42 64.42 64.42 64.42 GB per APU; peak/pool 86.2 %; MemAvailable 158.9 GB, Cached 0.6 GB
live: recip(db) j 10597 -> 21193     pool live 55.56 55.56 55.56 55.56 | window peak 55.56 55.56 55.56 55.56 | pool 64.42 64.42 64.42 64.42 GB per APU; peak/pool 86.2 %; MemAvailable 158.9 GB, Cached 0.6 GB
live: recip(db) j 21193 -> 42386     pool live 55.56 55.56 55.56 55.56 | window peak 55.56 55.56 55.56 55.56 | pool 64.42 64.42 64.42 64.42 GB per APU; peak/pool 86.2 %; MemAvailable 158.9 GB, Cached 0.6 GB
live: recip(db) j 42386 -> 84772     pool live 55.56 55.56 55.56 55.56 | window peak 55.56 55.56 55.56 55.56 | pool 64.42 64.42 64.42 64.42 GB per APU; peak/pool 86.2 %; MemAvailable 158.9 GB, Cached 0.6 GB
live: recip(db) j 84772 -> 169543    pool live 55.56 55.56 55.56 55.56 | window peak 55.56 55.56 55.56 55.56 | pool 64.42 64.42 64.42 64.42 GB per APU; peak/pool 86.2 %; MemAvailable 158.9 GB, Cached 0.6 GB
live: recip(db) j 169543 -> 339085   pool live 55.56 55.56 55.56 55.56 | window peak 55.56 55.56 55.56 55.56 | pool 64.42 64.42 64.42 64.42 GB per APU; peak/pool 86.2 %; MemAvailable 158.9 GB, Cached 0.6 GB
live: recip(db) j 339085 -> 678169   pool live 55.56 55.56 55.56 55.56 | window peak 55.56 55.56 55.56 55.56 | pool 64.42 64.42 64.42 64.42 GB per APU; peak/pool 86.2 %; MemAvailable 158.9 GB, Cached 0.6 GB
live: recip(db) j 678169 -> 1356337  pool live 55.56 55.56 55.56 55.56 | window peak 55.56 55.56 55.56 55.56 | pool 64.42 64.42 64.42 64.42 GB per APU; peak/pool 86.2 %; MemAvailable 158.9 GB, Cached 0.6 GB
live: recip(db) j 1356337 -> 2712674 pool live 55.56 55.56 55.56 55.56 | window peak 55.56 55.56 55.56 55.56 | pool 64.42 64.42 64.42 64.42 GB per APU; peak/pool 86.2 %; MemAvailable 158.9 GB, Cached 0.6 GB
live: recip(db) j 2712674 -> 5425348 pool live 55.56 55.56 55.56 55.56 | window peak 55.56 55.56 55.56 55.56 | pool 64.42 64.42 64.42 64.42 GB per APU; peak/pool 86.2 %; MemAvailable 158.9 GB, Cached 0.6 GB
live: recip(db) j 5425348 -> 10850695 pool live 55.56 55.56 55.56 55.56 | window peak 55.56 55.56 55.56 55.56 | pool 64.42 64.42 64.42 64.42 GB per APU; peak/pool 86.2 %; MemAvailable 158.9 GB, Cached 0.6 GB
live: recip(db) j 10850695 -> 21701389 pool live 55.56 55.56 55.56 55.56 | window peak 55.56 55.56 55.56 55.56 | pool 64.42 64.42 64.42 64.42 GB per APU; peak/pool 86.2 %; MemAvailable 158.9 GB, Cached 0.6 GB
live: recip(db) j 21701389 -> 43402778 pool live 55.56 55.56 55.56 55.56 | window peak 55.56 55.56 55.56 55.56 | pool 64.42 64.42 64.42 64.42 GB per APU; peak/pool 86.2 %; MemAvailable 158.9 GB, Cached 0.6 GB
live: recip(db) j 43402778 -> 86805556 pool live 55.56 55.56 55.56 55.56 | window peak 55.56 55.56 55.56 55.56 | pool 64.42 64.42 64.42 64.42 GB per APU; peak/pool 86.2 %; MemAvailable 158.9 GB, Cached 0.6 GB
live: recip(db) j 86805556 -> 173611112 pool live 55.56 55.56 55.56 55.56 | window peak 55.56 55.56 55.56 55.56 | pool 64.42 64.42 64.42 64.42 GB per APU; peak/pool 86.2 %; MemAvailable 158.9 GB, Cached 0.6 GB
live: recip(db) j 173611112 -> 347222223 pool live 55.56 55.56 55.56 55.56 | window peak 55.56 55.56 55.56 55.56 | pool 64.42 64.42 64.42 64.42 GB per APU; peak/pool 86.2 %; MemAvailable 158.9 GB, Cached 0.6 GB
live: recip(db) j 347222223 -> 694444445 pool live 55.56 55.56 55.56 55.56 | window peak 55.56 55.56 55.56 55.56 | pool 64.42 64.42 64.42 64.42 GB per APU; peak/pool 86.2 %; MemAvailable 158.9 GB, Cached 0.6 GB
live: recip(db) j 694444445 -> 1388888890 pool live 55.56 55.56 55.56 55.56 | window peak 55.56 55.56 55.56 55.56 | pool 64.42 64.42 64.42 64.42 GB per APU; peak/pool 86.2 %; MemAvailable 158.6 GB, Cached 0.6 GB
newton(db) j 1388888890 (k 5555555558): recip cut 0 pieces skipped, 6 formed in the step's two products
live: recip(db) j 1388888890 -> 2777777779 pool live 55.56 55.56 55.56 55.56 | window peak 59.72 59.72 59.72 59.72 | pool 64.42 64.42 64.42 64.42 GB per APU; peak/pool 92.7 %; MemAvailable 158.6 GB, Cached 0.6 GB
   dist_db 5555555560 x 2777777780 limbs: 9 x 3 pieces of 617283952 + 925925927, 24 formed, 3 skipped (low cut): 20.293 s (cache 0 slots: 0 hits, 0 misses)
   dist_db 2777777780 x 2777777779 limbs: 2 x 4 pieces of 1388888890 + 694444445, 7 formed, 1 skipped (low cut): 8.560 s (cache 0 slots: 0 hits, 0 misses)
newton(db) j 2777777779 (k 5555555558): recip cut 4 pieces skipped, 31 formed in the step's two products
live: recip(db) j 2777777779 -> 5555555558 pool live 55.56 55.56 55.56 55.56 | window peak 59.72 59.72 59.72 59.72 | pool 64.42 64.42 64.42 64.42 GB per APU; peak/pool 92.7 %; MemAvailable 158.6 GB, Cached 0.6 GB
recip    42.95 s   mu 5555555559 limbs (32 iterations, 0 mdev)   VmRSS 6.9 GB, VmHWM 28.3 GB
mem [recip] device 361.4 GB in use (per APU 90.3..90.3): planes 103.1, regions 0.0, block pool 257.7 (donated 0.0, borrowed 257.7, hipMalloc 0.0; live 133.3, peak live 238.9, free 124.4), tables 0.61, other 0.0
mem [recip] host 6.9 GB RSS (HWM 28.3): staging 0.0 pinned, registered 0.1, X 0.0, digits 0.0, named 0.0, other 6.8
      I3: P, Q residues by kernel 1.34 s (before the reciprocal), S = P + Q on device 0.14 s; no host A
10dP      0.14 s   T 5555555556 limbs, A 11111111116 limbs (0 mdev, 0 splits)   VmRSS 6.9 GB, VmHWM 28.3 GB
RESULT ecalc 10dP s 0.144558
   dist_db 5555555557 x 5555555558 limbs: 7 x 7 pieces of 793650794 + 793650794, 28 formed, 21 skipped (low cut): 26.486 s (cache 0 slots: 0 hits, 0 misses)
  T2 window@50 ok
  T2 window@1000000 ok
  T2 window@100000000 ok
  T2 window@1000000000 ok
   dist_db 5555555557 x 5555555560 limbs: 7 x 7 pieces of 793650794 + 793650795, 31 formed, 18 skipped (low product): 28.812 s (cache 0 slots: 0 hits, 0 misses)
live: divmod(dev) end                pool live 33.33 33.33 33.33 33.33 | window peak 58.73 58.73 58.73 58.73 | pool 64.42 64.42 64.42 64.42 GB per APU; peak/pool 91.2 %; MemAvailable 157.8 GB, Cached 0.6 GB
mem [division] device 361.4 GB in use (per APU 90.3..90.3): planes 103.1, regions 0.0, block pool 257.7 (donated 0.0, borrowed 257.7, hipMalloc 0.0; live 44.4, peak live 238.9, free 213.3), tables 0.61, other 0.0
mem [division] host 7.6 GB RSS (HWM 28.3): staging 0.0 pinned, registered 0.1, X 0.0, digits 0.0, named 0.0, other 7.5
dm      105.02 s   X 5555555557 limbs, R 0 limbs (recip 42.9 s; corrections 0/2; 0 mdev); X on the device   VmRSS 7.6 GB, VmHWM 28.3 GB
mem [dm] device 361.4 GB in use (per APU 90.3..90.3): planes 103.1, regions 0.0, block pool 257.7 (donated 0.0, borrowed 257.7, hipMalloc 0.0; live 44.4, peak live 238.9, free 213.3), tables 0.61, other 0.0
mem [dm] host 7.6 GB RSS (HWM 28.3): staging 0.0 pinned, registered 0.1, X 0.0, digits 0.0, named 0.0, other 7.5
RESULT ecalc dm s 105.022
  T1 q0=4611686018427388039: P ok, Q ok, T(P+Q) == XQ+R ok
  T1 q1=4611686018427388073: P ok, Q ok, T(P+Q) == XQ+R ok
  T1 q2=4611686018427388081: P ok, Q ok, T(P+Q) == XQ+R ok
  T1 q3=4611686018427388091: P ok, Q ok, T(P+Q) == XQ+R ok
  T1 q4=4611686018427388093: P ok, Q ok, T(P+Q) == XQ+R ok
  T1 q5=4611686018427388097: P ok, Q ok, T(P+Q) == XQ+R ok
  T1 q6=4611686018427388157: P ok, Q ok, T(P+Q) == XQ+R ok
  T1 q7=4611686018427388181: P ok, Q ok, T(P+Q) == XQ+R ok
T1        0.67 s   ok: T(P+Q) == XQ + R and P, Q mod q for 8 primes (P, Q recurrence overlapped with bs)
      overlapped with bs: P, Q mod q recurrence 11.31 s, block pool pregrown by 0 GB in 0.00 s
RESULT ecalc T1 s 0.669446
      VmRSS 7.6 GB before dc
total   209.33 s   (bs 86.7 + 10dP 0.1 + dm 105.0 + T1 0.7 + dc 0.0 + T2 0.0 = 192.5; init 16.8; other 0.0); VmHWM 28.3 GB
RESULT ecalc total s 209.333
RESULT ecalc phases s 192.506
RESULT ecalc other s 0.000987037
RESULT ecalc vmhwm GB 28.2586
paper A22 (4e10): 285.7 = bs 112.2 + 10dP 12.6 + dm 46.8 + T1 ~3 + dc 110.3
      X corrected after the formatting started: redoing the digits
  T2 window@50 ok
  T2 window@1000000 ok
  T2 window@100000000 ok
  T2 window@1000000000 ok
  T1 q0: digits == X ok
  T1 q1: digits == X ok
  T1 q2: digits == X ok
  T1 q3: digits == X ok
  T1 q4: digits == X ok
  T1 q5: digits == X ok
  T1 q6: digits == X ok
  T1 q7: digits == X ok
dc        5.16 s   digits [0, 100000000009) of 100000000009 formatted from 5555555557 decimal limbs in 373 chunks (streamed with the low product; joined after total) (residues 0.70, format 1.76, digit residue 2.46, T2 0.00, fetch 0.87, waiting for the writer 0.00)
RESULT ecalc dc s 5.16107
T2        0.00 s   windows ok (4 checked), digits == X mod q ok (overlapped)
RESULT ecalc T2 s 0
digits: 27182818284590452353602874713526624977572470936999595749669676...37703810896884928977
VERIFY OK
mem [end] device 103.7 GB in use (per APU 25.9..25.9): planes 103.1, regions 0.0, block pool 0.0 (donated 0.0, borrowed 0.0, hipMalloc 0.0; live 0.0, peak live 238.9, free 0.0), tables 0.61, other 0.0
mem [end] host 7.0 GB RSS (HWM 28.3): staging 0.0 pinned, registered 0.1, X 0.0, digits 0.0, named 0.0, other 6.9
mem summary: bytes in use at each phase boundary, GB (device: all APUs / largest APU; host: this process)
mem phase           device  maxAPU |  planes regions  pl:don  pl:bor  pl:hip pl:live pl:peak tables |    host staging  regist       X  digits   other     HWM
mem init             485.7   122.0 |   103.1   255.3     0.0   126.7     0.0     0.0     0.0   0.61 |    24.5    21.5     0.0     0.0     0.0     3.0    24.5
mem bs               361.4    90.3 |   103.1     0.0     0.0   257.7     0.0    88.9   146.2   0.61 |     8.9     4.3     0.1     0.0     0.0     4.6    28.3
mem recip            361.4    90.3 |   103.1     0.0     0.0   257.7     0.0   133.3   238.9   0.61 |     6.9     0.0     0.1     0.0     0.0     6.8    28.3
mem division         361.4    90.3 |   103.1     0.0     0.0   257.7     0.0    44.4   238.9   0.61 |     7.6     0.0     0.1     0.0     0.0     7.5    28.3
mem dm               361.4    90.3 |   103.1     0.0     0.0   257.7     0.0    44.4   238.9   0.61 |     7.6     0.0     0.1     0.0     0.0     7.5    28.3
mem end              103.7    25.9 |   103.1     0.0     0.0     0.0     0.0     0.0   238.9   0.61 |     7.0     0.0     0.1     0.0     0.0     6.9    28.3
rns_dist: RNS_STRATEGY=auto form B: C 14 products 12.41 s, B 188 products 67.98 s, B4 0 products 0.00 s; extra plane memory 0.00 GiB/APU (allocations 0.00 s)

real	3m36.347s
user	0m0.008s
sys	0m0.015s
