== ecalc: e to 40000000000 digits (decimal limbs, base 10^18) [computed to the next multiple of 18] ==
META bench=ecalc host=ppac-pl1-s24-30 date=2026-09-26T17:39:55 pool_log=31 stg=7 pw_fuse=14 body=1 engine=1 base=10^18
ECALC_PLANE_CAP: 2^31 points (POOL_LOG=31 RNS_PLANES_3Q30=0 DIST_LOGN_TEST=31)
rns_init: three primes (ECALC_NP=3): c 2^44 + 1, c = 240, 216, 207; at most 58424467928 terms per product
bs: arenas 114.5 GB allocated in 4.77 s (layout pass 0.09 s; dm extra 18.8 GB, tails 36.1 GB)
      init: region pools 4.86 s (inside rns_init, before the plane pools: the seeds stream into them)
      init: rns_init 11.10 s, region pools 0.00 s, the rest 0.00 s
RESULT ecalc init s 11.0999
      VmRSS 24.3 GB after init (staging 4.3 GB pinned + device regions 114 GB); init 11.1 s
mem [init] device 271.9 GB in use (per APU 67.4..69.6): planes 103.1, regions 114.5, block pool 53.7 (donated 0.0, borrowed 53.7, hipMalloc 0.0; live 0.0, peak live 0.0, free 0.0), tables 0.61, other 0.0
mem [init] host 24.3 GB RSS (HWM 24.3): staging 21.5 pinned, registered 0.0, X 0.0, digits 0.0, named 0.0, other 2.8
bs: seeds were computed during init (13.20 s: buffers 1.53 + 0.15, spans 9.22, waited 0.11 for the regions, 0.34 for the DMA, 1.84 issuing it (max 0.70); 8 chunks of 8191 MB, 8 through a buffer, the rest stored into the regions)
bs: 4346031744 terms, 16976687 spans of 256, seeds 8.17 s (waiting for the init thread)
bs:   layout 0.327  batch 1.635  add+norm 0.051
bs: level  1 batch   8488343 pairs  max_nl        138  pool  35.72 GB  2.01 s  (batch 1.26: scatter 0.12 ntt 0.57 crt 0.08 merge 0.05)
live: bs level 1 batch               pool live 0.00 0.00 0.00 0.00 | window peak 0.00 0.00 0.00 0.00 | pool 1.44 1.44 1.44 1.44 GB per APU; peak/pool 0.0 %; MemAvailable 295.2 GB, Cached 0.6 GB
bs:   layout 0.146  batch 0.719  add+norm 0.026
bs: level  2 batch   4244172 pairs  max_nl        275  pool  35.64 GB  0.89 s  (batch 0.53: scatter 0.05 ntt 0.26 crt 0.08 merge 0.01)
live: bs level 2 batch               pool live 0.00 0.00 0.00 0.00 | window peak 0.00 0.00 0.00 0.00 | pool 1.44 1.44 1.44 1.44 GB per APU; peak/pool 0.0 %; MemAvailable 295.8 GB, Cached 0.6 GB
bs:   layout 0.062  batch 0.561  add+norm 0.013
bs: level  3 batch   2122086 pairs  max_nl        549  pool  35.60 GB  0.64 s  (batch 0.47: scatter 0.05 ntt 0.27 crt 0.07 merge 0.01)
live: bs level 3 batch               pool live 0.00 0.00 0.00 0.00 | window peak 0.00 0.00 0.00 0.00 | pool 1.44 1.44 1.44 1.44 GB per APU; peak/pool 0.0 %; MemAvailable 296.1 GB, Cached 0.6 GB
bs:   layout 0.031  batch 0.495  add+norm 0.007
bs: level  4 batch   1061043 pairs  max_nl       1097  pool  35.58 GB  0.53 s  (batch 0.45: scatter 0.04 ntt 0.30 crt 0.07 merge 0.00)
live: bs level 4 batch               pool live 0.00 0.00 0.00 0.00 | window peak 0.00 0.00 0.00 0.00 | pool 1.44 1.44 1.44 1.44 GB per APU; peak/pool 0.0 %; MemAvailable 296.3 GB, Cached 0.6 GB
bs:   layout 0.018  batch 0.476  add+norm 0.004
bs: level  5 batch    530521 pairs  max_nl       2194  pool  35.57 GB  0.50 s  (batch 0.45: scatter 0.04 ntt 0.32 crt 0.07 merge 0.01)
live: bs level 5 batch               pool live 0.00 0.00 0.00 0.00 | window peak 0.00 0.00 0.00 0.00 | pool 1.44 1.44 1.44 1.44 GB per APU; peak/pool 0.0 %; MemAvailable 296.4 GB, Cached 0.6 GB
bs:   layout 0.007  batch 0.483  add+norm 0.002
bs: level  6 batch    265261 pairs  max_nl       4387  pool  35.56 GB  0.49 s  (batch 0.47: scatter 0.04 ntt 0.33 crt 0.07 merge 0.05)
live: bs level 6 batch               pool live 0.00 0.00 0.00 0.00 | window peak 0.00 0.00 0.00 0.00 | pool 1.44 1.44 1.44 1.44 GB per APU; peak/pool 0.0 %; MemAvailable 296.4 GB, Cached 0.6 GB
bs:   layout 0.004  batch 0.486  add+norm 0.001
bs: level  7 batch    132630 pairs  max_nl       8773  pool  35.56 GB  0.49 s  (batch 0.48: scatter 0.03 ntt 0.37 crt 0.07 merge 0.00)
live: bs level 7 batch               pool live 0.00 0.00 0.00 0.00 | window peak 0.00 0.00 0.00 0.00 | pool 1.44 1.44 1.44 1.44 GB per APU; peak/pool 0.0 %; MemAvailable 296.4 GB, Cached 0.6 GB
bs:   layout 0.001  batch 0.496  add+norm 0.000
bs: level  8 batch     66315 pairs  max_nl      17546  pool  35.56 GB  0.50 s  (batch 0.49: scatter 0.03 ntt 0.38 crt 0.07 merge 0.00)
live: bs level 8 batch               pool live 0.00 0.00 0.00 0.00 | window peak 0.00 0.00 0.00 0.00 | pool 1.44 1.44 1.44 1.44 GB per APU; peak/pool 0.0 %; MemAvailable 296.4 GB, Cached 0.6 GB
bs:   layout 0.001  batch 0.519  add+norm 0.000
bs: level  9 batch     33158 pairs  max_nl      35092  pool  35.56 GB  0.52 s  (batch 0.52: scatter 0.03 ntt 0.41 crt 0.07 merge 0.00)
live: bs level 9 batch               pool live 0.00 0.00 0.00 0.00 | window peak 0.00 0.00 0.00 0.00 | pool 1.44 1.44 1.44 1.44 GB per APU; peak/pool 0.0 %; MemAvailable 296.4 GB, Cached 0.6 GB
bs:   layout 0.001  batch 0.523  add+norm 0.000
bs: level 10 batch     16579 pairs  max_nl      70183  pool  35.56 GB  0.52 s  (batch 0.52: scatter 0.03 ntt 0.41 crt 0.08 merge 0.00)
live: bs level 10 batch              pool live 0.00 0.00 0.00 0.00 | window peak 0.00 0.00 0.00 0.00 | pool 1.44 1.44 1.44 1.44 GB per APU; peak/pool 0.0 %; MemAvailable 296.4 GB, Cached 0.6 GB
bs:   layout 0.000  batch 0.499  add+norm 0.000
bs: level 11 batch      8289 pairs  max_nl     140365  pool  35.56 GB  0.50 s  (batch 0.50: scatter 0.03 ntt 0.38 crt 0.08 merge 0.00)
live: bs level 11 batch              pool live 0.00 0.00 0.00 0.00 | window peak 0.00 0.00 0.00 0.00 | pool 1.44 1.44 1.44 1.44 GB per APU; peak/pool 0.0 %; MemAvailable 296.4 GB, Cached 0.6 GB
bs:   layout 0.001  batch 0.509  add+norm 0.000
bs: level 12 batch      4145 pairs  max_nl     280729  pool  35.56 GB  0.51 s  (batch 0.51: scatter 0.03 ntt 0.39 crt 0.08 merge 0.00)
live: bs level 12 batch              pool live 0.00 0.00 0.00 0.00 | window peak 0.00 0.00 0.00 0.00 | pool 1.44 1.44 1.44 1.44 GB per APU; peak/pool 0.0 %; MemAvailable 296.4 GB, Cached 0.6 GB
bs:   layout 0.000  batch 0.527  add+norm 0.000
bs: level 13 batch      2072 pairs  max_nl     561453  pool  35.56 GB  0.53 s  (batch 0.53: scatter 0.03 ntt 0.41 crt 0.08 merge 0.00)
live: bs level 13 batch              pool live 0.00 0.00 0.00 0.00 | window peak 0.00 0.00 0.00 0.00 | pool 1.44 1.44 1.44 1.44 GB per APU; peak/pool 0.0 %; MemAvailable 296.4 GB, Cached 0.6 GB
bs:   layout 0.000  batch 0.621  add+norm 0.000
bs: level 14 batch      1036 pairs  max_nl    1122899  pool  35.56 GB  0.62 s  (batch 0.62: scatter 0.03 ntt 0.50 crt 0.09 merge 0.00)
live: bs level 14 batch              pool live 0.00 0.00 0.00 0.00 | window peak 0.00 0.00 0.00 0.00 | pool 1.44 1.44 1.44 1.44 GB per APU; peak/pool 0.0 %; MemAvailable 296.4 GB, Cached 0.6 GB
bs:   layout 0.000  batch 0.638  add+norm 0.000
bs: level 15 batch       518 pairs  max_nl    2245773  pool  35.56 GB  0.64 s  (batch 0.64: scatter 0.03 ntt 0.51 crt 0.09 merge 0.00)
live: bs level 15 batch              pool live 0.00 0.00 0.00 0.00 | window peak 0.00 0.00 0.00 0.00 | pool 1.44 1.44 1.44 1.44 GB per APU; peak/pool 0.0 %; MemAvailable 296.3 GB, Cached 0.6 GB
bs:   layout 0.000  batch 0.658  add+norm 0.000
bs: level 16 batch       259 pairs  max_nl    4491448  pool  35.56 GB  0.66 s  (batch 0.66: scatter 0.03 ntt 0.53 crt 0.09 merge 0.00)
live: bs level 16 batch              pool live 0.00 0.00 0.00 0.00 | window peak 0.00 0.00 0.00 0.00 | pool 1.44 1.44 1.44 1.44 GB per APU; peak/pool 0.0 %; MemAvailable 296.3 GB, Cached 0.6 GB
bs:   layout 0.000  batch 0.650  add+norm 0.000
bs: level 17 batch       130 pairs  max_nl    8982503  pool  35.56 GB  0.65 s  (batch 0.65: scatter 0.03 ntt 0.54 crt 0.08 merge 0.00)
live: bs level 17 batch              pool live 0.00 0.00 0.00 0.00 | window peak 0.00 0.00 0.00 0.00 | pool 1.44 1.44 1.44 1.44 GB per APU; peak/pool 0.0 %; MemAvailable 296.4 GB, Cached 0.6 GB
bs:   layout 0.000  batch 0.679  add+norm 0.000
bs: level 18 batch        65 pairs  max_nl   17960293  pool  35.56 GB  0.68 s  (batch 0.68: scatter 0.03 ntt 0.57 crt 0.07 merge 0.00)
live: bs level 18 batch              pool live 0.00 0.00 0.00 0.00 | window peak 0.00 0.00 0.00 0.00 | pool 1.44 1.44 1.44 1.44 GB per APU; peak/pool 0.0 %; MemAvailable 296.4 GB, Cached 0.6 GB
bs:   layout 0.000  batch 0.705  add+norm 0.000
bs: level 19 batch        32 pairs  max_nl   35901562  pool  35.56 GB  0.71 s  (batch 0.70: scatter 0.04 ntt 0.59 crt 0.08 merge 0.00)
live: bs level 19 batch              pool live 0.00 0.00 0.00 0.00 | window peak 0.00 0.00 0.00 0.00 | pool 1.44 1.44 1.44 1.44 GB per APU; peak/pool 0.0 %; MemAvailable 296.3 GB, Cached 0.6 GB
bs:   layout 0.000  batch 0.805  add+norm 0.000
bs: level 20 batch        16 pairs  max_nl   71777421  pool  35.56 GB  0.81 s  (batch 0.80: scatter 0.04 ntt 0.67 crt 0.09 merge 0.00)
live: bs level 20 batch              pool live 0.00 0.00 0.00 0.00 | window peak 0.00 0.00 0.00 0.00 | pool 1.44 1.44 1.44 1.44 GB per APU; peak/pool 0.0 %; MemAvailable 296.3 GB, Cached 0.6 GB
bs:   layout 0.000  batch 0.943  add+norm 0.008
bs: level 21 batch         8 pairs  max_nl  143450361  pool  35.56 GB  0.95 s  (batch 0.94: scatter 0.13 ntt 0.75 crt 0.08 merge 0.01)
live: bs level 21 batch              pool live 0.00 0.00 0.00 0.00 | window peak 0.00 0.00 0.00 0.00 | pool 1.44 1.44 1.44 1.44 GB per APU; peak/pool 0.0 %; MemAvailable 296.3 GB, Cached 0.6 GB
bs:   layout 0.000  batch 1.383  add+norm 0.001
bs: level 22 batch         4 pairs  max_nl  286468623  pool  35.56 GB  1.38 s  (batch 1.38: scatter 0.25 ntt 1.10 crt 0.28 merge 0.00)
live: bs level 22 batch              pool live 0.00 0.00 0.00 0.00 | window peak 0.00 0.00 0.00 0.00 | pool 1.44 1.44 1.44 1.44 GB per APU; peak/pool 0.0 %; MemAvailable 296.3 GB, Cached 0.6 GB
bs: level 23 mdev          2 pairs  max_nl  571080422  pool  35.56 GB  2.16 s  (batch 0.00: scatter 0.00 ntt 0.00 crt 0.00 merge 0.00)
live: bs level 23 mdev               pool live 8.89 8.89 8.89 8.89 | window peak 8.89 8.89 8.89 8.89 | pool 30.06 30.06 30.06 30.06 GB per APU; peak/pool 29.6 %; MemAvailable 295.5 GB, Cached 0.6 GB
bs: level 24 mdev          1 pairs  max_nl 1133357805  pool  35.56 GB  3.91 s  (batch 0.00: scatter 0.00 ntt 0.00 crt 0.00 merge 0.00)
live: bs level 24 mdev               pool live 8.89 8.89 8.89 8.89 | window peak 16.16 16.16 16.16 16.16 | pool 30.06 30.06 30.06 30.06 GB per APU; peak/pool 53.7 %; MemAvailable 295.5 GB, Cached 0.6 GB
bs: level 25 mdev          1 pairs  max_nl 2194887055  pool  35.56 GB  2.01 s  (batch 0.00: scatter 0.00 ntt 0.00 crt 0.00 merge 0.00)
live: bs level 25 mdev               pool live 8.89 8.89 8.89 8.89 | window peak 14.85 14.85 14.85 14.85 | pool 30.06 30.06 30.06 30.06 GB per APU; peak/pool 49.4 %; MemAvailable 295.5 GB, Cached 0.6 GB
bs       32.03 s   N 4346031744, P 2222222227 limbs, Q 2222222227 limbs (seeds 8.2 school 0.0 batch 15.7 mdev 8.1; pool 39.9 GB; dev pools 0.0 GB)   VmRSS 9.0 GB, VmHWM 25.8 GB
RESULT ecalc bs s 32.031
mem [bs] device 224.0 GB in use (per APU 56.0..56.0): planes 103.1, regions 0.0, block pool 120.3 (donated 0.0, borrowed 120.3, hipMalloc 0.0; live 35.6, peak live 64.6, free 84.7), tables 0.61, other 0.0
mem [bs] host 9.0 GB RSS (HWM 25.8): staging 4.3 pinned, registered 0.1, X 0.0, digits 0.0, named 0.0, other 4.6
      I3: plane pool tails donated: 0.0 GB
live: recip(db) j 2 -> 3             pool live 22.22 22.22 22.22 22.22 | window peak 22.22 22.22 22.22 22.22 | pool 30.06 30.06 30.06 30.06 GB per APU; peak/pool 73.9 %; MemAvailable 297.6 GB, Cached 0.6 GB
live: recip(db) j 3 -> 5             pool live 22.22 22.22 22.22 22.22 | window peak 22.22 22.22 22.22 22.22 | pool 30.06 30.06 30.06 30.06 GB per APU; peak/pool 73.9 %; MemAvailable 297.6 GB, Cached 0.6 GB
live: recip(db) j 5 -> 9             pool live 22.22 22.22 22.22 22.22 | window peak 22.22 22.22 22.22 22.22 | pool 30.06 30.06 30.06 30.06 GB per APU; peak/pool 73.9 %; MemAvailable 297.6 GB, Cached 0.6 GB
live: recip(db) j 9 -> 17            pool live 22.22 22.22 22.22 22.22 | window peak 22.22 22.22 22.22 22.22 | pool 30.06 30.06 30.06 30.06 GB per APU; peak/pool 73.9 %; MemAvailable 297.6 GB, Cached 0.6 GB
live: recip(db) j 17 -> 34           pool live 22.22 22.22 22.22 22.22 | window peak 22.22 22.22 22.22 22.22 | pool 30.06 30.06 30.06 30.06 GB per APU; peak/pool 73.9 %; MemAvailable 297.6 GB, Cached 0.6 GB
live: recip(db) j 34 -> 67           pool live 22.22 22.22 22.22 22.22 | window peak 22.22 22.22 22.22 22.22 | pool 30.06 30.06 30.06 30.06 GB per APU; peak/pool 73.9 %; MemAvailable 297.6 GB, Cached 0.6 GB
live: recip(db) j 67 -> 133          pool live 22.22 22.22 22.22 22.22 | window peak 22.22 22.22 22.22 22.22 | pool 30.06 30.06 30.06 30.06 GB per APU; peak/pool 73.9 %; MemAvailable 297.6 GB, Cached 0.6 GB
live: recip(db) j 133 -> 265         pool live 22.22 22.22 22.22 22.22 | window peak 22.22 22.22 22.22 22.22 | pool 30.06 30.06 30.06 30.06 GB per APU; peak/pool 73.9 %; MemAvailable 297.6 GB, Cached 0.6 GB
live: recip(db) j 265 -> 530         pool live 22.22 22.22 22.22 22.22 | window peak 22.22 22.22 22.22 22.22 | pool 30.06 30.06 30.06 30.06 GB per APU; peak/pool 73.9 %; MemAvailable 297.6 GB, Cached 0.6 GB
live: recip(db) j 530 -> 1060        pool live 22.22 22.22 22.22 22.22 | window peak 22.22 22.22 22.22 22.22 | pool 30.06 30.06 30.06 30.06 GB per APU; peak/pool 73.9 %; MemAvailable 297.6 GB, Cached 0.6 GB
live: recip(db) j 1060 -> 2120       pool live 22.22 22.22 22.22 22.22 | window peak 22.22 22.22 22.22 22.22 | pool 30.06 30.06 30.06 30.06 GB per APU; peak/pool 73.9 %; MemAvailable 297.6 GB, Cached 0.6 GB
live: recip(db) j 2120 -> 4239       pool live 22.22 22.22 22.22 22.22 | window peak 22.22 22.22 22.22 22.22 | pool 30.06 30.06 30.06 30.06 GB per APU; peak/pool 73.9 %; MemAvailable 297.6 GB, Cached 0.6 GB
live: recip(db) j 4239 -> 8478       pool live 22.22 22.22 22.22 22.22 | window peak 22.22 22.22 22.22 22.22 | pool 30.06 30.06 30.06 30.06 GB per APU; peak/pool 73.9 %; MemAvailable 297.6 GB, Cached 0.6 GB
live: recip(db) j 8478 -> 16955      pool live 22.22 22.22 22.22 22.22 | window peak 22.22 22.22 22.22 22.22 | pool 30.06 30.06 30.06 30.06 GB per APU; peak/pool 73.9 %; MemAvailable 297.6 GB, Cached 0.6 GB
live: recip(db) j 16955 -> 33909     pool live 22.22 22.22 22.22 22.22 | window peak 22.22 22.22 22.22 22.22 | pool 30.06 30.06 30.06 30.06 GB per APU; peak/pool 73.9 %; MemAvailable 297.6 GB, Cached 0.6 GB
live: recip(db) j 33909 -> 67817     pool live 22.22 22.22 22.22 22.22 | window peak 22.22 22.22 22.22 22.22 | pool 30.06 30.06 30.06 30.06 GB per APU; peak/pool 73.9 %; MemAvailable 297.6 GB, Cached 0.6 GB
live: recip(db) j 67817 -> 135634    pool live 22.22 22.22 22.22 22.22 | window peak 22.22 22.22 22.22 22.22 | pool 30.06 30.06 30.06 30.06 GB per APU; peak/pool 73.9 %; MemAvailable 297.6 GB, Cached 0.6 GB
live: recip(db) j 135634 -> 271268   pool live 22.22 22.22 22.22 22.22 | window peak 22.22 22.22 22.22 22.22 | pool 30.06 30.06 30.06 30.06 GB per APU; peak/pool 73.9 %; MemAvailable 297.6 GB, Cached 0.6 GB
live: recip(db) j 271268 -> 542535   pool live 22.22 22.22 22.22 22.22 | window peak 22.22 22.22 22.22 22.22 | pool 30.06 30.06 30.06 30.06 GB per APU; peak/pool 73.9 %; MemAvailable 297.6 GB, Cached 0.6 GB
live: recip(db) j 542535 -> 1085070  pool live 22.22 22.22 22.22 22.22 | window peak 22.22 22.22 22.22 22.22 | pool 30.06 30.06 30.06 30.06 GB per APU; peak/pool 73.9 %; MemAvailable 297.6 GB, Cached 0.6 GB
live: recip(db) j 1085070 -> 2170139 pool live 22.22 22.22 22.22 22.22 | window peak 22.22 22.22 22.22 22.22 | pool 30.06 30.06 30.06 30.06 GB per APU; peak/pool 73.9 %; MemAvailable 297.6 GB, Cached 0.6 GB
live: recip(db) j 2170139 -> 4340278 pool live 22.22 22.22 22.22 22.22 | window peak 22.22 22.22 22.22 22.22 | pool 30.06 30.06 30.06 30.06 GB per APU; peak/pool 73.9 %; MemAvailable 297.6 GB, Cached 0.6 GB
live: recip(db) j 4340278 -> 8680556 pool live 22.22 22.22 22.22 22.22 | window peak 22.22 22.22 22.22 22.22 | pool 30.06 30.06 30.06 30.06 GB per APU; peak/pool 73.9 %; MemAvailable 297.6 GB, Cached 0.6 GB
live: recip(db) j 8680556 -> 17361112 pool live 22.22 22.22 22.22 22.22 | window peak 22.22 22.22 22.22 22.22 | pool 30.06 30.06 30.06 30.06 GB per APU; peak/pool 73.9 %; MemAvailable 297.6 GB, Cached 0.6 GB
live: recip(db) j 17361112 -> 34722223 pool live 22.22 22.22 22.22 22.22 | window peak 22.22 22.22 22.22 22.22 | pool 30.06 30.06 30.06 30.06 GB per APU; peak/pool 73.9 %; MemAvailable 297.6 GB, Cached 0.6 GB
live: recip(db) j 34722223 -> 69444445 pool live 22.22 22.22 22.22 22.22 | window peak 22.22 22.22 22.22 22.22 | pool 30.06 30.06 30.06 30.06 GB per APU; peak/pool 73.9 %; MemAvailable 297.6 GB, Cached 0.6 GB
live: recip(db) j 69444445 -> 138888890 pool live 22.22 22.22 22.22 22.22 | window peak 22.22 22.22 22.22 22.22 | pool 30.06 30.06 30.06 30.06 GB per APU; peak/pool 73.9 %; MemAvailable 297.6 GB, Cached 0.6 GB
live: recip(db) j 138888890 -> 277777779 pool live 22.22 22.22 22.22 22.22 | window peak 22.22 22.22 22.22 22.22 | pool 30.06 30.06 30.06 30.06 GB per APU; peak/pool 73.9 %; MemAvailable 297.6 GB, Cached 0.6 GB
live: recip(db) j 277777779 -> 555555557 pool live 22.22 22.22 22.22 22.22 | window peak 22.22 22.22 22.22 22.22 | pool 30.06 30.06 30.06 30.06 GB per APU; peak/pool 73.9 %; MemAvailable 297.6 GB, Cached 0.6 GB
live: recip(db) j 555555557 -> 1111111113 pool live 22.22 22.22 22.22 22.22 | window peak 22.22 22.22 22.22 22.22 | pool 30.06 30.06 30.06 30.06 GB per APU; peak/pool 73.9 %; MemAvailable 297.3 GB, Cached 0.6 GB
newton(db) j 1111111113 (k 2222222225): recip cut 0 pieces skipped, 8 formed in the step's two products
live: recip(db) j 1111111113 -> 2222222225 pool live 22.22 22.22 22.22 22.22 | window peak 25.33 25.33 25.33 25.33 | pool 30.06 30.06 30.06 30.06 GB per APU; peak/pool 84.3 %; MemAvailable 297.3 GB, Cached 0.6 GB
recip     9.87 s   mu 2222222226 limbs (31 iterations, 0 mdev)   VmRSS 6.9 GB, VmHWM 25.8 GB
mem [recip] device 224.0 GB in use (per APU 56.0..56.0): planes 103.1, regions 0.0, block pool 120.3 (donated 0.0, borrowed 120.3, hipMalloc 0.0; live 53.3, peak live 101.3, free 66.9), tables 0.61, other 0.0
mem [recip] host 6.9 GB RSS (HWM 25.8): staging 0.0 pinned, registered 0.1, X 0.0, digits 0.0, named 0.0, other 6.9
      I3: P, Q residues by kernel 0.56 s (before the reciprocal), S = P + Q on device 0.06 s; no host A
10dP      0.06 s   T 2222222223 limbs, A 4444444450 limbs (0 mdev, 0 splits)   VmRSS 6.9 GB, VmHWM 25.8 GB
RESULT ecalc 10dP s 0.0589695
   dist_db 2222222224 x 2222222225 limbs: 3 x 3 pieces of 740740742 + 740740742, 8 formed, 1 skipped (low cut): 5.804 s (cache 0 slots: 0 hits, 0 misses)
  T2 window@50 ok
  T2 window@1000000 ok
  T2 window@100000000 ok
  T2 window@1000000000 ok
   dist_db 2222222224 x 2222222227 limbs: 3 x 3 pieces of 740740742 + 740740743, 8 formed, 1 skipped (low product): 5.860 s (cache 0 slots: 0 hits, 0 misses)
live: divmod(dev) end                pool live 13.33 13.33 13.33 13.33 | window peak 25.19 25.19 25.19 25.19 | pool 30.06 30.06 30.06 30.06 GB per APU; peak/pool 83.8 %; MemAvailable 296.6 GB, Cached 0.6 GB
mem [division] device 224.0 GB in use (per APU 56.0..56.0): planes 103.1, regions 0.0, block pool 120.3 (donated 0.0, borrowed 120.3, hipMalloc 0.0; live 17.8, peak live 101.3, free 102.5), tables 0.61, other 0.0
mem [division] host 7.6 GB RSS (HWM 25.8): staging 0.0 pinned, registered 0.1, X 0.0, digits 0.0, named 0.0, other 7.6
dm       23.47 s   X 2222222224 limbs, R 0 limbs (recip 9.9 s; corrections 0/0; 0 mdev); X on the device   VmRSS 7.6 GB, VmHWM 25.8 GB
mem [dm] device 224.0 GB in use (per APU 56.0..56.0): planes 103.1, regions 0.0, block pool 120.3 (donated 0.0, borrowed 120.3, hipMalloc 0.0; live 17.8, peak live 101.3, free 102.5), tables 0.61, other 0.0
mem [dm] host 7.6 GB RSS (HWM 25.8): staging 0.0 pinned, registered 0.1, X 0.0, digits 0.0, named 0.0, other 7.6
RESULT ecalc dm s 23.4731
  T1 q0=4611686018427388039: P ok, Q ok, T(P+Q) == XQ+R ok
  T1 q1=4611686018427388073: P ok, Q ok, T(P+Q) == XQ+R ok
  T1 q2=4611686018427388081: P ok, Q ok, T(P+Q) == XQ+R ok
  T1 q3=4611686018427388091: P ok, Q ok, T(P+Q) == XQ+R ok
  T1 q4=4611686018427388093: P ok, Q ok, T(P+Q) == XQ+R ok
  T1 q5=4611686018427388097: P ok, Q ok, T(P+Q) == XQ+R ok
  T1 q6=4611686018427388157: P ok, Q ok, T(P+Q) == XQ+R ok
  T1 q7=4611686018427388181: P ok, Q ok, T(P+Q) == XQ+R ok
T1        0.00 s   ok: T(P+Q) == XQ + R and P, Q mod q for 8 primes (P, Q recurrence overlapped with bs)
      overlapped with bs: P, Q mod q recurrence 4.67 s, block pool pregrown by 0 GB in 0.00 s
RESULT ecalc T1 s 1.756e-05
      VmRSS 7.6 GB before dc
total    66.66 s   (bs 32.0 + 10dP 0.1 + dm 23.5 + T1 0.0 + dc 0.0 + T2 0.0 = 55.6; init 11.1; other 0.0); VmHWM 25.8 GB
RESULT ecalc total s 66.664
RESULT ecalc phases s 55.5632
RESULT ecalc other s 0.000919598
RESULT ecalc vmhwm GB 25.7516
paper A22 (4e10): 285.7 = bs 112.2 + 10dP 12.6 + dm 46.8 + T1 ~3 + dc 110.3
  T1 q0: digits == X ok
  T1 q1: digits == X ok
  T1 q2: digits == X ok
  T1 q3: digits == X ok
  T1 q4: digits == X ok
  T1 q5: digits == X ok
  T1 q6: digits == X ok
  T1 q7: digits == X ok
dc        0.00 s   digits [0, 40000000015) of 40000000015 formatted from 2222222224 decimal limbs in 150 chunks (streamed with the low product; joined after total) (residues 0.28, format 2.22, digit residue 1.55, T2 0.00, fetch 0.64, waiting for the writer 0.00)
RESULT ecalc dc s 9.00001e-06
T2        0.00 s   windows ok (4 checked), digits == X mod q ok (overlapped)
RESULT ecalc T2 s 0
digits: 27182818284590452353602874713526624977572470936999595749669676...78143383465712288221
VERIFY OK
mem [end] device 103.7 GB in use (per APU 25.9..25.9): planes 103.1, regions 0.0, block pool 0.0 (donated 0.0, borrowed 0.0, hipMalloc 0.0; live 0.0, peak live 101.3, free 0.0), tables 0.61, other 0.0
mem [end] host 7.0 GB RSS (HWM 25.8): staging 0.0 pinned, registered 0.1, X 0.0, digits 0.0, named 0.0, other 6.9
mem summary: bytes in use at each phase boundary, GB (device: all APUs / largest APU; host: this process)
mem phase           device  maxAPU |  planes regions  pl:don  pl:bor  pl:hip pl:live pl:peak tables |    host staging  regist       X  digits   other     HWM
mem init             271.9    69.6 |   103.1   114.5     0.0    53.7     0.0     0.0     0.0   0.61 |    24.3    21.5     0.0     0.0     0.0     2.8    24.3
mem bs               224.0    56.0 |   103.1     0.0     0.0   120.3     0.0    35.6    64.6   0.61 |     9.0     4.3     0.1     0.0     0.0     4.6    25.8
mem recip            224.0    56.0 |   103.1     0.0     0.0   120.3     0.0    53.3   101.3   0.61 |     6.9     0.0     0.1     0.0     0.0     6.9    25.8
mem division         224.0    56.0 |   103.1     0.0     0.0   120.3     0.0    17.8   101.3   0.61 |     7.6     0.0     0.1     0.0     0.0     7.6    25.8
mem dm               224.0    56.0 |   103.1     0.0     0.0   120.3     0.0    17.8   101.3   0.61 |     7.6     0.0     0.1     0.0     0.0     7.6    25.8
mem end              103.7    25.9 |   103.1     0.0     0.0     0.0     0.0     0.0   101.3   0.61 |     7.0     0.0     0.1     0.0     0.0     6.9    25.8
rns_dist: RNS_STRATEGY=auto form B: C 1 products 0.91 s, B 99 products 19.05 s, B4 0 products 0.00 s; extra plane memory 0.00 GiB/APU (allocations 0.00 s)

real	1m7.956s
user	0m0.003s
sys	0m0.017s
