== ecalc: e to 40000000000 digits (decimal limbs, base 10^18) [computed to the next multiple of 18] ==
META bench=ecalc host=ppac-pl1-s24-30 date=2026-09-26T17:41:03 pool_log=31 stg=7 pw_fuse=14 body=1 engine=1 base=10^18
ECALC_PLANE_CAP: 2^31 points (POOL_LOG=31 RNS_PLANES_3Q30=0 DIST_LOGN_TEST=31)
rns_init: three primes (ECALC_NP=3): c 2^44 + 1, c = 240, 216, 207; at most 58424467928 terms per product
bs: arenas 139.4 GB allocated in 5.92 s (layout pass 0.09 s; dm extra 9.0 GB, tails 36.1 GB)
      init: region pools 6.00 s (inside rns_init, before the plane pools: the seeds stream into them)
      init: rns_init 11.65 s, region pools 0.00 s, the rest 0.00 s
RESULT ecalc init s 11.6488
      VmRSS 24.2 GB after init (staging 4.3 GB pinned + device regions 139 GB); init 11.6 s
mem [init] device 311.8 GB in use (per APU 67.4..88.5): planes 103.1, regions 139.4, block pool 68.7 (donated 0.0, borrowed 68.7, hipMalloc 0.0; live 0.0, peak live 0.0, free 0.0), tables 0.61, other 0.0
mem [init] host 24.2 GB RSS (HWM 24.2): staging 21.5 pinned, registered 0.0, X 0.0, digits 0.0, named 0.0, other 2.7
bs: seeds were computed during init (14.49 s: buffers 1.64 + 0.12, spans 7.91, waited 1.93 for the regions, 0.34 for the DMA, 2.55 issuing it (max 1.11); 8 chunks of 8191 MB, 8 through a buffer, the rest stored into the regions)
bs: 4346031744 terms, 18415389 spans of 236, seeds 8.33 s (waiting for the init thread)
bs:   layout 0.394  batch 1.814  add+norm 0.052
bs: level  1 batch   9207694 pairs  max_nl        127  pool  35.74 GB  2.26 s  (batch 1.38: scatter 0.13 ntt 0.61 crt 0.07 merge 0.05)
live: bs level 1 batch               pool live 0.00 0.00 0.00 0.00 | window peak 0.00 0.00 0.00 0.00 | pool 1.87 1.87 1.44 1.44 GB per APU; peak/pool 0.0 %; MemAvailable 269.1 GB, Cached 0.6 GB
bs:   layout 0.224  batch 0.762  add+norm 0.028
bs: level  2 batch   4603847 pairs  max_nl        253  pool  35.65 GB  1.01 s  (batch 0.55: scatter 0.06 ntt 0.28 crt 0.07 merge 0.02)
live: bs level 2 batch               pool live 0.00 0.00 0.00 0.00 | window peak 0.00 0.00 0.00 0.00 | pool 1.87 1.87 1.44 1.44 GB per APU; peak/pool 0.0 %; MemAvailable 269.8 GB, Cached 0.6 GB
bs:   layout 0.061  batch 0.417  add+norm 0.014
bs: level  3 batch   2301924 pairs  max_nl        506  pool  35.60 GB  0.49 s  (batch 0.31: scatter 0.03 ntt 0.14 crt 0.07 merge 0.01)
live: bs level 3 batch               pool live 0.00 0.00 0.00 0.00 | window peak 0.00 0.00 0.00 0.00 | pool 1.87 1.87 1.44 1.44 GB per APU; peak/pool 0.0 %; MemAvailable 270.1 GB, Cached 0.6 GB
bs:   layout 0.033  batch 0.337  add+norm 0.008
bs: level  4 batch   1150962 pairs  max_nl       1011  pool  35.58 GB  0.38 s  (batch 0.29: scatter 0.03 ntt 0.15 crt 0.07 merge 0.01)
live: bs level 4 batch               pool live 0.00 0.00 0.00 0.00 | window peak 0.00 0.00 0.00 0.00 | pool 1.87 1.87 1.44 1.44 GB per APU; peak/pool 0.0 %; MemAvailable 270.3 GB, Cached 0.6 GB
bs:   layout 0.026  batch 0.309  add+norm 0.004
bs: level  5 batch    575481 pairs  max_nl       2022  pool  35.57 GB  0.34 s  (batch 0.28: scatter 0.03 ntt 0.16 crt 0.07 merge 0.01)
live: bs level 5 batch               pool live 0.00 0.00 0.00 0.00 | window peak 0.00 0.00 0.00 0.00 | pool 1.87 1.87 1.44 1.44 GB per APU; peak/pool 0.0 %; MemAvailable 270.4 GB, Cached 0.6 GB
bs:   layout 0.008  batch 0.379  add+norm 0.002
bs: level  6 batch    287740 pairs  max_nl       4044  pool  35.56 GB  0.39 s  (batch 0.37: scatter 0.03 ntt 0.23 crt 0.07 merge 0.05)
live: bs level 6 batch               pool live 0.00 0.00 0.00 0.00 | window peak 0.00 0.00 0.00 0.00 | pool 1.87 1.87 1.44 1.44 GB per APU; peak/pool 0.0 %; MemAvailable 270.3 GB, Cached 0.6 GB
bs:   layout 0.004  batch 0.308  add+norm 0.001
bs: level  7 batch    143870 pairs  max_nl       8088  pool  35.56 GB  0.31 s  (batch 0.30: scatter 0.02 ntt 0.20 crt 0.07 merge 0.00)
live: bs level 7 batch               pool live 0.00 0.00 0.00 0.00 | window peak 0.00 0.00 0.00 0.00 | pool 1.87 1.87 1.44 1.44 GB per APU; peak/pool 0.0 %; MemAvailable 270.3 GB, Cached 0.6 GB
bs:   layout 0.004  batch 0.314  add+norm 0.001
bs: level  8 batch     71935 pairs  max_nl      16175  pool  35.56 GB  0.32 s  (batch 0.31: scatter 0.02 ntt 0.21 crt 0.07 merge 0.00)
live: bs level 8 batch               pool live 0.00 0.00 0.00 0.00 | window peak 0.00 0.00 0.00 0.00 | pool 1.87 1.87 1.44 1.44 GB per APU; peak/pool 0.0 %; MemAvailable 270.3 GB, Cached 0.6 GB
bs:   layout 0.001  batch 0.311  add+norm 0.000
bs: level  9 batch     35968 pairs  max_nl      32350  pool  35.56 GB  0.31 s  (batch 0.31: scatter 0.02 ntt 0.21 crt 0.07 merge 0.00)
live: bs level 9 batch               pool live 0.00 0.00 0.00 0.00 | window peak 0.00 0.00 0.00 0.00 | pool 1.87 1.87 1.44 1.44 GB per APU; peak/pool 0.0 %; MemAvailable 270.3 GB, Cached 0.6 GB
bs:   layout 0.000  batch 0.298  add+norm 0.000
bs: level 10 batch     17984 pairs  max_nl      64700  pool  35.56 GB  0.30 s  (batch 0.30: scatter 0.02 ntt 0.20 crt 0.08 merge 0.00)
live: bs level 10 batch              pool live 0.00 0.00 0.00 0.00 | window peak 0.00 0.00 0.00 0.00 | pool 1.87 1.87 1.44 1.44 GB per APU; peak/pool 0.0 %; MemAvailable 270.3 GB, Cached 0.6 GB
bs:   layout 0.001  batch 0.314  add+norm 0.000
bs: level 11 batch      8992 pairs  max_nl     129399  pool  35.56 GB  0.31 s  (batch 0.31: scatter 0.02 ntt 0.20 crt 0.08 merge 0.00)
live: bs level 11 batch              pool live 0.00 0.00 0.00 0.00 | window peak 0.00 0.00 0.00 0.00 | pool 1.87 1.87 1.44 1.44 GB per APU; peak/pool 0.0 %; MemAvailable 270.3 GB, Cached 0.6 GB
bs:   layout 0.000  batch 0.322  add+norm 0.000
bs: level 12 batch      4496 pairs  max_nl     258796  pool  35.56 GB  0.32 s  (batch 0.32: scatter 0.02 ntt 0.21 crt 0.08 merge 0.00)
live: bs level 12 batch              pool live 0.00 0.00 0.00 0.00 | window peak 0.00 0.00 0.00 0.00 | pool 1.87 1.87 1.44 1.44 GB per APU; peak/pool 0.0 %; MemAvailable 270.3 GB, Cached 0.6 GB
bs:   layout 0.000  batch 0.402  add+norm 0.000
bs: level 13 batch      2248 pairs  max_nl     517589  pool  35.56 GB  0.40 s  (batch 0.40: scatter 0.03 ntt 0.28 crt 0.10 merge 0.00)
live: bs level 13 batch              pool live 0.00 0.00 0.00 0.00 | window peak 0.00 0.00 0.00 0.00 | pool 1.87 1.87 1.44 1.44 GB per APU; peak/pool 0.0 %; MemAvailable 270.4 GB, Cached 0.6 GB
bs:   layout 0.000  batch 0.403  add+norm 0.000
bs: level 14 batch      1124 pairs  max_nl    1035161  pool  35.56 GB  0.40 s  (batch 0.40: scatter 0.03 ntt 0.29 crt 0.09 merge 0.00)
live: bs level 14 batch              pool live 0.00 0.00 0.00 0.00 | window peak 0.00 0.00 0.00 0.00 | pool 1.87 1.87 1.44 1.44 GB per APU; peak/pool 0.0 %; MemAvailable 270.4 GB, Cached 0.6 GB
bs:   layout 0.000  batch 0.417  add+norm 0.000
bs: level 15 batch       562 pairs  max_nl    2070259  pool  35.56 GB  0.42 s  (batch 0.42: scatter 0.03 ntt 0.30 crt 0.09 merge 0.00)
live: bs level 15 batch              pool live 0.00 0.00 0.00 0.00 | window peak 0.00 0.00 0.00 0.00 | pool 1.87 1.87 1.44 1.44 GB per APU; peak/pool 0.0 %; MemAvailable 270.4 GB, Cached 0.6 GB
bs:   layout 0.000  batch 0.406  add+norm 0.000
bs: level 16 batch       281 pairs  max_nl    4140269  pool  35.56 GB  0.41 s  (batch 0.41: scatter 0.02 ntt 0.31 crt 0.08 merge 0.00)
live: bs level 16 batch              pool live 0.00 0.00 0.00 0.00 | window peak 0.00 0.00 0.00 0.00 | pool 1.87 1.87 1.44 1.44 GB per APU; peak/pool 0.0 %; MemAvailable 270.4 GB, Cached 0.6 GB
bs:   layout 0.000  batch 0.419  add+norm 0.000
bs: level 17 batch       140 pairs  max_nl    8279537  pool  35.56 GB  0.42 s  (batch 0.42: scatter 0.02 ntt 0.32 crt 0.08 merge 0.00)
live: bs level 17 batch              pool live 0.00 0.00 0.00 0.00 | window peak 0.00 0.00 0.00 0.00 | pool 1.87 1.87 1.44 1.44 GB per APU; peak/pool 0.0 %; MemAvailable 270.4 GB, Cached 0.6 GB
bs:   layout 0.000  batch 0.412  add+norm 0.000
bs: level 18 batch        70 pairs  max_nl   16557735  pool  35.56 GB  0.41 s  (batch 0.41: scatter 0.03 ntt 0.31 crt 0.08 merge 0.00)
live: bs level 18 batch              pool live 0.00 0.00 0.00 0.00 | window peak 0.00 0.00 0.00 0.00 | pool 1.87 1.87 1.44 1.44 GB per APU; peak/pool 0.0 %; MemAvailable 270.4 GB, Cached 0.6 GB
bs:   layout 0.000  batch 0.421  add+norm 0.000
bs: level 19 batch        35 pairs  max_nl   33110101  pool  35.56 GB  0.42 s  (batch 0.42: scatter 0.03 ntt 0.32 crt 0.08 merge 0.00)
live: bs level 19 batch              pool live 0.00 0.00 0.00 0.00 | window peak 0.00 0.00 0.00 0.00 | pool 1.87 1.87 1.44 1.44 GB per APU; peak/pool 0.0 %; MemAvailable 270.4 GB, Cached 0.6 GB
bs:   layout 0.000  batch 0.548  add+norm 0.000
bs: level 20 batch        18 pairs  max_nl   66198568  pool  35.56 GB  0.55 s  (batch 0.55: scatter 0.03 ntt 0.43 crt 0.09 merge 0.00)
live: bs level 20 batch              pool live 0.00 0.00 0.00 0.00 | window peak 0.00 0.00 0.00 0.00 | pool 1.87 1.87 1.44 1.44 GB per APU; peak/pool 0.0 %; MemAvailable 270.4 GB, Cached 0.6 GB
bs:   layout 0.000  batch 0.733  add+norm 0.000
bs: level 21 batch         9 pairs  max_nl  132131023  pool  35.56 GB  0.73 s  (batch 0.73: scatter 0.11 ntt 0.53 crt 0.09 merge 0.00)
live: bs level 21 batch              pool live 0.00 0.00 0.00 0.00 | window peak 0.00 0.00 0.00 0.00 | pool 1.87 1.87 1.44 1.44 GB per APU; peak/pool 0.0 %; MemAvailable 270.4 GB, Cached 0.6 GB
bs:   layout 0.000  batch 0.992  add+norm 0.003
bs: level 22 batch         4 pairs  max_nl  263116884  pool  35.56 GB  0.99 s  (batch 0.99: scatter 0.23 ntt 0.73 crt 0.25 merge 0.00)
live: bs level 22 batch              pool live 0.00 0.00 0.00 0.00 | window peak 0.00 0.00 0.00 0.00 | pool 1.87 1.87 1.44 1.44 GB per APU; peak/pool 0.0 %; MemAvailable 270.4 GB, Cached 0.6 GB
bs:   layout 0.000  batch 1.144  add+norm 0.057
bs: level 23 batch         2 pairs  max_nl  524522009  pool  35.56 GB  1.20 s  (batch 1.14: scatter 0.28 ntt 0.86 crt 0.28 merge 0.01)
live: bs level 23 batch              pool live 0.00 0.00 0.00 0.00 | window peak 0.00 0.00 0.00 0.00 | pool 1.87 1.87 1.44 1.44 GB per APU; peak/pool 0.0 %; MemAvailable 270.4 GB, Cached 0.6 GB
bs: level 24 mdev          1 pairs  max_nl 1040928717  pool  35.56 GB  2.24 s  (batch 0.00: scatter 0.00 ntt 0.00 crt 0.00 merge 0.00)
live: bs level 24 mdev               pool live 8.89 8.89 8.89 8.89 | window peak 8.89 8.89 8.89 8.89 | pool 42.95 42.95 30.06 30.06 GB per APU; peak/pool 24.3 %; MemAvailable 269.2 GB, Cached 0.6 GB
bs: level 25 mdev          1 pairs  max_nl 2015640484  pool  35.56 GB  2.59 s  (batch 0.00: scatter 0.00 ntt 0.00 crt 0.00 merge 0.00)
live: bs level 25 mdev               pool live 8.89 8.89 8.89 8.89 | window peak 15.09 15.09 15.09 15.09 | pool 42.95 42.95 30.06 30.06 GB per APU; peak/pool 41.3 %; MemAvailable 269.2 GB, Cached 0.6 GB
bs       26.32 s   N 4346031744, P 2222222227 limbs, Q 2222222227 limbs (seeds 8.3 school 0.0 batch 13.1 mdev 4.8; pool 40.1 GB; dev pools 0.0 GB)   VmRSS 9.1 GB, VmHWM 25.8 GB
RESULT ecalc bs s 26.3214
mem [bs] device 249.7 GB in use (per APU 56.0..68.9): planes 103.1, regions 0.0, block pool 146.0 (donated 0.0, borrowed 146.0, hipMalloc 0.0; live 35.6, peak live 60.4, free 110.5), tables 0.61, other 0.0
mem [bs] host 9.1 GB RSS (HWM 25.8): staging 4.3 pinned, registered 0.1, X 0.0, digits 0.0, named 0.0, other 4.7
      I3: plane pool tails donated: 0.0 GB
live: recip(db) j 2 -> 3             pool live 22.22 22.22 22.22 22.22 | window peak 22.22 22.22 22.22 22.22 | pool 42.95 42.95 30.06 30.06 GB per APU; peak/pool 60.9 %; MemAvailable 271.4 GB, Cached 0.6 GB
live: recip(db) j 3 -> 5             pool live 22.22 22.22 22.22 22.22 | window peak 22.22 22.22 22.22 22.22 | pool 42.95 42.95 30.06 30.06 GB per APU; peak/pool 60.9 %; MemAvailable 271.4 GB, Cached 0.6 GB
live: recip(db) j 5 -> 9             pool live 22.22 22.22 22.22 22.22 | window peak 22.22 22.22 22.22 22.22 | pool 42.95 42.95 30.06 30.06 GB per APU; peak/pool 60.9 %; MemAvailable 271.4 GB, Cached 0.6 GB
live: recip(db) j 9 -> 17            pool live 22.22 22.22 22.22 22.22 | window peak 22.22 22.22 22.22 22.22 | pool 42.95 42.95 30.06 30.06 GB per APU; peak/pool 60.9 %; MemAvailable 271.4 GB, Cached 0.6 GB
live: recip(db) j 17 -> 34           pool live 22.22 22.22 22.22 22.22 | window peak 22.22 22.22 22.22 22.22 | pool 42.95 42.95 30.06 30.06 GB per APU; peak/pool 60.9 %; MemAvailable 271.4 GB, Cached 0.6 GB
live: recip(db) j 34 -> 67           pool live 22.22 22.22 22.22 22.22 | window peak 22.22 22.22 22.22 22.22 | pool 42.95 42.95 30.06 30.06 GB per APU; peak/pool 60.9 %; MemAvailable 271.4 GB, Cached 0.6 GB
live: recip(db) j 67 -> 133          pool live 22.22 22.22 22.22 22.22 | window peak 22.22 22.22 22.22 22.22 | pool 42.95 42.95 30.06 30.06 GB per APU; peak/pool 60.9 %; MemAvailable 271.4 GB, Cached 0.6 GB
live: recip(db) j 133 -> 265         pool live 22.22 22.22 22.22 22.22 | window peak 22.22 22.22 22.22 22.22 | pool 42.95 42.95 30.06 30.06 GB per APU; peak/pool 60.9 %; MemAvailable 271.4 GB, Cached 0.6 GB
live: recip(db) j 265 -> 530         pool live 22.22 22.22 22.22 22.22 | window peak 22.22 22.22 22.22 22.22 | pool 42.95 42.95 30.06 30.06 GB per APU; peak/pool 60.9 %; MemAvailable 271.4 GB, Cached 0.6 GB
live: recip(db) j 530 -> 1060        pool live 22.22 22.22 22.22 22.22 | window peak 22.22 22.22 22.22 22.22 | pool 42.95 42.95 30.06 30.06 GB per APU; peak/pool 60.9 %; MemAvailable 271.4 GB, Cached 0.6 GB
live: recip(db) j 1060 -> 2120       pool live 22.22 22.22 22.22 22.22 | window peak 22.22 22.22 22.22 22.22 | pool 42.95 42.95 30.06 30.06 GB per APU; peak/pool 60.9 %; MemAvailable 271.4 GB, Cached 0.6 GB
live: recip(db) j 2120 -> 4239       pool live 22.22 22.22 22.22 22.22 | window peak 22.22 22.22 22.22 22.22 | pool 42.95 42.95 30.06 30.06 GB per APU; peak/pool 60.9 %; MemAvailable 271.4 GB, Cached 0.6 GB
live: recip(db) j 4239 -> 8478       pool live 22.22 22.22 22.22 22.22 | window peak 22.22 22.22 22.22 22.22 | pool 42.95 42.95 30.06 30.06 GB per APU; peak/pool 60.9 %; MemAvailable 271.4 GB, Cached 0.6 GB
live: recip(db) j 8478 -> 16955      pool live 22.22 22.22 22.22 22.22 | window peak 22.22 22.22 22.22 22.22 | pool 42.95 42.95 30.06 30.06 GB per APU; peak/pool 60.9 %; MemAvailable 271.4 GB, Cached 0.6 GB
live: recip(db) j 16955 -> 33909     pool live 22.22 22.22 22.22 22.22 | window peak 22.22 22.22 22.22 22.22 | pool 42.95 42.95 30.06 30.06 GB per APU; peak/pool 60.9 %; MemAvailable 271.4 GB, Cached 0.6 GB
live: recip(db) j 33909 -> 67817     pool live 22.22 22.22 22.22 22.22 | window peak 22.22 22.22 22.22 22.22 | pool 42.95 42.95 30.06 30.06 GB per APU; peak/pool 60.9 %; MemAvailable 271.4 GB, Cached 0.6 GB
live: recip(db) j 67817 -> 135634    pool live 22.22 22.22 22.22 22.22 | window peak 22.22 22.22 22.22 22.22 | pool 42.95 42.95 30.06 30.06 GB per APU; peak/pool 60.9 %; MemAvailable 271.4 GB, Cached 0.6 GB
live: recip(db) j 135634 -> 271268   pool live 22.22 22.22 22.22 22.22 | window peak 22.22 22.22 22.22 22.22 | pool 42.95 42.95 30.06 30.06 GB per APU; peak/pool 60.9 %; MemAvailable 271.4 GB, Cached 0.6 GB
live: recip(db) j 271268 -> 542535   pool live 22.22 22.22 22.22 22.22 | window peak 22.22 22.22 22.22 22.22 | pool 42.95 42.95 30.06 30.06 GB per APU; peak/pool 60.9 %; MemAvailable 271.4 GB, Cached 0.6 GB
live: recip(db) j 542535 -> 1085070  pool live 22.22 22.22 22.22 22.22 | window peak 22.22 22.22 22.22 22.22 | pool 42.95 42.95 30.06 30.06 GB per APU; peak/pool 60.9 %; MemAvailable 271.4 GB, Cached 0.6 GB
live: recip(db) j 1085070 -> 2170139 pool live 22.22 22.22 22.22 22.22 | window peak 22.22 22.22 22.22 22.22 | pool 42.95 42.95 30.06 30.06 GB per APU; peak/pool 60.9 %; MemAvailable 271.4 GB, Cached 0.6 GB
live: recip(db) j 2170139 -> 4340278 pool live 22.22 22.22 22.22 22.22 | window peak 22.22 22.22 22.22 22.22 | pool 42.95 42.95 30.06 30.06 GB per APU; peak/pool 60.9 %; MemAvailable 271.4 GB, Cached 0.6 GB
live: recip(db) j 4340278 -> 8680556 pool live 22.22 22.22 22.22 22.22 | window peak 22.22 22.22 22.22 22.22 | pool 42.95 42.95 30.06 30.06 GB per APU; peak/pool 60.9 %; MemAvailable 271.4 GB, Cached 0.6 GB
live: recip(db) j 8680556 -> 17361112 pool live 22.22 22.22 22.22 22.22 | window peak 22.22 22.22 22.22 22.22 | pool 42.95 42.95 30.06 30.06 GB per APU; peak/pool 60.9 %; MemAvailable 271.4 GB, Cached 0.6 GB
live: recip(db) j 17361112 -> 34722223 pool live 22.22 22.22 22.22 22.22 | window peak 22.22 22.22 22.22 22.22 | pool 42.95 42.95 30.06 30.06 GB per APU; peak/pool 60.9 %; MemAvailable 271.4 GB, Cached 0.6 GB
live: recip(db) j 34722223 -> 69444445 pool live 22.22 22.22 22.22 22.22 | window peak 22.22 22.22 22.22 22.22 | pool 42.95 42.95 30.06 30.06 GB per APU; peak/pool 60.9 %; MemAvailable 271.4 GB, Cached 0.6 GB
live: recip(db) j 69444445 -> 138888890 pool live 22.22 22.22 22.22 22.22 | window peak 22.22 22.22 22.22 22.22 | pool 42.95 42.95 30.06 30.06 GB per APU; peak/pool 60.9 %; MemAvailable 271.3 GB, Cached 0.6 GB
live: recip(db) j 138888890 -> 277777779 pool live 22.22 22.22 22.22 22.22 | window peak 22.22 22.22 22.22 22.22 | pool 42.95 42.95 30.06 30.06 GB per APU; peak/pool 60.9 %; MemAvailable 271.3 GB, Cached 0.6 GB
live: recip(db) j 277777779 -> 555555557 pool live 22.22 22.22 22.22 22.22 | window peak 22.22 22.22 22.22 22.22 | pool 42.95 42.95 30.06 30.06 GB per APU; peak/pool 60.9 %; MemAvailable 271.3 GB, Cached 0.6 GB
live: recip(db) j 555555557 -> 1111111113 pool live 22.22 22.22 22.22 22.22 | window peak 22.22 22.22 22.22 22.22 | pool 42.95 42.95 30.06 30.06 GB per APU; peak/pool 60.9 %; MemAvailable 271.3 GB, Cached 0.6 GB
newton(db) j 1111111113 (k 2222222225): recip cut 0 pieces skipped, 8 formed in the step's two products
live: recip(db) j 1111111113 -> 2222222225 pool live 22.22 22.22 22.22 22.22 | window peak 25.33 25.33 25.33 25.33 | pool 42.95 42.95 30.06 30.06 GB per APU; peak/pool 69.4 %; MemAvailable 271.4 GB, Cached 0.6 GB
recip     9.84 s   mu 2222222226 limbs (31 iterations, 0 mdev)   VmRSS 6.9 GB, VmHWM 25.8 GB
mem [recip] device 249.7 GB in use (per APU 56.0..68.9): planes 103.1, regions 0.0, block pool 146.0 (donated 0.0, borrowed 146.0, hipMalloc 0.0; live 53.3, peak live 101.3, free 92.7), tables 0.61, other 0.0
mem [recip] host 6.9 GB RSS (HWM 25.8): staging 0.0 pinned, registered 0.1, X 0.0, digits 0.0, named 0.0, other 6.9
      I3: P, Q residues by kernel 0.56 s (before the reciprocal), S = P + Q on device 0.06 s; no host A
10dP      0.06 s   T 2222222223 limbs, A 4444444450 limbs (0 mdev, 0 splits)   VmRSS 6.9 GB, VmHWM 25.8 GB
RESULT ecalc 10dP s 0.0608319
   dist_db 2222222224 x 2222222225 limbs: 3 x 3 pieces of 740740742 + 740740742, 8 formed, 1 skipped (low cut): 5.747 s (cache 0 slots: 0 hits, 0 misses)
  T2 window@50 ok
  T2 window@1000000 ok
  T2 window@100000000 ok
  T2 window@1000000000 ok
   dist_db 2222222224 x 2222222227 limbs: 3 x 3 pieces of 740740742 + 740740743, 8 formed, 1 skipped (low product): 5.942 s (cache 0 slots: 0 hits, 0 misses)
live: divmod(dev) end                pool live 13.33 13.33 13.33 13.33 | window peak 25.19 25.19 25.19 25.19 | pool 42.95 42.95 30.06 30.06 GB per APU; peak/pool 69.0 %; MemAvailable 270.7 GB, Cached 0.6 GB
mem [division] device 249.7 GB in use (per APU 56.0..68.9): planes 103.1, regions 0.0, block pool 146.0 (donated 0.0, borrowed 146.0, hipMalloc 0.0; live 17.8, peak live 101.3, free 128.3), tables 0.61, other 0.0
mem [division] host 7.6 GB RSS (HWM 25.8): staging 0.0 pinned, registered 0.1, X 0.0, digits 0.0, named 0.0, other 7.6
dm       23.11 s   X 2222222224 limbs, R 0 limbs (recip 9.8 s; corrections 0/0; 0 mdev); X on the device   VmRSS 7.6 GB, VmHWM 25.8 GB
mem [dm] device 249.7 GB in use (per APU 56.0..68.9): planes 103.1, regions 0.0, block pool 146.0 (donated 0.0, borrowed 146.0, hipMalloc 0.0; live 17.8, peak live 101.3, free 128.3), tables 0.61, other 0.0
mem [dm] host 7.6 GB RSS (HWM 25.8): staging 0.0 pinned, registered 0.1, X 0.0, digits 0.0, named 0.0, other 7.6
RESULT ecalc dm s 23.1063
  T1 q0=4611686018427388039: P ok, Q ok, T(P+Q) == XQ+R ok
  T1 q1=4611686018427388073: P ok, Q ok, T(P+Q) == XQ+R ok
  T1 q2=4611686018427388081: P ok, Q ok, T(P+Q) == XQ+R ok
  T1 q3=4611686018427388091: P ok, Q ok, T(P+Q) == XQ+R ok
  T1 q4=4611686018427388093: P ok, Q ok, T(P+Q) == XQ+R ok
  T1 q5=4611686018427388097: P ok, Q ok, T(P+Q) == XQ+R ok
  T1 q6=4611686018427388157: P ok, Q ok, T(P+Q) == XQ+R ok
  T1 q7=4611686018427388181: P ok, Q ok, T(P+Q) == XQ+R ok
T1        0.00 s   ok: T(P+Q) == XQ + R and P, Q mod q for 8 primes (P, Q recurrence overlapped with bs)
      overlapped with bs: P, Q mod q recurrence 4.79 s, block pool pregrown by 0 GB in 0.00 s
RESULT ecalc T1 s 1.679e-05
      VmRSS 7.6 GB before dc
total    61.14 s   (bs 26.3 + 10dP 0.1 + dm 23.1 + T1 0.0 + dc 0.0 + T2 0.0 = 49.5; init 11.6; other 0.0); VmHWM 25.8 GB
RESULT ecalc total s 61.1383
RESULT ecalc phases s 49.4886
RESULT ecalc other s 0.000954668
RESULT ecalc vmhwm GB 25.8243
paper A22 (4e10): 285.7 = bs 112.2 + 10dP 12.6 + dm 46.8 + T1 ~3 + dc 110.3
  T1 q0: digits == X ok
  T1 q1: digits == X ok
  T1 q2: digits == X ok
  T1 q3: digits == X ok
  T1 q4: digits == X ok
  T1 q5: digits == X ok
  T1 q6: digits == X ok
  T1 q7: digits == X ok
dc        0.00 s   digits [0, 40000000015) of 40000000015 formatted from 2222222224 decimal limbs in 150 chunks (streamed with the low product; joined after total) (residues 0.29, format 2.55, digit residue 1.55, T2 0.00, fetch 1.08, waiting for the writer 0.00)
RESULT ecalc dc s 9.47999e-06
T2        0.00 s   windows ok (4 checked), digits == X mod q ok (overlapped)
RESULT ecalc T2 s 0
digits: 27182818284590452353602874713526624977572470936999595749669676...78143383465712288221
VERIFY OK
mem [end] device 103.7 GB in use (per APU 25.9..25.9): planes 103.1, regions 0.0, block pool 0.0 (donated 0.0, borrowed 0.0, hipMalloc 0.0; live 0.0, peak live 101.3, free 0.0), tables 0.61, other 0.0
mem [end] host 7.0 GB RSS (HWM 25.8): staging 0.0 pinned, registered 0.1, X 0.0, digits 0.0, named 0.0, other 6.9
mem summary: bytes in use at each phase boundary, GB (device: all APUs / largest APU; host: this process)
mem phase           device  maxAPU |  planes regions  pl:don  pl:bor  pl:hip pl:live pl:peak tables |    host staging  regist       X  digits   other     HWM
mem init             311.8    88.5 |   103.1   139.4     0.0    68.7     0.0     0.0     0.0   0.61 |    24.2    21.5     0.0     0.0     0.0     2.7    24.2
mem bs               249.7    68.9 |   103.1     0.0     0.0   146.0     0.0    35.6    60.4   0.61 |     9.1     4.3     0.1     0.0     0.0     4.7    25.8
mem recip            249.7    68.9 |   103.1     0.0     0.0   146.0     0.0    53.3   101.3   0.61 |     6.9     0.0     0.1     0.0     0.0     6.9    25.8
mem division         249.7    68.9 |   103.1     0.0     0.0   146.0     0.0    17.8   101.3   0.61 |     7.6     0.0     0.1     0.0     0.0     7.6    25.8
mem dm               249.7    68.9 |   103.1     0.0     0.0   146.0     0.0    17.8   101.3   0.61 |     7.6     0.0     0.1     0.0     0.0     7.6    25.8
mem end              103.7    25.9 |   103.1     0.0     0.0     0.0     0.0     0.0   101.3   0.61 |     7.0     0.0     0.1     0.0     0.0     6.9    25.8
rns_dist: RNS_STRATEGY=auto form B: C 3 products 2.83 s, B 89 products 15.13 s, B4 0 products 0.00 s; extra plane memory 0.00 GiB/APU (allocations 0.00 s)

real	1m2.662s
user	0m0.008s
sys	0m0.015s
