== MAP run s4r: 100000000000 nw, env: ECALC_INIT_TL=1 BS_ARENA_ROOM=0.16 DB_POOL_VMM_STREAM=4; job 21661 on ppac-pl1-s24-26, clone at 9dfe39d, 2026-09-27 21:47:49 CDT
== ecalc: e to 100000000000 digits (decimal limbs, base 10^18) [computed to the next multiple of 18] ==
META bench=ecalc host=ppac-pl1-s24-26 date=2026-09-27T21:47:50 pool_log=31 stg=7 pw_fuse=14 body=1 engine=1 base=10^18
ECALC_PLANE_CAP: 2^31 points (POOL_LOG=31 RNS_PLANES_3Q30=0 DIST_LOGN_TEST=31)
tl    0.00  rns_init begins
rns_init: three primes (ECALC_NP=3): c 2^44 + 1, c = 240, 216, 207; at most 58424467928 terms per product
tl    2.43  staging and contexts done (2.20 s)
tl    6.59  plane pools done (4.16 s)
tl    6.69  seed thread starts (all threads)
tl    7.42  APU2 arena: 32 chunks (parity-0 half 0..14, parity-1 half ..28) to the stream
dbig pool: APU2 VMM arena 68.72 GB = 32 chunks of 2.00 GiB, mapped by the stream (DB_POOL_VMM_STREAM=4, 2 chunks per call), VA 208.3 GB reserved at 0x750843c00000
tl    7.42  APU0 arena: 39 chunks (parity-0 half 0..19, parity-1 half ..38) to the stream
dbig pool: APU0 VMM arena 83.75 GB = 39 chunks of 2.00 GiB, mapped by the stream (DB_POOL_VMM_STREAM=4, 2 chunks per call), VA 253.4 GB reserved at 0x749ac3600000
tl    7.42  APU3 arena: 32 chunks (parity-0 half 0..13, parity-1 half ..26) to the stream
dbig pool: APU3 VMM arena 68.72 GB = 32 chunks of 2.00 GiB, mapped by the stream (DB_POOL_VMM_STREAM=4, 2 chunks per call), VA 208.3 GB reserved at 0x74d5c3800000
tl    7.42  APU1 arena: 32 chunks (parity-0 half 0..14, parity-1 half ..28) to the stream
dbig pool: APU1 VMM arena 68.72 GB = 32 chunks of 2.00 GiB, mapped by the stream (DB_POOL_VMM_STREAM=4, 2 chunks per call), VA 208.3 GB reserved at 0x746a33e00000
bs: arenas 289.9 GB allocated in 0.45 s (layout pass 0.28 s; dm extra 28.7 GB, tails 90.3 GB)
      init: region pools 0.73 s (inside rns_init, before the plane pools: the seeds stream into them)
tl    7.42  the hook (region arenas, the seed thread started) done
tl    7.56  peer access done (0.14 s)
tl    7.56  the stream is released (4 workers, 2 chunks per call)
      init: rns_init 7.57 s, region pools 0.00 s, the rest 0.00 s
RESULT ecalc init s 7.57013
      VmRSS 23.9 GB after init (staging 4.3 GB pinned + device regions 290 GB); init 7.6 s
mem [init] device 393.6 GB in use (per APU 94.6..109.7): planes 103.1, regions 289.9, block pool 0.0 (donated 0.0, borrowed 0.0, hipMalloc 0.0; live 0.0, peak live 0.0, free 0.0), tables 0.61, other 0.0
mem [init] host 23.9 GB RSS (HWM 23.9): staging 12.9 pinned, registered 0.0, X 0.0, digits 0.0, named 0.0, other 11.0
budget: rank 0: peak 417.5 GB (device 393.6, host 23.9), still to take 0.0 GB | node of 1 rank: peaks 417.5 of 480 GB, to take 0.0 of MemAvailable 399.5 GB | rank share 480.0 GB
budget: ECALC_BUDGET_CHECK ok: 1 rank, largest rank peak 417.5 GB, node budget 480 GB
tl    8.18  seed thread: buffers allocated (1.49 s)
tl   11.25  APU0 waited 0.20 s for chunks 2..3 of the arena
tl   18.79  APU1 stream: the parity-0 half is mapped (chunks 0..14)
tl   20.40  APU0 stream: the parity-0 half is mapped (chunks 0..19)
tl   20.40  APU0 waited 12.37 s for chunks 0..19 of the arena
tl   21.33  APU2 stream: the parity-0 half is mapped (chunks 0..14)
tl   21.33  APU2 waited 0.93 s for chunks 14..14 of the arena
tl   23.93  APU3 stream: the parity-0 half is mapped (chunks 0..13)
tl   23.93  APU3 waited 2.60 s for chunks 10..13 of the arena
tl   23.93  bs: joining the seed thread
tl   30.14  APU1 stream: the parity-1 half is mapped (chunks ..28)
tl   31.76  APU2 stream: the parity-1 half is mapped (chunks ..28)
tl   32.34  APU1 stream: all 32 chunks mapped, 24.77 s after its first (create 11.87, map 9.29, access 2.88, zero 0.73)
tl   37.17  APU2 stream: all 32 chunks mapped, 29.60 s after its first (create 14.76, map 8.39, access 6.04, zero 0.41)
tl   37.21  APU3 stream: the parity-1 half is mapped (chunks ..26)
tl   44.03  APU0 stream: the parity-1 half is mapped (chunks ..38)
tl   44.03  APU0 stream: all 39 chunks mapped, 36.46 s after its first (create 17.11, map 7.53, access 11.18, zero 0.65)
tl   44.16  APU3 stream: all 32 chunks mapped, 36.60 s after its first (create 21.99, map 12.38, access 2.06, zero 0.15)
tl   58.08  seed thread: every span computed (12 chunks, spans 16.18 s)
tl   58.38  seed thread ends (51.69 s)
tl   58.40  bs: the seeds are joined
bs: seeds were computed during init (51.69 s: buffers 1.49 + 0.12, spans 16.18, waited 0.20 for the regions, 0.76 for the DMA, 33.13 issuing it (max 32.91); 12 chunks of 8191 MB, 12 through a buffer, the rest stored into the regions; BI_MUL1_FAST=1)
bs: 10433891470 terms, 45562845 spans of 229, seeds 34.48 s (waiting for the init thread)
tl   58.84  bs: level 1 starts (its pools are there)
bs:   layout 0.923  batch 3.697  add+norm 0.128
tl   63.15  bs: level 1 done (batch, 4.75 s)
bs: level  1 batch  22781422 pairs  max_nl        128  pool  89.34 GB  4.75 s  (batch 2.87: scatter 0.27 ntt 1.36 crt 0.18 merge 0.12)
live: bs level 1 batch               pool live 0.00 0.00 0.00 0.00 | window peak 0.00 0.00 0.00 0.00 | pool 0.00 0.00 0.00 0.00 GB per APU; peak/pool 0.0 %; MemAvailable 120.6 GB, Cached 0.5 GB
tl   63.43  bs: level 2 starts (its pools are there)
bs:   layout 0.420  batch 1.833  add+norm 0.067
tl   65.54  bs: level 2 done (batch, 2.32 s)
bs: level  2 batch  11390711 pairs  max_nl        255  pool  89.11 GB  2.32 s  (batch 1.41: scatter 0.13 ntt 0.65 crt 0.20 merge 0.05)
live: bs level 2 batch               pool live 0.00 0.00 0.00 0.00 | window peak 0.00 0.00 0.00 0.00 | pool 0.00 0.00 0.00 0.00 GB per APU; peak/pool 0.0 %; MemAvailable 122.3 GB, Cached 0.5 GB
tl   65.62  bs: level 3 starts (its pools are there)
bs:   layout 0.165  batch 1.053  add+norm 0.037
tl   66.80  bs: level 3 done (batch, 1.25 s)
bs: level  3 batch   5695356 pairs  max_nl        510  pool  89.00 GB  1.25 s  (batch 0.84: scatter 0.09 ntt 0.35 crt 0.17 merge 0.03)
live: bs level 3 batch               pool live 0.00 0.00 0.00 0.00 | window peak 0.00 0.00 0.00 0.00 | pool 0.00 0.00 0.00 0.00 GB per APU; peak/pool 0.0 %; MemAvailable 123.2 GB, Cached 0.5 GB
bs:   layout 0.086  batch 0.815  add+norm 0.018
bs: level  4 batch   2847678 pairs  max_nl       1020  pool  88.95 GB  0.92 s  (batch 0.71: scatter 0.06 ntt 0.35 crt 0.19 merge 0.01)
live: bs level 4 batch               pool live 0.00 0.00 0.00 0.00 | window peak 0.00 0.00 0.00 0.00 | pool 0.00 0.00 0.00 0.00 GB per APU; peak/pool 0.0 %; MemAvailable 123.7 GB, Cached 0.5 GB
bs:   layout 0.043  batch 0.762  add+norm 0.010
bs: level  5 batch   1423839 pairs  max_nl       2040  pool  88.92 GB  0.81 s  (batch 0.71: scatter 0.10 ntt 0.38 crt 0.17 merge 0.01)
live: bs level 5 batch               pool live 0.00 0.00 0.00 0.00 | window peak 0.00 0.00 0.00 0.00 | pool 0.00 0.00 0.00 0.00 GB per APU; peak/pool 0.0 %; MemAvailable 124.0 GB, Cached 0.5 GB
bs:   layout 0.024  batch 0.874  add+norm 0.005
bs: level  6 batch    711919 pairs  max_nl       4079  pool  88.90 GB  0.90 s  (batch 0.85: scatter 0.06 ntt 0.53 crt 0.19 merge 0.05)
live: bs level 6 batch               pool live 0.00 0.00 0.00 0.00 | window peak 0.00 0.00 0.00 0.00 | pool 0.00 0.00 0.00 0.00 GB per APU; peak/pool 0.0 %; MemAvailable 124.0 GB, Cached 0.5 GB
bs:   layout 0.012  batch 0.756  add+norm 0.003
bs: level  7 batch    355960 pairs  max_nl       8158  pool  88.90 GB  0.77 s  (batch 0.74: scatter 0.09 ntt 0.46 crt 0.16 merge 0.01)
live: bs level 7 batch               pool live 0.00 0.00 0.00 0.00 | window peak 0.00 0.00 0.00 0.00 | pool 0.00 0.00 0.00 0.00 GB per APU; peak/pool 0.0 %; MemAvailable 124.0 GB, Cached 0.5 GB
bs:   layout 0.009  batch 0.758  add+norm 0.001
bs: level  8 batch    177980 pairs  max_nl      16315  pool  88.89 GB  0.77 s  (batch 0.75: scatter 0.06 ntt 0.49 crt 0.19 merge 0.00)
live: bs level 8 batch               pool live 0.00 0.00 0.00 0.00 | window peak 0.00 0.00 0.00 0.00 | pool 0.00 0.00 0.00 0.00 GB per APU; peak/pool 0.0 %; MemAvailable 124.1 GB, Cached 0.5 GB
bs:   layout 0.002  batch 0.762  add+norm 0.001
bs: level  9 batch     88990 pairs  max_nl      32629  pool  88.89 GB  0.76 s  (batch 0.76: scatter 0.10 ntt 0.49 crt 0.17 merge 0.00)
live: bs level 9 batch               pool live 0.00 0.00 0.00 0.00 | window peak 0.00 0.00 0.00 0.00 | pool 0.00 0.00 0.00 0.00 GB per APU; peak/pool 0.0 %; MemAvailable 124.1 GB, Cached 0.5 GB
bs:   layout 0.009  batch 0.716  add+norm 0.000
bs: level 10 batch     44495 pairs  max_nl      65258  pool  88.89 GB  0.73 s  (batch 0.71: scatter 0.06 ntt 0.45 crt 0.20 merge 0.00)
live: bs level 10 batch              pool live 0.00 0.00 0.00 0.00 | window peak 0.00 0.00 0.00 0.00 | pool 0.00 0.00 0.00 0.00 GB per APU; peak/pool 0.0 %; MemAvailable 124.1 GB, Cached 0.5 GB
bs:   layout 0.000  batch 0.760  add+norm 0.000
bs: level 11 batch     22247 pairs  max_nl     130516  pool  88.89 GB  0.76 s  (batch 0.76: scatter 0.09 ntt 0.47 crt 0.19 merge 0.00)
live: bs level 11 batch              pool live 0.00 0.00 0.00 0.00 | window peak 0.00 0.00 0.00 0.00 | pool 0.00 0.00 0.00 0.00 GB per APU; peak/pool 0.0 %; MemAvailable 124.1 GB, Cached 0.5 GB
bs:   layout 0.002  batch 0.767  add+norm 0.000
bs: level 12 batch     11124 pairs  max_nl     261032  pool  88.89 GB  0.77 s  (batch 0.77: scatter 0.06 ntt 0.50 crt 0.22 merge 0.00)
live: bs level 12 batch              pool live 0.00 0.00 0.00 0.00 | window peak 0.00 0.00 0.00 0.00 | pool 0.00 0.00 0.00 0.00 GB per APU; peak/pool 0.0 %; MemAvailable 124.1 GB, Cached 0.5 GB
bs:   layout 0.000  batch 0.993  add+norm 0.000
bs: level 13 batch      5562 pairs  max_nl     522061  pool  88.89 GB  0.99 s  (batch 0.99: scatter 0.10 ntt 0.65 crt 0.25 merge 0.00)
live: bs level 13 batch              pool live 0.00 0.00 0.00 0.00 | window peak 0.00 0.00 0.00 0.00 | pool 0.00 0.00 0.00 0.00 GB per APU; peak/pool 0.0 %; MemAvailable 124.2 GB, Cached 0.5 GB
bs:   layout 0.000  batch 0.952  add+norm 0.000
bs: level 14 batch      2781 pairs  max_nl    1044116  pool  88.89 GB  0.95 s  (batch 0.95: scatter 0.06 ntt 0.67 crt 0.23 merge 0.00)
live: bs level 14 batch              pool live 0.00 0.00 0.00 0.00 | window peak 0.00 0.00 0.00 0.00 | pool 0.00 0.00 0.00 0.00 GB per APU; peak/pool 0.0 %; MemAvailable 124.2 GB, Cached 0.5 GB
bs:   layout 0.000  batch 1.010  add+norm 0.000
bs: level 15 batch      1390 pairs  max_nl    2088208  pool  88.89 GB  1.01 s  (batch 1.01: scatter 0.10 ntt 0.70 crt 0.21 merge 0.00)
live: bs level 15 batch              pool live 0.00 0.00 0.00 0.00 | window peak 0.00 0.00 0.00 0.00 | pool 0.00 0.00 0.00 0.00 GB per APU; peak/pool 0.0 %; MemAvailable 124.2 GB, Cached 0.5 GB
bs:   layout 0.000  batch 0.967  add+norm 0.000
bs: level 16 batch       695 pairs  max_nl    4176382  pool  88.89 GB  0.97 s  (batch 0.97: scatter 0.06 ntt 0.71 crt 0.20 merge 0.00)
live: bs level 16 batch              pool live 0.00 0.00 0.00 0.00 | window peak 0.00 0.00 0.00 0.00 | pool 0.00 0.00 0.00 0.00 GB per APU; peak/pool 0.0 %; MemAvailable 124.2 GB, Cached 0.5 GB
bs:   layout 0.000  batch 0.994  add+norm 0.000
bs: level 17 batch       348 pairs  max_nl    8352633  pool  88.89 GB  0.99 s  (batch 0.99: scatter 0.09 ntt 0.72 crt 0.18 merge 0.00)
live: bs level 17 batch              pool live 0.00 0.00 0.00 0.00 | window peak 0.00 0.00 0.00 0.00 | pool 0.00 0.00 0.00 0.00 GB per APU; peak/pool 0.0 %; MemAvailable 124.2 GB, Cached 0.5 GB
bs:   layout 0.000  batch 0.945  add+norm 0.000
bs: level 18 batch       174 pairs  max_nl   16703700  pool  88.89 GB  0.95 s  (batch 0.95: scatter 0.06 ntt 0.69 crt 0.20 merge 0.00)
live: bs level 18 batch              pool live 0.00 0.00 0.00 0.00 | window peak 0.00 0.00 0.00 0.00 | pool 0.00 0.00 0.00 0.00 GB per APU; peak/pool 0.0 %; MemAvailable 124.2 GB, Cached 0.5 GB
bs:   layout 0.000  batch 0.994  add+norm 0.000
bs: level 19 batch        87 pairs  max_nl   33401115  pool  88.89 GB  0.99 s  (batch 0.99: scatter 0.09 ntt 0.72 crt 0.18 merge 0.00)
live: bs level 19 batch              pool live 0.00 0.00 0.00 0.00 | window peak 0.00 0.00 0.00 0.00 | pool 0.00 0.00 0.00 0.00 GB per APU; peak/pool 0.0 %; MemAvailable 124.2 GB, Cached 0.5 GB
bs:   layout 0.000  batch 1.150  add+norm 0.001
bs: level 20 batch        43 pairs  max_nl   66776918  pool  88.89 GB  1.15 s  (batch 1.15: scatter 0.05 ntt 0.88 crt 0.21 merge 0.01)
live: bs level 20 batch              pool live 0.00 0.00 0.00 0.00 | window peak 0.00 0.00 0.00 0.00 | pool 0.00 0.00 0.00 0.00 GB per APU; peak/pool 0.0 %; MemAvailable 124.2 GB, Cached 0.5 GB
bs:   layout 0.000  batch 1.286  add+norm 0.000
bs: level 21 batch        22 pairs  max_nl  133519754  pool  88.89 GB  1.29 s  (batch 1.29: scatter 0.11 ntt 0.98 crt 0.20 merge 0.01)
live: bs level 21 batch              pool live 0.00 0.00 0.00 0.00 | window peak 0.00 0.00 0.00 0.00 | pool 0.00 0.00 0.00 0.00 GB per APU; peak/pool 0.0 %; MemAvailable 124.2 GB, Cached 0.5 GB
bs:   layout 0.000  batch 1.863  add+norm 0.000
bs: level 22 batch        11 pairs  max_nl  266622276  pool  88.89 GB  1.86 s  (batch 1.86: scatter 0.30 ntt 1.31 crt 0.31 merge 0.01)
live: bs level 22 batch              pool live 0.00 0.00 0.00 0.00 | window peak 0.00 0.00 0.00 0.00 | pool 0.00 0.00 0.00 0.00 GB per APU; peak/pool 0.0 %; MemAvailable 124.2 GB, Cached 0.5 GB
bs:   layout 0.000  batch 2.754  add+norm 0.126
bs: level 23 batch         5 pairs  max_nl  531475219  pool  88.89 GB  2.88 s  (batch 2.75: scatter 0.70 ntt 2.06 crt 0.67 merge 0.02)
live: bs level 23 batch              pool live 0.00 0.00 0.00 0.00 | window peak 0.00 0.00 0.00 0.00 | pool 0.00 0.00 0.00 0.00 GB per APU; peak/pool 0.0 %; MemAvailable 124.2 GB, Cached 0.5 GB
bs: level 24 mdev          3 pairs  max_nl 1060370187  pool  88.89 GB  5.74 s  (batch 0.00: scatter 0.00 ntt 0.00 crt 0.00 merge 0.00)
live: bs level 24 mdev               pool live 22.22 22.22 22.22 22.22 | window peak 22.22 22.22 22.22 22.22 | pool 83.75 68.72 68.72 68.72 GB per APU; peak/pool 30.7 %; MemAvailable 122.9 GB, Cached 0.5 GB
bs: level 25 mdev          1 pairs  max_nl 2081569213  pool  88.89 GB  8.87 s  (batch 0.00: scatter 0.00 ntt 0.00 crt 0.00 merge 0.00)
live: bs level 25 mdev               pool live 22.22 22.22 22.22 22.22 | window peak 34.33 34.33 34.33 34.33 | pool 83.75 68.72 68.72 68.72 GB per APU; peak/pool 47.4 %; MemAvailable 122.9 GB, Cached 0.5 GB
bs: level 26 mdev          1 pairs  max_nl 4034632653  pool  88.89 GB  15.18 s  (batch 0.00: scatter 0.00 ntt 0.00 crt 0.00 merge 0.00)
live: bs level 26 mdev               pool live 22.22 22.22 22.22 22.22 | window peak 37.54 37.54 37.54 37.54 | pool 83.75 68.72 68.72 68.72 GB per APU; peak/pool 51.8 %; MemAvailable 122.9 GB, Cached 0.5 GB
bs      110.04 s   N 10433891470, P 5555555560 limbs, Q 5555555560 limbs (seeds 34.5 school 0.0 batch 29.6 mdev 29.8; pool 99.1 GB; dev pools 0.0 GB)   VmRSS 9.0 GB, VmHWM 27.2 GB
RESULT ecalc bs s 110.045
mem [bs] device 393.6 GB in use (per APU 94.6..109.7): planes 103.1, regions 0.0, block pool 289.9 (donated 0.0, borrowed 289.9, hipMalloc 0.0; live 88.9, peak live 150.2, free 201.0), tables 0.61, other 0.0
mem [bs] host 9.0 GB RSS (HWM 27.2): staging 4.3 pinned, registered 0.1, X 0.0, digits 0.0, named 0.0, other 4.7
      I3: plane pool tails donated: 0.0 GB
live: recip(db) j 2 -> 3             pool live 55.56 55.56 55.56 55.56 | window peak 55.56 55.56 55.56 55.56 | pool 83.75 68.72 68.72 68.72 GB per APU; peak/pool 76.7 %; MemAvailable 125.0 GB, Cached 0.5 GB
live: recip(db) j 3 -> 6             pool live 55.56 55.56 55.56 55.56 | window peak 55.56 55.56 55.56 55.56 | pool 83.75 68.72 68.72 68.72 GB per APU; peak/pool 76.7 %; MemAvailable 125.0 GB, Cached 0.5 GB
live: recip(db) j 6 -> 11            pool live 55.56 55.56 55.56 55.56 | window peak 55.56 55.56 55.56 55.56 | pool 83.75 68.72 68.72 68.72 GB per APU; peak/pool 76.7 %; MemAvailable 125.0 GB, Cached 0.5 GB
live: recip(db) j 11 -> 21           pool live 55.56 55.56 55.56 55.56 | window peak 55.56 55.56 55.56 55.56 | pool 83.75 68.72 68.72 68.72 GB per APU; peak/pool 76.7 %; MemAvailable 125.0 GB, Cached 0.5 GB
live: recip(db) j 21 -> 42           pool live 55.56 55.56 55.56 55.56 | window peak 55.56 55.56 55.56 55.56 | pool 83.75 68.72 68.72 68.72 GB per APU; peak/pool 76.7 %; MemAvailable 125.0 GB, Cached 0.5 GB
live: recip(db) j 42 -> 83           pool live 55.56 55.56 55.56 55.56 | window peak 55.56 55.56 55.56 55.56 | pool 83.75 68.72 68.72 68.72 GB per APU; peak/pool 76.7 %; MemAvailable 125.0 GB, Cached 0.5 GB
live: recip(db) j 83 -> 166          pool live 55.56 55.56 55.56 55.56 | window peak 55.56 55.56 55.56 55.56 | pool 83.75 68.72 68.72 68.72 GB per APU; peak/pool 76.7 %; MemAvailable 125.0 GB, Cached 0.5 GB
live: recip(db) j 166 -> 332         pool live 55.56 55.56 55.56 55.56 | window peak 55.56 55.56 55.56 55.56 | pool 83.75 68.72 68.72 68.72 GB per APU; peak/pool 76.7 %; MemAvailable 125.0 GB, Cached 0.5 GB
live: recip(db) j 332 -> 663         pool live 55.56 55.56 55.56 55.56 | window peak 55.56 55.56 55.56 55.56 | pool 83.75 68.72 68.72 68.72 GB per APU; peak/pool 76.7 %; MemAvailable 125.0 GB, Cached 0.5 GB
live: recip(db) j 663 -> 1325        pool live 55.56 55.56 55.56 55.56 | window peak 55.56 55.56 55.56 55.56 | pool 83.75 68.72 68.72 68.72 GB per APU; peak/pool 76.7 %; MemAvailable 125.0 GB, Cached 0.5 GB
live: recip(db) j 1325 -> 2650       pool live 55.56 55.56 55.56 55.56 | window peak 55.56 55.56 55.56 55.56 | pool 83.75 68.72 68.72 68.72 GB per APU; peak/pool 76.7 %; MemAvailable 125.0 GB, Cached 0.5 GB
live: recip(db) j 2650 -> 5299       pool live 55.56 55.56 55.56 55.56 | window peak 55.56 55.56 55.56 55.56 | pool 83.75 68.72 68.72 68.72 GB per APU; peak/pool 76.7 %; MemAvailable 125.0 GB, Cached 0.5 GB
live: recip(db) j 5299 -> 10597      pool live 55.56 55.56 55.56 55.56 | window peak 55.56 55.56 55.56 55.56 | pool 83.75 68.72 68.72 68.72 GB per APU; peak/pool 76.7 %; MemAvailable 125.0 GB, Cached 0.5 GB
live: recip(db) j 10597 -> 21193     pool live 55.56 55.56 55.56 55.56 | window peak 55.56 55.56 55.56 55.56 | pool 83.75 68.72 68.72 68.72 GB per APU; peak/pool 76.7 %; MemAvailable 125.0 GB, Cached 0.5 GB
live: recip(db) j 21193 -> 42386     pool live 55.56 55.56 55.56 55.56 | window peak 55.56 55.56 55.56 55.56 | pool 83.75 68.72 68.72 68.72 GB per APU; peak/pool 76.7 %; MemAvailable 125.0 GB, Cached 0.5 GB
live: recip(db) j 42386 -> 84772     pool live 55.56 55.56 55.56 55.56 | window peak 55.56 55.56 55.56 55.56 | pool 83.75 68.72 68.72 68.72 GB per APU; peak/pool 76.7 %; MemAvailable 125.0 GB, Cached 0.5 GB
live: recip(db) j 84772 -> 169543    pool live 55.56 55.56 55.56 55.56 | window peak 55.56 55.56 55.56 55.56 | pool 83.75 68.72 68.72 68.72 GB per APU; peak/pool 76.7 %; MemAvailable 125.0 GB, Cached 0.5 GB
live: recip(db) j 169543 -> 339085   pool live 55.56 55.56 55.56 55.56 | window peak 55.56 55.56 55.56 55.56 | pool 83.75 68.72 68.72 68.72 GB per APU; peak/pool 76.7 %; MemAvailable 125.0 GB, Cached 0.5 GB
live: recip(db) j 339085 -> 678169   pool live 55.56 55.56 55.56 55.56 | window peak 55.56 55.56 55.56 55.56 | pool 83.75 68.72 68.72 68.72 GB per APU; peak/pool 76.7 %; MemAvailable 125.0 GB, Cached 0.5 GB
live: recip(db) j 678169 -> 1356337  pool live 55.56 55.56 55.56 55.56 | window peak 55.56 55.56 55.56 55.56 | pool 83.75 68.72 68.72 68.72 GB per APU; peak/pool 76.7 %; MemAvailable 125.0 GB, Cached 0.5 GB
live: recip(db) j 1356337 -> 2712674 pool live 55.56 55.56 55.56 55.56 | window peak 55.56 55.56 55.56 55.56 | pool 83.75 68.72 68.72 68.72 GB per APU; peak/pool 76.7 %; MemAvailable 125.0 GB, Cached 0.5 GB
live: recip(db) j 2712674 -> 5425348 pool live 55.56 55.56 55.56 55.56 | window peak 55.56 55.56 55.56 55.56 | pool 83.75 68.72 68.72 68.72 GB per APU; peak/pool 76.7 %; MemAvailable 125.0 GB, Cached 0.5 GB
live: recip(db) j 5425348 -> 10850695 pool live 55.56 55.56 55.56 55.56 | window peak 55.56 55.56 55.56 55.56 | pool 83.75 68.72 68.72 68.72 GB per APU; peak/pool 76.7 %; MemAvailable 125.0 GB, Cached 0.5 GB
live: recip(db) j 10850695 -> 21701389 pool live 55.56 55.56 55.56 55.56 | window peak 55.56 55.56 55.56 55.56 | pool 83.75 68.72 68.72 68.72 GB per APU; peak/pool 76.7 %; MemAvailable 125.0 GB, Cached 0.5 GB
live: recip(db) j 21701389 -> 43402778 pool live 55.56 55.56 55.56 55.56 | window peak 55.56 55.56 55.56 55.56 | pool 83.75 68.72 68.72 68.72 GB per APU; peak/pool 76.7 %; MemAvailable 125.0 GB, Cached 0.5 GB
live: recip(db) j 43402778 -> 86805556 pool live 55.56 55.56 55.56 55.56 | window peak 55.56 55.56 55.56 55.56 | pool 83.75 68.72 68.72 68.72 GB per APU; peak/pool 76.7 %; MemAvailable 125.0 GB, Cached 0.5 GB
live: recip(db) j 86805556 -> 173611112 pool live 55.56 55.56 55.56 55.56 | window peak 55.56 55.56 55.56 55.56 | pool 83.75 68.72 68.72 68.72 GB per APU; peak/pool 76.7 %; MemAvailable 125.0 GB, Cached 0.5 GB
live: recip(db) j 173611112 -> 347222223 pool live 55.56 55.56 55.56 55.56 | window peak 55.56 55.56 55.56 55.56 | pool 83.75 68.72 68.72 68.72 GB per APU; peak/pool 76.7 %; MemAvailable 125.0 GB, Cached 0.5 GB
live: recip(db) j 347222223 -> 694444445 pool live 55.56 55.56 55.56 55.56 | window peak 55.56 55.56 55.56 55.56 | pool 83.75 68.72 68.72 68.72 GB per APU; peak/pool 76.7 %; MemAvailable 125.0 GB, Cached 0.5 GB
live: recip(db) j 694444445 -> 1388888890 pool live 55.56 55.56 55.56 55.56 | window peak 55.56 55.56 55.56 55.56 | pool 83.75 68.72 68.72 68.72 GB per APU; peak/pool 76.7 %; MemAvailable 125.0 GB, Cached 0.5 GB
newton(db) j 1388888890 (k 5555555558): recip cut 0 pieces skipped, 6 formed in the step's two products
live: recip(db) j 1388888890 -> 2777777779 pool live 55.56 55.56 55.56 55.56 | window peak 59.72 59.72 59.72 59.72 | pool 83.75 68.72 68.72 68.72 GB per APU; peak/pool 82.4 %; MemAvailable 125.0 GB, Cached 0.5 GB
   dist_db 5555555560 x 2777777780 limbs: 5 x 3 pieces of 1111111112 + 925925927, 13 formed, 2 skipped (low cut) (low product): 15.448 s (cache 0 slots: 0 hits, 0 misses)
   dist_db 2777777780 x 2777777779 limbs: 2 x 4 pieces of 1388888890 + 694444445, 7 formed, 1 skipped (low cut): 8.215 s (cache 0 slots: 0 hits, 0 misses)
newton(db) j 2777777779 (k 5555555558): recip cut 3 pieces skipped, 20 formed in the step's two products
live: recip(db) j 2777777779 -> 5555555558 pool live 55.56 55.56 55.56 55.56 | window peak 59.72 59.72 59.72 59.72 | pool 83.75 68.72 68.72 68.72 GB per APU; peak/pool 82.4 %; MemAvailable 125.0 GB, Cached 0.5 GB
recip    37.92 s   mu 5555555559 limbs (32 iterations, 0 mdev)   VmRSS 6.9 GB, VmHWM 27.2 GB
mem [recip] device 393.6 GB in use (per APU 94.6..109.7): planes 103.1, regions 0.0, block pool 289.9 (donated 0.0, borrowed 289.9, hipMalloc 0.0; live 133.3, peak live 238.9, free 156.6), tables 0.61, other 0.0
mem [recip] host 6.9 GB RSS (HWM 27.2): staging 0.0 pinned, registered 0.1, X 0.0, digits 0.0, named 0.0, other 6.8
      I3: P, Q residues by kernel 1.56 s (before the reciprocal), S = P + Q on device 0.62 s; no host A
10dP      0.62 s   T 5555555556 limbs, A 11111111116 limbs (0 mdev, 0 splits)   VmRSS 6.9 GB, VmHWM 27.2 GB
RESULT ecalc 10dP s 0.621261
   dist_db 5555555557 x 5555555558 limbs: 5 x 6 pieces of 1111111112 + 925925927, 20 formed, 10 skipped (low cut): 25.460 s (cache 0 slots: 0 hits, 0 misses)
  T2 window@50 ok
  T2 window@1000000 ok
  T2 window@100000000 ok
  T2 window@1000000000 ok
   dist_db 5555555557 x 5555555560 limbs: 5 x 6 pieces of 1111111112 + 925925927, 20 formed, 10 skipped (low product): 32.510 s (cache 0 slots: 0 hits, 0 misses)
live: divmod(dev) end                pool live 33.33 33.33 33.33 33.33 | window peak 59.63 59.63 59.63 59.63 | pool 83.75 68.72 68.72 68.72 GB per APU; peak/pool 82.3 %; MemAvailable 124.6 GB, Cached 0.5 GB
mem [division] device 393.6 GB in use (per APU 94.6..109.7): planes 103.1, regions 0.0, block pool 289.9 (donated 0.0, borrowed 289.9, hipMalloc 0.0; live 44.4, peak live 238.9, free 245.5), tables 0.61, other 0.0
mem [division] host 7.3 GB RSS (HWM 27.2): staging 0.0 pinned, registered 0.1, X 0.0, digits 0.0, named 0.0, other 7.3
dm       98.46 s   X 5555555557 limbs, R 0 limbs (recip 37.9 s; corrections 0/0; 0 mdev); X on the device   VmRSS 7.3 GB, VmHWM 27.2 GB
mem [dm] device 393.6 GB in use (per APU 94.6..109.7): planes 103.1, regions 0.0, block pool 289.9 (donated 0.0, borrowed 289.9, hipMalloc 0.0; live 44.4, peak live 238.9, free 245.5), tables 0.61, other 0.0
mem [dm] host 7.3 GB RSS (HWM 27.2): staging 0.0 pinned, registered 0.1, X 0.0, digits 0.0, named 0.0, other 7.3
RESULT ecalc dm s 98.4554
  T1 q0=4611686018427388039: P ok, Q ok, T(P+Q) == XQ+R ok
  T1 q1=4611686018427388073: P ok, Q ok, T(P+Q) == XQ+R ok
  T1 q2=4611686018427388081: P ok, Q ok, T(P+Q) == XQ+R ok
  T1 q3=4611686018427388091: P ok, Q ok, T(P+Q) == XQ+R ok
  T1 q4=4611686018427388093: P ok, Q ok, T(P+Q) == XQ+R ok
  T1 q5=4611686018427388097: P ok, Q ok, T(P+Q) == XQ+R ok
  T1 q6=4611686018427388157: P ok, Q ok, T(P+Q) == XQ+R ok
  T1 q7=4611686018427388181: P ok, Q ok, T(P+Q) == XQ+R ok
T1        0.00 s   ok: T(P+Q) == XQ + R and P, Q mod q for 8 primes (P, Q recurrence overlapped with bs)
      overlapped with bs: P, Q mod q recurrence 11.12 s, block pool pregrown by 0 GB in 0.00 s
RESULT ecalc T1 s 1.93999e-05
      VmRSS 7.3 GB before dc
total   216.91 s   (bs 110.0 + 10dP 0.6 + dm 98.5 + T1 0.0 + dc 0.0 + T2 0.0 = 209.1; init 7.6; other 0.2); VmHWM 27.2 GB
RESULT ecalc total s 216.908
RESULT ecalc phases s 209.122
RESULT ecalc other s 0.216101
RESULT ecalc vmhwm GB 27.1643
paper A22 (4e10): 285.7 = bs 112.2 + 10dP 12.6 + dm 46.8 + T1 ~3 + dc 110.3
      patch: X +0 after the formatting started (ECALC_CORR_PATCH): nothing to patch; 0 deferred windows; 0.002 s
  T1 q0: digits == X ok
  T1 q1: digits == X ok
  T1 q2: digits == X ok
  T1 q3: digits == X ok
  T1 q4: digits == X ok
  T1 q5: digits == X ok
  T1 q6: digits == X ok
  T1 q7: digits == X ok
dc        0.01 s   digits [0, 100000000009) of 100000000009 formatted from 5555555557 decimal limbs in 373 chunks (streamed with the low product; joined after total) (residues 0.71, format 0.76, digit residue 3.17, T2 0.29, fetch 2.12, waiting for the writer 0.00)
RESULT ecalc dc s 0.00611691
T2        0.00 s   windows ok (4 checked), digits == X mod q ok (overlapped)
RESULT ecalc T2 s 0
digits: 27182818284590452353602874713526624977572470936999595749669676...37703810896884928977
VERIFY OK
dbig pool: APU0 tail 22.57 GB: 3 large blocks from its back, 0 small blocks spilled into it
dbig pool: APU1 tail 22.57 GB: 0 large blocks from its back, 1 small blocks spilled into it
dbig pool: APU2 tail 22.57 GB: 0 large blocks from its back, 1 small blocks spilled into it
dbig pool: APU3 tail 22.57 GB: 0 large blocks from its back, 1 small blocks spilled into it
mem [end] device 103.7 GB in use (per APU 25.9..25.9): planes 103.1, regions 0.0, block pool 0.0 (donated 0.0, borrowed 0.0, hipMalloc 0.0; live 0.0, peak live 238.9, free 0.0), tables 0.61, other 0.0
mem [end] host 7.0 GB RSS (HWM 27.2): staging 0.0 pinned, registered 0.1, X 0.0, digits 0.0, named 0.0, other 6.9
mem summary: bytes in use at each phase boundary, GB (device: all APUs / largest APU; host: this process)
mem phase           device  maxAPU |  planes regions  pl:don  pl:bor  pl:hip pl:live pl:peak tables |    host staging  regist       X  digits   other     HWM
mem init             393.6   109.7 |   103.1   289.9     0.0     0.0     0.0     0.0     0.0   0.61 |    23.9    12.9     0.0     0.0     0.0    11.0    23.9
mem bs               393.6   109.7 |   103.1     0.0     0.0   289.9     0.0    88.9   150.2   0.61 |     9.0     4.3     0.1     0.0     0.0     4.7    27.2
mem recip            393.6   109.7 |   103.1     0.0     0.0   289.9     0.0   133.3   238.9   0.61 |     6.9     0.0     0.1     0.0     0.0     6.8    27.2
mem division         393.6   109.7 |   103.1     0.0     0.0   289.9     0.0    44.4   238.9   0.61 |     7.3     0.0     0.1     0.0     0.0     7.3    27.2
mem dm               393.6   109.7 |   103.1     0.0     0.0   289.9     0.0    44.4   238.9   0.61 |     7.3     0.0     0.1     0.0     0.0     7.3    27.2
mem end              103.7    25.9 |   103.1     0.0     0.0     0.0     0.0     0.0   238.9   0.61 |     7.0     0.0     0.1     0.0     0.0     6.9    27.2
dbig pool: APU0 VMM arena released (0 remaps of 0 chunks in 0.00 s, 0 growths of 0 chunks)
dbig pool: APU1 VMM arena released (0 remaps of 0 chunks in 0.00 s, 0 growths of 0 chunks)
dbig pool: APU2 VMM arena released (0 remaps of 0 chunks in 0.00 s, 0 growths of 0 chunks)
dbig pool: APU3 VMM arena released (0 remaps of 0 chunks in 0.00 s, 0 growths of 0 chunks)
rns_dist: RNS_STRATEGY=auto form B: C 91 products 77.90 s, B 61 products 3.07 s, B4 0 products 0.00 s; extra plane memory 0.00 GiB/APU (allocations 0.00 s)

real	3m39.429s
user	0m0.011s
sys	0m0.015s
