== ecalc: e to 100000000 digits (decimal limbs, base 10^18) [computed to the next multiple of 18] ==
META bench=ecalc host=ppac-pl1-s24-30 date=2026-09-28T17:43:03 pool_log=31 stg=7 pw_fuse=14 body=1 engine=1 base=10^18
== ecalc: e to 100000000 digits (decimal limbs, base 10^18) [computed to the next multiple of 18] ==
META bench=ecalc host=ppac-pl1-s24-30 date=2026-09-28T17:43:03 pool_log=31 stg=7 pw_fuse=14 body=1 engine=1 base=10^18
rns_init: APU3 staging 1.0 GiB touch 0.04 s register 0.08 s, 48 cpus; device open 0.00 s, contexts 0.70 s, stream+staging 0.15 s
rns_init: APU0 staging 1.0 GiB touch 0.04 s register 0.09 s, 48 cpus; device open 0.00 s, contexts 0.70 s, stream+staging 0.16 s
rns_init: APU2 staging 1.0 GiB touch 0.04 s register 0.09 s, 48 cpus; device open 0.00 s, contexts 0.87 s, stream+staging 0.15 s
rns_init: APU2 staging 1.0 GiB touch 0.04 s register 0.11 s, 48 cpus; device open 0.00 s, contexts 0.93 s, stream+staging 0.17 s
rns_init: APU0 staging 1.0 GiB touch 0.03 s register 0.09 s, 48 cpus; device open 0.00 s, contexts 1.09 s, stream+staging 0.15 s
rns_init: APU3 staging 1.0 GiB touch 0.03 s register 0.10 s, 48 cpus; device open 0.00 s, contexts 1.18 s, stream+staging 0.16 s
rns_init: APU1 staging 1.0 GiB touch 0.03 s register 0.08 s, 48 cpus; device open 0.00 s, contexts 1.16 s, stream+staging 0.20 s
rns_init: APU1 staging 1.0 GiB touch 0.04 s register 0.09 s, 48 cpus; device open 0.00 s, contexts 1.23 s, stream+staging 0.24 s
dbig pool: APU2 VMM arena 2.15 GB = 1 chunks of 2.00 GiB, the first 1 mapped in 0.44 s (0.205 s/GB), VA 8.6 GB reserved at 0x72d5dbe00000
dbig pool: APU1 VMM arena 2.15 GB = 1 chunks of 2.00 GiB, the first 1 mapped in 0.48 s (0.221 s/GB), VA 8.6 GB reserved at 0x72dc73e00000
dbig pool: APU0 VMM arena 2.15 GB = 1 chunks of 2.00 GiB, the first 1 mapped in 0.54 s (0.253 s/GB), VA 8.6 GB reserved at 0x72da73c00000
dbig pool: APU0 VMM arena 2.15 GB = 1 chunks of 2.00 GiB, the first 1 mapped in 0.57 s (0.265 s/GB), VA 8.6 GB reserved at 0x78a91be00000
dbig pool: APU1 VMM arena 2.15 GB = 1 chunks of 2.00 GiB, the first 1 mapped in 0.63 s (0.292 s/GB), VA 8.6 GB reserved at 0x78a71bc00000
dbig pool: APU3 VMM arena 2.15 GB = 1 chunks of 2.00 GiB, the first 1 mapped in 0.72 s (0.337 s/GB), VA 8.6 GB reserved at 0x72d3dbc00000
dbig pool: APU2 VMM arena 2.15 GB = 1 chunks of 2.00 GiB, the first 1 mapped in 0.67 s (0.313 s/GB), VA 8.6 GB reserved at 0x78a31b800000
rns_init: plane pools per APU 1.00 + 1.00 GiB (hipmalloc), staging 1.00 GiB, tables 0.310 GB; staging+contexts 1.38 s, pools 1.21 s, peer access 0.05 s
dbig pool: APU3 VMM arena 2.15 GB = 1 chunks of 2.00 GiB, the first 1 mapped in 0.75 s (0.347 s/GB), VA 8.6 GB reserved at 0x78a51ba00000
rns_init: plane pools per APU 1.00 + 1.00 GiB (hipmalloc), staging 1.00 GiB, tables 0.306 GB; staging+contexts 1.49 s, pools 1.21 s, peer access 0.02 s
mn: node 0 of 2, four meshes of 2 ranks on ppac-pl1-s24-30,ppac-pl1-s24-30 (port base 22719): connected in 0.00 s
mn: node 1 of 2, four meshes of 2 ranks on ppac-pl1-s24-30,ppac-pl1-s24-30 (port base 22719): connected in 0.08 s
mn: self-test, four meshes over 2 nodes at 2^22 points: ok (0.77 s)
mn: node 1: level 1 group [0, 2) (transform nodes 2): meshes connected in 0.00 s
mn: self-test, four meshes over 2 nodes at 2^22 points: ok (0.78 s)
mn: node 0: level 1 group [0, 2) (transform nodes 2): meshes connected in 0.00 s
mn: layered self-test, 2 x 4 ranks at 2^22 points: ok (0.22 s)
mn: node 1 computes terms [7421459, 14842917) of 14842916
RESULT ecalc init s 4.15224
      VmRSS 8.7 GB after init (staging 4.3 GB pinned + device regions 9 GB); init 4.2 s
mem[1] [init] device 18.4 GB in use (per APU 4.6..4.6): planes 8.6, regions 0.0, block pool 8.6 (donated 0.0, borrowed 8.6, hipMalloc 0.0; live 0.0, peak live 0.0, free 0.0), tables 1.23, other 0.0
mem[1] [init] host 8.7 GB RSS (HWM 9.1): staging 4.3 pinned, registered 0.0, X 0.0, digits 0.0, named 0.0, other 4.4
mn: layered self-test, 2 x 4 ranks at 2^22 points: ok (0.22 s)
mn: node 0 computes terms [1, 7421459) of 14842916
RESULT ecalc init s 4.16577
      VmRSS 8.7 GB after init (staging 4.3 GB pinned + device regions 9 GB); init 4.2 s
mem[0] [init] device 18.4 GB in use (per APU 4.6..4.6): planes 8.6, regions 0.0, block pool 8.6 (donated 0.0, borrowed 8.6, hipMalloc 0.0; live 0.0, peak live 0.0, free 0.0), tables 1.23, other 0.0
mem[0] [init] host 8.7 GB RSS (HWM 9.1): staging 4.3 pinned, registered 0.0, X 0.0, digits 0.0, named 0.0, other 4.4
budget: ECALC_BUDGET_CHECK ok: 2 ranks, largest rank peak 99.5 GB, node budget 480 GB
batch-local N=22154 (5540/5538/5538/5538) L=2^10 tile 32768 pair: scatter 0.005 ntt 0.001 crt 0.000 merge 0.003
batch-local N=11076 (2770/2770/2770/2766) L=2^10 tile 32768 pair: scatter 0.000 ntt 0.001 crt 0.000 merge 0.000
batch-local N=5538 (1386/1384/1386/1382) L=2^10 tile 32768 pair: scatter 0.000 ntt 0.000 crt 0.000 merge 0.000
batch-local N=2770 (694/692/692/692) L=2^11 tile 16384 pair: scatter 0.000 ntt 0.000 crt 0.000 merge 0.001
batch-local N=1384 (348/346/346/344) L=2^12 tile 8192 pair: scatter 0.000 ntt 0.001 crt 0.000 merge 0.000
batch-local N=692 (174/174/174/170) L=2^13 tile 4096 pair: scatter 0.000 ntt 0.008 crt 0.000 merge 0.000
batch-local N=346 (88/86/88/84) L=2^14 tile 2048 pair: scatter 0.000 ntt 0.004 crt 0.000 merge 0.000
batch-local N=23120 (5780/5780/5780/5780) L=2^10 tile 32768 pair: scatter 0.007 ntt 0.002 crt 0.001 merge 0.002
batch-local N=174 (44/44/44/42) L=2^15 tile 1024 pair: scatter 0.000 ntt 0.002 crt 0.000 merge 0.000
batch-local N=86 (22/22/22/20) L=2^16 tile 512 pair: scatter 0.000 ntt 0.003 crt 0.000 merge 0.000
batch-local N=11560 (2890/2890/2890/2890) L=2^10 tile 32768 pair: scatter 0.000 ntt 0.001 crt 0.000 merge 0.000
batch-local N=5780 (1446/1444/1446/1444) L=2^10 tile 32768 pair: scatter 0.000 ntt 0.000 crt 0.000 merge 0.000
batch-local N=2890 (724/722/722/722) L=2^11 tile 16384 pair: scatter 0.000 ntt 0.001 crt 0.000 merge 0.000
batch-local N=1444 (362/362/362/358) L=2^12 tile 8192 pair: scatter 0.000 ntt 0.001 crt 0.000 merge 0.000
batch-local N=44 (12/10/12/10) L=2^17 tile 256 pair: scatter 0.000 ntt 0.005 crt 0.000 merge 0.000
batch-local N=22 (6/6/6/4) L=2^18 tile 128 pair: scatter 0.000 ntt 0.002 crt 0.000 merge 0.000
batch-local N=722 (182/180/182/178) L=2^13 tile 4096 pair: scatter 0.000 ntt 0.010 crt 0.000 merge 0.000
batch-local N=362 (92/90/90/90) L=2^14 tile 2048 pair: scatter 0.000 ntt 0.007 crt 0.000 merge 0.000
batch N=10 L=2^19 tile 128 pair: 0.014 s (scatter 0.000 ntt 0.003 crt 0.000 merge 0.000)
batch-local N=180 (46/46/46/42) L=2^15 tile 1024 pair: scatter 0.000 ntt 0.006 crt 0.000 merge 0.000
batch N=6 L=2^20 tile 64 pair: 0.006 s (scatter 0.000 ntt 0.004 crt 0.001 merge 0.000)
batch-local N=90 (24/22/24/20) L=2^16 tile 512 pair: scatter 0.000 ntt 0.001 crt 0.000 merge 0.000
batch N=2 L=2^21 tile 32 grpB: 0.005 s (scatter 0.000 ntt 0.002 crt 0.000 merge 0.001)
batch-local N=46 (12/12/12/10) L=2^17 tile 256 pair: scatter 0.000 ntt 0.005 crt 0.000 merge 0.000
batch-local N=22 (6/6/6/4) L=2^18 tile 128 pair: scatter 0.000 ntt 0.001 crt 0.000 merge 0.000
batch N=2 L=3*2^20 tile 16 grpB: 0.012 s (scatter 0.000 ntt 0.002 crt 0.000 merge 0.001)
batch N=12 L=2^19 tile 128 pair: 0.014 s (scatter 0.000 ntt 0.003 crt 0.000 merge 0.000)
batch N=6 L=2^20 tile 64 pair: 0.007 s (scatter 0.000 ntt 0.005 crt 0.000 merge 0.000)
batch N=2 L=2^21 tile 32 grpB: 0.007 s (scatter 0.000 ntt 0.002 crt 0.000 merge 0.001)
batch N=2 L=3*2^20 tile 16 grpB: 0.012 s (scatter 0.000 ntt 0.003 crt 0.000 merge 0.001)
mn: node 0 leaf P 2653665 limbs, Q 2653665 limbs (device)
mn: MN_TREE_EARLY_FREE: the tree levels free P_i, P_run between their two products
mn: node 1 leaf P 2901895 limbs, Q 2901896 limbs (device)
dist_mn node 0: 2^22 = 2^11 x 2^11 over 2 x 4 ranks, 4 primes, P24 (rows 256..256; 2653665 + 2901896 limbs at 0, window [0, 2777781) of share [0, 2777781)): redistribute 0.085 ntt 0.154 crt 0.026 out 0.027 spills+carry 0.036 total 0.350 s
dist_mn node 1: 2^22 = 2^11 x 2^11 over 2 x 4 ranks, 4 primes, P24 (rows 256..256; 2653665 + 2901896 limbs at 0, window [2777781, 5555561) of share [2777781, 5555562)): redistribute 0.075 ntt 0.159 crt 0.001 out 0.045 spills+carry 0.036 total 0.349 s
mdb_add_shifted node 0: 2901895 limbs at 0 into a basis of 5555562 (my window [0, 2777781), 1 rounds of 694448; slabs 0 + 694445 limbs per APU 0): 0.026 s
dist_mn node 0: 2653665 x 2901896 limbs over 2 x 4 ranks (cap 2^28 points, P24): 1 x 1 pieces, 1 formed, 0 skipped (cache 0 slots: 0 hits, 0 misses)
mdb_add_shifted node 1: 2901895 limbs at 0 into a basis of 5555562 (my window [2777781, 2901895), 1 rounds of 694448; slabs 725473 + 31028 limbs per APU 0): 0.026 s
dist_mn node 1: 2653665 x 2901896 limbs over 2 x 4 ranks (cap 2^28 points, P24): 1 x 1 pieces, 1 formed, 0 skipped (cache 0 slots: 0 hits, 0 misses)
dist_mn node 0: 2653665 + 2901896 + x limbs -> 5555560 (share 2777781): redistribute 0.085 ntt 0.154 crt 0.026 out 0.027 spills+carry 0.036, total 0.376 s
dist_mn node 1: 2653665 + 2901896 + x limbs -> 5555560 (share 2777781): redistribute 0.075 ntt 0.159 crt 0.001 out 0.045 spills+carry 0.036, total 0.376 s
dist_mn node 0: 2^22 = 2^11 x 2^11 over 2 x 4 ranks, 4 primes, P24 (rows 256..256; 2653665 + 2901896 limbs at 0, window [0, 2777780) of share [0, 2777780)): redistribute 0.013 ntt 0.113 crt 0.000 out 0.008 spills+carry 0.000 total 0.129 s
dist_mn node 0: 2653665 x 2901896 limbs over 2 x 4 ranks (cap 2^28 points, P24): 1 x 1 pieces, 1 formed, 0 skipped (cache 0 slots: 0 hits, 0 misses)
dist_mn node 1: 2^22 = 2^11 x 2^11 over 2 x 4 ranks, 4 primes, P24 (rows 256..256; 2653665 + 2901896 limbs at 0, window [2777780, 5555561) of share [2777780, 5555561)): redistribute 0.012 ntt 0.114 crt 0.000 out 0.008 spills+carry 0.000 total 0.129 s
dist_mn node 1: 2653665 x 2901896 limbs over 2 x 4 ranks (cap 2^28 points, P24): 1 x 1 pieces, 1 formed, 0 skipped (cache 0 slots: 0 hits, 0 misses)
dist_mn node 0: 2653665 + 2901896 limbs -> 5555560 (share 2777780): redistribute 0.013 ntt 0.113 crt 0.000 out 0.008 spills+carry 0.000, total 0.129 s
mn: node 0 level 1 [0, 2): P 5555560 limbs, Q 5555560 limbs (my share of P [0, 2777781)) in 0.55 s
mn: node 0: tree levels 0.55 s: P 5555560 limbs, Q 5555560 limbs
dist_mn node 1: 2653665 + 2901896 limbs -> 5555560 (share 2777781): redistribute 0.012 ntt 0.114 crt 0.000 out 0.008 spills+carry 0.000, total 0.129 s
mn: node 1 level 1 [0, 2): P 5555560 limbs, Q 5555560 limbs (my share of P [2777781, 5555562)) in 0.50 s
mn: node 1: tree levels 0.50 s: P 5555560 limbs, Q 5555560 limbs
mem[0] [tree] device 18.4 GB in use (per APU 4.6..4.6): planes 8.6, regions 0.0, block pool 8.6 (donated 0.0, borrowed 8.6, hipMalloc 0.0; live 0.0, peak live 0.1, free 8.5), tables 1.23, other 0.0
mem[0] [tree] host 8.8 GB RSS (HWM 9.1): staging 4.3 pinned, registered 0.0, X 0.0, digits 0.0, named 0.0, other 4.5
mem[1] [tree] device 18.4 GB in use (per APU 4.6..4.6): planes 8.6, regions 0.0, block pool 8.6 (donated 0.0, borrowed 8.6, hipMalloc 0.0; live 0.0, peak live 0.1, free 8.5), tables 1.23, other 0.0
mem[1] [tree] host 8.9 GB RSS (HWM 9.1): staging 4.3 pinned, registered 0.0, X 0.0, digits 0.0, named 0.0, other 4.6
dist B 2^20 (9 limbs = 6 x 3): load 0.055 ntt 0.001 crt 0.000 spills 0.000 total 0.058 s
   dist_db 9 limbs: 0.058 s (dbig: shift 0.000 addsub 0.000 maxidx 0.000 reserve 0.000)
dist B 2^20 (5 limbs = 3 x 2): load 0.000 ntt 0.000 crt 0.000 spills 0.000 total 0.001 s
   dist_db 5 limbs: 0.001 s (dbig: shift 0.000 addsub 0.000 maxidx 0.000 reserve 0.000)
dist B 2^20 (12 limbs = 8 x 4): load 0.000 ntt 0.000 crt 0.000 spills 0.000 total 0.001 s
   dist_db 12 limbs: 0.001 s (dbig: shift 0.000 addsub 0.000 maxidx 0.000 reserve 0.000)
dist B 2^20 (7 limbs = 4 x 3): load 0.000 ntt 0.000 crt 0.000 spills 0.000 total 0.001 s
   dist_db 7 limbs: 0.001 s (dbig: shift 0.000 addsub 0.000 maxidx 0.000 reserve 0.000)
dist B 2^20 (21 limbs = 14 x 7): load 0.000 ntt 0.000 crt 0.000 spills 0.000 total 0.001 s
   dist_db 21 limbs: 0.001 s (dbig: shift 0.000 addsub 0.000 maxidx 0.000 reserve 0.000)
dist B 2^20 (13 limbs = 7 x 6): load 0.000 ntt 0.000 crt 0.000 spills 0.000 total 0.001 s
   dist_db 13 limbs: 0.001 s (dbig: shift 0.000 addsub 0.000 maxidx 0.000 reserve 0.000)
dist B 2^20 (36 limbs = 24 x 12): load 0.000 ntt 0.000 crt 0.000 spills 0.000 total 0.001 s
   dist_db 36 limbs: 0.001 s (dbig: shift 0.000 addsub 0.000 maxidx 0.000 reserve 0.000)
dist B 2^20 (23 limbs = 12 x 11): load 0.000 ntt 0.000 crt 0.000 spills 0.000 total 0.001 s
   dist_db 23 limbs: 0.001 s (dbig: shift 0.000 addsub 0.000 maxidx 0.000 reserve 0.000)
dist B 2^20 (69 limbs = 46 x 23): load 0.000 ntt 0.000 crt 0.000 spills 0.000 total 0.001 s
   dist_db 69 limbs: 0.001 s (dbig: shift 0.000 addsub 0.000 maxidx 0.000 reserve 0.000)
dist B 2^20 (45 limbs = 23 x 22): load 0.000 ntt 0.000 crt 0.000 spills 0.000 total 0.001 s
   dist_db 45 limbs: 0.001 s (dbig: shift 0.000 addsub 0.000 maxidx 0.000 reserve 0.000)
dist B 2^20 (132 limbs = 88 x 44): load 0.000 ntt 0.000 crt 0.000 spills 0.000 total 0.001 s
   dist_db 132 limbs: 0.001 s (dbig: shift 0.000 addsub 0.000 maxidx 0.000 reserve 0.000)
dist B 2^20 (87 limbs = 44 x 43): load 0.000 ntt 0.000 crt 0.000 spills 0.000 total 0.001 s
   dist_db 87 limbs: 0.001 s (dbig: shift 0.000 addsub 0.000 maxidx 0.000 reserve 0.000)
dist B 2^20 (258 limbs = 172 x 86): load 0.000 ntt 0.000 crt 0.000 spills 0.000 total 0.001 s
   dist_db 258 limbs: 0.001 s (dbig: shift 0.000 addsub 0.000 maxidx 0.000 reserve 0.000)
dist B 2^20 (171 limbs = 86 x 85): load 0.000 ntt 0.000 crt 0.000 spills 0.000 total 0.001 s
   dist_db 171 limbs: 0.001 s (dbig: shift 0.000 addsub 0.000 maxidx 0.000 reserve 0.000)
dist B 2^20 (513 limbs = 342 x 171): load 0.000 ntt 0.000 crt 0.000 spills 0.000 total 0.001 s
   dist_db 513 limbs: 0.001 s (dbig: shift 0.000 addsub 0.000 maxidx 0.000 reserve 0.000)
dist B 2^20 (341 limbs = 171 x 170): load 0.000 ntt 0.000 crt 0.000 spills 0.000 total 0.001 s
   dist_db 341 limbs: 0.001 s (dbig: shift 0.000 addsub 0.000 maxidx 0.000 reserve 0.000)
dist B 2^20 (1023 limbs = 682 x 341): load 0.000 ntt 0.000 crt 0.000 spills 0.000 total 0.001 s
   dist_db 1023 limbs: 0.001 s (dbig: shift 0.000 addsub 0.000 maxidx 0.000 reserve 0.000)
dist B 2^20 (681 limbs = 341 x 340): load 0.000 ntt 0.000 crt 0.000 spills 0.000 total 0.001 s
   dist_db 681 limbs: 0.001 s (dbig: shift 0.000 addsub 0.000 maxidx 0.000 reserve 0.000)
dist B 2^20 (2040 limbs = 1360 x 680): load 0.000 ntt 0.000 crt 0.000 spills 0.000 total 0.001 s
   dist_db 2040 limbs: 0.001 s (dbig: shift 0.000 addsub 0.000 maxidx 0.000 reserve 0.000)
dist B 2^20 (1359 limbs = 680 x 679): load 0.000 ntt 0.000 crt 0.000 spills 0.000 total 0.001 s
   dist_db 1359 limbs: 0.001 s (dbig: shift 0.000 addsub 0.000 maxidx 0.000 reserve 0.000)
dist B 2^20 (4074 limbs = 2716 x 1358): load 0.000 ntt 0.000 crt 0.000 spills 0.000 total 0.001 s
   dist_db 4074 limbs: 0.001 s (dbig: shift 0.000 addsub 0.000 maxidx 0.000 reserve 0.000)
dist B 2^20 (2715 limbs = 1358 x 1357): load 0.000 ntt 0.000 crt 0.000 spills 0.000 total 0.001 s
   dist_db 2715 limbs: 0.001 s (dbig: shift 0.000 addsub 0.000 maxidx 0.000 reserve 0.000)
dist B 2^20 (8142 limbs = 5428 x 2714): load 0.000 ntt 0.000 crt 0.000 spills 0.000 total 0.001 s
   dist_db 8142 limbs: 0.001 s (dbig: shift 0.000 addsub 0.000 maxidx 0.000 reserve 0.000)
dist B 2^20 (5427 limbs = 2714 x 2713): load 0.000 ntt 0.000 crt 0.000 spills 0.000 total 0.001 s
   dist_db 5427 limbs: 0.001 s (dbig: shift 0.000 addsub 0.000 maxidx 0.000 reserve 0.000)
dist B 2^20 (16281 limbs = 10854 x 5427): load 0.000 ntt 0.000 crt 0.001 spills 0.000 total 0.002 s
   dist_db 16281 limbs: 0.002 s (dbig: shift 0.000 addsub 0.000 maxidx 0.000 reserve 0.000)
dist B 2^20 (10853 limbs = 5427 x 5426): load 0.000 ntt 0.000 crt 0.001 spills 0.000 total 0.001 s
   dist_db 10853 limbs: 0.001 s (dbig: shift 0.000 addsub 0.000 maxidx 0.000 reserve 0.000)
dist B 2^20 (32556 limbs = 21704 x 10852): load 0.000 ntt 0.000 crt 0.001 spills 0.000 total 0.002 s
   dist_db 32556 limbs: 0.002 s (dbig: shift 0.000 addsub 0.000 maxidx 0.000 reserve 0.000)
dist B 2^20 (21703 limbs = 10852 x 10851): load 0.000 ntt 0.000 crt 0.001 spills 0.000 total 0.002 s
   dist_db 21703 limbs: 0.002 s (dbig: shift 0.000 addsub 0.000 maxidx 0.000 reserve 0.000)
dist B 2^20 (65109 limbs = 43406 x 21703): load 0.000 ntt 0.000 crt 0.001 spills 0.001 total 0.004 s
   dist_db 65109 limbs: 0.004 s (dbig: shift 0.000 addsub 0.001 maxidx 0.000 reserve 0.000)
dist B 2^20 (43405 limbs = 21703 x 21702): load 0.000 ntt 0.000 crt 0.001 spills 0.000 total 0.002 s
   dist_db 43405 limbs: 0.002 s (dbig: shift 0.000 addsub 0.000 maxidx 0.000 reserve 0.000)
recip(db) 0.09 s: dist 32 calls 0.56 s (load 0.14 ntt 0.28 crt 0.01 spills 0.09); dbig shift 40/0.05 addsub 57/0.04 maxidx 178/0.04 reserve 11/0.00; pools 0.0 GB
dist B 2^20 (9 limbs = 6 x 3): load 0.106 ntt 0.000 crt 0.000 spills 0.001 total 0.111 s
   dist_db 9 limbs: 0.111 s (dbig: shift 0.000 addsub 0.001 maxidx 0.000 reserve 0.000)
dist B 2^20 (5 limbs = 3 x 2): load 0.000 ntt 0.000 crt 0.000 spills 0.000 total 0.001 s
   dist_db 5 limbs: 0.001 s (dbig: shift 0.000 addsub 0.000 maxidx 0.000 reserve 0.000)
dist B 2^20 (12 limbs = 8 x 4): load 0.000 ntt 0.000 crt 0.000 spills 0.000 total 0.001 s
   dist_db 12 limbs: 0.001 s (dbig: shift 0.000 addsub 0.000 maxidx 0.000 reserve 0.000)
dist B 2^20 (7 limbs = 4 x 3): load 0.000 ntt 0.000 crt 0.000 spills 0.000 total 0.001 s
   dist_db 7 limbs: 0.001 s (dbig: shift 0.000 addsub 0.000 maxidx 0.000 reserve 0.000)
dist B 2^20 (21 limbs = 14 x 7): load 0.000 ntt 0.000 crt 0.000 spills 0.000 total 0.001 s
   dist_db 21 limbs: 0.001 s (dbig: shift 0.000 addsub 0.000 maxidx 0.000 reserve 0.000)
dist B 2^20 (13 limbs = 7 x 6): load 0.000 ntt 0.000 crt 0.000 spills 0.000 total 0.001 s
   dist_db 13 limbs: 0.001 s (dbig: shift 0.000 addsub 0.000 maxidx 0.000 reserve 0.000)
dist B 2^20 (36 limbs = 24 x 12): load 0.000 ntt 0.000 crt 0.000 spills 0.000 total 0.001 s
   dist_db 36 limbs: 0.001 s (dbig: shift 0.000 addsub 0.000 maxidx 0.000 reserve 0.000)
dist B 2^20 (23 limbs = 12 x 11): load 0.000 ntt 0.000 crt 0.000 spills 0.000 total 0.001 s
   dist_db 23 limbs: 0.001 s (dbig: shift 0.000 addsub 0.000 maxidx 0.000 reserve 0.000)
dist B 2^20 (69 limbs = 46 x 23): load 0.000 ntt 0.000 crt 0.000 spills 0.000 total 0.001 s
   dist_db 69 limbs: 0.001 s (dbig: shift 0.000 addsub 0.000 maxidx 0.000 reserve 0.000)
dist B 2^20 (45 limbs = 23 x 22): load 0.000 ntt 0.000 crt 0.000 spills 0.000 total 0.001 s
   dist_db 45 limbs: 0.001 s (dbig: shift 0.000 addsub 0.000 maxidx 0.000 reserve 0.000)
dist B 2^20 (132 limbs = 88 x 44): load 0.000 ntt 0.000 crt 0.000 spills 0.000 total 0.001 s
   dist_db 132 limbs: 0.001 s (dbig: shift 0.000 addsub 0.000 maxidx 0.000 reserve 0.000)
dist B 2^20 (87 limbs = 44 x 43): load 0.000 ntt 0.000 crt 0.000 spills 0.000 total 0.001 s
   dist_db 87 limbs: 0.001 s (dbig: shift 0.000 addsub 0.000 maxidx 0.000 reserve 0.000)
dist B 2^20 (258 limbs = 172 x 86): load 0.000 ntt 0.000 crt 0.000 spills 0.000 total 0.001 s
   dist_db 258 limbs: 0.001 s (dbig: shift 0.000 addsub 0.000 maxidx 0.000 reserve 0.000)
dist B 2^20 (171 limbs = 86 x 85): load 0.000 ntt 0.000 crt 0.000 spills 0.000 total 0.001 s
   dist_db 171 limbs: 0.001 s (dbig: shift 0.000 addsub 0.000 maxidx 0.000 reserve 0.000)
dist B 2^20 (513 limbs = 342 x 171): load 0.000 ntt 0.000 crt 0.000 spills 0.000 total 0.001 s
   dist_db 513 limbs: 0.001 s (dbig: shift 0.000 addsub 0.000 maxidx 0.000 reserve 0.000)
dist B 2^20 (341 limbs = 171 x 170): load 0.000 ntt 0.000 crt 0.000 spills 0.000 total 0.001 s
   dist_db 341 limbs: 0.001 s (dbig: shift 0.000 addsub 0.000 maxidx 0.000 reserve 0.000)
dist B 2^20 (1023 limbs = 682 x 341): load 0.000 ntt 0.000 crt 0.000 spills 0.000 total 0.001 s
   dist_db 1023 limbs: 0.001 s (dbig: shift 0.000 addsub 0.000 maxidx 0.000 reserve 0.000)
dist B 2^20 (681 limbs = 341 x 340): load 0.000 ntt 0.000 crt 0.000 spills 0.000 total 0.001 s
   dist_db 681 limbs: 0.001 s (dbig: shift 0.000 addsub 0.000 maxidx 0.000 reserve 0.000)
dist B 2^20 (2040 limbs = 1360 x 680): load 0.000 ntt 0.000 crt 0.000 spills 0.000 total 0.001 s
   dist_db 2040 limbs: 0.001 s (dbig: shift 0.000 addsub 0.000 maxidx 0.000 reserve 0.000)
dist B 2^20 (1359 limbs = 680 x 679): load 0.000 ntt 0.000 crt 0.000 spills 0.000 total 0.001 s
   dist_db 1359 limbs: 0.001 s (dbig: shift 0.000 addsub 0.000 maxidx 0.000 reserve 0.000)
dist B 2^20 (4074 limbs = 2716 x 1358): load 0.000 ntt 0.000 crt 0.000 spills 0.000 total 0.001 s
   dist_db 4074 limbs: 0.001 s (dbig: shift 0.000 addsub 0.000 maxidx 0.000 reserve 0.000)
dist B 2^20 (2715 limbs = 1358 x 1357): load 0.000 ntt 0.000 crt 0.000 spills 0.000 total 0.001 s
   dist_db 2715 limbs: 0.001 s (dbig: shift 0.000 addsub 0.000 maxidx 0.000 reserve 0.000)
dist B 2^20 (8142 limbs = 5428 x 2714): load 0.000 ntt 0.000 crt 0.000 spills 0.000 total 0.001 s
   dist_db 8142 limbs: 0.001 s (dbig: shift 0.000 addsub 0.000 maxidx 0.000 reserve 0.000)
dist B 2^20 (5427 limbs = 2714 x 2713): load 0.000 ntt 0.000 crt 0.000 spills 0.000 total 0.001 s
   dist_db 5427 limbs: 0.001 s (dbig: shift 0.000 addsub 0.000 maxidx 0.000 reserve 0.000)
dist B 2^20 (16281 limbs = 10854 x 5427): load 0.000 ntt 0.000 crt 0.001 spills 0.000 total 0.001 s
   dist_db 16281 limbs: 0.001 s (dbig: shift 0.000 addsub 0.000 maxidx 0.000 reserve 0.000)
dist B 2^20 (10853 limbs = 5427 x 5426): load 0.000 ntt 0.000 crt 0.001 spills 0.000 total 0.001 s
   dist_db 10853 limbs: 0.001 s (dbig: shift 0.000 addsub 0.000 maxidx 0.000 reserve 0.000)
dist B 2^20 (32556 limbs = 21704 x 10852): load 0.000 ntt 0.000 crt 0.001 spills 0.000 total 0.001 s
   dist_db 32556 limbs: 0.002 s (dbig: shift 0.000 addsub 0.000 maxidx 0.000 reserve 0.000)
dist B 2^20 (21703 limbs = 10852 x 10851): load 0.000 ntt 0.000 crt 0.001 spills 0.000 total 0.001 s
   dist_db 21703 limbs: 0.002 s (dbig: shift 0.000 addsub 0.000 maxidx 0.000 reserve 0.000)
dist B 2^20 (65109 limbs = 43406 x 21703): load 0.000 ntt 0.000 crt 0.002 spills 0.001 total 0.004 s
   dist_db 65109 limbs: 0.004 s (dbig: shift 0.000 addsub 0.001 maxidx 0.000 reserve 0.000)
dist B 2^20 (43405 limbs = 21703 x 21702): load 0.000 ntt 0.000 crt 0.001 spills 0.001 total 0.003 s
   dist_db 43405 limbs: 0.003 s (dbig: shift 0.000 addsub 0.001 maxidx 0.000 reserve 0.000)
recip(db) 0.15 s: dist 32 calls 0.61 s (load 0.21 ntt 0.27 crt 0.04 spills 0.08); dbig shift 40/0.04 addsub 57/0.05 maxidx 178/0.03 reserve 11/0.00; pools 0.0 GB
recip(mn): the single-node chain to 43403 limbs (1.51 s), then the sharded steps to 5555558 over 2 nodes
dist_mn node 0: 2^20 = 2^10 x 2^10 over 2 x 4 ranks, 4 primes, P24 (rows 128..128; 86808 + 43404 limbs at 0, window [0, 65106) of share [0, 65106)): redistribute 0.002 ntt 0.054 crt 0.000 out 0.001 spills+carry 0.000 total 0.107 s
dist_mn node 0: 86808 x 43404 limbs over 2 x 4 ranks (cap 2^28 points, P24): 1 x 1 pieces, 1 formed, 0 skipped (low cut) (cache 0 slots: 0 hits, 0 misses)
dist_mn node 1: 2^20 = 2^10 x 2^10 over 2 x 4 ranks, 4 primes, P24 (rows 128..128; 86808 + 43404 limbs at 0, window [65106, 130212) of share [65106, 130212)): redistribute 0.016 ntt 0.054 crt 0.000 out 0.001 spills+carry 0.000 total 0.107 s
dist_mn node 1: 86808 x 43404 limbs over 2 x 4 ranks (cap 2^28 points, P24): 1 x 1 pieces, 1 formed, 0 skipped (low cut) (cache 0 slots: 0 hits, 0 misses)
dist_mn node 0: 86808 + 43404 limbs -> 130211 (share 65106): redistribute 0.002 ntt 0.054 crt 0.000 out 0.001 spills+carry 0.000, total 0.107 s
dist_mn node 1: 86808 + 43404 limbs -> 130211 (share 65106): redistribute 0.016 ntt 0.054 crt 0.000 out 0.001 spills+carry 0.000, total 0.107 s
dist_mn node 0: 2^20 = 2^10 x 2^10 over 2 x 4 ranks, 4 primes, P24 (rows 128..128; 43404 + 43403 limbs at 0, window [0, 43403) of share [0, 43403)): redistribute 0.001 ntt 0.045 crt 0.000 out 0.001 spills+carry 0.000 total 0.047 s
dist_mn node 0: 43404 x 43403 limbs over 2 x 4 ranks (cap 2^28 points, P24): 1 x 1 pieces, 1 formed, 0 skipped (low cut) (cache 0 slots: 0 hits, 0 misses)
dist_mn node 1: 2^20 = 2^10 x 2^10 over 2 x 4 ranks, 4 primes, P24 (rows 128..128; 43404 + 43403 limbs at 0, window [43403, 86807) of share [43403, 86807)): redistribute 0.001 ntt 0.045 crt 0.000 out 0.001 spills+carry 0.000 total 0.047 s
dist_mn node 1: 43404 x 43403 limbs over 2 x 4 ranks (cap 2^28 points, P24): 1 x 1 pieces, 1 formed, 0 skipped (low cut) (cache 0 slots: 0 hits, 0 misses)
dist_mn node 1: 43404 + 43403 limbs -> 86806 (share 43404): redistribute 0.001 ntt 0.045 crt 0.000 out 0.001 spills+carry 0.000, total 0.047 s
dist_mn node 0: 43404 + 43403 limbs -> 86806 (share 43403): redistribute 0.001 ntt 0.045 crt 0.000 out 0.001 spills+carry 0.000, total 0.047 s
dist_mn node 0: 2^20 = 2^10 x 2^10 over 2 x 4 ranks, 4 primes, P24 (rows 128..128; 173614 + 86807 limbs at 0, window [0, 86809) of share [0, 86809)): redistribute 0.002 ntt 0.047 crt 0.000 out 0.001 spills+carry 0.000 total 0.050 s
dist_mn node 0: 173614 x 86807 limbs over 2 x 4 ranks (cap 2^28 points, P24): 1 x 1 pieces, 1 formed, 0 skipped (low product) (low cut) (cache 0 slots: 0 hits, 0 misses)
dist_mn node 1: 2^20 = 2^10 x 2^10 over 2 x 4 ranks, 4 primes, P24 (rows 128..128; 173614 + 86807 limbs at 0, window [86809, 173618) of share [86809, 173618)): redistribute 0.002 ntt 0.047 crt 0.000 out 0.001 spills+carry 0.000 total 0.050 s
dist_mn node 1: 173614 x 86807 limbs over 2 x 4 ranks (cap 2^28 points, P24): 1 x 1 pieces, 1 formed, 0 skipped (low product) (low cut) (cache 0 slots: 0 hits, 0 misses)
dist_mn node 0: 173614 + 86807 limbs -> 173614 (share 86809): redistribute 0.002 ntt 0.047 crt 0.000 out 0.001 spills+carry 0.000, total 0.050 s
dist_mn node 1: 173614 + 86807 limbs -> 173614 (share 86809): redistribute 0.002 ntt 0.047 crt 0.000 out 0.001 spills+carry 0.000, total 0.050 s
dist_mn node 0: 2^20 = 2^10 x 2^10 over 2 x 4 ranks, 4 primes, P24 (rows 128..128; 86807 + 86806 limbs at 0, window [0, 86806) of share [0, 86806)): redistribute 0.002 ntt 0.048 crt 0.000 out 0.001 spills+carry 0.000 total 0.051 s
dist_mn node 0: 86807 x 86806 limbs over 2 x 4 ranks (cap 2^28 points, P24): 1 x 1 pieces, 1 formed, 0 skipped (low cut) (cache 0 slots: 0 hits, 0 misses)
dist_mn node 1: 2^20 = 2^10 x 2^10 over 2 x 4 ranks, 4 primes, P24 (rows 128..128; 86807 + 86806 limbs at 0, window [86806, 173613) of share [86806, 173613)): redistribute 0.002 ntt 0.048 crt 0.000 out 0.001 spills+carry 0.000 total 0.051 s
dist_mn node 1: 86807 x 86806 limbs over 2 x 4 ranks (cap 2^28 points, P24): 1 x 1 pieces, 1 formed, 0 skipped (low cut) (cache 0 slots: 0 hits, 0 misses)
dist_mn node 1: 86807 + 86806 limbs -> 173613 (share 86807): redistribute 0.002 ntt 0.048 crt 0.000 out 0.001 spills+carry 0.000, total 0.051 s
dist_mn node 0: 86807 + 86806 limbs -> 173613 (share 86806): redistribute 0.002 ntt 0.048 crt 0.000 out 0.001 spills+carry 0.000, total 0.051 s
dist_mn node 0: 2^20 = 2^10 x 2^10 over 2 x 4 ranks, 4 primes, P24 (rows 128..128; 347226 + 173613 limbs at 0, window [0, 173615) of share [0, 173615)): redistribute 0.002 ntt 0.045 crt 0.000 out 0.002 spills+carry 0.000 total 0.048 s
dist_mn node 0: 347226 x 173613 limbs over 2 x 4 ranks (cap 2^28 points, P24): 1 x 1 pieces, 1 formed, 0 skipped (low product) (low cut) (cache 0 slots: 0 hits, 0 misses)
dist_mn node 1: 2^20 = 2^10 x 2^10 over 2 x 4 ranks, 4 primes, P24 (rows 128..128; 347226 + 173613 limbs at 0, window [173615, 347230) of share [173615, 347230)): redistribute 0.002 ntt 0.045 crt 0.000 out 0.002 spills+carry 0.000 total 0.048 s
dist_mn node 1: 347226 x 173613 limbs over 2 x 4 ranks (cap 2^28 points, P24): 1 x 1 pieces, 1 formed, 0 skipped (low product) (low cut) (cache 0 slots: 0 hits, 0 misses)
dist_mn node 1: 347226 + 173613 limbs -> 347230 (share 173615): redistribute 0.002 ntt 0.045 crt 0.000 out 0.002 spills+carry 0.000, total 0.048 s
dist_mn node 0: 347226 + 173613 limbs -> 347230 (share 173615): redistribute 0.002 ntt 0.045 crt 0.000 out 0.002 spills+carry 0.000, total 0.048 s
dist_mn node 0: 2^20 = 2^10 x 2^10 over 2 x 4 ranks, 4 primes, P24 (rows 128..128; 173613 + 173612 limbs at 0, window [0, 173612) of share [0, 173612)): redistribute 0.002 ntt 0.046 crt 0.000 out 0.002 spills+carry 0.000 total 0.050 s
dist_mn node 0: 173613 x 173612 limbs over 2 x 4 ranks (cap 2^28 points, P24): 1 x 1 pieces, 1 formed, 0 skipped (low cut) (cache 0 slots: 0 hits, 0 misses)
dist_mn node 1: 2^20 = 2^10 x 2^10 over 2 x 4 ranks, 4 primes, P24 (rows 128..128; 173613 + 173612 limbs at 0, window [173612, 347225) of share [173612, 347225)): redistribute 0.002 ntt 0.046 crt 0.000 out 0.002 spills+carry 0.000 total 0.050 s
dist_mn node 1: 173613 x 173612 limbs over 2 x 4 ranks (cap 2^28 points, P24): 1 x 1 pieces, 1 formed, 0 skipped (low cut) (cache 0 slots: 0 hits, 0 misses)
dist_mn node 1: 173613 + 173612 limbs -> 347225 (share 173613): redistribute 0.002 ntt 0.046 crt 0.000 out 0.002 spills+carry 0.000, total 0.050 s
dist_mn node 0: 173613 + 173612 limbs -> 347225 (share 173612): redistribute 0.002 ntt 0.046 crt 0.000 out 0.002 spills+carry 0.000, total 0.050 s
dist_mn node 0: 2^20 = 2^10 x 2^10 over 2 x 4 ranks, 4 primes, P24 (rows 128..128; 694448 + 347224 limbs at 0, window [0, 347226) of share [0, 347226)): redistribute 0.003 ntt 0.046 crt 0.000 out 0.002 spills+carry 0.000 total 0.051 s
dist_mn node 0: 694448 x 347224 limbs over 2 x 4 ranks (cap 2^28 points, P24): 1 x 1 pieces, 1 formed, 0 skipped (low product) (low cut) (cache 0 slots: 0 hits, 0 misses)
dist_mn node 1: 2^20 = 2^10 x 2^10 over 2 x 4 ranks, 4 primes, P24 (rows 128..128; 694448 + 347224 limbs at 0, window [347226, 694452) of share [347226, 694452)): redistribute 0.003 ntt 0.046 crt 0.000 out 0.002 spills+carry 0.000 total 0.051 s
dist_mn node 1: 694448 x 347224 limbs over 2 x 4 ranks (cap 2^28 points, P24): 1 x 1 pieces, 1 formed, 0 skipped (low product) (low cut) (cache 0 slots: 0 hits, 0 misses)
dist_mn node 0: 694448 + 347224 limbs -> 694452 (share 347226): redistribute 0.003 ntt 0.046 crt 0.000 out 0.002 spills+carry 0.000, total 0.051 s
dist_mn node 1: 694448 + 347224 limbs -> 694452 (share 347226): redistribute 0.003 ntt 0.046 crt 0.000 out 0.002 spills+carry 0.000, total 0.051 s
dist_mn node 0: 2^20 = 2^10 x 2^10 over 2 x 4 ranks, 4 primes, P24 (rows 128..128; 347224 + 347223 limbs at 0, window [0, 347223) of share [0, 347223)): redistribute 0.003 ntt 0.049 crt 0.000 out 0.002 spills+carry 0.000 total 0.053 s
dist_mn node 0: 347224 x 347223 limbs over 2 x 4 ranks (cap 2^28 points, P24): 1 x 1 pieces, 1 formed, 0 skipped (low cut) (cache 0 slots: 0 hits, 0 misses)
dist_mn node 1: 2^20 = 2^10 x 2^10 over 2 x 4 ranks, 4 primes, P24 (rows 128..128; 347224 + 347223 limbs at 0, window [347223, 694447) of share [347223, 694447)): redistribute 0.003 ntt 0.048 crt 0.000 out 0.002 spills+carry 0.000 total 0.053 s
dist_mn node 1: 347224 x 347223 limbs over 2 x 4 ranks (cap 2^28 points, P24): 1 x 1 pieces, 1 formed, 0 skipped (low cut) (cache 0 slots: 0 hits, 0 misses)
dist_mn node 0: 347224 + 347223 limbs -> 694446 (share 347223): redistribute 0.003 ntt 0.049 crt 0.000 out 0.002 spills+carry 0.000, total 0.053 s
dist_mn node 1: 347224 + 347223 limbs -> 694446 (share 347224): redistribute 0.003 ntt 0.048 crt 0.000 out 0.002 spills+carry 0.000, total 0.053 s
dist_mn node 0: 2^21 = 2^10 x 2^11 over 2 x 4 ranks, 4 primes, P24 (rows 128..128; 1388892 + 694446 limbs at 0, window [0, 694448) of share [0, 694448)): redistribute 0.004 ntt 0.066 crt 0.000 out 0.003 spills+carry 0.000 total 0.114 s
dist_mn node 0: 1388892 x 694446 limbs over 2 x 4 ranks (cap 2^28 points, P24): 1 x 1 pieces, 1 formed, 0 skipped (low product) (low cut) (cache 0 slots: 0 hits, 0 misses)
dist_mn node 1: 2^21 = 2^10 x 2^11 over 2 x 4 ranks, 4 primes, P24 (rows 128..128; 1388892 + 694446 limbs at 0, window [694448, 1388896) of share [694448, 1388896)): redistribute 0.015 ntt 0.066 crt 0.000 out 0.003 spills+carry 0.000 total 0.114 s
dist_mn node 1: 1388892 x 694446 limbs over 2 x 4 ranks (cap 2^28 points, P24): 1 x 1 pieces, 1 formed, 0 skipped (low product) (low cut) (cache 0 slots: 0 hits, 0 misses)
dist_mn node 1: 1388892 + 694446 limbs -> 1388896 (share 694448): redistribute 0.015 ntt 0.066 crt 0.000 out 0.003 spills+carry 0.000, total 0.114 s
dist_mn node 0: 1388892 + 694446 limbs -> 1388896 (share 694448): redistribute 0.004 ntt 0.066 crt 0.000 out 0.003 spills+carry 0.000, total 0.114 s
dist_mn node 0: 2^20 = 2^10 x 2^10 over 2 x 4 ranks, 4 primes, P24 (rows 128..128; 694446 + 694445 limbs at 0, window [0, 694445) of share [0, 694445)): redistribute 0.003 ntt 0.050 crt 0.000 out 0.004 spills+carry 0.000 total 0.088 s
dist_mn node 0: 694446 x 694445 limbs over 2 x 4 ranks (cap 2^28 points, P24): 1 x 1 pieces, 1 formed, 0 skipped (low cut) (cache 0 slots: 0 hits, 0 misses)
dist_mn node 1: 2^20 = 2^10 x 2^10 over 2 x 4 ranks, 4 primes, P24 (rows 128..128; 694446 + 694445 limbs at 0, window [694445, 1388891) of share [694445, 1388891)): redistribute 0.008 ntt 0.050 crt 0.000 out 0.004 spills+carry 0.000 total 0.088 s
dist_mn node 1: 694446 x 694445 limbs over 2 x 4 ranks (cap 2^28 points, P24): 1 x 1 pieces, 1 formed, 0 skipped (low cut) (cache 0 slots: 0 hits, 0 misses)
dist_mn node 1: 694446 + 694445 limbs -> 1388890 (share 694446): redistribute 0.008 ntt 0.050 crt 0.000 out 0.004 spills+carry 0.000, total 0.088 s
dist_mn node 0: 694446 + 694445 limbs -> 1388890 (share 694445): redistribute 0.003 ntt 0.050 crt 0.000 out 0.004 spills+carry 0.000, total 0.088 s
dist_mn node 0: 2^22 = 2^11 x 2^11 over 2 x 4 ranks, 4 primes, P24 (rows 256..256; 2777782 + 1388891 limbs at 0, window [0, 1388893) of share [0, 1388893)): redistribute 0.007 ntt 0.109 crt 0.000 out 0.006 spills+carry 0.000 total 0.151 s
dist_mn node 0: 2777782 x 1388891 limbs over 2 x 4 ranks (cap 2^28 points, P24): 1 x 1 pieces, 1 formed, 0 skipped (low product) (low cut) (cache 0 slots: 0 hits, 0 misses)
dist_mn node 1: 2^22 = 2^11 x 2^11 over 2 x 4 ranks, 4 primes, P24 (rows 256..256; 2777782 + 1388891 limbs at 0, window [1388893, 2777786) of share [1388893, 2777786)): redistribute 0.007 ntt 0.108 crt 0.000 out 0.005 spills+carry 0.000 total 0.151 s
dist_mn node 1: 2777782 x 1388891 limbs over 2 x 4 ranks (cap 2^28 points, P24): 1 x 1 pieces, 1 formed, 0 skipped (low product) (low cut) (cache 0 slots: 0 hits, 0 misses)
dist_mn node 0: 2777782 + 1388891 limbs -> 2777782 (share 1388893): redistribute 0.007 ntt 0.109 crt 0.000 out 0.006 spills+carry 0.000, total 0.151 s
dist_mn node 1: 2777782 + 1388891 limbs -> 2777782 (share 1388893): redistribute 0.007 ntt 0.108 crt 0.000 out 0.005 spills+carry 0.000, total 0.151 s
dist_mn node 0: 2^21 = 2^10 x 2^11 over 2 x 4 ranks, 4 primes, P24 (rows 128..128; 1388891 + 1388890 limbs at 0, window [0, 1388890) of share [0, 1388890)): redistribute 0.022 ntt 0.072 crt 0.000 out 0.006 spills+carry 0.000 total 0.139 s
dist_mn node 0: 1388891 x 1388890 limbs over 2 x 4 ranks (cap 2^28 points, P24): 1 x 1 pieces, 1 formed, 0 skipped (low cut) (cache 0 slots: 0 hits, 0 misses)
dist_mn node 1: 2^21 = 2^10 x 2^11 over 2 x 4 ranks, 4 primes, P24 (rows 128..128; 1388891 + 1388890 limbs at 0, window [1388890, 2777781) of share [1388890, 2777781)): redistribute 0.012 ntt 0.070 crt 0.000 out 0.006 spills+carry 0.000 total 0.139 s
dist_mn node 1: 1388891 x 1388890 limbs over 2 x 4 ranks (cap 2^28 points, P24): 1 x 1 pieces, 1 formed, 0 skipped (low cut) (cache 0 slots: 0 hits, 0 misses)
dist_mn node 0: 1388891 + 1388890 limbs -> 2777781 (share 1388890): redistribute 0.022 ntt 0.072 crt 0.000 out 0.006 spills+carry 0.000, total 0.139 s
dist_mn node 1: 1388891 + 1388890 limbs -> 2777781 (share 1388891): redistribute 0.012 ntt 0.070 crt 0.000 out 0.006 spills+carry 0.000, total 0.139 s
dist_mn node 0: 2^23 = 2^11 x 2^12 over 2 x 4 ranks, 4 primes, P24 (rows 256..256; 5555560 + 2777780 limbs at 0, window [0, 2777782) of share [0, 2777782)): redistribute 0.047 ntt 0.199 crt 0.000 out 0.011 spills+carry 0.000 total 0.310 s
dist_mn node 0: 5555560 x 2777780 limbs over 2 x 4 ranks (cap 2^28 points, P24): 1 x 1 pieces, 1 formed, 0 skipped (low product) (low cut) (cache 0 slots: 0 hits, 0 misses)
dist_mn node 1: 2^23 = 2^11 x 2^12 over 2 x 4 ranks, 4 primes, P24 (rows 256..256; 5555560 + 2777780 limbs at 0, window [2777782, 5555564) of share [2777782, 5555564)): redistribute 0.019 ntt 0.198 crt 0.000 out 0.010 spills+carry 0.000 total 0.310 s
dist_mn node 1: 5555560 x 2777780 limbs over 2 x 4 ranks (cap 2^28 points, P24): 1 x 1 pieces, 1 formed, 0 skipped (low product) (low cut) (cache 0 slots: 0 hits, 0 misses)
dist_mn node 0: 5555560 + 2777780 limbs -> 5555564 (share 2777782): redistribute 0.047 ntt 0.199 crt 0.000 out 0.011 spills+carry 0.000, total 0.310 s
dist_mn node 1: 5555560 + 2777780 limbs -> 5555564 (share 2777782): redistribute 0.019 ntt 0.198 crt 0.000 out 0.010 spills+carry 0.000, total 0.310 s
dist_mn node 0: 2^22 = 2^11 x 2^11 over 2 x 4 ranks, 4 primes, P24 (rows 256..256; 2777780 + 2777779 limbs at 0, window [0, 2777779) of share [0, 2777779)): redistribute 0.013 ntt 0.113 crt 0.000 out 0.009 spills+carry 0.000 total 0.162 s
dist_mn node 0: 2777780 x 2777779 limbs over 2 x 4 ranks (cap 2^28 points, P24): 1 x 1 pieces, 1 formed, 0 skipped (low cut) (cache 0 slots: 0 hits, 0 misses)
dist_mn node 1: 2^22 = 2^11 x 2^11 over 2 x 4 ranks, 4 primes, P24 (rows 256..256; 2777780 + 2777779 limbs at 0, window [2777779, 5555559) of share [2777779, 5555559)): redistribute 0.014 ntt 0.115 crt 0.000 out 0.010 spills+carry 0.000 total 0.162 s
dist_mn node 1: 2777780 x 2777779 limbs over 2 x 4 ranks (cap 2^28 points, P24): 1 x 1 pieces, 1 formed, 0 skipped (low cut) (cache 0 slots: 0 hits, 0 misses)
dist_mn node 0: 2777780 + 2777779 limbs -> 5555558 (share 2777779): redistribute 0.013 ntt 0.113 crt 0.000 out 0.009 spills+carry 0.000, total 0.162 s
dist_mn node 1: 2777780 + 2777779 limbs -> 5555558 (share 2777780): redistribute 0.014 ntt 0.115 crt 0.000 out 0.010 spills+carry 0.000, total 0.162 s
recip(mn) 3.04 s: single-node part 1.51, products 1.43, shifts 31/0.12, addsub 12/0.01, small 0/0.00
dist_mn node 0: 2^23 = 2^11 x 2^12 over 2 x 4 ranks, 4 primes, P24 (rows 256..256; 5555557 + 5555558 limbs at 0, window [0, 5555557) of share [0, 5555557)): redistribute 0.020 ntt 0.193 crt 0.001 out 0.067 spills+carry 0.004 total 0.307 s
dist_mn node 0: 5555557 x 5555558 limbs over 2 x 4 ranks (cap 2^28 points, P24): 1 x 1 pieces, 1 formed, 0 skipped (low cut) (cache 0 slots: 0 hits, 0 misses)
dist_mn node 1: 2^23 = 2^11 x 2^12 over 2 x 4 ranks, 4 primes, P24 (rows 256..256; 5555557 + 5555558 limbs at 0, window [5555557, 11111115) of share [5555557, 11111115)): redistribute 0.018 ntt 0.189 crt 0.001 out 0.067 spills+carry 0.004 total 0.307 s
dist_mn node 1: 5555557 x 5555558 limbs over 2 x 4 ranks (cap 2^28 points, P24): 1 x 1 pieces, 1 formed, 0 skipped (low cut) (cache 0 slots: 0 hits, 0 misses)
dist_mn node 0: 5555557 + 5555558 limbs -> 11111115 (share 5555557): redistribute 0.020 ntt 0.193 crt 0.001 out 0.067 spills+carry 0.004, total 0.307 s
dist_mn node 1: 5555557 + 5555558 limbs -> 11111115 (share 5555558): redistribute 0.018 ntt 0.189 crt 0.001 out 0.067 spills+carry 0.004, total 0.307 s
mn_out: /tmp/p24_e8v.part0001: O_DIRECT, packed form, 8 write threads, file system local
dist_mn node 0: 2^23 = 2^11 x 2^12 over 2 x 4 ranks, 4 primes, P24 (rows 256..256; 5555557 + 5555560 limbs at 0, window [0, 2777781) of share [0, 2777781)): redistribute 0.023 ntt 0.164 crt 0.001 out 0.009 spills+carry 0.001 total 0.189 s
dist_mn node 0: 5555557 x 5555560 limbs over 2 x 4 ranks (cap 2^28 points, P24): 1 x 1 pieces, 1 formed, 0 skipped (low product) (cache 0 slots: 0 hits, 0 misses)
dist_mn node 1: 2^23 = 2^11 x 2^12 over 2 x 4 ranks, 4 primes, P24 (rows 256..256; 5555557 + 5555560 limbs at 0, window [2777781, 5555562) of share [2777781, 5555562)): redistribute 0.022 ntt 0.163 crt 0.000 out 0.009 spills+carry 0.000 total 0.189 s
dist_mn node 1: 5555557 x 5555560 limbs over 2 x 4 ranks (cap 2^28 points, P24): 1 x 1 pieces, 1 formed, 0 skipped (low product) (cache 0 slots: 0 hits, 0 misses)
dist_mn node 0: 5555557 + 5555560 limbs -> 5555562 (share 2777781): redistribute 0.023 ntt 0.164 crt 0.001 out 0.009 spills+carry 0.001, total 0.189 s
dist_mn node 1: 5555557 + 5555560 limbs -> 5555562 (share 2777781): redistribute 0.022 ntt 0.163 crt 0.000 out 0.009 spills+carry 0.000, total 0.189 s
divmod(mn) 3.62 s: reciprocal 3.05 (products 1.43), S = P + Q 0.00, A mu + shift 0.37, X Q + window 0.19, corrections 0.00 (0), R residues 0.00; division products 0.50 s; shifts 37/0.16 s, addsub 14/0.01 s
scratch(mn): mdb_shift slabs 0.044 GB per node-process at most (MDB_SHIFT_CHUNK_MB=1024), window temporaries T + rbO 0.045 GB (MN_T_CHUNK_MB=1024)
mn: node 1: dm over 2 nodes 3.62 s (reciprocal 3.05), X 5555557 limbs, sharded; to the output stage
mn: node 0: dm over 2 nodes 3.62 s (reciprocal 3.05), X 5555557 limbs, sharded
bs        0.85 s   N 14842916, P 5555560 limbs, Q 5555560 limbs (seeds 0.0 school 0.0 batch 0.3 mdev 0.0; pool 0.0 GB; dev pools 0.0 GB)   VmRSS 17.6 GB, VmHWM 17.6 GB
RESULT ecalc bs s 0.848672
mem[0] [bs] device 18.4 GB in use (per APU 4.6..4.6): planes 8.6, regions 0.0, block pool 8.6 (donated 0.0, borrowed 8.6, hipMalloc 0.0; live 0.0, peak live 0.2, free 8.6), tables 1.23, other 0.0
mem[0] [bs] host 17.6 GB RSS (HWM 17.6): staging 4.3 pinned, registered 0.0, X 0.0, digits 0.0, named 0.0, other 13.3
recip     3.05 s   (over 2 nodes; 22 iterations)
10dP      0.00 s   (S = P + Q over shares, inside dm)
RESULT ecalc 10dP s 0
dm        3.62 s   X 5555557 limbs (recip 3.0 s; corrections 0/0; over 2 nodes)   VmRSS 17.6 GB, VmHWM 17.6 GB
RESULT ecalc dm s 3.6175
mn: node 0: X share [0, 2777778) of 5555557 limbs on the device (the distributed division's)
mn: node 1: X share [2777778, 5555557) of 5555557 limbs on the device (the distributed division's)
mn: node 0: T1        0.00 s   ok: T(P+Q) == XQ + R and P, Q mod q for 8 primes (P, Q recurrence over this node's terms, overlapped with bs; joined over the nodes)
mn: node 0:       overlapped with bs: P, Q mod q recurrence 0.24 s, block pool pregrown by 0 GB in 0.00 s
mn: node 1: T1        0.01 s   ok: T(P+Q) == XQ + R and P, Q mod q for 8 primes (P, Q recurrence over this node's terms, overlapped with bs; joined over the nodes)
mn: node 1:       overlapped with bs: P, Q mod q recurrence 0.23 s, block pool pregrown by 0 GB in 0.00 s
mn: node 0:       VmRSS 17.6 GB before dc
mn: node 1:       VmRSS 17.6 GB before dc
mn: node 0:       the part file started in the division (MN_OUT_EARLY): its writer ran 0.04 s, joined after 0.00 s here
mn: node 1:       the part file started in the division (MN_OUT_EARLY): its writer ran 0.04 s, joined after 0.00 s here
mn: node 1:       patch: X +0 after the formatting started (ECALC_CORR_PATCH): nothing to patch; 0 deferred windows; 0.003 s
mn: node 0:       patch: X +0 after the formatting started (ECALC_CORR_PATCH): nothing to patch; 0 deferred windows; 0.004 s
mn: node 0: dc        0.03 s   digits [50000005, 100000009) of 100000009 formatted from 2777778 decimal limbs in 1 chunks (residues 0.00, format 0.01, digit residue 0.01, T2 0.00, fetch 0.00, waiting for the writer 0.00)
mn: node 0: T2        0.00 s   windows ok (0 checked on this node), digits == X mod q ok
mn: node 0: digits: 12603657289268737384327838060345874499547166139991864034412434...82960628314492118202 (this node's range)
total     8.67 s   (bs 0.8 + 10dP 0.0 + dm 3.6 + T1 0.0 + dc 0.0 + T2 0.0 = 4.5; init 4.2; other 0.0); VmHWM 17.5 GB
RESULT ecalc total s 8.66775
RESULT ecalc phases s 4.50078
RESULT ecalc other s 0.00119471
mn: node 1: dc        0.03 s   digits [0, 50000005) of 100000009 formatted from 2777779 decimal limbs in 1 chunks (residues 0.00, format 0.00, digit residue 0.01, T2 0.00, fetch 0.00, waiting for the writer 0.00)
mn: node 1: T2        0.00 s   windows ok (2 checked on this node), digits == X mod q ok
mn: node 1: digits: 27182818284590452353602874713526624977572470936999595749669676... (this node's range)
mn: node 1: wrote /tmp/p24_e8v.part0000 (0.02 GB; write 0.04 s in the writer thread, 0.00 s after the checks)
mn: node 1: VERIFY OK
RESULT ecalc vmhwm GB 17.5327
paper A22 (4e10): 285.7 = bs 112.2 + 10dP 12.6 + dm 46.8 + T1 ~3 + dc 110.3
mn: node 0: wrote /tmp/p24_e8v.part0001 (0.02 GB; write 0.04 s in the writer thread, 0.00 s after the checks)
mn: node 0: VERIFY OK
mn: all 2 nodes: VERIFY OK
dbig pool: APU0 tail 0.01 GB: 1 large blocks from its back, 0 small blocks spilled into it
dbig pool: APU1 tail 0.01 GB: 1 large blocks from its back, 0 small blocks spilled into it
dbig pool: APU2 tail 0.01 GB: 1 large blocks from its back, 0 small blocks spilled into it
dbig pool: APU3 tail 0.01 GB: 1 large blocks from its back, 0 small blocks spilled into it
mem[0] [end] device 9.8 GB in use (per APU 2.5..2.5): planes 8.6, regions 0.0, block pool 0.0 (donated 0.0, borrowed 0.0, hipMalloc 0.0; live 0.0, peak live 0.2, free 0.0), tables 1.23, other 0.0
mem[0] [end] host 17.5 GB RSS (HWM 17.5): staging 4.3 pinned, registered 0.0, X 0.0, digits 0.0, named 0.0, other 13.2
mem[0] summary: bytes in use at each phase boundary, GB (device: all APUs / largest APU; host: this process)
mem[0] phase           device  maxAPU |  planes regions  pl:don  pl:bor  pl:hip pl:live pl:peak tables |    host staging  regist       X  digits   other     HWM
mem[0] init              18.4     4.6 |     8.6     0.0     0.0     8.6     0.0     0.0     0.0   1.23 |     8.7     4.3     0.0     0.0     0.0     4.4     9.1
mem[0] tree              18.4     4.6 |     8.6     0.0     0.0     8.6     0.0     0.0     0.1   1.23 |     8.8     4.3     0.0     0.0     0.0     4.5     9.1
mem[0] bs                18.4     4.6 |     8.6     0.0     0.0     8.6     0.0     0.0     0.2   1.23 |    17.6     4.3     0.0     0.0     0.0    13.3    17.6
mem[0] end                9.8     2.5 |     8.6     0.0     0.0     0.0     0.0     0.0     0.2   1.23 |    17.5     4.3     0.0     0.0     0.0    13.2    17.5
dbig pool: APU0 tail 0.01 GB: 1 large blocks from its back, 0 small blocks spilled into it
dbig pool: APU1 tail 0.01 GB: 1 large blocks from its back, 0 small blocks spilled into it
dbig pool: APU2 tail 0.01 GB: 1 large blocks from its back, 0 small blocks spilled into it
dbig pool: APU3 tail 0.01 GB: 1 large blocks from its back, 0 small blocks spilled into it
dbig pool: APU0 VMM arena released (0 remaps of 0 chunks in 0.00 s, 0 growths of 0 chunks)
dbig pool: APU1 VMM arena released (0 remaps of 0 chunks in 0.00 s, 0 growths of 0 chunks)
dbig pool: APU2 VMM arena released (0 remaps of 0 chunks in 0.00 s, 0 growths of 0 chunks)
dbig pool: APU3 VMM arena released (0 remaps of 0 chunks in 0.00 s, 0 growths of 0 chunks)
mem[1] [released] device 1.2 GB in use (per APU 0.3..0.3): planes 0.0, regions 0.0, block pool 0.0 (donated 0.0, borrowed 0.0, hipMalloc 0.0; live 0.0, peak live 0.2, free 0.0), tables 1.23, other 0.0
mem[1] [released] host 13.2 GB RSS (HWM 17.5): staging 0.0 pinned, registered 0.0, X 0.0, digits 0.0, named 0.0, other 13.2
mem[1] summary: bytes in use at each phase boundary, GB (device: all APUs / largest APU; host: this process)
mem[1] phase           device  maxAPU |  planes regions  pl:don  pl:bor  pl:hip pl:live pl:peak tables |    host staging  regist       X  digits   other     HWM
mem[1] init              18.4     4.6 |     8.6     0.0     0.0     8.6     0.0     0.0     0.0   1.23 |     8.7     4.3     0.0     0.0     0.0     4.4     9.1
mem[1] tree              18.4     4.6 |     8.6     0.0     0.0     8.6     0.0     0.0     0.1   1.23 |     8.9     4.3     0.0     0.0     0.0     4.6     9.1
mem[1] released           1.2     0.3 |     0.0     0.0     0.0     0.0     0.0     0.0     0.2   1.23 |    13.2     0.0     0.0     0.0     0.0    13.2    17.5
rns_dist: RNS_STRATEGY=auto form B: C 0 products 0.00 s, B 30 products 0.08 s, B4 0 products 0.00 s; extra plane memory 0.00 GiB/APU (allocations 0.00 s)
dbig pool: APU0 VMM arena released (0 remaps of 0 chunks in 0.00 s, 0 growths of 0 chunks)
dbig pool: APU1 VMM arena released (0 remaps of 0 chunks in 0.00 s, 0 growths of 0 chunks)
dbig pool: APU2 VMM arena released (0 remaps of 0 chunks in 0.00 s, 0 growths of 0 chunks)
dbig pool: APU3 VMM arena released (0 remaps of 0 chunks in 0.00 s, 0 growths of 0 chunks)
rns_dist: RNS_STRATEGY=auto form B: C 0 products 0.00 s, B 30 products 0.14 s, B4 0 products 0.00 s; extra plane memory 0.00 GiB/APU (allocations 0.00 s)
