p24_job batches 4: job 21770 submitted Mon Sep 28 06:06:05 PM CDT 2026
job 21770 running on ppac-pl1-s24-30 Mon Sep 28 06:06:25 PM CDT 2026
== batch 4 Mon Sep 28 06:06:25 PM CDT 2026
mnaccept (switch off) rc 0
== mnaccept: job 21770 on ppac-pl1-s24-30, 2026-09-28T18:06:25-05:00, 71a902f P24: p24_job.sh batch 4 runs the mn step with the switch off too; ref /shared/prerelease/home/mpo_2026/chcoppola/ntt-P2415/ecalc/ref ==
PASS unit t_ntt 24: t_ntt: VERIFY OK (3215 checks)
PASS unit t_mul 20: t_mul: VERIFY OK (189 checks)
PASS unit t_bs: t_bs: VERIFY OK (10 checks)
PASS unit t_dbig 0: t_dbig: VERIFY OK (555 checks)
PASS unit t_newton 20: t_newton: VERIFY OK (620 checks)
PASS unit t_verify: t_verify: VERIFY OK (334 checks)
PASS unit t_out: t_out: VERIFY OK (1 checks)
PASS unit t_mn_grid (2 procs): 2 VERIFY OK: t_mn_grid: VERIFY OK (200 checks)
PASS e9 size 1 LIMB_BASE=10: identical; total 11.48 s (bs 1.4 + 10dP 0.1 + dm 1.
PASS e9 size 1 LIMB_BASE=2: identical; total 21.43 s (bs 1.0 + 10dP 0.4 + dm 1.
PASS mn e8 size 2: identical; all 2 nodes VERIFY OK; total 8.06 s (bs 0.8 + 10dP 0.0 + dm 3.3
PASS mn e8 size 3: identical; all 3 nodes VERIFY OK; total 9.06 s (bs 1.2 + 10dP 0.0 + dm 3.5
PASS mn e8 size 4: identical; all 4 nodes VERIFY OK; total 7.76 s (bs 1.0 + 10dP 0.0 + dm 3.2
PASS mn e9 size 2: identical; all 2 nodes VERIFY OK; total 20.36 s (bs 2.9 + 10dP 0.0 + dm 12
PASS mn e9 size 4: identical; all 4 nodes VERIFY OK; total 15.84 s (bs 3.0 + 10dP 0.0 + dm 7.
== 15 passed, 0 failed; 1311 s; 71a902f; logs in results/mnaccept/21770 ==
e4e10 rc 0 total    65.03 s   (bs 26.2 + 10dP 0.1 + dm 25.1 + T1 0.0 + dc 0.0 + T2 0.0 = 51.4; init 13.5; other 0.1); VmHWM 25.8 GB
e4e10 against results/e_4e10.out: identical
p24_job batches 4 done Mon Sep 28 06:35:26 PM CDT 2026
