p24_job batches 23: job 21767 submitted Mon Sep 28 05:42:42 PM CDT 2026
job 21767 running on ppac-pl1-s24-30 Mon Sep 28 05:43:02 PM CDT 2026
== batch 2 Mon Sep 28 05:43:02 PM CDT 2026
10^8 size 2 MN_P24=1 RNS_VERBOSE=1 rc 0: 72 P24 lines, 18 piece lines on node 0; mn: all 2 nodes: VERIFY OK; digits identical
mnaccept MN_P24=1 ECALC_NP=4 rc 0
== mnaccept: job 21767 on ppac-pl1-s24-30, 2026-09-28T17:43:14-05:00, b7eed11 P24: p24_job.sh batch 2 starts with a verbose 10^8 run (the P24 lines); ref /shared/prerelease/home/mpo_2026/chcoppola/ntt/ecalc/ref ==
PASS unit t_ntt 24: t_ntt: VERIFY OK (3215 checks)
PASS unit t_mul 20: t_mul: VERIFY OK (189 checks)
PASS unit t_bs: t_bs: VERIFY OK (10 checks)
PASS unit t_dbig 0: t_dbig: VERIFY OK (555 checks)
PASS unit t_newton 20: t_newton: VERIFY OK (620 checks)
PASS unit t_verify: t_verify: VERIFY OK (334 checks)
PASS unit t_out: t_out: VERIFY OK (1 checks)
PASS unit t_mn_grid (2 procs): 2 VERIFY OK: t_mn_grid: VERIFY OK (200 checks)
PASS mn e8 size 2: identical; all 2 nodes VERIFY OK; total 8.83 s (bs 0.8 + 10dP 0.0 + dm 3.8
PASS mn e8 size 3: identical; all 3 nodes VERIFY OK; total 8.75 s (bs 1.3 + 10dP 0.0 + dm 3.9
PASS mn e8 size 4: identical; all 4 nodes VERIFY OK; total 8.42 s (bs 1.2 + 10dP 0.0 + dm 3.6
PASS mn e9 size 2: identical; all 2 nodes VERIFY OK; total 21.85 s (bs 3.7 + 10dP 0.0 + dm 13
PASS mn e9 size 4: identical; all 4 nodes VERIFY OK; total 18.08 s (bs 3.9 + 10dP 0.0 + dm 8.
== 13 passed, 0 failed; 1253 s; b7eed11; logs in results/mnaccept/21767 ==
== batch 3 Mon Sep 28 06:04:07 PM CDT 2026
mnaccept MN_P24=2 auto rc 0
== mnaccept: job 21767 on ppac-pl1-s24-30, 2026-09-28T18:04:07-05:00, b7eed11 P24: p24_job.sh batch 2 starts with a verbose 10^8 run (the P24 lines); ref /shared/prerelease/home/mpo_2026/chcoppola/ntt-P2415/ecalc/ref ==
PASS mn e8 size 2: identical; all 2 nodes VERIFY OK; total 8.38 s (bs 0.8 + 10dP 0.0 + dm 3.7
PASS mn e8 size 3: identical; all 3 nodes VERIFY OK; total 8.31 s (bs 1.2 + 10dP 0.0 + dm 3.8
PASS mn e8 size 4: identical; all 4 nodes VERIFY OK; total 8.42 s (bs 0.9 + 10dP 0.0 + dm 3.7
PASS mn e9 size 2: identical; all 2 nodes VERIFY OK; total 22.67 s (bs 3.6 + 10dP 0.0 + dm 13
PASS mn e9 size 4: identical; all 4 nodes VERIFY OK; total 18.58 s (bs 3.9 + 10dP 0.0 + dm 8.
== 5 passed, 0 failed; 78 s; b7eed11; logs in results/mnaccept/21767 ==
p24_job batches 23 done Mon Sep 28 06:05:25 PM CDT 2026
