== ecalc: e to 10000000000 digits (decimal limbs, base 10^18) [computed to the next multiple of 18] ==
META bench=ecalc host=ppac-pl1-s24-26 date=2026-09-28T22:36:49 pool_log=31 stg=7 pw_fuse=14 body=1 engine=1 base=10^18
== ecalc: e to 10000000000 digits (decimal limbs, base 10^18) [computed to the next multiple of 18] ==
META bench=ecalc host=ppac-pl1-s24-26 date=2026-09-28T22:36:49 pool_log=31 stg=7 pw_fuse=14 body=1 engine=1 base=10^18
mn: node 0 of 2, four meshes of 2 ranks on ppac-pl1-s24-26,ppac-pl1-s24-26 (port base 21070): connected in 0.40 s
mn: node 1 of 2, four meshes of 2 ranks on ppac-pl1-s24-26,ppac-pl1-s24-26 (port base 21070): connected in 0.01 s
mn: self-test, four meshes over 2 nodes at 2^22 points: ok (2.84 s)
mn: node 1: level 1 group [0, 2) (transform nodes 2): meshes connected in 0.00 s
mn: self-test, four meshes over 2 nodes at 2^22 points: ok (2.84 s)
mn: node 0: level 1 group [0, 2) (transform nodes 2): meshes connected in 0.00 s
mn: layered self-test, 2 x 4 ranks at 2^22 points: ok (0.22 s)
mn: node 1 computes terms [579393793, 1158787586) of 1158787585
RESULT ecalc init s 7.59182
      VmRSS 8.8 GB after init (staging 4.3 GB pinned + device regions 32 GB); init 7.6 s
mem[1] [init] device 42.0 GB in use (per APU 8.9..15.3): planes 8.6, regions 0.0, block pool 32.2 (donated 0.0, borrowed 32.2, hipMalloc 0.0; live 0.0, peak live 0.0, free 0.0), tables 1.23, other 0.0
mem[1] [init] host 8.8 GB RSS (HWM 11.7): staging 4.3 pinned, registered 0.0, X 0.0, digits 0.0, named 0.0, other 4.5
mem[1] [init]   APU0: in use 15.3 GB: planes 2.15 pool:borrowed 12.88 tables 0.31  (driver: 30.5 of 137.4 GB used)
mem[1] [init]   APU1: in use 8.9 GB: planes 2.15 pool:borrowed 6.44 tables 0.30  (driver: 17.6 of 137.4 GB used)
mem[1] [init]   APU2: in use 8.9 GB: planes 2.15 pool:borrowed 6.44 tables 0.31  (driver: 17.6 of 137.4 GB used)
mem[1] [init]   APU3: in use 8.9 GB: planes 2.15 pool:borrowed 6.44 tables 0.31  (driver: 17.6 of 137.4 GB used)
mn: layered self-test, 2 x 4 ranks at 2^22 points: ok (0.22 s)
mn: node 0 computes terms [1, 579393793) of 1158787585
RESULT ecalc init s 7.59462
      VmRSS 8.8 GB after init (staging 4.3 GB pinned + device regions 32 GB); init 7.6 s
mem[0] [init] device 42.0 GB in use (per APU 8.9..15.3): planes 8.6, regions 0.0, block pool 32.2 (donated 0.0, borrowed 32.2, hipMalloc 0.0; live 0.0, peak live 0.0, free 0.0), tables 1.22, other 0.0
mem[0] [init] host 8.8 GB RSS (HWM 11.7): staging 4.3 pinned, registered 0.0, X 0.0, digits 0.0, named 0.0, other 4.5
mem[0] [init]   APU0: in use 15.3 GB: planes 2.15 pool:borrowed 12.88 tables 0.31  (driver: 30.5 of 137.4 GB used)
mem[0] [init]   APU1: in use 8.9 GB: planes 2.15 pool:borrowed 6.44 tables 0.31  (driver: 17.6 of 137.4 GB used)
mem[0] [init]   APU2: in use 8.9 GB: planes 2.15 pool:borrowed 6.44 tables 0.31  (driver: 17.6 of 137.4 GB used)
mem[0] [init]   APU3: in use 8.9 GB: planes 2.15 pool:borrowed 6.44 tables 0.31  (driver: 17.6 of 137.4 GB used)
budget: ECALC_BUDGET_CHECK ok: 2 ranks, largest rank peak 123.1 GB, node budget 480 GB
mn: node 0 leaf P 268088063 limbs, Q 268088063 limbs (device)
mn: MN_TREE_EARLY_FREE: the tree levels free P_i, P_run between their two products
mn: node 1 leaf P 287467497 limbs, Q 287467497 limbs (device)
cache_trace node 0: piece (0, 0) of 2 x 3, 134044032 + 95822499 limbs at 0, slots 0: A - B - | 4.809 s: redistribute 0.598 ntt 3.594 crt 0.009 out 0.681 carry 0.038
cache_trace node 1: piece (0, 0) of 2 x 3, 134044032 + 95822499 limbs at 0, slots 0: A - B - | 4.809 s: redistribute 0.701 ntt 3.531 crt 0.010 out 0.736 carry 0.038
cache_trace node 0: piece (1, 0) of 2 x 3, 134044031 + 95822499 limbs at 134044032, slots 0: A - B - | 3.878 s: redistribute 0.130 ntt 3.451 crt 0.009 out 0.142 carry 0.158
cache_trace node 1: piece (1, 0) of 2 x 3, 134044031 + 95822499 limbs at 134044032, slots 0: A - B - | 3.878 s: redistribute 0.126 ntt 3.448 crt 0.009 out 0.142 carry 0.158
cache_trace node 0: piece (0, 1) of 2 x 3, 134044032 + 95822499 limbs at 95822499, slots 0: A - B - | 4.432 s: redistribute 0.143 ntt 4.068 crt 0.010 out 0.136 carry 0.107
cache_trace node 1: piece (0, 1) of 2 x 3, 134044032 + 95822499 limbs at 95822499, slots 0: A - B - | 4.432 s: redistribute 0.141 ntt 4.069 crt 0.010 out 0.136 carry 0.107
cache_trace node 0: piece (1, 1) of 2 x 3, 134044031 + 95822499 limbs at 229866531, slots 0: A - B - | 4.425 s: redistribute 0.146 ntt 3.657 crt 0.009 out 0.592 carry 0.108
cache_trace node 1: piece (1, 1) of 2 x 3, 134044031 + 95822499 limbs at 229866531, slots 0: A - B - | 4.425 s: redistribute 0.144 ntt 3.689 crt 0.007 out 0.596 carry 0.108
cache_trace node 0: piece (0, 2) of 2 x 3, 134044032 + 95822499 limbs at 191644998, slots 0: A - B - | 5.001 s: redistribute 0.142 ntt 4.628 crt 0.006 out 0.148 carry 0.115
cache_trace node 1: piece (0, 2) of 2 x 3, 134044032 + 95822499 limbs at 191644998, slots 0: A - B - | 5.001 s: redistribute 0.138 ntt 4.625 crt 0.008 out 0.144 carry 0.115
cache_trace node 0: piece (1, 2) of 2 x 3, 134044031 + 95822499 limbs at 325689030, slots 0: A - B - | 4.362 s: redistribute 0.156 ntt 3.548 crt 0.009 out 0.577 carry 0.080
cache_trace node 1: piece (1, 2) of 2 x 3, 134044031 + 95822499 limbs at 325689030, slots 0: A - B - | 4.362 s: redistribute 0.145 ntt 3.583 crt 0.010 out 0.558 carry 0.079
dist_mn node 0: 268088063 x 287467497 limbs over 2 x 4 ranks (cap 2^28): 2 x 3 pieces, 6 formed, 0 skipped (cache 0 slots: 0 hits, 0 misses)
dist_mn node 1: 268088063 x 287467497 limbs over 2 x 4 ranks (cap 2^28): 2 x 3 pieces, 6 formed, 0 skipped (cache 0 slots: 0 hits, 0 misses)
cache_trace node 0: piece (0, 0) of 2 x 3, 134044032 + 95822499 limbs at 0, slots 0: A - B - | 3.605 s: redistribute 0.147 ntt 3.361 crt 0.009 out 0.118 carry 0.005
cache_trace node 1: piece (0, 0) of 2 x 3, 134044032 + 95822499 limbs at 0, slots 0: A - B - | 3.605 s: redistribute 0.145 ntt 3.362 crt 0.009 out 0.112 carry 0.005
cache_trace node 0: piece (1, 0) of 2 x 3, 134044031 + 95822499 limbs at 134044032, slots 0: A - B - | 4.752 s: redistribute 0.133 ntt 4.403 crt 0.009 out 0.141 carry 0.107
cache_trace node 1: piece (1, 0) of 2 x 3, 134044031 + 95822499 limbs at 134044032, slots 0: A - B - | 4.752 s: redistribute 0.132 ntt 4.405 crt 0.010 out 0.141 carry 0.107
cache_trace node 0: piece (0, 1) of 2 x 3, 134044032 + 95822499 limbs at 95822499, slots 0: A - B - | 3.790 s: redistribute 0.149 ntt 3.427 crt 0.009 out 0.152 carry 0.104
cache_trace node 1: piece (0, 1) of 2 x 3, 134044032 + 95822499 limbs at 95822499, slots 0: A - B - | 3.790 s: redistribute 0.147 ntt 3.430 crt 0.009 out 0.152 carry 0.104
cache_trace node 0: piece (1, 1) of 2 x 3, 134044031 + 95822499 limbs at 229866531, slots 0: A - B - | 5.042 s: redistribute 0.159 ntt 4.699 crt 0.010 out 0.143 carry 0.107
cache_trace node 1: piece (1, 1) of 2 x 3, 134044031 + 95822499 limbs at 229866531, slots 0: A - B - | 5.042 s: redistribute 0.157 ntt 4.681 crt 0.010 out 0.143 carry 0.107
cache_trace node 0: piece (0, 2) of 2 x 3, 134044032 + 95822499 limbs at 191644998, slots 0: A - B - | 3.776 s: redistribute 0.166 ntt 3.337 crt 0.009 out 0.151 carry 0.118
cache_trace node 1: piece (0, 2) of 2 x 3, 134044032 + 95822499 limbs at 191644998, slots 0: A - B - | 3.776 s: redistribute 0.151 ntt 3.351 crt 0.009 out 0.148 carry 0.118
cache_trace node 0: piece (1, 2) of 2 x 3, 134044031 + 95822499 limbs at 325689030, slots 0: A - B - | 5.142 s: redistribute 0.169 ntt 4.795 crt 0.006 out 0.111 carry 0.079
dist_mn node 0: 268088063 x 287467497 limbs over 2 x 4 ranks (cap 2^28): 2 x 3 pieces, 6 formed, 0 skipped (cache 0 slots: 0 hits, 0 misses)
cache_trace node 1: piece (1, 2) of 2 x 3, 134044031 + 95822499 limbs at 325689030, slots 0: A - B - | 5.142 s: redistribute 0.166 ntt 4.798 crt 0.009 out 0.109 carry 0.079
dist_mn node 1: 268088063 x 287467497 limbs over 2 x 4 ranks (cap 2^28): 2 x 3 pieces, 6 formed, 0 skipped (cache 0 slots: 0 hits, 0 misses)
mn: node 0 level 1 [0, 2): P 555555560 limbs, Q 555555560 limbs (my share of P [0, 277777780)) in 56.74 s
mn: node 0: tree levels 56.74 s: P 555555560 limbs, Q 555555560 limbs
mn: node 1 level 1 [0, 2): P 555555560 limbs, Q 555555560 limbs (my share of P [277777780, 555555561)) in 53.97 s
mn: node 1: tree levels 53.97 s: P 555555560 limbs, Q 555555560 limbs
mem[0] [tree] device 50.6 GB in use (per APU 11.0..17.5): planes 17.2, regions 0.0, block pool 32.2 (donated 0.0, borrowed 32.2, hipMalloc 0.0; live 4.4, peak live 10.9, free 27.8), tables 1.22, other 0.0
mem[0] [tree] host 13.1 GB RSS (HWM 13.1): staging 4.3 pinned, registered 0.0, X 0.0, digits 0.0, named 0.0, other 8.8
mem[1] [tree] device 67.8 GB in use (per APU 15.3..21.8): planes 34.4, regions 0.0, block pool 32.2 (donated 0.0, borrowed 32.2, hipMalloc 0.0; live 4.4, peak live 11.6, free 27.8), tables 1.23, other 0.0
mem[1] [tree] host 13.3 GB RSS (HWM 13.3): staging 4.3 pinned, registered 0.0, X 0.0, digits 0.0, named 0.0, other 9.0
mem[0] [tree]   APU0: in use 17.5 GB: planes 4.29 pool:borrowed 12.88 pool:live 1.11 pool:free 11.77 pool:peak-live 2.72 tables 0.31  (driver: 39.4 of 137.4 GB used)
mem[1] [tree]   APU0: in use 21.8 GB: planes 8.59 pool:borrowed 12.88 pool:live 1.11 pool:free 11.77 pool:peak-live 2.89 tables 0.31  (driver: 39.4 of 137.4 GB used)
mem[0] [tree]   APU1: in use 11.0 GB: planes 4.29 pool:borrowed 6.44 pool:live 1.11 pool:free 5.33 pool:peak-live 2.72 tables 0.31  (driver: 26.5 of 137.4 GB used)
mem[1] [tree]   APU1: in use 15.3 GB: planes 8.59 pool:borrowed 6.44 pool:live 1.11 pool:free 5.33 pool:peak-live 2.89 tables 0.30  (driver: 26.5 of 137.4 GB used)
mem[0] [tree]   APU2: in use 11.0 GB: planes 4.29 pool:borrowed 6.44 pool:live 1.11 pool:free 5.33 pool:peak-live 2.72 tables 0.31  (driver: 26.5 of 137.4 GB used)
mem[0] [tree]   APU3: in use 11.0 GB: planes 4.29 pool:borrowed 6.44 pool:live 1.11 pool:free 5.33 pool:peak-live 2.72 tables 0.31  (driver: 26.5 of 137.4 GB used)
mem[1] [tree]   APU2: in use 15.3 GB: planes 8.59 pool:borrowed 6.44 pool:live 1.11 pool:free 5.33 pool:peak-live 2.89 tables 0.31  (driver: 26.5 of 137.4 GB used)
mem[1] [tree]   APU3: in use 15.3 GB: planes 8.59 pool:borrowed 6.44 pool:live 1.11 pool:free 5.33 pool:peak-live 2.89 tables 0.31  (driver: 26.5 of 137.4 GB used)
recip(mn): the single-node chain to 33909 limbs (1.55 s), then the sharded steps to 555555558 over 2 nodes
cache_trace node 0: piece (0, 0) of 3 x 1, 92592594 + 138888891 limbs at 0, slots 0: A - B - | 3.660 s: redistribute 0.150 ntt 3.373 crt 0.010 out 0.139 carry 0.004
cache_trace node 1: piece (0, 0) of 3 x 1, 92592594 + 138888891 limbs at 0, slots 0: A - B - | 3.660 s: redistribute 0.150 ntt 3.368 crt 0.010 out 0.140 carry 0.004
cache_trace node 0: piece (1, 0) of 3 x 1, 92592594 + 138888891 limbs at 92592594, slots 0: A - B - | 3.980 s: redistribute 0.181 ntt 3.682 crt 0.009 out 0.119 carry 0.034
cache_trace node 1: piece (1, 0) of 3 x 1, 92592594 + 138888891 limbs at 92592594, slots 0: A - B - | 3.980 s: redistribute 0.181 ntt 3.682 crt 0.010 out 0.119 carry 0.034
cache_trace node 0: piece (2, 0) of 3 x 1, 92592594 + 138888891 limbs at 185185188, slots 0: A - B - | 3.940 s: redistribute 0.151 ntt 3.681 crt 0.010 out 0.058 carry 0.056
dist_mn node 0: 277777782 x 138888891 limbs over 2 x 4 ranks (cap 2^28): 3 x 1 pieces, 3 formed, 0 skipped (low product) (low cut) (cache 0 slots: 0 hits, 0 misses)
cache_trace node 1: piece (2, 0) of 3 x 1, 92592594 + 138888891 limbs at 185185188, slots 0: A - B - | 3.940 s: redistribute 0.151 ntt 3.681 crt 0.009 out 0.063 carry 0.056
dist_mn node 1: 277777782 x 138888891 limbs over 2 x 4 ranks (cap 2^28): 3 x 1 pieces, 3 formed, 0 skipped (low product) (low cut) (cache 0 slots: 0 hits, 0 misses)
cache_trace node 0: piece (0, 0) of 1 x 2, 138888891 + 69444445 limbs at 0, slots 0: A - B - | 4.443 s: redistribute 0.186 ntt 4.013 crt 0.005 out 0.301 carry 0.006
cache_trace node 1: piece (0, 0) of 1 x 2, 138888891 + 69444445 limbs at 0, slots 0: A - B - | 4.443 s: redistribute 0.199 ntt 4.000 crt 0.005 out 0.311 carry 0.006
cache_trace node 0: piece (0, 1) of 1 x 2, 138888891 + 69444445 limbs at 69444445, slots 0: A - B - | 3.826 s: redistribute 0.141 ntt 3.523 crt 0.009 out 0.106 carry 0.053
dist_mn node 0: 138888891 x 138888890 limbs over 2 x 4 ranks (cap 2^28): 1 x 2 pieces, 2 formed, 0 skipped (low cut) (cache 0 slots: 0 hits, 0 misses)
cache_trace node 1: piece (0, 1) of 1 x 2, 138888891 + 69444445 limbs at 69444445, slots 0: A - B - | 3.826 s: redistribute 0.139 ntt 3.520 crt 0.010 out 0.106 carry 0.052
dist_mn node 1: 138888891 x 138888890 limbs over 2 x 4 ranks (cap 2^28): 1 x 2 pieces, 2 formed, 0 skipped (low cut) (cache 0 slots: 0 hits, 0 misses)
cache_trace node 0: piece (1, 0) of 5 x 2, 111111112 + 138888890 limbs at 111111112, slots 0: A - B - | 4.194 s: redistribute 0.164 ntt 3.802 crt 0.005 out 0.167 carry 0.121
cache_trace node 1: piece (1, 0) of 5 x 2, 111111112 + 138888890 limbs at 111111112, slots 0: A - B - | 4.194 s: redistribute 0.190 ntt 3.792 crt 0.005 out 0.172 carry 0.121
cache_trace node 0: piece (2, 0) of 5 x 2, 111111112 + 138888890 limbs at 222222224, slots 0: A - B - | 3.920 s: redistribute 0.175 ntt 3.403 crt 0.005 out 0.259 carry 0.108
cache_trace node 1: piece (2, 0) of 5 x 2, 111111112 + 138888890 limbs at 222222224, slots 0: A - B - | 3.920 s: redistribute 0.177 ntt 3.406 crt 0.005 out 0.263 carry 0.108
cache_trace node 0: piece (3, 0) of 5 x 2, 111111112 + 138888890 limbs at 333333336, slots 0: A - B - | 4.098 s: redistribute 0.151 ntt 3.816 crt 0.010 out 0.112 carry 0.091
cache_trace node 1: piece (3, 0) of 5 x 2, 111111112 + 138888890 limbs at 333333336, slots 0: A - B - | 4.098 s: redistribute 0.153 ntt 3.803 crt 0.010 out 0.111 carry 0.091
cache_trace node 0: piece (4, 0) of 5 x 2, 111111112 + 138888890 limbs at 444444448, slots 0: A - B - | 3.883 s: redistribute 0.138 ntt 3.627 crt 0.010 out 0.076 carry 0.071
cache_trace node 1: piece (4, 0) of 5 x 2, 111111112 + 138888890 limbs at 444444448, slots 0: A - B - | 3.883 s: redistribute 0.140 ntt 3.624 crt 0.010 out 0.074 carry 0.071
cache_trace node 0: piece (0, 1) of 5 x 2, 111111112 + 138888890 limbs at 138888890, slots 0: A - B - | 4.033 s: redistribute 0.142 ntt 3.632 crt 0.009 out 0.161 carry 0.120
cache_trace node 1: piece (0, 1) of 5 x 2, 111111112 + 138888890 limbs at 138888890, slots 0: A - B - | 4.033 s: redistribute 0.140 ntt 3.635 crt 0.009 out 0.157 carry 0.120
cache_trace node 0: piece (1, 1) of 5 x 2, 111111112 + 138888890 limbs at 250000002, slots 0: A - B - | 4.133 s: redistribute 0.174 ntt 3.741 crt 0.009 out 0.177 carry 0.092
cache_trace node 1: piece (1, 1) of 5 x 2, 111111112 + 138888890 limbs at 250000002, slots 0: A - B - | 4.133 s: redistribute 0.171 ntt 3.733 crt 0.009 out 0.177 carry 0.092
cache_trace node 0: piece (2, 1) of 5 x 2, 111111112 + 138888890 limbs at 361111114, slots 0: A - B - | 4.473 s: redistribute 0.170 ntt 4.113 crt 0.009 out 0.098 carry 0.109
cache_trace node 1: piece (2, 1) of 5 x 2, 111111112 + 138888890 limbs at 361111114, slots 0: A - B - | 4.473 s: redistribute 0.165 ntt 4.102 crt 0.010 out 0.101 carry 0.109
cache_trace node 0: piece (3, 1) of 5 x 2, 111111112 + 138888890 limbs at 472222226, slots 0: A - B - | 3.405 s: redistribute 0.142 ntt 3.151 crt 0.005 out 0.059 carry 0.064
dist_mn node 0: 555555560 x 277777780 limbs over 2 x 4 ranks (cap 2^28): 5 x 2 pieces, 8 formed, 2 skipped (low product) (low cut) (cache 0 slots: 0 hits, 0 misses)
cache_trace node 1: piece (3, 1) of 5 x 2, 111111112 + 138888890 limbs at 472222226, slots 0: A - B - | 3.405 s: redistribute 0.139 ntt 3.159 crt 0.005 out 0.062 carry 0.064
dist_mn node 1: 555555560 x 277777780 limbs over 2 x 4 ranks (cap 2^28): 5 x 2 pieces, 8 formed, 2 skipped (low product) (low cut) (cache 0 slots: 0 hits, 0 misses)
cache_trace node 0: piece (1, 0) of 2 x 3, 138888890 + 92592593 limbs at 138888890, slots 0: A - B - | 4.387 s: redistribute 0.131 ntt 4.008 crt 0.009 out 0.145 carry 0.121
cache_trace node 1: piece (1, 0) of 2 x 3, 138888890 + 92592593 limbs at 138888890, slots 0: A - B - | 4.387 s: redistribute 0.133 ntt 4.000 crt 0.009 out 0.144 carry 0.121
cache_trace node 0: piece (0, 1) of 2 x 3, 138888890 + 92592593 limbs at 92592593, slots 0: A - B - | 3.897 s: redistribute 0.153 ntt 3.534 crt 0.009 out 0.146 carry 0.107
cache_trace node 1: piece (0, 1) of 2 x 3, 138888890 + 92592593 limbs at 92592593, slots 0: A - B - | 3.897 s: redistribute 0.153 ntt 3.541 crt 0.009 out 0.146 carry 0.107
cache_trace node 0: piece (1, 1) of 2 x 3, 138888890 + 92592593 limbs at 231481483, slots 0: A - B - | 3.761 s: redistribute 0.153 ntt 3.381 crt 0.009 out 0.140 carry 0.111
cache_trace node 1: piece (1, 1) of 2 x 3, 138888890 + 92592593 limbs at 231481483, slots 0: A - B - | 3.761 s: redistribute 0.153 ntt 3.376 crt 0.010 out 0.140 carry 0.111
cache_trace node 0: piece (0, 2) of 2 x 3, 138888890 + 92592593 limbs at 185185186, slots 0: A - B - | 4.108 s: redistribute 0.159 ntt 3.682 crt 0.010 out 0.158 carry 0.145
cache_trace node 1: piece (0, 2) of 2 x 3, 138888890 + 92592593 limbs at 185185186, slots 0: A - B - | 4.108 s: redistribute 0.157 ntt 3.695 crt 0.010 out 0.155 carry 0.145
cache_trace node 0: piece (1, 2) of 2 x 3, 138888890 + 92592593 limbs at 324074076, slots 0: A - B - | 4.353 s: redistribute 0.157 ntt 4.029 crt 0.009 out 0.104 carry 0.077
dist_mn node 0: 277777780 x 277777779 limbs over 2 x 4 ranks (cap 2^28): 2 x 3 pieces, 5 formed, 1 skipped (low cut) (cache 0 slots: 0 hits, 0 misses)
cache_trace node 1: piece (1, 2) of 2 x 3, 138888890 + 92592593 limbs at 324074076, slots 0: A - B - | 4.353 s: redistribute 0.155 ntt 4.030 crt 0.010 out 0.104 carry 0.077
dist_mn node 1: 277777780 x 277777779 limbs over 2 x 4 ranks (cap 2^28): 2 x 3 pieces, 5 formed, 1 skipped (low cut) (cache 0 slots: 0 hits, 0 misses)
cache_trace node 0: piece (3, 0) of 4 x 5, 138888887 + 111111112 limbs at 416666670, slots 0: A - B - | 3.748 s: redistribute 0.137 ntt 3.330 crt 0.010 out 0.170 carry 0.119
cache_trace node 1: piece (3, 0) of 4 x 5, 138888887 + 111111112 limbs at 416666670, slots 0: A - B - | 3.748 s: redistribute 0.139 ntt 3.328 crt 0.009 out 0.175 carry 0.119
cache_trace node 0: piece (2, 1) of 4 x 5, 138888890 + 111111112 limbs at 388888892, slots 0: A - B - | 3.697 s: redistribute 0.147 ntt 3.292 crt 0.010 out 0.146 carry 0.127
cache_trace node 1: piece (2, 1) of 4 x 5, 138888890 + 111111112 limbs at 388888892, slots 0: A - B - | 3.697 s: redistribute 0.153 ntt 3.285 crt 0.010 out 0.142 carry 0.127
cache_trace node 0: piece (3, 1) of 4 x 5, 138888887 + 111111112 limbs at 527777782, slots 0: A - B - | 4.671 s: redistribute 0.169 ntt 4.217 crt 0.009 out 0.144 carry 0.162
cache_trace node 1: piece (3, 1) of 4 x 5, 138888887 + 111111112 limbs at 527777782, slots 0: A - B - | 4.671 s: redistribute 0.173 ntt 4.219 crt 0.009 out 0.150 carry 0.162
cache_trace node 0: piece (1, 2) of 4 x 5, 138888890 + 111111112 limbs at 361111114, slots 0: A - B - | 4.527 s: redistribute 0.143 ntt 4.103 crt 0.010 out 0.152 carry 0.147
cache_trace node 1: piece (1, 2) of 4 x 5, 138888890 + 111111112 limbs at 361111114, slots 0: A - B - | 4.527 s: redistribute 0.143 ntt 4.104 crt 0.010 out 0.156 carry 0.147
cache_trace node 0: piece (2, 2) of 4 x 5, 138888890 + 111111112 limbs at 500000004, slots 0: A - B - | 4.615 s: redistribute 0.166 ntt 4.141 crt 0.010 out 0.188 carry 0.147
cache_trace node 1: piece (2, 2) of 4 x 5, 138888890 + 111111112 limbs at 500000004, slots 0: A - B - | 4.615 s: redistribute 0.166 ntt 4.135 crt 0.010 out 0.193 carry 0.147
cache_trace node 0: piece (3, 2) of 4 x 5, 138888887 + 111111112 limbs at 638888894, slots 0: A - B - | 4.222 s: redistribute 0.200 ntt 3.785 crt 0.010 out 0.120 carry 0.132
cache_trace node 1: piece (3, 2) of 4 x 5, 138888887 + 111111112 limbs at 638888894, slots 0: A - B - | 4.222 s: redistribute 0.200 ntt 3.791 crt 0.010 out 0.120 carry 0.132
cache_trace node 0: piece (0, 3) of 4 x 5, 138888890 + 111111112 limbs at 333333336, slots 0: A - B - | 3.621 s: redistribute 0.154 ntt 3.194 crt 0.010 out 0.136 carry 0.142
cache_trace node 1: piece (0, 3) of 4 x 5, 138888890 + 111111112 limbs at 333333336, slots 0: A - B - | 3.621 s: redistribute 0.152 ntt 3.196 crt 0.009 out 0.131 carry 0.142
cache_trace node 0: piece (1, 3) of 4 x 5, 138888890 + 111111112 limbs at 472222226, slots 0: A - B - | 3.771 s: redistribute 0.136 ntt 3.349 crt 0.010 out 0.147 carry 0.145
cache_trace node 1: piece (1, 3) of 4 x 5, 138888890 + 111111112 limbs at 472222226, slots 0: A - B - | 3.771 s: redistribute 0.134 ntt 3.351 crt 0.010 out 0.147 carry 0.144
cache_trace node 0: piece (2, 3) of 4 x 5, 138888890 + 111111112 limbs at 611111116, slots 0: A - B - | 3.786 s: redistribute 0.143 ntt 3.407 crt 0.010 out 0.132 carry 0.143
cache_trace node 1: piece (2, 3) of 4 x 5, 138888890 + 111111112 limbs at 611111116, slots 0: A - B - | 3.786 s: redistribute 0.141 ntt 3.404 crt 0.009 out 0.137 carry 0.143
cache_trace node 0: piece (3, 3) of 4 x 5, 138888887 + 111111112 limbs at 750000006, slots 0: A - B - | 4.858 s: redistribute 0.137 ntt 4.470 crt 0.010 out 0.104 carry 0.137
cache_trace node 1: piece (3, 3) of 4 x 5, 138888887 + 111111112 limbs at 750000006, slots 0: A - B - | 4.858 s: redistribute 0.135 ntt 4.472 crt 0.009 out 0.116 carry 0.136
cache_trace node 0: piece (0, 4) of 4 x 5, 138888890 + 111111110 limbs at 444444448, slots 0: A - B - | 4.067 s: redistribute 0.145 ntt 3.655 crt 0.008 out 0.155 carry 0.115
cache_trace node 1: piece (0, 4) of 4 x 5, 138888890 + 111111110 limbs at 444444448, slots 0: A - B - | 4.067 s: redistribute 0.143 ntt 3.651 crt 0.006 out 0.163 carry 0.115
cache_trace node 0: piece (1, 4) of 4 x 5, 138888890 + 111111110 limbs at 583333338, slots 0: A - B - | 3.808 s: redistribute 0.142 ntt 3.347 crt 0.009 out 0.125 carry 0.193
cache_trace node 1: piece (1, 4) of 4 x 5, 138888890 + 111111110 limbs at 583333338, slots 0: A - B - | 3.808 s: redistribute 0.137 ntt 3.349 crt 0.009 out 0.125 carry 0.193
cache_trace node 0: piece (2, 4) of 4 x 5, 138888890 + 111111110 limbs at 722222228, slots 0: A - B - | 3.689 s: redistribute 0.142 ntt 3.330 crt 0.008 out 0.126 carry 0.116
cache_trace node 1: piece (2, 4) of 4 x 5, 138888890 + 111111110 limbs at 722222228, slots 0: A - B - | 3.689 s: redistribute 0.139 ntt 3.332 crt 0.009 out 0.131 carry 0.116
cache_trace node 0: piece (3, 4) of 4 x 5, 138888887 + 111111110 limbs at 861111118, slots 0: A - B - | 4.347 s: redistribute 0.137 ntt 3.928 crt 0.009 out 0.125 carry 0.164
dist_mn node 0: 555555557 x 555555558 limbs over 2 x 4 ranks (cap 2^28): 4 x 5 pieces, 14 formed, 6 skipped (low cut) (cache 0 slots: 0 hits, 0 misses)
cache_trace node 1: piece (3, 4) of 4 x 5, 138888887 + 111111110 limbs at 861111118, slots 0: A - B - | 4.347 s: redistribute 0.132 ntt 3.931 crt 0.009 out 0.130 carry 0.164
dist_mn node 1: 555555557 x 555555558 limbs over 2 x 4 ranks (cap 2^28): 4 x 5 pieces, 14 formed, 6 skipped (low cut) (cache 0 slots: 0 hits, 0 misses)
mn_out: /tmp/pc15/c0_r2.txt.part0001: O_DIRECT, packed form, 8 write threads, file system local
cache_trace node 0: piece (0, 0) of 4 x 5, 138888890 + 111111112 limbs at 0, slots 0: A - B - | 2.891 s: redistribute 0.159 ntt 2.627 crt 0.009 out 0.128 carry 0.004
cache_trace node 1: piece (0, 0) of 4 x 5, 138888890 + 111111112 limbs at 0, slots 0: A - B - | 2.891 s: redistribute 0.161 ntt 2.620 crt 0.009 out 0.131 carry 0.005
cache_trace node 0: piece (1, 0) of 4 x 5, 138888890 + 111111112 limbs at 138888890, slots 0: A - B - | 4.188 s: redistribute 0.133 ntt 3.809 crt 0.010 out 0.136 carry 0.119
cache_trace node 1: piece (1, 0) of 4 x 5, 138888890 + 111111112 limbs at 138888890, slots 0: A - B - | 4.188 s: redistribute 0.138 ntt 3.809 crt 0.010 out 0.142 carry 0.119
cache_trace node 0: piece (2, 0) of 4 x 5, 138888890 + 111111112 limbs at 277777780, slots 0: A - B - | 3.756 s: redistribute 0.145 ntt 3.452 crt 0.009 out 0.116 carry 0.050
cache_trace node 1: piece (2, 0) of 4 x 5, 138888890 + 111111112 limbs at 277777780, slots 0: A - B - | 3.756 s: redistribute 0.168 ntt 3.450 crt 0.010 out 0.116 carry 0.049
cache_trace node 0: piece (3, 0) of 4 x 5, 138888887 + 111111112 limbs at 416666670, slots 0: A - B - | 3.922 s: redistribute 0.138 ntt 3.599 crt 0.010 out 0.070 carry 0.108
cache_trace node 1: piece (3, 0) of 4 x 5, 138888887 + 111111112 limbs at 416666670, slots 0: A - B - | 3.922 s: redistribute 0.140 ntt 3.597 crt 0.010 out 0.069 carry 0.108
cache_trace node 0: piece (0, 1) of 4 x 5, 138888890 + 111111112 limbs at 111111112, slots 0: A - B - | 4.231 s: redistribute 0.161 ntt 3.815 crt 0.009 out 0.160 carry 0.122
cache_trace node 1: piece (0, 1) of 4 x 5, 138888890 + 111111112 limbs at 111111112, slots 0: A - B - | 4.231 s: redistribute 0.164 ntt 3.812 crt 0.009 out 0.164 carry 0.122
cache_trace node 0: piece (1, 1) of 4 x 5, 138888890 + 111111112 limbs at 250000002, slots 0: A - B - | 4.468 s: redistribute 0.160 ntt 4.096 crt 0.009 out 0.148 carry 0.090
cache_trace node 1: piece (1, 1) of 4 x 5, 138888890 + 111111112 limbs at 250000002, slots 0: A - B - | 4.468 s: redistribute 0.162 ntt 4.089 crt 0.009 out 0.153 carry 0.090
cache_trace node 0: piece (2, 1) of 4 x 5, 138888890 + 111111112 limbs at 388888892, slots 0: A - B - | 3.986 s: redistribute 0.151 ntt 3.670 crt 0.010 out 0.103 carry 0.091
cache_trace node 1: piece (2, 1) of 4 x 5, 138888890 + 111111112 limbs at 388888892, slots 0: A - B - | 3.986 s: redistribute 0.153 ntt 3.680 crt 0.009 out 0.098 carry 0.090
cache_trace node 0: piece (3, 1) of 4 x 5, 138888887 + 111111112 limbs at 527777782, slots 0: A - B - | 6.080 s: redistribute 0.148 ntt 5.860 crt 0.010 out 0.039 carry 0.027
cache_trace node 1: piece (3, 1) of 4 x 5, 138888887 + 111111112 limbs at 527777782, slots 0: A - B - | 6.080 s: redistribute 0.150 ntt 5.863 crt 0.010 out 0.035 carry 0.027
cache_trace node 0: piece (0, 2) of 4 x 5, 138888890 + 111111112 limbs at 222222224, slots 0: A - B - | 4.379 s: redistribute 0.162 ntt 3.975 crt 0.010 out 0.144 carry 0.110
cache_trace node 1: piece (0, 2) of 4 x 5, 138888890 + 111111112 limbs at 222222224, slots 0: A - B - | 4.379 s: redistribute 0.162 ntt 3.970 crt 0.009 out 0.144 carry 0.110
cache_trace node 0: piece (1, 2) of 4 x 5, 138888890 + 111111112 limbs at 361111114, slots 0: A - B - | 3.607 s: redistribute 0.161 ntt 3.235 crt 0.009 out 0.097 carry 0.109
cache_trace node 1: piece (1, 2) of 4 x 5, 138888890 + 111111112 limbs at 361111114, slots 0: A - B - | 3.607 s: redistribute 0.159 ntt 3.235 crt 0.009 out 0.097 carry 0.109
cache_trace node 0: piece (2, 2) of 4 x 5, 138888890 + 111111112 limbs at 500000004, slots 0: A - B - | 4.627 s: redistribute 0.171 ntt 4.399 crt 0.009 out 0.039 carry 0.049
cache_trace node 1: piece (2, 2) of 4 x 5, 138888890 + 111111112 limbs at 500000004, slots 0: A - B - | 4.627 s: redistribute 0.171 ntt 4.393 crt 0.010 out 0.039 carry 0.049
cache_trace node 0: piece (0, 3) of 4 x 5, 138888890 + 111111112 limbs at 333333336, slots 0: A - B - | 3.735 s: redistribute 0.154 ntt 3.428 crt 0.010 out 0.109 carry 0.091
cache_trace node 1: piece (0, 3) of 4 x 5, 138888890 + 111111112 limbs at 333333336, slots 0: A - B - | 3.735 s: redistribute 0.150 ntt 3.430 crt 0.009 out 0.114 carry 0.091
cache_trace node 0: piece (1, 3) of 4 x 5, 138888890 + 111111112 limbs at 472222226, slots 0: A - B - | 3.633 s: redistribute 0.137 ntt 3.398 crt 0.010 out 0.053 carry 0.064
cache_trace node 1: piece (1, 3) of 4 x 5, 138888890 + 111111112 limbs at 472222226, slots 0: A - B - | 3.633 s: redistribute 0.134 ntt 3.400 crt 0.009 out 0.053 carry 0.064
cache_trace node 0: piece (0, 4) of 4 x 5, 138888890 + 111111112 limbs at 444444448, slots 0: A - B - | 3.725 s: redistribute 0.170 ntt 3.430 crt 0.010 out 0.064 carry 0.069
dist_mn node 0: 555555557 x 555555560 limbs over 2 x 4 ranks (cap 2^28): 4 x 5 pieces, 14 formed, 6 skipped (low product) (cache 0 slots: 0 hits, 0 misses)
cache_trace node 1: piece (0, 4) of 4 x 5, 138888890 + 111111112 limbs at 444444448, slots 0: A - B - | 3.725 s: redistribute 0.168 ntt 3.438 crt 0.010 out 0.064 carry 0.069
dist_mn node 1: 555555557 x 555555560 limbs over 2 x 4 ranks (cap 2^28): 4 x 5 pieces, 14 formed, 6 skipped (low product) (cache 0 slots: 0 hits, 0 misses)
divmod(mn) 213.03 s: reciprocal 95.83 (products 91.44), S = P + Q 0.76, A mu + shift 59.08, X Q + window 57.26, corrections 0.03 (0), R residues 0.07; division products 114.69 s; shifts 68/5.01 s, addsub 24/0.15 s
scratch(mn): mdb_shift slabs 4.444 GB per node-process at most (MDB_SHIFT_CHUNK_MB=1024), window temporaries T + rbO 4.370 GB (MN_T_CHUNK_MB=1024)
mn: node 0: dm over 2 nodes 213.03 s (reciprocal 95.83), X 555555557 limbs, sharded
mn: node 1: dm over 2 nodes 213.03 s (reciprocal 95.83), X 555555557 limbs, sharded; to the output stage
bs       61.05 s   N 1158787585, P 555555560 limbs, Q 555555560 limbs (seeds 0.0 school 0.0 batch 4.3 mdev 0.0; pool 5.0 GB; dev pools 0.0 GB)   VmRSS 22.4 GB, VmHWM 22.4 GB
RESULT ecalc bs s 61.0484
mem[0] [bs] device 50.6 GB in use (per APU 11.0..17.5): planes 17.2, regions 0.0, block pool 32.2 (donated 0.0, borrowed 32.2, hipMalloc 0.0; live 2.2, peak live 18.0, free 30.0), tables 1.22, other 0.0
mem[0] [bs] host 22.4 GB RSS (HWM 22.4): staging 4.3 pinned, registered 0.0, X 0.0, digits 0.0, named 0.0, other 18.1
mem[0] [bs]   APU0: in use 17.5 GB: planes 4.29 pool:borrowed 12.88 pool:live 0.56 pool:free 12.33 pool:peak-live 4.49 tables 0.31  (driver: 39.5 of 137.4 GB used)
mem[0] [bs]   APU1: in use 11.0 GB: planes 4.29 pool:borrowed 6.44 pool:live 0.56 pool:free 5.89 pool:peak-live 4.49 tables 0.31  (driver: 26.7 of 137.4 GB used)
mem[0] [bs]   APU2: in use 11.0 GB: planes 4.29 pool:borrowed 6.44 pool:live 0.56 pool:free 5.89 pool:peak-live 4.49 tables 0.31  (driver: 26.7 of 137.4 GB used)
mem[0] [bs]   APU3: in use 11.0 GB: planes 4.29 pool:borrowed 6.44 pool:live 0.56 pool:free 5.89 pool:peak-live 4.49 tables 0.31  (driver: 26.7 of 137.4 GB used)
recip    95.83 s   (over 2 nodes; 29 iterations)
10dP      0.00 s   (S = P + Q over shares, inside dm)
RESULT ecalc 10dP s 0
dm      213.03 s   X 555555557 limbs (recip 95.8 s; corrections 0/0; over 2 nodes)   VmRSS 22.4 GB, VmHWM 22.4 GB
RESULT ecalc dm s 213.034
mn: node 0: X share [0, 277777778) of 555555557 limbs on the device (the distributed division's)
mn: node 1: X share [277777778, 555555557) of 555555557 limbs on the device (the distributed division's)
mn: node 0: T1        0.07 s   ok: T(P+Q) == XQ + R and P, Q mod q for 8 primes (P, Q recurrence over this node's terms, overlapped with bs; joined over the nodes)
mn: node 0:       overlapped with bs: P, Q mod q recurrence 1.17 s, block pool pregrown by 0 GB in 0.00 s
mn: node 1: T1        0.07 s   ok: T(P+Q) == XQ + R and P, Q mod q for 8 primes (P, Q recurrence over this node's terms, overlapped with bs; joined over the nodes)
mn: node 1:       overlapped with bs: P, Q mod q recurrence 1.18 s, block pool pregrown by 0 GB in 0.00 s
mn: node 0:       VmRSS 22.4 GB before dc
mn: node 1:       VmRSS 27.0 GB before dc
mn: node 0:       the part file started in the division (MN_OUT_EARLY): its writer ran 1.08 s, joined after 0.00 s here
mn: node 1:       the part file started in the division (MN_OUT_EARLY): its writer ran 1.48 s, joined after 0.00 s here
mn: node 0:       patch: X +0 after the formatting started (ECALC_CORR_PATCH): nothing to patch; 0 deferred windows; 0.003 s
mn: node 0: dc        0.03 s   digits [5000000005, 10000000009) of 10000000009 formatted from 277777778 decimal limbs in 19 chunks (residues 0.00, format 0.13, digit residue 0.37, T2 0.00, fetch 0.06, waiting for the writer 0.48)
mn: node 0: T2        0.00 s   windows ok (0 checked on this node), digits == X mod q ok
mn: node 0: digits: 47329977426968671005186835658995918489734436742905921433796789...56994816931502679526 (this node's range)
total   281.79 s   (bs 61.0 + 10dP 0.0 + dm 213.0 + T1 0.1 + dc 0.0 + T2 0.0 = 274.2; init 7.6; other 0.0); VmHWM 22.4 GB
RESULT ecalc total s 281.789
RESULT ecalc phases s 274.183
RESULT ecalc other s 0.0115422
mn: node 1:       patch: X +0 after the formatting started (ECALC_CORR_PATCH): nothing to patch; 0 deferred windows; 0.002 s
mn: node 1: dc        0.03 s   digits [0, 5000000005) of 10000000009 formatted from 277777779 decimal limbs in 19 chunks (residues 0.00, format 0.12, digit residue 0.34, T2 0.36, fetch 0.06, waiting for the writer 0.57)
mn: node 1: T2        0.00 s   windows ok (4 checked on this node), digits == X mod q ok
mn: node 1: digits: 27182818284590452353602874713526624977572470936999595749669676... (this node's range)
mn: node 1: wrote /tmp/pc15/c0_r2.txt.part0000 (2.22 GB; write 1.10 s in the writer thread, 0.00 s after the checks)
mn: node 1: VERIFY OK
RESULT ecalc vmhwm GB 22.3724
paper A22 (4e10): 285.7 = bs 112.2 + 10dP 12.6 + dm 46.8 + T1 ~3 + dc 110.3
mn: node 0: wrote /tmp/pc15/c0_r2.txt.part0001 (2.22 GB; write 1.08 s in the writer thread, 0.00 s after the checks)
mn: node 0: VERIFY OK
mn: all 2 nodes: VERIFY OK
mem[0] [end] device 18.4 GB in use (per APU 4.6..4.6): planes 17.2, regions 0.0, block pool 0.0 (donated 0.0, borrowed 0.0, hipMalloc 0.0; live 0.0, peak live 18.0, free 0.0), tables 1.22, other 0.0
mem[0] [end] host 21.9 GB RSS (HWM 22.4): staging 4.3 pinned, registered 0.0, X 0.0, digits 0.0, named 0.0, other 17.6
mem[0] [end]   APU0: in use 4.6 GB: planes 4.29 pool:peak-live 4.49 tables 0.31  (driver: 39.5 of 137.4 GB used)
mem[0] [end]   APU1: in use 4.6 GB: planes 4.29 pool:peak-live 4.49 tables 0.31  (driver: 26.7 of 137.4 GB used)
mem[0] [end]   APU2: in use 4.6 GB: planes 4.29 pool:peak-live 4.49 tables 0.31  (driver: 26.7 of 137.4 GB used)
mem[0] [end]   APU3: in use 4.6 GB: planes 4.29 pool:peak-live 4.49 tables 0.31  (driver: 26.7 of 137.4 GB used)
mem[0] summary: bytes in use at each phase boundary, GB (device: all APUs / largest APU; host: this process)
mem[0] phase           device  maxAPU |  planes regions  pl:don  pl:bor  pl:hip pl:live pl:peak tables |    host staging  regist       X  digits   other     HWM
mem[0] init              42.0    15.3 |     8.6     0.0     0.0    32.2     0.0     0.0     0.0   1.22 |     8.8     4.3     0.0     0.0     0.0     4.5    11.7
mem[0] tree              50.6    17.5 |    17.2     0.0     0.0    32.2     0.0     4.4    10.9   1.22 |    13.1     4.3     0.0     0.0     0.0     8.8    13.1
mem[0] bs                50.6    17.5 |    17.2     0.0     0.0    32.2     0.0     2.2    18.0   1.22 |    22.4     4.3     0.0     0.0     0.0    18.1    22.4
mem[0] end               18.4     4.6 |    17.2     0.0     0.0     0.0     0.0     0.0    18.0   1.22 |    21.9     4.3     0.0     0.0     0.0    17.6    22.4
mem[1] [released] device 1.2 GB in use (per APU 0.3..0.3): planes 0.0, regions 0.0, block pool 0.0 (donated 0.0, borrowed 0.0, hipMalloc 0.0; live 0.0, peak live 18.4, free 0.0), tables 1.23, other 0.0
mem[1] [released] host 22.2 GB RSS (HWM 26.9): staging 0.0 pinned, registered 0.0, X 0.0, digits 0.0, named 0.0, other 22.2
mem[1] [released]   APU0: in use 0.3 GB: pool:peak-live 4.60 tables 0.31  (driver: 18.1 of 137.4 GB used)
mem[1] [released]   APU1: in use 0.3 GB: pool:peak-live 4.60 tables 0.30  (driver: 11.6 of 137.4 GB used)
mem[1] [released]   APU2: in use 0.3 GB: pool:peak-live 4.60 tables 0.31  (driver: 11.7 of 137.4 GB used)
mem[1] [released]   APU3: in use 0.3 GB: pool:peak-live 4.60 tables 0.31  (driver: 11.7 of 137.4 GB used)
mem[1] summary: bytes in use at each phase boundary, GB (device: all APUs / largest APU; host: this process)
mem[1] phase           device  maxAPU |  planes regions  pl:don  pl:bor  pl:hip pl:live pl:peak tables |    host staging  regist       X  digits   other     HWM
mem[1] init              42.0    15.3 |     8.6     0.0     0.0    32.2     0.0     0.0     0.0   1.23 |     8.8     4.3     0.0     0.0     0.0     4.5    11.7
mem[1] tree              67.8    21.8 |    34.4     0.0     0.0    32.2     0.0     4.4    11.6   1.23 |    13.3     4.3     0.0     0.0     0.0     9.0    13.3
mem[1] released           1.2     0.3 |     0.0     0.0     0.0     0.0     0.0     0.0    18.4   1.23 |    22.2     0.0     0.0     0.0     0.0    22.2    26.9
rns_dist: RNS_STRATEGY=auto form B: C 0 products 0.00 s, B 30 products 0.05 s, B4 0 products 0.00 s; extra plane memory 0.00 GiB/APU (allocations 0.00 s)
rns_dist: RNS_STRATEGY=auto form B: C 0 products 0.00 s, B 30 products 0.08 s, B4 0 products 0.00 s; extra plane memory 0.00 GiB/APU (allocations 0.00 s)
