== ecalc: e to 10000000000 digits (decimal limbs, base 10^18) [computed to the next multiple of 18] ==
META bench=ecalc host=ppac-pl1-s24-26 date=2026-09-28T22:41:41 pool_log=31 stg=7 pw_fuse=14 body=1 engine=1 base=10^18
== ecalc: e to 10000000000 digits (decimal limbs, base 10^18) [computed to the next multiple of 18] ==
META bench=ecalc host=ppac-pl1-s24-26 date=2026-09-28T22:41:41 pool_log=31 stg=7 pw_fuse=14 body=1 engine=1 base=10^18
mn: node 0 of 2, four meshes of 2 ranks on ppac-pl1-s24-26,ppac-pl1-s24-26 (port base 21723): connected in 0.20 s
mn: node 1 of 2, four meshes of 2 ranks on ppac-pl1-s24-26,ppac-pl1-s24-26 (port base 21723): connected in 0.05 s
mn: self-test, four meshes over 2 nodes at 2^22 points: ok (3.22 s)
mn: node 0: level 1 group [0, 2) (transform nodes 2): meshes connected in 0.00 s
mn: self-test, four meshes over 2 nodes at 2^22 points: ok (3.22 s)
mn: node 1: level 1 group [0, 2) (transform nodes 2): meshes connected in 0.00 s
mn: layered self-test, 2 x 4 ranks at 2^22 points: ok (0.26 s)
mn: node 1 computes terms [579393793, 1158787586) of 1158787585
RESULT ecalc init s 7.90275
      VmRSS 8.8 GB after init (staging 4.3 GB pinned + device regions 32 GB); init 7.9 s
mem[1] [init] device 42.0 GB in use (per APU 8.9..15.3): planes 8.6, regions 0.0, block pool 32.2 (donated 0.0, borrowed 32.2, hipMalloc 0.0; live 0.0, peak live 0.0, free 0.0), tables 1.23, other 0.0
mem[1] [init] host 8.8 GB RSS (HWM 11.6): staging 4.3 pinned, registered 0.0, X 0.0, digits 0.0, named 0.0, other 4.5
mem[1] [init]   APU0: in use 15.3 GB: planes 2.15 pool:borrowed 12.88 tables 0.31  (driver: 30.5 of 137.4 GB used)
mem[1] [init]   APU1: in use 8.9 GB: planes 2.15 pool:borrowed 6.44 tables 0.31  (driver: 17.6 of 137.4 GB used)
mem[1] [init]   APU2: in use 8.9 GB: planes 2.15 pool:borrowed 6.44 tables 0.31  (driver: 17.6 of 137.4 GB used)
mem[1] [init]   APU3: in use 8.9 GB: planes 2.15 pool:borrowed 6.44 tables 0.31  (driver: 17.6 of 137.4 GB used)
mn: layered self-test, 2 x 4 ranks at 2^22 points: ok (0.27 s)
mn: node 0 computes terms [1, 579393793) of 1158787585
RESULT ecalc init s 7.90723
      VmRSS 8.8 GB after init (staging 4.3 GB pinned + device regions 32 GB); init 7.9 s
mem[0] [init] device 42.0 GB in use (per APU 8.9..15.3): planes 8.6, regions 0.0, block pool 32.2 (donated 0.0, borrowed 32.2, hipMalloc 0.0; live 0.0, peak live 0.0, free 0.0), tables 1.22, other 0.0
mem[0] [init] host 8.8 GB RSS (HWM 11.7): staging 4.3 pinned, registered 0.0, X 0.0, digits 0.0, named 0.0, other 4.5
mem[0] [init]   APU0: in use 15.3 GB: planes 2.15 pool:borrowed 12.88 tables 0.30  (driver: 30.5 of 137.4 GB used)
mem[0] [init]   APU1: in use 8.9 GB: planes 2.15 pool:borrowed 6.44 tables 0.30  (driver: 17.6 of 137.4 GB used)
mem[0] [init]   APU2: in use 8.9 GB: planes 2.15 pool:borrowed 6.44 tables 0.31  (driver: 17.6 of 137.4 GB used)
mem[0] [init]   APU3: in use 8.9 GB: planes 2.15 pool:borrowed 6.44 tables 0.30  (driver: 17.6 of 137.4 GB used)
budget: ECALC_BUDGET_CHECK ok: 2 ranks, largest rank peak 123.1 GB, node budget 480 GB
mn: node 0 leaf P 268088063 limbs, Q 268088063 limbs (device)
mn: MN_TREE_EARLY_FREE: the tree levels free P_i, P_run between their two products
mn: node 1 leaf P 287467497 limbs, Q 287467497 limbs (device)
   transform cache (RNS_DIST_CACHE_PARTIAL) node 0: 2 slots of 4 of 4 primes, q 2^25.00, from the block pool: 2.15 GB per APU (8.59 per node) | pool free 4.81 GB per APU (the smallest), the product's need 1.23, margin 0.50 -> 11 planes
   transform cache (RNS_DIST_CACHE_PARTIAL) node 1: 2 slots of 4 of 4 primes, q 2^25.00, from the block pool: 2.15 GB per APU (8.59 per node) | pool free 4.74 GB per APU (the smallest), the product's need 1.19, margin 0.50 -> 11 planes
cache_trace node 0: piece (0, 0) of 2 x 3, 134044032 + 95822499 limbs at 0, slots 2: A cached B cached | 5.105 s: redistribute 0.680 ntt 3.901 crt 0.009 out 0.723 carry 0.037 | partial: 4 primes per slot
cache_trace node 1: piece (0, 0) of 2 x 3, 134044032 + 95822499 limbs at 0, slots 2: A cached B cached | 5.105 s: redistribute 0.652 ntt 3.902 crt 0.009 out 0.723 carry 0.037 | partial: 4 primes per slot
cache_trace node 0: piece (0, 1) of 2 x 3, 134044032 + 95822499 limbs at 95822499, slots 2: A HIT B - | 3.155 s: redistribute 0.057 ntt 2.825 crt 0.010 out 0.141 carry 0.144 | partial: 4 primes per slot
cache_trace node 1: piece (0, 1) of 2 x 3, 134044032 + 95822499 limbs at 95822499, slots 2: A HIT B - | 3.155 s: redistribute 0.055 ntt 2.827 crt 0.010 out 0.138 carry 0.144 | partial: 4 primes per slot
cache_trace node 0: piece (0, 2) of 2 x 3, 134044032 + 95822499 limbs at 191644998, slots 2: A HIT B - | 2.933 s: redistribute 0.075 ntt 2.263 crt 0.006 out 0.525 carry 0.126 | partial: 4 primes per slot
cache_trace node 1: piece (0, 2) of 2 x 3, 134044032 + 95822499 limbs at 191644998, slots 2: A HIT B - | 2.933 s: redistribute 0.073 ntt 2.291 crt 0.008 out 0.463 carry 0.127 | partial: 4 primes per slot
cache_trace node 0: piece (1, 0) of 2 x 3, 134044031 + 95822499 limbs at 134044032, slots 2: A cached B HIT | 2.686 s: redistribute 0.089 ntt 2.353 crt 0.008 out 0.142 carry 0.118 | partial: 4 primes per slot
cache_trace node 1: piece (1, 0) of 2 x 3, 134044031 + 95822499 limbs at 134044032, slots 2: A cached B HIT | 2.686 s: redistribute 0.091 ntt 2.350 crt 0.009 out 0.140 carry 0.118 | partial: 4 primes per slot
cache_trace node 0: piece (1, 1) of 2 x 3, 134044031 + 95822499 limbs at 229866531, slots 2: A HIT B - | 2.949 s: redistribute 0.069 ntt 2.240 crt 0.009 out 0.542 carry 0.110 | partial: 4 primes per slot
cache_trace node 1: piece (1, 1) of 2 x 3, 134044031 + 95822499 limbs at 229866531, slots 2: A HIT B - | 2.949 s: redistribute 0.067 ntt 2.280 crt 0.009 out 0.504 carry 0.109 | partial: 4 primes per slot
cache_trace node 0: piece (1, 2) of 2 x 3, 134044031 + 95822499 limbs at 325689030, slots 2: A HIT B - | 3.355 s: redistribute 0.052 ntt 2.590 crt 0.010 out 0.636 carry 0.080 | partial: 4 primes per slot
cache_trace node 1: piece (1, 2) of 2 x 3, 134044031 + 95822499 limbs at 325689030, slots 2: A HIT B - | 3.355 s: redistribute 0.050 ntt 2.623 crt 0.009 out 0.599 carry 0.079 | partial: 4 primes per slot
dist_mn node 0: 268088063 x 287467497 limbs over 2 x 4 ranks (cap 2^28): 2 x 3 pieces, 6 formed, 0 skipped (cache 2 slots of 4 primes, partial: 5 hits, 3 misses)
dist_mn node 1: 268088063 x 287467497 limbs over 2 x 4 ranks (cap 2^28): 2 x 3 pieces, 6 formed, 0 skipped (cache 2 slots of 4 primes, partial: 5 hits, 3 misses)
   transform cache (RNS_DIST_CACHE_PARTIAL) node 0: 2 slots of 4 of 4 primes, q 2^25.00, from the block pool: 2.15 GB per APU (8.59 per node) | pool free 4.80 GB per APU (the smallest), the product's need 1.23, margin 0.50 -> 11 planes
   transform cache (RNS_DIST_CACHE_PARTIAL) node 1: 2 slots of 4 of 4 primes, q 2^25.00, from the block pool: 2.15 GB per APU (8.59 per node) | pool free 4.76 GB per APU (the smallest), the product's need 1.19, margin 0.50 -> 11 planes
cache_trace node 0: piece (0, 0) of 2 x 3, 134044032 + 95822499 limbs at 0, slots 2: A cached B cached | 3.878 s: redistribute 0.137 ntt 3.635 crt 0.009 out 0.120 carry 0.005 | partial: 4 primes per slot
cache_trace node 1: piece (0, 0) of 2 x 3, 134044032 + 95822499 limbs at 0, slots 2: A cached B cached | 3.878 s: redistribute 0.135 ntt 3.637 crt 0.009 out 0.116 carry 0.005 | partial: 4 primes per slot
cache_trace node 0: piece (0, 1) of 2 x 3, 134044032 + 95822499 limbs at 95822499, slots 2: A HIT B - | 2.550 s: redistribute 0.056 ntt 2.224 crt 0.009 out 0.157 carry 0.104 | partial: 4 primes per slot
cache_trace node 1: piece (0, 1) of 2 x 3, 134044032 + 95822499 limbs at 95822499, slots 2: A HIT B - | 2.550 s: redistribute 0.054 ntt 2.226 crt 0.010 out 0.156 carry 0.104 | partial: 4 primes per slot
cache_trace node 0: piece (0, 2) of 2 x 3, 134044032 + 95822499 limbs at 191644998, slots 2: A HIT B - | 2.448 s: redistribute 0.076 ntt 2.129 crt 0.010 out 0.152 carry 0.121 | partial: 4 primes per slot
cache_trace node 1: piece (0, 2) of 2 x 3, 134044032 + 95822499 limbs at 191644998, slots 2: A HIT B - | 2.448 s: redistribute 0.072 ntt 2.131 crt 0.010 out 0.149 carry 0.121 | partial: 4 primes per slot
cache_trace node 0: piece (1, 0) of 2 x 3, 134044031 + 95822499 limbs at 134044032, slots 2: A cached B HIT | 2.718 s: redistribute 0.071 ntt 2.252 crt 0.010 out 0.283 carry 0.119 | partial: 4 primes per slot
cache_trace node 1: piece (1, 0) of 2 x 3, 134044031 + 95822499 limbs at 134044032, slots 2: A cached B HIT | 2.718 s: redistribute 0.075 ntt 2.248 crt 0.009 out 0.292 carry 0.119 | partial: 4 primes per slot
cache_trace node 0: piece (1, 1) of 2 x 3, 134044031 + 95822499 limbs at 229866531, slots 2: A HIT B - | 2.994 s: redistribute 0.073 ntt 2.689 crt 0.010 out 0.161 carry 0.102 | partial: 4 primes per slot
cache_trace node 1: piece (1, 1) of 2 x 3, 134044031 + 95822499 limbs at 229866531, slots 2: A HIT B - | 2.994 s: redistribute 0.071 ntt 2.686 crt 0.010 out 0.161 carry 0.102 | partial: 4 primes per slot
cache_trace node 0: piece (1, 2) of 2 x 3, 134044031 + 95822499 limbs at 325689030, slots 2: A HIT B - | 3.367 s: redistribute 0.097 ntt 3.128 crt 0.010 out 0.107 carry 0.080 | partial: 4 primes per slot
dist_mn node 0: 268088063 x 287467497 limbs over 2 x 4 ranks (cap 2^28): 2 x 3 pieces, 6 formed, 0 skipped (cache 2 slots of 4 primes, partial: 10 hits, 6 misses)
cache_trace node 1: piece (1, 2) of 2 x 3, 134044031 + 95822499 limbs at 325689030, slots 2: A HIT B - | 3.367 s: redistribute 0.093 ntt 3.135 crt 0.009 out 0.102 carry 0.080 | partial: 4 primes per slot
dist_mn node 1: 268088063 x 287467497 limbs over 2 x 4 ranks (cap 2^28): 2 x 3 pieces, 6 formed, 0 skipped (cache 2 slots of 4 primes, partial: 10 hits, 6 misses)
mn: node 0 level 1 [0, 2): P 555555560 limbs, Q 555555560 limbs (my share of P [0, 277777780)) in 42.07 s
mn: node 0: tree levels 42.07 s: P 555555560 limbs, Q 555555560 limbs
mn: node 1 level 1 [0, 2): P 555555560 limbs, Q 555555560 limbs (my share of P [277777780, 555555561)) in 39.11 s
mn: node 1: tree levels 39.11 s: P 555555560 limbs, Q 555555560 limbs
mem[1] [tree] device 67.8 GB in use (per APU 15.3..21.8): planes 34.4, regions 0.0, block pool 32.2 (donated 0.0, borrowed 32.2, hipMalloc 0.0; live 4.4, peak live 20.2, free 27.8), tables 1.23, other 0.0
mem[1] [tree] host 13.3 GB RSS (HWM 13.3): staging 4.3 pinned, registered 0.0, X 0.0, digits 0.0, named 0.0, other 9.0
mem[1] [tree]   APU0: in use 21.8 GB: planes 8.59 pool:borrowed 12.88 pool:live 1.11 pool:free 11.77 pool:peak-live 5.04 tables 0.31  (driver: 39.4 of 137.4 GB used)
mem[1] [tree]   APU1: in use 15.3 GB: planes 8.59 pool:borrowed 6.44 pool:live 1.11 pool:free 5.33 pool:peak-live 5.04 tables 0.31  (driver: 26.5 of 137.4 GB used)
mem[0] [tree] device 50.6 GB in use (per APU 11.0..17.5): planes 17.2, regions 0.0, block pool 32.2 (donated 0.0, borrowed 32.2, hipMalloc 0.0; live 4.4, peak live 19.2, free 27.8), tables 1.22, other 0.0
mem[1] [tree]   APU2: in use 15.3 GB: planes 8.59 pool:borrowed 6.44 pool:live 1.11 pool:free 5.33 pool:peak-live 5.04 tables 0.31  (driver: 26.5 of 137.4 GB used)
mem[1] [tree]   APU3: in use 15.3 GB: planes 8.59 pool:borrowed 6.44 pool:live 1.11 pool:free 5.33 pool:peak-live 5.04 tables 0.31  (driver: 26.5 of 137.4 GB used)
mem[0] [tree] host 13.1 GB RSS (HWM 13.1): staging 4.3 pinned, registered 0.0, X 0.0, digits 0.0, named 0.0, other 8.8
mem[0] [tree]   APU0: in use 17.5 GB: planes 4.29 pool:borrowed 12.88 pool:live 1.11 pool:free 11.77 pool:peak-live 4.79 tables 0.30  (driver: 39.4 of 137.4 GB used)
mem[0] [tree]   APU1: in use 11.0 GB: planes 4.29 pool:borrowed 6.44 pool:live 1.11 pool:free 5.33 pool:peak-live 4.79 tables 0.30  (driver: 26.5 of 137.4 GB used)
mem[0] [tree]   APU2: in use 11.0 GB: planes 4.29 pool:borrowed 6.44 pool:live 1.11 pool:free 5.33 pool:peak-live 4.79 tables 0.31  (driver: 26.5 of 137.4 GB used)
mem[0] [tree]   APU3: in use 11.0 GB: planes 4.29 pool:borrowed 6.44 pool:live 1.11 pool:free 5.33 pool:peak-live 4.79 tables 0.30  (driver: 26.5 of 137.4 GB used)
recip(mn): the single-node chain to 33909 limbs (1.31 s), then the sharded steps to 555555558 over 2 nodes
   transform cache (RNS_DIST_CACHE_PARTIAL) node 0: 2 slots of 4 of 4 primes, q 2^25.00, from the block pool: 2.15 GB per APU (8.59 per node) | pool free 4.50 GB per APU (the smallest), the product's need 0.96, margin 0.50 -> 11 planes
   transform cache (RNS_DIST_CACHE_PARTIAL) node 1: 2 slots of 4 of 4 primes, q 2^25.00, from the block pool: 2.15 GB per APU (8.59 per node) | pool free 4.50 GB per APU (the smallest), the product's need 0.96, margin 0.50 -> 11 planes
cache_trace node 0: piece (0, 0) of 3 x 1, 92592594 + 138888891 limbs at 0, slots 2: A cached B cached | 3.799 s: redistribute 0.144 ntt 3.518 crt 0.009 out 0.144 carry 0.004 | partial: 4 primes per slot
cache_trace node 1: piece (0, 0) of 3 x 1, 92592594 + 138888891 limbs at 0, slots 2: A cached B cached | 3.799 s: redistribute 0.144 ntt 3.518 crt 0.010 out 0.136 carry 0.004 | partial: 4 primes per slot
cache_trace node 0: piece (1, 0) of 3 x 1, 92592594 + 138888891 limbs at 92592594, slots 2: A - B HIT | 2.917 s: redistribute 0.088 ntt 2.675 crt 0.005 out 0.131 carry 0.034 | partial: 4 primes per slot
cache_trace node 1: piece (1, 0) of 3 x 1, 92592594 + 138888891 limbs at 92592594, slots 2: A - B HIT | 2.917 s: redistribute 0.087 ntt 2.684 crt 0.005 out 0.126 carry 0.034 | partial: 4 primes per slot
cache_trace node 0: piece (2, 0) of 3 x 1, 92592594 + 138888891 limbs at 185185188, slots 2: A - B HIT | 2.504 s: redistribute 0.072 ntt 2.334 crt 0.010 out 0.071 carry 0.055 | partial: 4 primes per slot
dist_mn node 0: 277777782 x 138888891 limbs over 2 x 4 ranks (cap 2^28): 3 x 1 pieces, 3 formed, 0 skipped (low product) (low cut) (cache 2 slots of 4 primes, partial: 12 hits, 8 misses)
cache_trace node 1: piece (2, 0) of 3 x 1, 92592594 + 138888891 limbs at 185185188, slots 2: A - B HIT | 2.504 s: redistribute 0.069 ntt 2.336 crt 0.009 out 0.066 carry 0.055 | partial: 4 primes per slot
dist_mn node 1: 277777782 x 138888891 limbs over 2 x 4 ranks (cap 2^28): 3 x 1 pieces, 3 formed, 0 skipped (low product) (low cut) (cache 2 slots of 4 primes, partial: 12 hits, 8 misses)
   transform cache (RNS_DIST_CACHE_PARTIAL) node 0: 2 slots of 4 of 4 primes, q 2^25.00, from the block pool: 2.15 GB per APU (8.59 per node) | pool free 4.22 GB per APU (the smallest), the product's need 0.89, margin 0.50 -> 10 planes
   transform cache (RNS_DIST_CACHE_PARTIAL) node 1: 2 slots of 4 of 4 primes, q 2^25.00, from the block pool: 2.15 GB per APU (8.59 per node) | pool free 4.22 GB per APU (the smallest), the product's need 0.89, margin 0.50 -> 10 planes
cache_trace node 0: piece (0, 0) of 1 x 2, 138888891 + 69444445 limbs at 0, slots 2: A cached B cached | 3.641 s: redistribute 0.164 ntt 3.348 crt 0.005 out 0.131 carry 0.005 | partial: 4 primes per slot
cache_trace node 1: piece (0, 0) of 1 x 2, 138888891 + 69444445 limbs at 0, slots 2: A cached B cached | 3.641 s: redistribute 0.168 ntt 3.330 crt 0.005 out 0.148 carry 0.005 | partial: 4 primes per slot
cache_trace node 0: piece (0, 1) of 1 x 2, 138888891 + 69444445 limbs at 69444445, slots 2: A HIT B - | 2.594 s: redistribute 0.057 ntt 2.368 crt 0.005 out 0.147 carry 0.053 | partial: 4 primes per slot
dist_mn node 0: 138888891 x 138888890 limbs over 2 x 4 ranks (cap 2^28): 1 x 2 pieces, 2 formed, 0 skipped (low cut) (cache 2 slots of 4 primes, partial: 13 hits, 10 misses)
cache_trace node 1: piece (0, 1) of 1 x 2, 138888891 + 69444445 limbs at 69444445, slots 2: A HIT B - | 2.594 s: redistribute 0.048 ntt 2.361 crt 0.005 out 0.140 carry 0.053 | partial: 4 primes per slot
dist_mn node 1: 138888891 x 138888890 limbs over 2 x 4 ranks (cap 2^28): 1 x 2 pieces, 2 formed, 0 skipped (low cut) (cache 2 slots of 4 primes, partial: 13 hits, 10 misses)
   transform cache (RNS_DIST_CACHE_PARTIAL) node 0: 1 slot of 4 of 4 primes, q 2^25.00, from the block pool: 1.07 GB per APU (4.29 per node) | pool free 3.94 GB per APU (the smallest), the product's need 1.30, margin 0.50 -> 7 planes
   transform cache (RNS_DIST_CACHE_PARTIAL) node 1: 1 slot of 4 of 4 primes, q 2^25.00, from the block pool: 1.07 GB per APU (4.29 per node) | pool free 3.94 GB per APU (the smallest), the product's need 1.30, margin 0.50 -> 7 planes
cache_trace node 0: piece (1, 0) of 5 x 2, 111111112 + 138888890 limbs at 111111112, slots 1: A - B cached | 3.831 s: redistribute 0.149 ntt 3.437 crt 0.009 out 0.142 carry 0.122 | partial: 4 primes per slot
cache_trace node 1: piece (1, 0) of 5 x 2, 111111112 + 138888890 limbs at 111111112, slots 1: A - B cached | 3.831 s: redistribute 0.159 ntt 3.428 crt 0.010 out 0.147 carry 0.122 | partial: 4 primes per slot
cache_trace node 0: piece (2, 0) of 5 x 2, 111111112 + 138888890 limbs at 222222224, slots 1: A - B HIT | 2.477 s: redistribute 0.088 ntt 2.131 crt 0.005 out 0.165 carry 0.103 | partial: 4 primes per slot
cache_trace node 1: piece (2, 0) of 5 x 2, 111111112 + 138888890 limbs at 222222224, slots 1: A - B HIT | 2.477 s: redistribute 0.088 ntt 2.128 crt 0.005 out 0.169 carry 0.103 | partial: 4 primes per slot
cache_trace node 0: piece (3, 0) of 5 x 2, 111111112 + 138888890 limbs at 333333336, slots 1: A - B HIT | 2.648 s: redistribute 0.085 ntt 2.412 crt 0.010 out 0.106 carry 0.091 | partial: 4 primes per slot
cache_trace node 1: piece (3, 0) of 5 x 2, 111111112 + 138888890 limbs at 333333336, slots 1: A - B HIT | 2.648 s: redistribute 0.068 ntt 2.407 crt 0.010 out 0.101 carry 0.091 | partial: 4 primes per slot
cache_trace node 0: piece (4, 0) of 5 x 2, 111111112 + 138888890 limbs at 444444448, slots 1: A - B HIT | 2.387 s: redistribute 0.073 ntt 2.180 crt 0.010 out 0.068 carry 0.070 | partial: 4 primes per slot
cache_trace node 1: piece (4, 0) of 5 x 2, 111111112 + 138888890 limbs at 444444448, slots 1: A - B HIT | 2.387 s: redistribute 0.070 ntt 2.193 crt 0.010 out 0.070 carry 0.070 | partial: 4 primes per slot
cache_trace node 0: piece (0, 1) of 5 x 2, 111111112 + 138888890 limbs at 138888890, slots 1: A - B cached | 3.700 s: redistribute 0.171 ntt 3.303 crt 0.010 out 0.151 carry 0.121 | partial: 4 primes per slot
cache_trace node 1: piece (0, 1) of 5 x 2, 111111112 + 138888890 limbs at 138888890, slots 1: A - B cached | 3.700 s: redistribute 0.168 ntt 3.305 crt 0.009 out 0.151 carry 0.121 | partial: 4 primes per slot
cache_trace node 0: piece (1, 1) of 5 x 2, 111111112 + 138888890 limbs at 250000002, slots 1: A - B HIT | 3.169 s: redistribute 0.072 ntt 2.854 crt 0.008 out 0.144 carry 0.091 | partial: 4 primes per slot
cache_trace node 1: piece (1, 1) of 5 x 2, 111111112 + 138888890 limbs at 250000002, slots 1: A - B HIT | 3.169 s: redistribute 0.075 ntt 2.852 crt 0.009 out 0.142 carry 0.091 | partial: 4 primes per slot
cache_trace node 0: piece (2, 1) of 5 x 2, 111111112 + 138888890 limbs at 361111114, slots 1: A - B HIT | 2.712 s: redistribute 0.083 ntt 2.413 crt 0.009 out 0.111 carry 0.108 | partial: 4 primes per slot
cache_trace node 1: piece (2, 1) of 5 x 2, 111111112 + 138888890 limbs at 361111114, slots 1: A - B HIT | 2.712 s: redistribute 0.082 ntt 2.407 crt 0.007 out 0.117 carry 0.108 | partial: 4 primes per slot
cache_trace node 0: piece (3, 1) of 5 x 2, 111111112 + 138888890 limbs at 472222226, slots 1: A - B HIT | 2.619 s: redistribute 0.072 ntt 2.412 crt 0.005 out 0.067 carry 0.064 | partial: 4 primes per slot
dist_mn node 0: 555555560 x 277777780 limbs over 2 x 4 ranks (cap 2^28): 5 x 2 pieces, 8 formed, 2 skipped (low product) (low cut) (cache 1 slots of 4 primes, partial: 19 hits, 12 misses)
cache_trace node 1: piece (3, 1) of 5 x 2, 111111112 + 138888890 limbs at 472222226, slots 1: A - B HIT | 2.619 s: redistribute 0.069 ntt 2.404 crt 0.005 out 0.078 carry 0.064 | partial: 4 primes per slot
dist_mn node 1: 555555560 x 277777780 limbs over 2 x 4 ranks (cap 2^28): 5 x 2 pieces, 8 formed, 2 skipped (low product) (low cut) (cache 1 slots of 4 primes, partial: 19 hits, 12 misses)
   transform cache (RNS_DIST_CACHE_PARTIAL) node 0: 1 slot of 4 of 4 primes, q 2^25.00, from the block pool: 1.07 GB per APU (4.29 per node) | pool free 3.39 GB per APU (the smallest), the product's need 1.24, margin 0.50 -> 6 planes
   transform cache (RNS_DIST_CACHE_PARTIAL) node 1: 1 slot of 4 of 4 primes, q 2^25.00, from the block pool: 1.07 GB per APU (4.29 per node) | pool free 3.39 GB per APU (the smallest), the product's need 1.24, margin 0.50 -> 6 planes
cache_trace node 0: piece (0, 1) of 2 x 3, 138888890 + 92592593 limbs at 92592593, slots 1: A cached B - | 4.162 s: redistribute 0.147 ntt 3.750 crt 0.010 out 0.156 carry 0.111 | partial: 4 primes per slot
cache_trace node 1: piece (0, 1) of 2 x 3, 138888890 + 92592593 limbs at 92592593, slots 1: A cached B - | 4.162 s: redistribute 0.147 ntt 3.764 crt 0.010 out 0.145 carry 0.111 | partial: 4 primes per slot
cache_trace node 0: piece (0, 2) of 2 x 3, 138888890 + 92592593 limbs at 185185186, slots 1: A HIT B - | 2.510 s: redistribute 0.067 ntt 2.159 crt 0.010 out 0.145 carry 0.142 | partial: 4 primes per slot
cache_trace node 1: piece (0, 2) of 2 x 3, 138888890 + 92592593 limbs at 185185186, slots 1: A HIT B - | 2.510 s: redistribute 0.065 ntt 2.161 crt 0.009 out 0.142 carry 0.141 | partial: 4 primes per slot
cache_trace node 0: piece (1, 0) of 2 x 3, 138888890 + 92592593 limbs at 138888890, slots 1: A cached B - | 4.401 s: redistribute 0.149 ntt 4.019 crt 0.010 out 0.124 carry 0.129 | partial: 4 primes per slot
cache_trace node 1: piece (1, 0) of 2 x 3, 138888890 + 92592593 limbs at 138888890, slots 1: A cached B - | 4.401 s: redistribute 0.151 ntt 4.022 crt 0.010 out 0.128 carry 0.129 | partial: 4 primes per slot
cache_trace node 0: piece (1, 1) of 2 x 3, 138888890 + 92592593 limbs at 231481483, slots 1: A HIT B - | 2.752 s: redistribute 0.104 ntt 2.423 crt 0.009 out 0.142 carry 0.110 | partial: 4 primes per slot
cache_trace node 1: piece (1, 1) of 2 x 3, 138888890 + 92592593 limbs at 231481483, slots 1: A HIT B - | 2.752 s: redistribute 0.105 ntt 2.428 crt 0.009 out 0.137 carry 0.110 | partial: 4 primes per slot
cache_trace node 0: piece (1, 2) of 2 x 3, 138888890 + 92592593 limbs at 324074076, slots 1: A HIT B - | 2.679 s: redistribute 0.075 ntt 2.448 crt 0.009 out 0.111 carry 0.077 | partial: 4 primes per slot
dist_mn node 0: 277777780 x 277777779 limbs over 2 x 4 ranks (cap 2^28): 2 x 3 pieces, 5 formed, 1 skipped (low cut) (cache 1 slots of 4 primes, partial: 22 hits, 14 misses)
cache_trace node 1: piece (1, 2) of 2 x 3, 138888890 + 92592593 limbs at 324074076, slots 1: A HIT B - | 2.679 s: redistribute 0.072 ntt 2.454 crt 0.009 out 0.122 carry 0.076 | partial: 4 primes per slot
dist_mn node 1: 277777780 x 277777779 limbs over 2 x 4 ranks (cap 2^28): 2 x 3 pieces, 5 formed, 1 skipped (low cut) (cache 1 slots of 4 primes, partial: 22 hits, 14 misses)
   transform cache (RNS_DIST_CACHE_PARTIAL) node 0: 1 slot of 4 of 4 primes, q 2^25.00, from the block pool: 1.07 GB per APU (4.29 per node) | pool free 3.11 GB per APU (the smallest), the product's need 1.30, margin 0.50 -> 4 planes
   transform cache (RNS_DIST_CACHE_PARTIAL) node 1: 1 slot of 4 of 4 primes, q 2^25.00, from the block pool: 1.07 GB per APU (4.29 per node) | pool free 3.11 GB per APU (the smallest), the product's need 1.30, margin 0.50 -> 4 planes
cache_trace node 0: piece (0, 3) of 4 x 5, 138888890 + 111111112 limbs at 333333336, slots 1: A cached B - | 3.931 s: redistribute 0.149 ntt 3.552 crt 0.010 out 0.141 carry 0.142 | partial: 4 primes per slot
cache_trace node 1: piece (0, 3) of 4 x 5, 138888890 + 111111112 limbs at 333333336, slots 1: A cached B - | 3.931 s: redistribute 0.147 ntt 3.555 crt 0.009 out 0.137 carry 0.142 | partial: 4 primes per slot
cache_trace node 0: piece (0, 4) of 4 x 5, 138888890 + 111111110 limbs at 444444448, slots 1: A HIT B - | 2.585 s: redistribute 0.063 ntt 2.247 crt 0.008 out 0.148 carry 0.140 | partial: 4 primes per slot
cache_trace node 1: piece (0, 4) of 4 x 5, 138888890 + 111111110 limbs at 444444448, slots 1: A HIT B - | 2.585 s: redistribute 0.061 ntt 2.249 crt 0.009 out 0.143 carry 0.140 | partial: 4 primes per slot
cache_trace node 0: piece (1, 2) of 4 x 5, 138888890 + 111111112 limbs at 361111114, slots 1: A cached B - | 3.703 s: redistribute 0.166 ntt 3.270 crt 0.010 out 0.142 carry 0.141 | partial: 4 primes per slot
cache_trace node 1: piece (1, 2) of 4 x 5, 138888890 + 111111112 limbs at 361111114, slots 1: A cached B - | 3.703 s: redistribute 0.166 ntt 3.270 crt 0.010 out 0.148 carry 0.141 | partial: 4 primes per slot
cache_trace node 0: piece (1, 3) of 4 x 5, 138888890 + 111111112 limbs at 472222226, slots 1: A HIT B - | 2.648 s: redistribute 0.076 ntt 2.305 crt 0.009 out 0.136 carry 0.149 | partial: 4 primes per slot
cache_trace node 1: piece (1, 3) of 4 x 5, 138888890 + 111111112 limbs at 472222226, slots 1: A HIT B - | 2.648 s: redistribute 0.074 ntt 2.307 crt 0.010 out 0.141 carry 0.149 | partial: 4 primes per slot
cache_trace node 0: piece (1, 4) of 4 x 5, 138888890 + 111111110 limbs at 583333338, slots 1: A HIT B - | 2.765 s: redistribute 0.105 ntt 2.368 crt 0.009 out 0.118 carry 0.188 | partial: 4 primes per slot
cache_trace node 1: piece (1, 4) of 4 x 5, 138888890 + 111111110 limbs at 583333338, slots 1: A HIT B - | 2.765 s: redistribute 0.077 ntt 2.394 crt 0.008 out 0.114 carry 0.187 | partial: 4 primes per slot
cache_trace node 0: piece (2, 1) of 4 x 5, 138888890 + 111111112 limbs at 388888892, slots 1: A cached B - | 3.653 s: redistribute 0.157 ntt 3.237 crt 0.010 out 0.148 carry 0.129 | partial: 4 primes per slot
cache_trace node 1: piece (2, 1) of 4 x 5, 138888890 + 111111112 limbs at 388888892, slots 1: A cached B - | 3.653 s: redistribute 0.159 ntt 3.235 crt 0.010 out 0.152 carry 0.129 | partial: 4 primes per slot
cache_trace node 0: piece (2, 2) of 4 x 5, 138888890 + 111111112 limbs at 500000004, slots 1: A HIT B - | 2.448 s: redistribute 0.111 ntt 2.082 crt 0.010 out 0.133 carry 0.145 | partial: 4 primes per slot
cache_trace node 1: piece (2, 2) of 4 x 5, 138888890 + 111111112 limbs at 500000004, slots 1: A HIT B - | 2.448 s: redistribute 0.116 ntt 2.078 crt 0.009 out 0.136 carry 0.144 | partial: 4 primes per slot
cache_trace node 0: piece (2, 3) of 4 x 5, 138888890 + 111111112 limbs at 611111116, slots 1: A HIT B - | 2.696 s: redistribute 0.099 ntt 2.325 crt 0.010 out 0.134 carry 0.144 | partial: 4 primes per slot
cache_trace node 1: piece (2, 3) of 4 x 5, 138888890 + 111111112 limbs at 611111116, slots 1: A HIT B - | 2.696 s: redistribute 0.085 ntt 2.349 crt 0.010 out 0.126 carry 0.143 | partial: 4 primes per slot
cache_trace node 0: piece (2, 4) of 4 x 5, 138888890 + 111111110 limbs at 722222228, slots 1: A HIT B - | 2.444 s: redistribute 0.071 ntt 2.161 crt 0.010 out 0.117 carry 0.116 | partial: 4 primes per slot
cache_trace node 1: piece (2, 4) of 4 x 5, 138888890 + 111111110 limbs at 722222228, slots 1: A HIT B - | 2.444 s: redistribute 0.069 ntt 2.163 crt 0.010 out 0.114 carry 0.116 | partial: 4 primes per slot
cache_trace node 0: piece (3, 0) of 4 x 5, 138888887 + 111111112 limbs at 416666670, slots 1: A cached B - | 4.252 s: redistribute 0.140 ntt 3.859 crt 0.009 out 0.143 carry 0.121 | partial: 4 primes per slot
cache_trace node 1: piece (3, 0) of 4 x 5, 138888887 + 111111112 limbs at 416666670, slots 1: A cached B - | 4.252 s: redistribute 0.145 ntt 3.857 crt 0.009 out 0.154 carry 0.121 | partial: 4 primes per slot
cache_trace node 0: piece (3, 1) of 4 x 5, 138888887 + 111111112 limbs at 527777782, slots 1: A HIT B - | 3.544 s: redistribute 0.068 ntt 3.191 crt 0.010 out 0.134 carry 0.150 | partial: 4 primes per slot
cache_trace node 1: piece (3, 1) of 4 x 5, 138888887 + 111111112 limbs at 527777782, slots 1: A HIT B - | 3.544 s: redistribute 0.093 ntt 3.174 crt 0.010 out 0.149 carry 0.149 | partial: 4 primes per slot
cache_trace node 0: piece (3, 2) of 4 x 5, 138888887 + 111111112 limbs at 638888894, slots 1: A HIT B - | 2.683 s: redistribute 0.100 ntt 2.346 crt 0.009 out 0.148 carry 0.132 | partial: 4 primes per slot
cache_trace node 1: piece (3, 2) of 4 x 5, 138888887 + 111111112 limbs at 638888894, slots 1: A HIT B - | 2.683 s: redistribute 0.095 ntt 2.341 crt 0.009 out 0.143 carry 0.132 | partial: 4 primes per slot
cache_trace node 0: piece (3, 3) of 4 x 5, 138888887 + 111111112 limbs at 750000006, slots 1: A HIT B - | 2.460 s: redistribute 0.069 ntt 2.122 crt 0.009 out 0.142 carry 0.137 | partial: 4 primes per slot
cache_trace node 1: piece (3, 3) of 4 x 5, 138888887 + 111111112 limbs at 750000006, slots 1: A HIT B - | 2.460 s: redistribute 0.067 ntt 2.109 crt 0.010 out 0.147 carry 0.136 | partial: 4 primes per slot
cache_trace node 0: piece (3, 4) of 4 x 5, 138888887 + 111111110 limbs at 861111118, slots 1: A HIT B - | 2.549 s: redistribute 0.058 ntt 2.200 crt 0.009 out 0.138 carry 0.163 | partial: 4 primes per slot
dist_mn node 0: 555555557 x 555555558 limbs over 2 x 4 ranks (cap 2^28): 4 x 5 pieces, 14 formed, 6 skipped (low cut) (cache 1 slots of 4 primes, partial: 32 hits, 18 misses)
cache_trace node 1: piece (3, 4) of 4 x 5, 138888887 + 111111110 limbs at 861111118, slots 1: A HIT B - | 2.549 s: redistribute 0.056 ntt 2.202 crt 0.009 out 0.145 carry 0.163 | partial: 4 primes per slot
dist_mn node 1: 555555557 x 555555558 limbs over 2 x 4 ranks (cap 2^28): 4 x 5 pieces, 14 formed, 6 skipped (low cut) (cache 1 slots of 4 primes, partial: 32 hits, 18 misses)
mn_out: /tmp/pc15/pc_r2.txt.part0001: O_DIRECT, packed form, 8 write threads, file system local
   transform cache (RNS_DIST_CACHE_PARTIAL) node 0: 2 slots of 4 of 4 primes, q 2^25.00, from the block pool: 2.15 GB per APU (8.59 per node) | pool free 4.22 GB per APU (the smallest), the product's need 1.30, margin 0.50 -> 9 planes
   transform cache (RNS_DIST_CACHE_PARTIAL) node 1: 2 slots of 4 of 4 primes, q 2^25.00, from the block pool: 2.15 GB per APU (8.59 per node) | pool free 4.22 GB per APU (the smallest), the product's need 1.30, margin 0.50 -> 9 planes
cache_trace node 0: piece (0, 0) of 4 x 5, 138888890 + 111111112 limbs at 0, slots 2: A cached B cached | 2.421 s: redistribute 0.157 ntt 2.159 crt 0.009 out 0.117 carry 0.004 | partial: 4 primes per slot
cache_trace node 1: piece (0, 0) of 4 x 5, 138888890 + 111111112 limbs at 0, slots 2: A cached B cached | 2.421 s: redistribute 0.159 ntt 2.150 crt 0.009 out 0.115 carry 0.005 | partial: 4 primes per slot
cache_trace node 0: piece (0, 1) of 4 x 5, 138888890 + 111111112 limbs at 111111112, slots 2: A HIT B - | 2.890 s: redistribute 0.070 ntt 2.563 crt 0.009 out 0.151 carry 0.117 | partial: 4 primes per slot
cache_trace node 1: piece (0, 1) of 4 x 5, 138888890 + 111111112 limbs at 111111112, slots 2: A HIT B - | 2.890 s: redistribute 0.072 ntt 2.545 crt 0.009 out 0.168 carry 0.117 | partial: 4 primes per slot
cache_trace node 0: piece (0, 2) of 4 x 5, 138888890 + 111111112 limbs at 222222224, slots 2: A HIT B - | 2.499 s: redistribute 0.102 ntt 2.161 crt 0.009 out 0.143 carry 0.111 | partial: 4 primes per slot
cache_trace node 1: piece (0, 2) of 4 x 5, 138888890 + 111111112 limbs at 222222224, slots 2: A HIT B - | 2.499 s: redistribute 0.102 ntt 2.160 crt 0.009 out 0.146 carry 0.111 | partial: 4 primes per slot
cache_trace node 0: piece (0, 3) of 4 x 5, 138888890 + 111111112 limbs at 333333336, slots 2: A HIT B - | 2.511 s: redistribute 0.110 ntt 2.245 crt 0.010 out 0.110 carry 0.092 | partial: 4 primes per slot
cache_trace node 1: piece (0, 3) of 4 x 5, 138888890 + 111111112 limbs at 333333336, slots 2: A HIT B - | 2.511 s: redistribute 0.093 ntt 2.243 crt 0.009 out 0.115 carry 0.091 | partial: 4 primes per slot
cache_trace node 0: piece (0, 4) of 4 x 5, 138888890 + 111111112 limbs at 444444448, slots 2: A HIT B - | 2.472 s: redistribute 0.066 ntt 2.275 crt 0.007 out 0.066 carry 0.072 | partial: 4 primes per slot
cache_trace node 1: piece (0, 4) of 4 x 5, 138888890 + 111111112 limbs at 444444448, slots 2: A HIT B - | 2.472 s: redistribute 0.064 ntt 2.278 crt 0.009 out 0.071 carry 0.072 | partial: 4 primes per slot
cache_trace node 0: piece (1, 0) of 4 x 5, 138888890 + 111111112 limbs at 138888890, slots 2: A cached B HIT | 2.523 s: redistribute 0.111 ntt 2.148 crt 0.010 out 0.174 carry 0.124 | partial: 4 primes per slot
cache_trace node 1: piece (1, 0) of 4 x 5, 138888890 + 111111112 limbs at 138888890, slots 2: A cached B HIT | 2.523 s: redistribute 0.115 ntt 2.154 crt 0.010 out 0.163 carry 0.124 | partial: 4 primes per slot
cache_trace node 0: piece (1, 1) of 4 x 5, 138888890 + 111111112 limbs at 250000002, slots 2: A HIT B - | 2.524 s: redistribute 0.062 ntt 2.229 crt 0.009 out 0.144 carry 0.092 | partial: 4 primes per slot
cache_trace node 1: piece (1, 1) of 4 x 5, 138888890 + 111111112 limbs at 250000002, slots 2: A HIT B - | 2.524 s: redistribute 0.078 ntt 2.221 crt 0.010 out 0.139 carry 0.092 | partial: 4 primes per slot
cache_trace node 0: piece (1, 2) of 4 x 5, 138888890 + 111111112 limbs at 361111114, slots 2: A HIT B - | 2.445 s: redistribute 0.083 ntt 2.166 crt 0.006 out 0.115 carry 0.108 | partial: 4 primes per slot
cache_trace node 1: piece (1, 2) of 4 x 5, 138888890 + 111111112 limbs at 361111114, slots 2: A HIT B - | 2.445 s: redistribute 0.083 ntt 2.161 crt 0.008 out 0.111 carry 0.108 | partial: 4 primes per slot
cache_trace node 0: piece (1, 3) of 4 x 5, 138888890 + 111111112 limbs at 472222226, slots 2: A HIT B - | 2.753 s: redistribute 0.079 ntt 2.572 crt 0.010 out 0.065 carry 0.063 | partial: 4 primes per slot
cache_trace node 1: piece (1, 3) of 4 x 5, 138888890 + 111111112 limbs at 472222226, slots 2: A HIT B - | 2.753 s: redistribute 0.077 ntt 2.578 crt 0.009 out 0.070 carry 0.063 | partial: 4 primes per slot
cache_trace node 0: piece (2, 0) of 4 x 5, 138888890 + 111111112 limbs at 277777780, slots 2: A cached B HIT | 3.344 s: redistribute 0.085 ntt 3.092 crt 0.008 out 0.128 carry 0.050 | partial: 4 primes per slot
cache_trace node 1: piece (2, 0) of 4 x 5, 138888890 + 111111112 limbs at 277777780, slots 2: A cached B HIT | 3.344 s: redistribute 0.082 ntt 3.101 crt 0.006 out 0.124 carry 0.050 | partial: 4 primes per slot
cache_trace node 0: piece (2, 1) of 4 x 5, 138888890 + 111111112 limbs at 388888892, slots 2: A HIT B - | 2.447 s: redistribute 0.071 ntt 2.207 crt 0.009 out 0.088 carry 0.089 | partial: 4 primes per slot
cache_trace node 1: piece (2, 1) of 4 x 5, 138888890 + 111111112 limbs at 388888892, slots 2: A HIT B - | 2.447 s: redistribute 0.073 ntt 2.206 crt 0.010 out 0.086 carry 0.089 | partial: 4 primes per slot
cache_trace node 0: piece (2, 2) of 4 x 5, 138888890 + 111111112 limbs at 500000004, slots 2: A HIT B - | 2.501 s: redistribute 0.094 ntt 2.318 crt 0.006 out 0.057 carry 0.048 | partial: 4 primes per slot
cache_trace node 1: piece (2, 2) of 4 x 5, 138888890 + 111111112 limbs at 500000004, slots 2: A HIT B - | 2.501 s: redistribute 0.092 ntt 2.323 crt 0.008 out 0.052 carry 0.048 | partial: 4 primes per slot
cache_trace node 0: piece (3, 0) of 4 x 5, 138888887 + 111111112 limbs at 416666670, slots 2: A cached B HIT | 2.431 s: redistribute 0.091 ntt 2.161 crt 0.009 out 0.082 carry 0.111 | partial: 4 primes per slot
cache_trace node 1: piece (3, 0) of 4 x 5, 138888887 + 111111112 limbs at 416666670, slots 2: A cached B HIT | 2.431 s: redistribute 0.088 ntt 2.166 crt 0.009 out 0.081 carry 0.111 | partial: 4 primes per slot
cache_trace node 0: piece (3, 1) of 4 x 5, 138888887 + 111111112 limbs at 527777782, slots 2: A HIT B - | 2.713 s: redistribute 0.056 ntt 2.606 crt 0.009 out 0.025 carry 0.027 | partial: 4 primes per slot
dist_mn node 0: 555555557 x 555555560 limbs over 2 x 4 ranks (cap 2^28): 4 x 5 pieces, 14 formed, 6 skipped (low product) (cache 2 slots of 4 primes, partial: 45 hits, 23 misses)
cache_trace node 1: piece (3, 1) of 4 x 5, 138888887 + 111111112 limbs at 527777782, slots 2: A HIT B - | 2.713 s: redistribute 0.058 ntt 2.604 crt 0.009 out 0.030 carry 0.027 | partial: 4 primes per slot
dist_mn node 1: 555555557 x 555555560 limbs over 2 x 4 ranks (cap 2^28): 4 x 5 pieces, 14 formed, 6 skipped (low product) (cache 2 slots of 4 primes, partial: 45 hits, 23 misses)
   transform cache (RNS_DIST_CACHE_PARTIAL): 8 grid products, 8 with slots (planes per product: max 8, mean 6.50), the largest 2.15 GB per APU from the block pool, no growth
   transform cache (RNS_DIST_CACHE_PARTIAL): 8 grid products, 8 with slots (planes per product: max 8, mean 6.50), the largest 2.15 GB per APU from the block pool, no growth
divmod(mn) 159.54 s: reciprocal 78.21 (products 74.03), S = P + Q 0.87, A mu + shift 43.86, X Q + window 36.51, corrections 0.03 (0), R residues 0.07; division products 78.87 s; shifts 68/4.98 s, addsub 24/0.15 s
scratch(mn): mdb_shift slabs 4.444 GB per node-process at most (MDB_SHIFT_CHUNK_MB=1024), window temporaries T + rbO 4.370 GB (MN_T_CHUNK_MB=1024)
mn: node 0: dm over 2 nodes 159.54 s (reciprocal 78.21), X 555555557 limbs, sharded
mn: node 1: dm over 2 nodes 159.54 s (reciprocal 78.21), X 555555557 limbs, sharded; to the output stage
bs       46.59 s   N 1158787585, P 555555560 limbs, Q 555555560 limbs (seeds 0.0 school 0.0 batch 4.5 mdev 0.0; pool 5.0 GB; dev pools 0.0 GB)   VmRSS 22.6 GB, VmHWM 22.6 GB
RESULT ecalc bs s 46.5904
mem[0] [bs] device 50.6 GB in use (per APU 11.0..17.5): planes 17.2, regions 0.0, block pool 32.2 (donated 0.0, borrowed 32.2, hipMalloc 0.0; live 2.2, peak live 22.3, free 30.0), tables 1.22, other 0.0
mem[0] [bs] host 22.6 GB RSS (HWM 22.6): staging 4.3 pinned, registered 0.0, X 0.0, digits 0.0, named 0.0, other 18.3
mem[0] [bs]   APU0: in use 17.5 GB: planes 4.29 pool:borrowed 12.88 pool:live 0.56 pool:free 12.33 pool:peak-live 5.57 tables 0.30  (driver: 39.6 of 137.4 GB used)
mem[0] [bs]   APU1: in use 11.0 GB: planes 4.29 pool:borrowed 6.44 pool:live 0.56 pool:free 5.89 pool:peak-live 5.57 tables 0.30  (driver: 26.7 of 137.4 GB used)
mem[0] [bs]   APU2: in use 11.0 GB: planes 4.29 pool:borrowed 6.44 pool:live 0.56 pool:free 5.89 pool:peak-live 5.57 tables 0.31  (driver: 26.7 of 137.4 GB used)
mem[0] [bs]   APU3: in use 11.0 GB: planes 4.29 pool:borrowed 6.44 pool:live 0.56 pool:free 5.89 pool:peak-live 5.57 tables 0.30  (driver: 26.7 of 137.4 GB used)
recip    78.21 s   (over 2 nodes; 29 iterations)
10dP      0.00 s   (S = P + Q over shares, inside dm)
RESULT ecalc 10dP s 0
dm      159.54 s   X 555555557 limbs (recip 78.2 s; corrections 0/0; over 2 nodes)   VmRSS 22.6 GB, VmHWM 22.6 GB
RESULT ecalc dm s 159.536
mn: node 0: X share [0, 277777778) of 555555557 limbs on the device (the distributed division's)
mn: node 1: X share [277777778, 555555557) of 555555557 limbs on the device (the distributed division's)
mn: node 0: T1        0.07 s   ok: T(P+Q) == XQ + R and P, Q mod q for 8 primes (P, Q recurrence over this node's terms, overlapped with bs; joined over the nodes)
mn: node 0:       overlapped with bs: P, Q mod q recurrence 1.03 s, block pool pregrown by 0 GB in 0.00 s
mn: node 0:       VmRSS 22.6 GB before dc
mn: node 1: T1        0.07 s   ok: T(P+Q) == XQ + R and P, Q mod q for 8 primes (P, Q recurrence over this node's terms, overlapped with bs; joined over the nodes)
mn: node 1:       overlapped with bs: P, Q mod q recurrence 1.08 s, block pool pregrown by 0 GB in 0.00 s
mn: node 1:       VmRSS 27.0 GB before dc
mn: node 0:       the part file started in the division (MN_OUT_EARLY): its writer ran 1.05 s, joined after 0.00 s here
mn: node 1:       the part file started in the division (MN_OUT_EARLY): its writer ran 1.42 s, joined after 0.00 s here
mn: node 0:       patch: X +0 after the formatting started (ECALC_CORR_PATCH): nothing to patch; 0 deferred windows; 0.002 s
mn: node 0: dc        0.02 s   digits [5000000005, 10000000009) of 10000000009 formatted from 277777778 decimal limbs in 19 chunks (residues 0.00, format 0.13, digit residue 0.31, T2 0.00, fetch 0.08, waiting for the writer 0.50)
mn: node 0: T2        0.00 s   windows ok (0 checked on this node), digits == X mod q ok
mn: node 0: digits: 47329977426968671005186835658995918489734436742905921433796789...56994816931502679526 (this node's range)
total   214.14 s   (bs 46.6 + 10dP 0.0 + dm 159.5 + T1 0.1 + dc 0.0 + T2 0.0 = 206.2; init 7.9; other 0.0); VmHWM 22.5 GB
RESULT ecalc total s 214.137
mn: node 1:       patch: X +0 after the formatting started (ECALC_CORR_PATCH): nothing to patch; 0 deferred windows; 0.003 s
mn: node 1: dc        0.02 s   digits [0, 5000000005) of 10000000009 formatted from 277777779 decimal limbs in 19 chunks (residues 0.00, format 0.11, digit residue 0.31, T2 0.35, fetch 0.05, waiting for the writer 0.56)
mn: node 1: T2        0.00 s   windows ok (4 checked on this node), digits == X mod q ok
mn: node 1: digits: 27182818284590452353602874713526624977572470936999595749669676... (this node's range)
mn: node 1: wrote /tmp/pc15/pc_r2.txt.part0000 (2.22 GB; write 1.05 s in the writer thread, 0.00 s after the checks)
mn: node 1: VERIFY OK
RESULT ecalc phases s 206.218
RESULT ecalc other s 0.0116509
RESULT ecalc vmhwm GB 22.5163
paper A22 (4e10): 285.7 = bs 112.2 + 10dP 12.6 + dm 46.8 + T1 ~3 + dc 110.3
mn: node 0: wrote /tmp/pc15/pc_r2.txt.part0001 (2.22 GB; write 1.04 s in the writer thread, 0.00 s after the checks)
mn: node 0: VERIFY OK
mn: all 2 nodes: VERIFY OK
mem[0] [end] device 18.4 GB in use (per APU 4.6..4.6): planes 17.2, regions 0.0, block pool 0.0 (donated 0.0, borrowed 0.0, hipMalloc 0.0; live 0.0, peak live 22.3, free 0.0), tables 1.22, other 0.0
mem[0] [end] host 22.1 GB RSS (HWM 22.5): staging 4.3 pinned, registered 0.0, X 0.0, digits 0.0, named 0.0, other 17.8
mem[0] [end]   APU0: in use 4.6 GB: planes 4.29 pool:peak-live 5.57 tables 0.30  (driver: 39.6 of 137.4 GB used)
mem[0] [end]   APU1: in use 4.6 GB: planes 4.29 pool:peak-live 5.57 tables 0.30  (driver: 26.7 of 137.4 GB used)
mem[0] [end]   APU2: in use 4.6 GB: planes 4.29 pool:peak-live 5.57 tables 0.31  (driver: 26.7 of 137.4 GB used)
mem[0] [end]   APU3: in use 4.6 GB: planes 4.29 pool:peak-live 5.57 tables 0.30  (driver: 26.7 of 137.4 GB used)
mem[0] summary: bytes in use at each phase boundary, GB (device: all APUs / largest APU; host: this process)
mem[0] phase           device  maxAPU |  planes regions  pl:don  pl:bor  pl:hip pl:live pl:peak tables |    host staging  regist       X  digits   other     HWM
mem[0] init              42.0    15.3 |     8.6     0.0     0.0    32.2     0.0     0.0     0.0   1.22 |     8.8     4.3     0.0     0.0     0.0     4.5    11.7
mem[0] tree              50.6    17.5 |    17.2     0.0     0.0    32.2     0.0     4.4    19.2   1.22 |    13.1     4.3     0.0     0.0     0.0     8.8    13.1
mem[0] bs                50.6    17.5 |    17.2     0.0     0.0    32.2     0.0     2.2    22.3   1.22 |    22.6     4.3     0.0     0.0     0.0    18.3    22.6
mem[0] end               18.4     4.6 |    17.2     0.0     0.0     0.0     0.0     0.0    22.3   1.22 |    22.1     4.3     0.0     0.0     0.0    17.8    22.5
mem[1] [released] device 1.2 GB in use (per APU 0.3..0.3): planes 0.0, regions 0.0, block pool 0.0 (donated 0.0, borrowed 0.0, hipMalloc 0.0; live 0.0, peak live 22.7, free 0.0), tables 1.23, other 0.0
mem[1] [released] host 22.2 GB RSS (HWM 27.0): staging 0.0 pinned, registered 0.0, X 0.0, digits 0.0, named 0.0, other 22.2
mem[1] [released]   APU0: in use 0.3 GB: pool:peak-live 5.68 tables 0.31  (driver: 18.1 of 137.4 GB used)
mem[1] [released]   APU1: in use 0.3 GB: pool:peak-live 5.68 tables 0.31  (driver: 11.6 of 137.4 GB used)
mem[1] [released]   APU2: in use 0.3 GB: pool:peak-live 5.68 tables 0.31  (driver: 11.7 of 137.4 GB used)
mem[1] [released]   APU3: in use 0.3 GB: pool:peak-live 5.68 tables 0.31  (driver: 11.7 of 137.4 GB used)
mem[1] summary: bytes in use at each phase boundary, GB (device: all APUs / largest APU; host: this process)
mem[1] phase           device  maxAPU |  planes regions  pl:don  pl:bor  pl:hip pl:live pl:peak tables |    host staging  regist       X  digits   other     HWM
mem[1] init              42.0    15.3 |     8.6     0.0     0.0    32.2     0.0     0.0     0.0   1.23 |     8.8     4.3     0.0     0.0     0.0     4.5    11.6
mem[1] tree              67.8    21.8 |    34.4     0.0     0.0    32.2     0.0     4.4    20.2   1.23 |    13.3     4.3     0.0     0.0     0.0     9.0    13.3
mem[1] released           1.2     0.3 |     0.0     0.0     0.0     0.0     0.0     0.0    22.7   1.23 |    22.2     0.0     0.0     0.0     0.0    22.2    27.0
rns_dist: RNS_STRATEGY=auto form B: C 0 products 0.00 s, B 30 products 0.04 s, B4 0 products 0.00 s; extra plane memory 0.00 GiB/APU (allocations 0.00 s)
rns_dist: RNS_STRATEGY=auto form B: C 0 products 0.00 s, B 30 products 0.03 s, B4 0 products 0.00 s; extra plane memory 0.00 GiB/APU (allocations 0.00 s)
