== mnaccept: job 21794 on ppac-pl1-s24-16, 2026-09-29T00:10:50-05:00, 844eb92 PC: tests/pc_j5.sh (t_mn_grid forced partial / P24 at 2, 3, 4 procs; cx_grid at 4 procs); ref /shared/prerelease/home/mpo_2026/chcoppola/ntt-PC15/ecalc/ref ==
PASS unit t_ntt 24: t_ntt: VERIFY OK (3215 checks)
PASS unit t_mul 20: t_mul: VERIFY OK (189 checks)
PASS unit t_bs: t_bs: VERIFY OK (10 checks)
PASS unit t_dbig 0: t_dbig: VERIFY OK (555 checks)
PASS unit t_newton 20: t_newton: VERIFY OK (620 checks)
PASS unit t_verify: t_verify: VERIFY OK (334 checks)
PASS unit t_out: t_out: VERIFY OK (1 checks)
PASS unit t_patch: t_patch: VERIFY OK (both forms)
PASS unit t_mn_grid (2 procs): 2 VERIFY OK: t_mn_grid: VERIFY OK (200 checks)
PASS e9 size 1 LIMB_BASE=10: identical; total 11.22 s (bs 1.3 + 10dP 0.1 + dm 1.
PASS e9 size 1 LIMB_BASE=2: identical; total 20.80 s (bs 1.1 + 10dP 0.4 + dm 2.
PASS mn e8 size 2: identical; all 2 nodes VERIFY OK; total 7.89 s (bs 0.8 + 10dP 0.0 + dm 3.4
PASS mn e8 size 3: identical; all 3 nodes VERIFY OK; total 9.10 s (bs 1.3 + 10dP 0.0 + dm 3.3
PASS mn e8 size 4: identical; all 4 nodes VERIFY OK; total 7.66 s (bs 0.9 + 10dP 0.0 + dm 3.1
PASS mn e9 size 2: identical; all 2 nodes VERIFY OK; total 19.26 s (bs 2.9 + 10dP 0.0 + dm 11
PASS mn e9 size 4: identical; all 4 nodes VERIFY OK; total 15.71 s (bs 3.0 + 10dP 0.0 + dm 7.
PASS corr d=511461828 size 1 TEST_CORR=14: identical; patched (8 bytes in 1 part file); total 7.31 s (bs 0.8 + 10dP 0.0 + dm 1.6; ECALC_RECHECK=1 on the patched file: RECHECK OK
PASS corr d=108388422 size 2 TEST_CORR=36: identical; patched (8 bytes in 1 part file); total 8.46 s (bs 0.9 + 10dP 0.0 + dm 3.8
PASS corr d=108388422 size 4 TEST_CORR=36: identical; patched (8 bytes in 1 part file); total 8.21 s (bs 1.0 + 10dP 0.0 + dm 3.7
== 19 passed, 0 failed; 1473 s; 844eb92; logs in results/mnaccept/21794 ==
