dbtrace: P 1
dbtrace: V 3 68719476736 2147483648 32 97 0
dbtrace: V 0 83751862272 2147483648 39 118 1
dbtrace: V 1 68719476736 2147483648 32 97 2
dbtrace: V 2 68719476736 2147483648 32 97 3
dbtrace: I 0 0 41072721920 1
dbtrace: I 1 0 30805065728 2
dbtrace: I 2 0 30805065728 3
dbtrace: I 3 0 27936161792 0
dbtrace: A 0 3906142208 0 1
dbtrace: A 1 3906142208 0 2
dbtrace: A 2 3906142208 0 3
dbtrace: A 3 3906142208 0 0
dbtrace: A 0 3906142208 3906142208 1
dbtrace: A 1 3906142208 3906142208 2
dbtrace: A 2 3906142208 3906142208 3
dbtrace: A 3 3906142208 3906142208 0
dbtrace: A 0 4163141632 7812284416 1
dbtrace: A 1 4163141632 7812284416 2
dbtrace: A 2 4163141632 7812284416 3
dbtrace: A 3 4163141632 7812284416 0
dbtrace: A 0 4163141632 11975426048 1
dbtrace: A 1 4163141632 11975426048 2
dbtrace: A 2 4163141632 11975426048 3
dbtrace: A 3 4163141632 11975426048 0
dbtrace: A 0 3041853440 16138567680 1
dbtrace: A 1 3041853440 16138567680 2
dbtrace: A 2 3041853440 16138567680 3
dbtrace: A 3 3041853440 16138567680 0
dbtrace: A 0 3041853440 19180421120 1
dbtrace: A 1 3041853440 19180421120 2
dbtrace: A 2 3041853440 19180421120 3
dbtrace: A 3 3041853440 19180421120 0
dbtrace: I 0 41072721920 42679140352 1
dbtrace: T 0 61182312448 22569549824 14105936000
dbtrace: I 1 30805065728 37914411008 2
dbtrace: T 1 46149926912 22569549824 14105936000
dbtrace: I 2 30805065728 37914411008 3
dbtrace: T 2 46149926912 22569549824 14105936000
dbtrace: I 3 27936161792 40783314944 0
dbtrace: T 3 46149926912 22569549824 14105936000
dbtrace: A 0 8069283840 22222274560 1
dbtrace: A 1 8069283840 22222274560 2
dbtrace: A 2 8069283840 22222274560 3
dbtrace: A 3 8069283840 22222274560 0
dbtrace: A 0 4034658304 30291558400 1
dbtrace: A 1 4034658304 30291558400 2
dbtrace: A 2 4034658304 30291558400 3
dbtrace: A 3 4034658304 30291558400 0
dbtrace: F 0 30291558400 4034658304
dbtrace: F 1 30291558400 4034658304
dbtrace: F 2 30291558400 4034658304
dbtrace: F 3 30291558400 4034658304
dbtrace: F 0 0 3906142208
dbtrace: F 1 0 3906142208
dbtrace: F 2 0 3906142208
dbtrace: F 3 0 3906142208
dbtrace: F 0 7812284416 4163141632
dbtrace: F 1 7812284416 4163141632
dbtrace: F 2 7812284416 4163141632
dbtrace: F 3 7812284416 4163141632
dbtrace: A 0 8069283840 30291558400 1
dbtrace: A 1 8069283840 30291558400 2
dbtrace: A 2 8069283840 30291558400 3
dbtrace: A 3 8069283840 30291558400 0
dbtrace: A 0 4034658304 7812284416 1
dbtrace: A 1 4034658304 7812284416 2
dbtrace: A 2 4034658304 7812284416 3
dbtrace: A 3 4034658304 7812284416 0
dbtrace: F 0 7812284416 4034658304
dbtrace: F 1 7812284416 4034658304
dbtrace: F 2 7812284416 4034658304
dbtrace: F 3 7812284416 4034658304
dbtrace: F 0 3906142208 3906142208
dbtrace: F 1 3906142208 3906142208
dbtrace: F 2 3906142208 3906142208
dbtrace: F 3 3906142208 3906142208
dbtrace: F 0 11975426048 4163141632
dbtrace: F 1 11975426048 4163141632
dbtrace: F 2 11975426048 4163141632
dbtrace: F 3 11975426048 4163141632
dbtrace: A 0 11111137280 0 1
dbtrace: A 1 11111137280 0 2
dbtrace: A 2 11111137280 0 3
dbtrace: A 3 11111137280 0 0
dbtrace: A 0 4210688000 11111137280 1
dbtrace: A 1 4210688000 11111137280 2
dbtrace: A 2 4210688000 11111137280 3
dbtrace: A 3 4210688000 11111137280 0
dbtrace: F 0 11111137280 4210688000
dbtrace: F 1 11111137280 4210688000
dbtrace: F 2 11111137280 4210688000
dbtrace: F 3 11111137280 4210688000
dbtrace: F 0 22222274560 8069283840
dbtrace: F 1 22222274560 8069283840
dbtrace: F 2 22222274560 8069283840
dbtrace: F 3 22222274560 8069283840
dbtrace: F 0 16138567680 3041853440
dbtrace: F 1 16138567680 3041853440
dbtrace: F 2 16138567680 3041853440
dbtrace: F 3 16138567680 3041853440
dbtrace: A 0 11111137280 38360842240 1
dbtrace: A 1 11111137280 57608339456 2
dbtrace: A 2 11111137280 57608339456 3
dbtrace: A 3 11111137280 57608339456 0
dbtrace: A 0 4210688000 11111137280 1
dbtrace: A 1 4210688000 38360842240 2
dbtrace: A 2 4210688000 38360842240 3
dbtrace: A 3 4210688000 38360842240 0
dbtrace: F 0 11111137280 4210688000
dbtrace: F 1 38360842240 4210688000
dbtrace: F 2 38360842240 4210688000
dbtrace: F 3 38360842240 4210688000
dbtrace: F 0 30291558400 8069283840
dbtrace: F 1 30291558400 8069283840
dbtrace: F 2 30291558400 8069283840
dbtrace: F 3 30291558400 8069283840
dbtrace: F 0 19180421120 3041853440
dbtrace: F 1 19180421120 3041853440
dbtrace: F 2 19180421120 3041853440
dbtrace: F 3 19180421120 3041853440
dbtrace: P 2
dbtrace: A 0 32768 49471979520 1
dbtrace: A 1 32768 11111137280 2
dbtrace: A 2 32768 11111137280 3
dbtrace: A 3 32768 11111137280 0
dbtrace: A 0 16666689536 67085172736 1
dbtrace: A 1 16666689536 29483237376 2
dbtrace: A 2 16666689536 29483237376 3
dbtrace: A 3 16666689536 29483237376 0
dbtrace: N 1
dbtrace: A 0 5555585024 61529587712 1
dbtrace: A 1 5555585024 52052754432 2
dbtrace: A 2 5555585024 52052754432 3
dbtrace: A 3 5555585024 52052754432 0
dbtrace: F 0 49471979520 32768
dbtrace: F 1 11111137280 32768
dbtrace: F 2 11111137280 32768
dbtrace: F 3 11111137280 32768
dbtrace: N 0
dbtrace: A 0 11111137280 49471979520 1
dbtrace: A 1 11111137280 11111137280 2
dbtrace: A 2 11111137280 11111137280 3
dbtrace: A 3 11111137280 11111137280 0
dbtrace: A 0 4166680576 11111137280 1
dbtrace: A 1 4166680576 22222274560 2
dbtrace: A 2 4166680576 22222274560 3
dbtrace: A 3 4166680576 22222274560 0
dbtrace: F 0 11111137280 4166680576
dbtrace: F 1 22222274560 4166680576
dbtrace: F 2 22222274560 4166680576
dbtrace: F 3 22222274560 4166680576
dbtrace: A 0 4166680576 11111137280 1
dbtrace: A 1 4166680576 22222274560 2
dbtrace: A 2 4166680576 22222274560 3
dbtrace: A 3 4166680576 22222274560 0
dbtrace: F 0 11111137280 4166680576
dbtrace: F 1 22222274560 4166680576
dbtrace: F 2 22222274560 4166680576
dbtrace: F 3 22222274560 4166680576
dbtrace: A 0 4074078208 11111137280 1
dbtrace: A 1 4074078208 22222274560 2
dbtrace: A 2 4074078208 22222274560 3
dbtrace: A 3 4074078208 22222274560 0
dbtrace: F 0 11111137280 4074078208
dbtrace: F 1 22222274560 4074078208
dbtrace: F 2 22222274560 4074078208
dbtrace: F 3 22222274560 4074078208
dbtrace: A 0 4166680576 11111137280 1
dbtrace: A 1 4166680576 22222274560 2
dbtrace: A 2 4166680576 22222274560 3
dbtrace: A 3 4166680576 22222274560 0
dbtrace: F 0 11111137280 4166680576
dbtrace: F 1 22222274560 4166680576
dbtrace: F 2 22222274560 4166680576
dbtrace: F 3 22222274560 4166680576
dbtrace: F 0 61529587712 5555585024
dbtrace: F 1 52052754432 5555585024
dbtrace: F 2 52052754432 5555585024
dbtrace: F 3 52052754432 5555585024
dbtrace: F 0 67085172736 16666689536
dbtrace: F 1 29483237376 16666689536
dbtrace: F 2 29483237376 16666689536
dbtrace: F 3 29483237376 16666689536
dbtrace: A 0 11111137280 11111137280 1
dbtrace: A 1 11111137280 22222274560 2
dbtrace: A 2 11111137280 22222274560 3
dbtrace: A 3 11111137280 22222274560 0
dbtrace: F 0 49471979520 11111137280
dbtrace: F 1 11111137280 11111137280
dbtrace: F 2 11111137280 11111137280
dbtrace: F 3 11111137280 11111137280
dbtrace: A 0 22222241792 61529620480 1
dbtrace: A 1 22222241792 35386097664 2
dbtrace: A 2 22222241792 35386097664 3
dbtrace: A 3 22222241792 35386097664 0
dbtrace: A 0 4074078208 49471979520 1
dbtrace: A 1 4074078208 11111137280 2
dbtrace: A 2 4074078208 11111137280 3
dbtrace: A 3 4074078208 11111137280 0
dbtrace: F 0 49471979520 4074078208
dbtrace: F 1 11111137280 4074078208
dbtrace: F 2 11111137280 4074078208
dbtrace: F 3 11111137280 4074078208
dbtrace: F 0 11111137280 11111137280
dbtrace: F 1 22222274560 11111137280
dbtrace: F 2 22222274560 11111137280
dbtrace: F 3 22222274560 11111137280
dbtrace: A 0 11111137280 49471979520 1
dbtrace: A 1 11111137280 11111137280 2
dbtrace: A 2 11111137280 11111137280 3
dbtrace: A 3 11111137280 11111137280 0
dbtrace: F 0 61529620480 22222241792
dbtrace: F 1 35386097664 22222241792
dbtrace: F 2 35386097664 22222241792
dbtrace: F 3 35386097664 22222241792
dbtrace: A 0 11111137280 11111137280 1
dbtrace: A 1 11111137280 22222274560 2
dbtrace: A 2 11111137280 22222274560 3
dbtrace: A 3 11111137280 22222274560 0
dbtrace: F 0 0 11111137280
dbtrace: F 1 0 11111137280
dbtrace: F 2 0 11111137280
dbtrace: F 3 0 11111137280
dbtrace: A 0 22222241792 61529620480 1
dbtrace: A 1 22222241792 35386097664 2
dbtrace: A 2 22222241792 35386097664 3
dbtrace: A 3 22222241792 35386097664 0
dbtrace: A 0 4074078208 0 1
dbtrace: A 1 4074078208 0 2
dbtrace: A 2 4074078208 0 3
dbtrace: A 3 4074078208 0 0
dbtrace: F 0 0 4074078208
dbtrace: F 1 0 4074078208
dbtrace: F 2 0 4074078208
dbtrace: F 3 0 4074078208
dbtrace: F 0 61529620480 22222241792
dbtrace: F 1 35386097664 22222241792
dbtrace: F 2 35386097664 22222241792
dbtrace: F 3 35386097664 22222241792
dbtrace: F 0 11111137280 11111137280
dbtrace: F 1 22222274560 11111137280
dbtrace: F 2 22222274560 11111137280
dbtrace: F 3 22222274560 11111137280
dbtrace: F 0 38360842240 11111137280
dbtrace: F 1 57608339456 11111137280
dbtrace: F 2 57608339456 11111137280
dbtrace: F 3 57608339456 11111137280
dbtrace: F 0 49471979520 11111137280
dbtrace: F 1 11111137280 11111137280
dbtrace: F 2 11111137280 11111137280
dbtrace: F 3 11111137280 11111137280
