== AS run q4on: 40000000000 nw, env: BS_ARENA_ROOM=0.16; job 21626 on ppac-pl1-s24-26, clone at 1667150, 2026-09-27 18:09:56 CDT
== ecalc: e to 40000000000 digits (decimal limbs, base 10^18) [computed to the next multiple of 18] ==
META bench=ecalc host=ppac-pl1-s24-26 date=2026-09-27T18:09:56 pool_log=31 stg=7 pw_fuse=14 body=1 engine=1 base=10^18
ECALC_PLANE_CAP: 2^31 points (POOL_LOG=31 RNS_PLANES_3Q30=0 DIST_LOGN_TEST=31)
rns_init: three primes (ECALC_NP=3): c 2^44 + 1, c = 240, 216, 207; at most 58424467928 terms per product
dbig pool: APU3 VMM arena 30.06 GB = 14 chunks of 2.00 GiB, the first 6 mapped in 2.71 s (0.211 s/GB), the rest in the background, VA 92.3 GB reserved at 0x76bdcb600000
dbig pool: APU2 VMM arena 30.06 GB = 14 chunks of 2.00 GiB, the first 7 mapped in 4.91 s (0.327 s/GB), the rest in the background, VA 92.3 GB reserved at 0x76d34b800000
dbig pool: APU1 VMM arena 42.95 GB = 20 chunks of 2.00 GiB, the first 10 mapped in 5.44 s (0.253 s/GB), the rest in the background, VA 131.0 GB reserved at 0x77074bc00000
dbig pool: APU0 VMM arena 42.95 GB = 20 chunks of 2.00 GiB, the first 10 mapped in 5.86 s (0.273 s/GB), the rest in the background, VA 131.0 GB reserved at 0x76e8cba00000
bs: arenas 146.0 GB allocated in 5.86 s (layout pass 0.11 s; dm extra 14.9 GB, tails 36.1 GB)
      init: region pools 5.97 s (inside rns_init, before the plane pools: the seeds stream into them)
      init: rns_init 11.48 s, region pools 0.00 s, the rest 0.00 s
RESULT ecalc init s 11.4823
      VmRSS 24.2 GB after init (staging 4.3 GB pinned + device regions 146 GB); init 11.5 s
mem [init] device 249.7 GB in use (per APU 56.0..68.9): planes 103.1, regions 75.2, block pool 70.9 (donated 0.0, borrowed 70.9, hipMalloc 0.0; live 0.0, peak live 0.0, free 0.0), tables 0.61, other 0.0
mem [init] host 24.2 GB RSS (HWM 24.2): staging 21.5 pinned, registered 0.0, X 0.0, digits 0.0, named 0.0, other 2.7
budget: rank 0: peak 274.3 GB (device 249.7, host 24.6), still to take 0.0 GB | node of 1 rank: peaks 274.3 of 480 GB, to take 0.0 of MemAvailable 329.0 GB | rank share 480.0 GB
budget: ECALC_BUDGET_CHECK ok: 1 rank, largest rank peak 274.3 GB, node budget 480 GB
bs: seeds were computed during init (14.21 s: buffers 1.58 + 0.12, spans 7.07, waited 2.43 for the regions, 0.34 for the DMA, 2.68 issuing it (max 1.02); 8 chunks of 8191 MB, 8 through a buffer, the rest stored into the regions; BI_MUL1_FAST=1)
bs: 4346031744 terms, 18184234 spans of 239, seeds 8.03 s (waiting for the init thread)
dbig pool: APU0 VMM arena: the background thread mapped chunks 0..19 in 5.30 s
dbig pool: APU1 VMM arena: the background thread mapped chunks 0..19 in 7.91 s
bs:   layout 0.388  batch 1.561  add+norm 0.054
bs: level  1 batch   9092117 pairs  max_nl        128  pool  35.73 GB  2.00 s  (batch 1.25: scatter 0.12 ntt 0.59 crt 0.07 merge 0.03)
live: bs level 1 batch               pool live 0.00 0.00 0.00 0.00 | window peak 0.00 0.00 0.00 0.00 | pool 0.00 0.00 0.00 0.00 GB per APU; peak/pool 0.0 %; MemAvailable 267.8 GB, Cached 0.6 GB
bs:   layout 0.146  batch 0.687  add+norm 0.026
bs: level  2 batch   4546058 pairs  max_nl        256  pool  35.65 GB  0.86 s  (batch 0.53: scatter 0.05 ntt 0.26 crt 0.07 merge 0.01)
live: bs level 2 batch               pool live 0.00 0.00 0.00 0.00 | window peak 0.00 0.00 0.00 0.00 | pool 0.00 0.00 0.00 0.00 GB per APU; peak/pool 0.0 %; MemAvailable 268.4 GB, Cached 0.6 GB
bs:   layout 0.061  batch 0.382  add+norm 0.013
bs: level  3 batch   2273029 pairs  max_nl        512  pool  35.60 GB  0.46 s  (batch 0.30: scatter 0.03 ntt 0.13 crt 0.07 merge 0.01)
live: bs level 3 batch               pool live 0.00 0.00 0.00 0.00 | window peak 0.00 0.00 0.00 0.00 | pool 0.00 0.00 0.00 0.00 GB per APU; peak/pool 0.0 %; MemAvailable 268.8 GB, Cached 0.6 GB
bs:   layout 0.032  batch 0.309  add+norm 0.007
bs: level  4 batch   1136515 pairs  max_nl       1024  pool  35.58 GB  0.35 s  (batch 0.27: scatter 0.02 ntt 0.14 crt 0.07 merge 0.01)
live: bs level 4 batch               pool live 0.00 0.00 0.00 0.00 | window peak 0.00 0.00 0.00 0.00 | pool 0.00 0.00 0.00 0.00 GB per APU; peak/pool 0.0 %; MemAvailable 269.0 GB, Cached 0.6 GB
bs:   layout 0.017  batch 0.284  add+norm 0.004
bs: level  5 batch    568257 pairs  max_nl       2048  pool  35.57 GB  0.30 s  (batch 0.26: scatter 0.03 ntt 0.15 crt 0.07 merge 0.01)
live: bs level 5 batch               pool live 0.00 0.00 0.00 0.00 | window peak 0.00 0.00 0.00 0.00 | pool 0.00 0.00 0.00 0.00 GB per APU; peak/pool 0.0 %; MemAvailable 269.1 GB, Cached 0.6 GB
bs:   layout 0.008  batch 0.380  add+norm 0.002
bs: level  6 batch    284129 pairs  max_nl       4096  pool  35.56 GB  0.39 s  (batch 0.37: scatter 0.03 ntt 0.21 crt 0.07 merge 0.06)
live: bs level 6 batch               pool live 0.00 0.00 0.00 0.00 | window peak 0.00 0.00 0.00 0.00 | pool 0.00 0.00 0.00 0.00 GB per APU; peak/pool 0.0 %; MemAvailable 269.0 GB, Cached 0.6 GB
bs:   layout 0.004  batch 0.307  add+norm 0.001
bs: level  7 batch    142064 pairs  max_nl       8191  pool  35.56 GB  0.31 s  (batch 0.30: scatter 0.02 ntt 0.19 crt 0.07 merge 0.00)
live: bs level 7 batch               pool live 0.00 0.00 0.00 0.00 | window peak 0.00 0.00 0.00 0.00 | pool 0.00 0.00 0.00 0.00 GB per APU; peak/pool 0.0 %; MemAvailable 269.0 GB, Cached 0.6 GB
bs:   layout 0.004  batch 0.295  add+norm 0.001
bs: level  8 batch     71032 pairs  max_nl      16381  pool  35.56 GB  0.30 s  (batch 0.29: scatter 0.02 ntt 0.20 crt 0.07 merge 0.00)
live: bs level 8 batch               pool live 0.00 0.00 0.00 0.00 | window peak 0.00 0.00 0.00 0.00 | pool 0.00 0.00 0.00 0.00 GB per APU; peak/pool 0.0 %; MemAvailable 269.0 GB, Cached 0.6 GB
bs:   layout 0.001  batch 0.291  add+norm 0.000
bs: level  9 batch     35516 pairs  max_nl      32761  pool  35.56 GB  0.29 s  (batch 0.29: scatter 0.02 ntt 0.20 crt 0.07 merge 0.00)
live: bs level 9 batch               pool live 0.00 0.00 0.00 0.00 | window peak 0.00 0.00 0.00 0.00 | pool 0.00 0.00 0.00 0.00 GB per APU; peak/pool 0.0 %; MemAvailable 269.0 GB, Cached 0.6 GB
bs:   layout 0.000  batch 0.277  add+norm 0.000
bs: level 10 batch     17758 pairs  max_nl      65522  pool  35.56 GB  0.28 s  (batch 0.28: scatter 0.02 ntt 0.18 crt 0.07 merge 0.00)
live: bs level 10 batch              pool live 0.00 0.00 0.00 0.00 | window peak 0.00 0.00 0.00 0.00 | pool 0.00 0.00 0.00 0.00 GB per APU; peak/pool 0.0 %; MemAvailable 269.0 GB, Cached 0.6 GB
bs:   layout 0.001  batch 0.293  add+norm 0.000
bs: level 11 batch      8879 pairs  max_nl     131044  pool  35.56 GB  0.29 s  (batch 0.29: scatter 0.02 ntt 0.19 crt 0.08 merge 0.00)
live: bs level 11 batch              pool live 0.00 0.00 0.00 0.00 | window peak 0.00 0.00 0.00 0.00 | pool 0.00 0.00 0.00 0.00 GB per APU; peak/pool 0.0 %; MemAvailable 269.0 GB, Cached 0.6 GB
bs:   layout 0.000  batch 0.303  add+norm 0.000
bs: level 12 batch      4440 pairs  max_nl     262087  pool  35.56 GB  0.30 s  (batch 0.30: scatter 0.02 ntt 0.20 crt 0.08 merge 0.00)
live: bs level 12 batch              pool live 0.00 0.00 0.00 0.00 | window peak 0.00 0.00 0.00 0.00 | pool 0.00 0.00 0.00 0.00 GB per APU; peak/pool 0.0 %; MemAvailable 269.0 GB, Cached 0.6 GB
bs:   layout 0.001  batch 0.378  add+norm 0.000
bs: level 13 batch      2220 pairs  max_nl     524170  pool  35.56 GB  0.38 s  (batch 0.38: scatter 0.02 ntt 0.26 crt 0.10 merge 0.00)
live: bs level 13 batch              pool live 0.00 0.00 0.00 0.00 | window peak 0.00 0.00 0.00 0.00 | pool 0.00 0.00 0.00 0.00 GB per APU; peak/pool 0.0 %; MemAvailable 269.0 GB, Cached 0.6 GB
bs:   layout 0.000  batch 0.377  add+norm 0.000
bs: level 14 batch      1110 pairs  max_nl    1048324  pool  35.56 GB  0.38 s  (batch 0.38: scatter 0.02 ntt 0.27 crt 0.09 merge 0.00)
live: bs level 14 batch              pool live 0.00 0.00 0.00 0.00 | window peak 0.00 0.00 0.00 0.00 | pool 0.00 0.00 0.00 0.00 GB per APU; peak/pool 0.0 %; MemAvailable 269.0 GB, Cached 0.6 GB
bs:   layout 0.000  batch 0.388  add+norm 0.000
bs: level 15 batch       555 pairs  max_nl    2096584  pool  35.56 GB  0.39 s  (batch 0.39: scatter 0.02 ntt 0.28 crt 0.08 merge 0.00)
live: bs level 15 batch              pool live 0.00 0.00 0.00 0.00 | window peak 0.00 0.00 0.00 0.00 | pool 0.00 0.00 0.00 0.00 GB per APU; peak/pool 0.0 %; MemAvailable 269.0 GB, Cached 0.6 GB
bs:   layout 0.000  batch 0.383  add+norm 0.000
bs: level 16 batch       277 pairs  max_nl    4192911  pool  35.56 GB  0.38 s  (batch 0.38: scatter 0.02 ntt 0.28 crt 0.08 merge 0.00)
live: bs level 16 batch              pool live 0.00 0.00 0.00 0.00 | window peak 0.00 0.00 0.00 0.00 | pool 0.00 0.00 0.00 0.00 GB per APU; peak/pool 0.0 %; MemAvailable 269.0 GB, Cached 0.6 GB
bs:   layout 0.000  batch 0.386  add+norm 0.000
bs: level 17 batch       139 pairs  max_nl    8385481  pool  35.56 GB  0.39 s  (batch 0.39: scatter 0.02 ntt 0.29 crt 0.08 merge 0.00)
live: bs level 17 batch              pool live 0.00 0.00 0.00 0.00 | window peak 0.00 0.00 0.00 0.00 | pool 0.00 0.00 0.00 0.00 GB per APU; peak/pool 0.0 %; MemAvailable 269.0 GB, Cached 0.6 GB
bs:   layout 0.000  batch 0.378  add+norm 0.000
bs: level 18 batch        69 pairs  max_nl   16766848  pool  35.56 GB  0.38 s  (batch 0.38: scatter 0.02 ntt 0.28 crt 0.07 merge 0.00)
live: bs level 18 batch              pool live 0.00 0.00 0.00 0.00 | window peak 0.00 0.00 0.00 0.00 | pool 0.00 0.00 0.00 0.00 GB per APU; peak/pool 0.0 %; MemAvailable 269.0 GB, Cached 0.6 GB
bs:   layout 0.000  batch 0.393  add+norm 0.000
bs: level 19 batch        35 pairs  max_nl   33528178  pool  35.56 GB  0.39 s  (batch 0.39: scatter 0.02 ntt 0.29 crt 0.07 merge 0.00)
live: bs level 19 batch              pool live 0.00 0.00 0.00 0.00 | window peak 0.00 0.00 0.00 0.00 | pool 0.00 0.00 0.00 0.00 GB per APU; peak/pool 0.0 %; MemAvailable 269.0 GB, Cached 0.6 GB
bs:   layout 0.000  batch 0.515  add+norm 0.001
bs: level 20 batch        17 pairs  max_nl   66989332  pool  35.56 GB  0.52 s  (batch 0.51: scatter 0.03 ntt 0.40 crt 0.08 merge 0.00)
live: bs level 20 batch              pool live 0.00 0.00 0.00 0.00 | window peak 0.00 0.00 0.00 0.00 | pool 0.00 0.00 0.00 0.00 GB per APU; peak/pool 0.0 %; MemAvailable 269.0 GB, Cached 0.6 GB
bs:   layout 0.000  batch 0.684  add+norm 0.000
bs: level 21 batch         9 pairs  max_nl  133887034  pool  35.56 GB  0.68 s  (batch 0.68: scatter 0.11 ntt 0.48 crt 0.09 merge 0.00)
live: bs level 21 batch              pool live 0.00 0.00 0.00 0.00 | window peak 0.00 0.00 0.00 0.00 | pool 0.00 0.00 0.00 0.00 GB per APU; peak/pool 0.0 %; MemAvailable 269.0 GB, Cached 0.6 GB
bs:   layout 0.000  batch 0.959  add+norm 0.003
bs: level 22 batch         4 pairs  max_nl  266614348  pool  35.56 GB  0.96 s  (batch 0.96: scatter 0.23 ntt 0.69 crt 0.26 merge 0.00)
live: bs level 22 batch              pool live 0.00 0.00 0.00 0.00 | window peak 0.00 0.00 0.00 0.00 | pool 0.00 0.00 0.00 0.00 GB per APU; peak/pool 0.0 %; MemAvailable 269.0 GB, Cached 0.6 GB
bs:   layout 0.000  batch 1.109  add+norm 0.049
bs: level 23 batch         2 pairs  max_nl  531495177  pool  35.56 GB  1.16 s  (batch 1.11: scatter 0.29 ntt 0.82 crt 0.28 merge 0.01)
live: bs level 23 batch              pool live 0.00 0.00 0.00 0.00 | window peak 0.00 0.00 0.00 0.00 | pool 0.00 0.00 0.00 0.00 GB per APU; peak/pool 0.0 %; MemAvailable 269.0 GB, Cached 0.6 GB
dbig pool: APU2 VMM arena: the background thread mapped chunks 0..13 in 5.67 s
dbig pool: APU3 VMM arena: the background thread mapped chunks 0..13 in 1.89 s
bs: level 24 mdev          1 pairs  max_nl 1054771892  pool  35.56 GB  2.00 s  (batch 0.00: scatter 0.00 ntt 0.00 crt 0.00 merge 0.00)
live: bs level 24 mdev               pool live 8.89 8.89 8.89 8.89 | window peak 8.89 8.89 8.89 8.89 | pool 42.95 42.95 30.06 30.06 GB per APU; peak/pool 24.3 %; MemAvailable 268.0 GB, Cached 0.6 GB
bs: level 25 mdev          1 pairs  max_nl 2042485094  pool  35.56 GB  2.24 s  (batch 0.00: scatter 0.00 ntt 0.00 crt 0.00 merge 0.00)
live: bs level 25 mdev               pool live 8.89 8.89 8.89 8.89 | window peak 15.74 15.74 15.74 15.74 | pool 42.95 42.95 30.06 30.06 GB per APU; peak/pool 43.1 %; MemAvailable 268.0 GB, Cached 0.6 GB
bs       24.48 s   N 4346031744, P 2222222227 limbs, Q 2222222227 limbs (seeds 8.0 school 0.0 batch 12.1 mdev 4.2; pool 39.9 GB; dev pools 0.0 GB)   VmRSS 9.1 GB, VmHWM 26.0 GB
RESULT ecalc bs s 24.4808
mem [bs] device 249.7 GB in use (per APU 56.0..68.9): planes 103.1, regions 0.0, block pool 146.0 (donated 0.0, borrowed 146.0, hipMalloc 0.0; live 35.6, peak live 62.9, free 110.5), tables 0.61, other 0.0
mem [bs] host 9.1 GB RSS (HWM 26.0): staging 4.3 pinned, registered 0.1, X 0.0, digits 0.0, named 0.0, other 4.7
      I3: plane pool tails donated: 0.0 GB
live: recip(db) j 2 -> 3             pool live 22.22 22.22 22.22 22.22 | window peak 22.22 22.22 22.22 22.22 | pool 42.95 42.95 30.06 30.06 GB per APU; peak/pool 60.9 %; MemAvailable 270.2 GB, Cached 0.6 GB
live: recip(db) j 3 -> 5             pool live 22.22 22.22 22.22 22.22 | window peak 22.22 22.22 22.22 22.22 | pool 42.95 42.95 30.06 30.06 GB per APU; peak/pool 60.9 %; MemAvailable 270.2 GB, Cached 0.6 GB
live: recip(db) j 5 -> 9             pool live 22.22 22.22 22.22 22.22 | window peak 22.22 22.22 22.22 22.22 | pool 42.95 42.95 30.06 30.06 GB per APU; peak/pool 60.9 %; MemAvailable 270.2 GB, Cached 0.6 GB
live: recip(db) j 9 -> 17            pool live 22.22 22.22 22.22 22.22 | window peak 22.22 22.22 22.22 22.22 | pool 42.95 42.95 30.06 30.06 GB per APU; peak/pool 60.9 %; MemAvailable 270.2 GB, Cached 0.6 GB
live: recip(db) j 17 -> 34           pool live 22.22 22.22 22.22 22.22 | window peak 22.22 22.22 22.22 22.22 | pool 42.95 42.95 30.06 30.06 GB per APU; peak/pool 60.9 %; MemAvailable 270.2 GB, Cached 0.6 GB
live: recip(db) j 34 -> 67           pool live 22.22 22.22 22.22 22.22 | window peak 22.22 22.22 22.22 22.22 | pool 42.95 42.95 30.06 30.06 GB per APU; peak/pool 60.9 %; MemAvailable 270.2 GB, Cached 0.6 GB
live: recip(db) j 67 -> 133          pool live 22.22 22.22 22.22 22.22 | window peak 22.22 22.22 22.22 22.22 | pool 42.95 42.95 30.06 30.06 GB per APU; peak/pool 60.9 %; MemAvailable 270.2 GB, Cached 0.6 GB
live: recip(db) j 133 -> 265         pool live 22.22 22.22 22.22 22.22 | window peak 22.22 22.22 22.22 22.22 | pool 42.95 42.95 30.06 30.06 GB per APU; peak/pool 60.9 %; MemAvailable 270.2 GB, Cached 0.6 GB
live: recip(db) j 265 -> 530         pool live 22.22 22.22 22.22 22.22 | window peak 22.22 22.22 22.22 22.22 | pool 42.95 42.95 30.06 30.06 GB per APU; peak/pool 60.9 %; MemAvailable 270.2 GB, Cached 0.6 GB
live: recip(db) j 530 -> 1060        pool live 22.22 22.22 22.22 22.22 | window peak 22.22 22.22 22.22 22.22 | pool 42.95 42.95 30.06 30.06 GB per APU; peak/pool 60.9 %; MemAvailable 270.2 GB, Cached 0.6 GB
live: recip(db) j 1060 -> 2120       pool live 22.22 22.22 22.22 22.22 | window peak 22.22 22.22 22.22 22.22 | pool 42.95 42.95 30.06 30.06 GB per APU; peak/pool 60.9 %; MemAvailable 270.2 GB, Cached 0.6 GB
live: recip(db) j 2120 -> 4239       pool live 22.22 22.22 22.22 22.22 | window peak 22.22 22.22 22.22 22.22 | pool 42.95 42.95 30.06 30.06 GB per APU; peak/pool 60.9 %; MemAvailable 270.2 GB, Cached 0.6 GB
live: recip(db) j 4239 -> 8478       pool live 22.22 22.22 22.22 22.22 | window peak 22.22 22.22 22.22 22.22 | pool 42.95 42.95 30.06 30.06 GB per APU; peak/pool 60.9 %; MemAvailable 270.2 GB, Cached 0.6 GB
live: recip(db) j 8478 -> 16955      pool live 22.22 22.22 22.22 22.22 | window peak 22.22 22.22 22.22 22.22 | pool 42.95 42.95 30.06 30.06 GB per APU; peak/pool 60.9 %; MemAvailable 270.2 GB, Cached 0.6 GB
live: recip(db) j 16955 -> 33909     pool live 22.22 22.22 22.22 22.22 | window peak 22.22 22.22 22.22 22.22 | pool 42.95 42.95 30.06 30.06 GB per APU; peak/pool 60.9 %; MemAvailable 270.2 GB, Cached 0.6 GB
live: recip(db) j 33909 -> 67817     pool live 22.22 22.22 22.22 22.22 | window peak 22.22 22.22 22.22 22.22 | pool 42.95 42.95 30.06 30.06 GB per APU; peak/pool 60.9 %; MemAvailable 270.2 GB, Cached 0.6 GB
live: recip(db) j 67817 -> 135634    pool live 22.22 22.22 22.22 22.22 | window peak 22.22 22.22 22.22 22.22 | pool 42.95 42.95 30.06 30.06 GB per APU; peak/pool 60.9 %; MemAvailable 270.2 GB, Cached 0.6 GB
live: recip(db) j 135634 -> 271268   pool live 22.22 22.22 22.22 22.22 | window peak 22.22 22.22 22.22 22.22 | pool 42.95 42.95 30.06 30.06 GB per APU; peak/pool 60.9 %; MemAvailable 270.2 GB, Cached 0.6 GB
live: recip(db) j 271268 -> 542535   pool live 22.22 22.22 22.22 22.22 | window peak 22.22 22.22 22.22 22.22 | pool 42.95 42.95 30.06 30.06 GB per APU; peak/pool 60.9 %; MemAvailable 270.2 GB, Cached 0.6 GB
live: recip(db) j 542535 -> 1085070  pool live 22.22 22.22 22.22 22.22 | window peak 22.22 22.22 22.22 22.22 | pool 42.95 42.95 30.06 30.06 GB per APU; peak/pool 60.9 %; MemAvailable 270.2 GB, Cached 0.6 GB
live: recip(db) j 1085070 -> 2170139 pool live 22.22 22.22 22.22 22.22 | window peak 22.22 22.22 22.22 22.22 | pool 42.95 42.95 30.06 30.06 GB per APU; peak/pool 60.9 %; MemAvailable 270.2 GB, Cached 0.6 GB
live: recip(db) j 2170139 -> 4340278 pool live 22.22 22.22 22.22 22.22 | window peak 22.22 22.22 22.22 22.22 | pool 42.95 42.95 30.06 30.06 GB per APU; peak/pool 60.9 %; MemAvailable 270.2 GB, Cached 0.6 GB
live: recip(db) j 4340278 -> 8680556 pool live 22.22 22.22 22.22 22.22 | window peak 22.22 22.22 22.22 22.22 | pool 42.95 42.95 30.06 30.06 GB per APU; peak/pool 60.9 %; MemAvailable 270.2 GB, Cached 0.6 GB
live: recip(db) j 8680556 -> 17361112 pool live 22.22 22.22 22.22 22.22 | window peak 22.22 22.22 22.22 22.22 | pool 42.95 42.95 30.06 30.06 GB per APU; peak/pool 60.9 %; MemAvailable 270.2 GB, Cached 0.6 GB
live: recip(db) j 17361112 -> 34722223 pool live 22.22 22.22 22.22 22.22 | window peak 22.22 22.22 22.22 22.22 | pool 42.95 42.95 30.06 30.06 GB per APU; peak/pool 60.9 %; MemAvailable 270.2 GB, Cached 0.6 GB
live: recip(db) j 34722223 -> 69444445 pool live 22.22 22.22 22.22 22.22 | window peak 22.22 22.22 22.22 22.22 | pool 42.95 42.95 30.06 30.06 GB per APU; peak/pool 60.9 %; MemAvailable 270.1 GB, Cached 0.6 GB
live: recip(db) j 69444445 -> 138888890 pool live 22.22 22.22 22.22 22.22 | window peak 22.22 22.22 22.22 22.22 | pool 42.95 42.95 30.06 30.06 GB per APU; peak/pool 60.9 %; MemAvailable 270.1 GB, Cached 0.6 GB
live: recip(db) j 138888890 -> 277777779 pool live 22.22 22.22 22.22 22.22 | window peak 22.22 22.22 22.22 22.22 | pool 42.95 42.95 30.06 30.06 GB per APU; peak/pool 60.9 %; MemAvailable 270.1 GB, Cached 0.6 GB
live: recip(db) j 277777779 -> 555555557 pool live 22.22 22.22 22.22 22.22 | window peak 22.22 22.22 22.22 22.22 | pool 42.95 42.95 30.06 30.06 GB per APU; peak/pool 60.9 %; MemAvailable 270.1 GB, Cached 0.6 GB
live: recip(db) j 555555557 -> 1111111113 pool live 22.22 22.22 22.22 22.22 | window peak 22.22 22.22 22.22 22.22 | pool 42.95 42.95 30.06 30.06 GB per APU; peak/pool 60.9 %; MemAvailable 270.1 GB, Cached 0.6 GB
newton(db) j 1111111113 (k 2222222225): recip cut 0 pieces skipped, 6 formed in the step's two products
live: recip(db) j 1111111113 -> 2222222225 pool live 22.22 22.22 22.22 22.22 | window peak 25.93 25.93 25.93 25.93 | pool 42.95 42.95 30.06 30.06 GB per APU; peak/pool 71.0 %; MemAvailable 270.1 GB, Cached 0.6 GB
recip     9.30 s   mu 2222222226 limbs (31 iterations, 0 mdev)   VmRSS 6.9 GB, VmHWM 26.0 GB
mem [recip] device 249.7 GB in use (per APU 56.0..68.9): planes 103.1, regions 0.0, block pool 146.0 (donated 0.0, borrowed 146.0, hipMalloc 0.0; live 53.3, peak live 103.7, free 92.7), tables 0.61, other 0.0
mem [recip] host 6.9 GB RSS (HWM 26.0): staging 0.0 pinned, registered 0.1, X 0.0, digits 0.0, named 0.0, other 6.9
      I3: P, Q residues by kernel 0.55 s (before the reciprocal), S = P + Q on device 0.06 s; no host A
10dP      0.06 s   T 2222222223 limbs, A 4444444450 limbs (0 mdev, 0 splits)   VmRSS 6.9 GB, VmHWM 26.0 GB
RESULT ecalc 10dP s 0.0578375
   dist_db 2222222224 x 2222222225 limbs: 2 x 3 pieces of 1111111112 + 740740742, 5 formed, 1 skipped (low cut): 5.201 s (cache 0 slots: 0 hits, 0 misses)
  T2 window@50 ok
  T2 window@1000000 ok
  T2 window@100000000 ok
  T2 window@1000000000 ok
   dist_db 2222222224 x 2222222227 limbs: 2 x 3 pieces of 1111111112 + 740740743, 5 formed, 1 skipped (low product): 5.237 s (cache 0 slots: 0 hits, 0 misses)
live: divmod(dev) end                pool live 13.33 13.33 13.33 13.33 | window peak 25.93 25.93 25.93 25.93 | pool 42.95 42.95 30.06 30.06 GB per APU; peak/pool 71.0 %; MemAvailable 269.8 GB, Cached 0.6 GB
mem [division] device 249.7 GB in use (per APU 56.0..68.9): planes 103.1, regions 0.0, block pool 146.0 (donated 0.0, borrowed 146.0, hipMalloc 0.0; live 17.8, peak live 103.7, free 128.3), tables 0.61, other 0.0
mem [division] host 7.3 GB RSS (HWM 26.0): staging 0.0 pinned, registered 0.1, X 0.0, digits 0.0, named 0.0, other 7.3
dm       20.87 s   X 2222222224 limbs, R 0 limbs (recip 9.3 s; corrections 0/0; 0 mdev); X on the device   VmRSS 7.3 GB, VmHWM 26.0 GB
mem [dm] device 249.7 GB in use (per APU 56.0..68.9): planes 103.1, regions 0.0, block pool 146.0 (donated 0.0, borrowed 146.0, hipMalloc 0.0; live 17.8, peak live 103.7, free 128.3), tables 0.61, other 0.0
mem [dm] host 7.3 GB RSS (HWM 26.0): staging 0.0 pinned, registered 0.1, X 0.0, digits 0.0, named 0.0, other 7.3
RESULT ecalc dm s 20.8717
  T1 q0=4611686018427388039: P ok, Q ok, T(P+Q) == XQ+R ok
  T1 q1=4611686018427388073: P ok, Q ok, T(P+Q) == XQ+R ok
  T1 q2=4611686018427388081: P ok, Q ok, T(P+Q) == XQ+R ok
  T1 q3=4611686018427388091: P ok, Q ok, T(P+Q) == XQ+R ok
  T1 q4=4611686018427388093: P ok, Q ok, T(P+Q) == XQ+R ok
  T1 q5=4611686018427388097: P ok, Q ok, T(P+Q) == XQ+R ok
  T1 q6=4611686018427388157: P ok, Q ok, T(P+Q) == XQ+R ok
  T1 q7=4611686018427388181: P ok, Q ok, T(P+Q) == XQ+R ok
T1        0.00 s   ok: T(P+Q) == XQ + R and P, Q mod q for 8 primes (P, Q recurrence overlapped with bs)
      overlapped with bs: P, Q mod q recurrence 4.66 s, block pool pregrown by 0 GB in 0.00 s
RESULT ecalc T1 s 1.812e-05
      VmRSS 7.3 GB before dc
total    56.98 s   (bs 24.5 + 10dP 0.1 + dm 20.9 + T1 0.0 + dc 0.0 + T2 0.0 = 45.4; init 11.5; other 0.1); VmHWM 26.0 GB
RESULT ecalc total s 56.9784
RESULT ecalc phases s 45.4104
RESULT ecalc other s 0.0857426
RESULT ecalc vmhwm GB 25.9595
paper A22 (4e10): 285.7 = bs 112.2 + 10dP 12.6 + dm 46.8 + T1 ~3 + dc 110.3
      patch: X +0 after the formatting started (ECALC_CORR_PATCH): nothing to patch; 0 deferred windows; 0.002 s
  T1 q0: digits == X ok
  T1 q1: digits == X ok
  T1 q2: digits == X ok
  T1 q3: digits == X ok
  T1 q4: digits == X ok
  T1 q5: digits == X ok
  T1 q6: digits == X ok
  T1 q7: digits == X ok
dc        0.01 s   digits [0, 40000000015) of 40000000015 formatted from 2222222224 decimal limbs in 150 chunks (streamed with the low product; joined after total) (residues 0.27, format 0.24, digit residue 1.29, T2 0.29, fetch 0.64, waiting for the writer 0.00)
RESULT ecalc dc s 0.00845845
T2        0.00 s   windows ok (4 checked), digits == X mod q ok (overlapped)
RESULT ecalc T2 s 0
digits: 27182818284590452353602874713526624977572470936999595749669676...78143383465712288221
VERIFY OK
dbig pool: APU0 tail 9.03 GB: 3 large blocks from its back, 0 small blocks spilled into it
dbig pool: APU1 tail 9.03 GB: 3 large blocks from its back, 0 small blocks spilled into it
dbig pool: APU2 tail 9.03 GB: 3 large blocks from its back, 0 small blocks spilled into it
dbig pool: APU3 tail 9.03 GB: 3 large blocks from its back, 0 small blocks spilled into it
mem [end] device 103.7 GB in use (per APU 25.9..25.9): planes 103.1, regions 0.0, block pool 0.0 (donated 0.0, borrowed 0.0, hipMalloc 0.0; live 0.0, peak live 103.7, free 0.0), tables 0.61, other 0.0
mem [end] host 7.0 GB RSS (HWM 26.0): staging 0.0 pinned, registered 0.1, X 0.0, digits 0.0, named 0.0, other 6.9
mem summary: bytes in use at each phase boundary, GB (device: all APUs / largest APU; host: this process)
mem phase           device  maxAPU |  planes regions  pl:don  pl:bor  pl:hip pl:live pl:peak tables |    host staging  regist       X  digits   other     HWM
mem init             249.7    68.9 |   103.1    75.2     0.0    70.9     0.0     0.0     0.0   0.61 |    24.2    21.5     0.0     0.0     0.0     2.7    24.2
mem bs               249.7    68.9 |   103.1     0.0     0.0   146.0     0.0    35.6    62.9   0.61 |     9.1     4.3     0.1     0.0     0.0     4.7    26.0
mem recip            249.7    68.9 |   103.1     0.0     0.0   146.0     0.0    53.3   103.7   0.61 |     6.9     0.0     0.1     0.0     0.0     6.9    26.0
mem division         249.7    68.9 |   103.1     0.0     0.0   146.0     0.0    17.8   103.7   0.61 |     7.3     0.0     0.1     0.0     0.0     7.3    26.0
mem dm               249.7    68.9 |   103.1     0.0     0.0   146.0     0.0    17.8   103.7   0.61 |     7.3     0.0     0.1     0.0     0.0     7.3    26.0
mem end              103.7    25.9 |   103.1     0.0     0.0     0.0     0.0     0.0   103.7   0.61 |     7.0     0.0     0.1     0.0     0.0     6.9    26.0
dbig pool: APU0 VMM arena released (0 remaps of 0 chunks in 0.00 s, 0 growths of 0 chunks)
dbig pool: APU1 VMM arena released (0 remaps of 0 chunks in 0.00 s, 0 growths of 0 chunks)
dbig pool: APU2 VMM arena released (0 remaps of 0 chunks in 0.00 s, 0 growths of 0 chunks)
dbig pool: APU3 VMM arena released (0 remaps of 0 chunks in 0.00 s, 0 growths of 0 chunks)
rns_dist: RNS_STRATEGY=auto form B: C 16 products 12.74 s, B 66 products 4.71 s, B4 0 products 0.00 s; extra plane memory 0.00 GiB/APU (allocations 0.00 s)

real	0m58.726s
user	0m0.007s
sys	0m0.015s
