== T2 run a242n0: 40000000000 nw, env: DB_POOL_VERBOSE=1 BI_MUL1_FAST=0 BS_SEED_TERMS=242; job 21519 on ppac-pl1-s24-16, clone at 4e0edd4, 2026-09-27 10:11:21 CDT
== ecalc: e to 40000000000 digits (decimal limbs, base 10^18) [computed to the next multiple of 18] ==
META bench=ecalc host=ppac-pl1-s24-16 date=2026-09-27T10:11:22 pool_log=31 stg=7 pw_fuse=14 body=1 engine=1 base=10^18
ECALC_PLANE_CAP: 2^31 points (POOL_LOG=31 RNS_PLANES_3Q30=0 DIST_LOGN_TEST=31)
rns_init: three primes (ECALC_NP=3): c 2^44 + 1, c = 240, 216, 207; at most 58424467928 terms per product
dbig pool: APU2 VMM arena 30.06 GB = 14 chunks of 2.00 GiB, the first 7 mapped in 3.39 s (0.225 s/GB), the rest in the background, VA 92.3 GB reserved at 0x711e03c00000
dbig pool: APU3 VMM arena 30.06 GB = 14 chunks of 2.00 GiB, the first 6 mapped in 4.37 s (0.339 s/GB), the rest in the background, VA 92.3 GB reserved at 0x70cb83600000
dbig pool: APU1 VMM arena 42.95 GB = 20 chunks of 2.00 GiB, the first 10 mapped in 5.27 s (0.246 s/GB), the rest in the background, VA 131.0 GB reserved at 0x70ff83a00000
dbig pool: APU0 VMM arena 42.95 GB = 20 chunks of 2.00 GiB, the first 10 mapped in 5.81 s (0.270 s/GB), the rest in the background, VA 131.0 GB reserved at 0x70e103800000
bs: arenas 141.2 GB allocated in 5.81 s (layout pass 0.08 s; dm extra 8.5 GB, tails 36.1 GB)
      init: region pools 5.89 s (inside rns_init, before the plane pools: the seeds stream into them)
      init: rns_init 11.32 s, region pools 0.00 s, the rest 0.00 s
RESULT ecalc init s 11.3219
      VmRSS 24.2 GB after init (staging 4.3 GB pinned + device regions 141 GB); init 11.3 s
mem [init] device 244.9 GB in use (per APU 54.5..67.9): planes 103.1, regions 70.3, block pool 70.9 (donated 0.0, borrowed 70.9, hipMalloc 0.0; live 0.0, peak live 0.0, free 0.0), tables 0.61, other 0.0
mem [init] host 24.2 GB RSS (HWM 24.2): staging 21.5 pinned, registered 0.0, X 0.0, digits 0.0, named 0.0, other 2.7
budget: rank 0: peak 269.4 GB (device 244.9, host 24.5), still to take 0.0 GB | node of 1 rank: peaks 269.4 of 480 GB, to take 0.0 of MemAvailable 329.0 GB | rank share 480.0 GB
budget: ECALC_BUDGET_CHECK ok: 1 rank, largest rank peak 269.4 GB, node budget 480 GB
bs: seeds were computed during init (14.25 s: buffers 1.50 + 0.13, spans 8.33, waited 2.00 for the regions, 0.34 for the DMA, 1.96 issuing it (max 0.89); 8 chunks of 8191 MB, 8 through a buffer, the rest stored into the regions)
bs: 4346031744 terms, 17958809 spans of 242, seeds 8.10 s (waiting for the init thread)
dbig pool: APU0 VMM arena: the background thread mapped chunks 0..19 in 3.88 s
dbig pool: APU1 VMM arena: the background thread mapped chunks 0..19 in 6.26 s
bs:   layout 0.406  batch 1.818  add+norm 0.166
bs: level  1 batch   8979404 pairs  max_nl        130  pool  35.73 GB  2.39 s  (batch 1.47: scatter 0.14 ntt 0.60 crt 0.08 merge 0.06)
live: bs level 1 batch               pool live 0.00 0.00 0.00 0.00 | window peak 0.00 0.00 0.00 0.00 | pool 0.97 0.97 1.44 1.44 GB per APU; peak/pool 0.0 %; MemAvailable 267.7 GB, Cached 0.6 GB
bs:   layout 0.309  batch 0.761  add+norm 0.027
bs: level  2 batch   4489702 pairs  max_nl        260  pool  35.64 GB  1.10 s  (batch 0.59: scatter 0.05 ntt 0.26 crt 0.07 merge 0.02)
live: bs level 2 batch               pool live 0.00 0.00 0.00 0.00 | window peak 0.00 0.00 0.00 0.00 | pool 0.97 0.97 1.44 1.44 GB per APU; peak/pool 0.0 %; MemAvailable 268.3 GB, Cached 0.6 GB
bs:   layout 0.135  batch 0.574  add+norm 0.012
bs: level  3 batch   2244851 pairs  max_nl        519  pool  35.60 GB  0.72 s  (batch 0.49: scatter 0.05 ntt 0.27 crt 0.07 merge 0.01)
live: bs level 3 batch               pool live 0.00 0.00 0.00 0.00 | window peak 0.00 0.00 0.00 0.00 | pool 0.97 0.97 1.44 1.44 GB per APU; peak/pool 0.0 %; MemAvailable 268.7 GB, Cached 0.6 GB
bs:   layout 0.030  batch 0.524  add+norm 0.007
bs: level  4 batch   1122426 pairs  max_nl       1037  pool  35.58 GB  0.56 s  (batch 0.48: scatter 0.04 ntt 0.31 crt 0.07 merge 0.01)
live: bs level 4 batch               pool live 0.00 0.00 0.00 0.00 | window peak 0.00 0.00 0.00 0.00 | pool 0.97 0.97 1.44 1.44 GB per APU; peak/pool 0.0 %; MemAvailable 268.9 GB, Cached 0.6 GB
bs:   layout 0.015  batch 0.466  add+norm 0.004
bs: level  5 batch    561213 pairs  max_nl       2074  pool  35.57 GB  0.49 s  (batch 0.44: scatter 0.04 ntt 0.32 crt 0.07 merge 0.01)
live: bs level 5 batch               pool live 0.00 0.00 0.00 0.00 | window peak 0.00 0.00 0.00 0.00 | pool 0.97 0.97 1.44 1.44 GB per APU; peak/pool 0.0 %; MemAvailable 269.0 GB, Cached 0.6 GB
bs:   layout 0.009  batch 0.515  add+norm 0.003
bs: level  6 batch    280606 pairs  max_nl       4147  pool  35.56 GB  0.53 s  (batch 0.50: scatter 0.04 ntt 0.33 crt 0.07 merge 0.05)
live: bs level 6 batch               pool live 0.00 0.00 0.00 0.00 | window peak 0.00 0.00 0.00 0.00 | pool 0.97 0.97 1.44 1.44 GB per APU; peak/pool 0.0 %; MemAvailable 268.9 GB, Cached 0.6 GB
bs:   layout 0.005  batch 0.498  add+norm 0.001
bs: level  7 batch    140303 pairs  max_nl       8294  pool  35.56 GB  0.50 s  (batch 0.49: scatter 0.03 ntt 0.38 crt 0.07 merge 0.00)
live: bs level 7 batch               pool live 0.00 0.00 0.00 0.00 | window peak 0.00 0.00 0.00 0.00 | pool 0.97 0.97 1.44 1.44 GB per APU; peak/pool 0.0 %; MemAvailable 269.0 GB, Cached 0.6 GB
bs:   layout 0.001  batch 0.500  add+norm 0.000
bs: level  8 batch     70152 pairs  max_nl      16587  pool  35.56 GB  0.50 s  (batch 0.50: scatter 0.03 ntt 0.39 crt 0.07 merge 0.00)
live: bs level 8 batch               pool live 0.00 0.00 0.00 0.00 | window peak 0.00 0.00 0.00 0.00 | pool 0.97 0.97 1.44 1.44 GB per APU; peak/pool 0.0 %; MemAvailable 269.0 GB, Cached 0.6 GB
bs:   layout 0.002  batch 0.522  add+norm 0.000
bs: level  9 batch     35076 pairs  max_nl      33173  pool  35.56 GB  0.52 s  (batch 0.52: scatter 0.03 ntt 0.41 crt 0.07 merge 0.00)
live: bs level 9 batch               pool live 0.00 0.00 0.00 0.00 | window peak 0.00 0.00 0.00 0.00 | pool 0.97 0.97 1.44 1.44 GB per APU; peak/pool 0.0 %; MemAvailable 268.9 GB, Cached 0.6 GB
bs:   layout 0.001  batch 0.527  add+norm 0.000
bs: level 10 batch     17538 pairs  max_nl      66345  pool  35.56 GB  0.53 s  (batch 0.53: scatter 0.03 ntt 0.41 crt 0.08 merge 0.00)
live: bs level 10 batch              pool live 0.00 0.00 0.00 0.00 | window peak 0.00 0.00 0.00 0.00 | pool 0.97 0.97 1.44 1.44 GB per APU; peak/pool 0.0 %; MemAvailable 268.9 GB, Cached 0.6 GB
bs:   layout 0.000  batch 0.499  add+norm 0.000
bs: level 11 batch      8769 pairs  max_nl     132689  pool  35.56 GB  0.50 s  (batch 0.50: scatter 0.03 ntt 0.39 crt 0.08 merge 0.00)
live: bs level 11 batch              pool live 0.00 0.00 0.00 0.00 | window peak 0.00 0.00 0.00 0.00 | pool 0.97 0.97 1.44 1.44 GB per APU; peak/pool 0.0 %; MemAvailable 268.9 GB, Cached 0.6 GB
bs:   layout 0.001  batch 0.511  add+norm 0.000
bs: level 12 batch      4384 pairs  max_nl     265376  pool  35.56 GB  0.51 s  (batch 0.51: scatter 0.03 ntt 0.40 crt 0.08 merge 0.00)
live: bs level 12 batch              pool live 0.00 0.00 0.00 0.00 | window peak 0.00 0.00 0.00 0.00 | pool 0.97 0.97 1.44 1.44 GB per APU; peak/pool 0.0 %; MemAvailable 268.9 GB, Cached 0.6 GB
bs:   layout 0.000  batch 0.532  add+norm 0.000
bs: level 13 batch      2192 pairs  max_nl     530750  pool  35.56 GB  0.53 s  (batch 0.53: scatter 0.03 ntt 0.42 crt 0.08 merge 0.00)
live: bs level 13 batch              pool live 0.00 0.00 0.00 0.00 | window peak 0.00 0.00 0.00 0.00 | pool 0.97 0.97 1.44 1.44 GB per APU; peak/pool 0.0 %; MemAvailable 268.9 GB, Cached 0.6 GB
bs:   layout 0.000  batch 0.630  add+norm 0.000
bs: level 14 batch      1096 pairs  max_nl    1061494  pool  35.56 GB  0.63 s  (batch 0.63: scatter 0.03 ntt 0.51 crt 0.09 merge 0.00)
live: bs level 14 batch              pool live 0.00 0.00 0.00 0.00 | window peak 0.00 0.00 0.00 0.00 | pool 0.97 0.97 1.44 1.44 GB per APU; peak/pool 0.0 %; MemAvailable 268.9 GB, Cached 0.6 GB
bs:   layout 0.000  batch 0.640  add+norm 0.000
bs: level 15 batch       548 pairs  max_nl    2122966  pool  35.56 GB  0.64 s  (batch 0.64: scatter 0.03 ntt 0.52 crt 0.09 merge 0.00)
live: bs level 15 batch              pool live 0.00 0.00 0.00 0.00 | window peak 0.00 0.00 0.00 0.00 | pool 0.97 0.97 1.44 1.44 GB per APU; peak/pool 0.0 %; MemAvailable 268.9 GB, Cached 0.6 GB
bs:   layout 0.000  batch 0.665  add+norm 0.000
bs: level 16 batch       274 pairs  max_nl    4245843  pool  35.56 GB  0.66 s  (batch 0.66: scatter 0.03 ntt 0.54 crt 0.09 merge 0.00)
live: bs level 16 batch              pool live 0.00 0.00 0.00 0.00 | window peak 0.00 0.00 0.00 0.00 | pool 0.97 0.97 1.44 1.44 GB per APU; peak/pool 0.0 %; MemAvailable 268.9 GB, Cached 0.6 GB
bs:   layout 0.000  batch 0.656  add+norm 0.000
bs: level 17 batch       137 pairs  max_nl    8491336  pool  35.56 GB  0.66 s  (batch 0.66: scatter 0.03 ntt 0.55 crt 0.08 merge 0.00)
live: bs level 17 batch              pool live 0.00 0.00 0.00 0.00 | window peak 0.00 0.00 0.00 0.00 | pool 0.97 0.97 1.44 1.44 GB per APU; peak/pool 0.0 %; MemAvailable 268.9 GB, Cached 0.6 GB
bs:   layout 0.000  batch 0.665  add+norm 0.000
bs: level 18 batch        69 pairs  max_nl   16981271  pool  35.56 GB  0.66 s  (batch 0.66: scatter 0.03 ntt 0.56 crt 0.07 merge 0.00)
live: bs level 18 batch              pool live 0.00 0.00 0.00 0.00 | window peak 0.00 0.00 0.00 0.00 | pool 0.97 0.97 1.44 1.44 GB per APU; peak/pool 0.0 %; MemAvailable 268.9 GB, Cached 0.6 GB
bs:   layout 0.000  batch 0.670  add+norm 0.000
bs: level 19 batch        34 pairs  max_nl   33945617  pool  35.56 GB  0.67 s  (batch 0.67: scatter 0.04 ntt 0.55 crt 0.08 merge 0.00)
live: bs level 19 batch              pool live 0.00 0.00 0.00 0.00 | window peak 0.00 0.00 0.00 0.00 | pool 0.97 0.97 1.44 1.44 GB per APU; peak/pool 0.0 %; MemAvailable 268.9 GB, Cached 0.6 GB
bs:   layout 0.000  batch 0.759  add+norm 0.000
bs: level 20 batch        17 pairs  max_nl   67868388  pool  35.56 GB  0.76 s  (batch 0.76: scatter 0.04 ntt 0.63 crt 0.08 merge 0.00)
live: bs level 20 batch              pool live 0.00 0.00 0.00 0.00 | window peak 0.00 0.00 0.00 0.00 | pool 0.97 0.97 1.44 1.44 GB per APU; peak/pool 0.0 %; MemAvailable 268.9 GB, Cached 0.6 GB
bs:   layout 0.000  batch 1.270  add+norm 0.000
bs: level 21 batch         9 pairs  max_nl  135643997  pool  35.56 GB  1.27 s  (batch 1.27: scatter 0.12 ntt 1.06 crt 0.08 merge 0.01)
live: bs level 21 batch              pool live 0.00 0.00 0.00 0.00 | window peak 0.00 0.00 0.00 0.00 | pool 0.97 0.97 1.44 1.44 GB per APU; peak/pool 0.0 %; MemAvailable 268.8 GB, Cached 0.6 GB
bs:   layout 0.000  batch 1.293  add+norm 0.002
bs: level 22 batch         4 pairs  max_nl  270113717  pool  35.56 GB  1.30 s  (batch 1.29: scatter 0.24 ntt 1.02 crt 0.26 merge 0.00)
live: bs level 22 batch              pool live 0.00 0.00 0.00 0.00 | window peak 0.00 0.00 0.00 0.00 | pool 0.97 0.97 1.44 1.44 GB per APU; peak/pool 0.0 %; MemAvailable 268.9 GB, Cached 0.6 GB
dbig pool: APU2 VMM arena: the background thread mapped chunks 0..13 in 7.59 s
dbig pool: APU3 VMM arena: the background thread mapped chunks 0..13 in 2.11 s
bs: level 23 mdev          2 pairs  max_nl  538472156  pool  35.56 GB  1.85 s  (batch 0.00: scatter 0.00 ntt 0.00 crt 0.00 merge 0.00)
live: bs level 23 mdev               pool live 8.89 8.89 8.89 8.89 | window peak 8.89 8.89 8.89 8.89 | pool 42.95 42.95 30.06 30.06 GB per APU; peak/pool 24.3 %; MemAvailable 268.1 GB, Cached 0.6 GB
bs: level 24 mdev          1 pairs  max_nl 1068622689  pool  35.56 GB  1.97 s  (batch 0.00: scatter 0.00 ntt 0.00 crt 0.00 merge 0.00)
live: bs level 24 mdev               pool live 8.89 8.89 8.89 8.89 | window peak 13.03 13.03 13.03 13.03 | pool 42.95 42.95 30.06 30.06 GB per APU; peak/pool 35.7 %; MemAvailable 267.8 GB, Cached 0.6 GB
bs: level 25 mdev          1 pairs  max_nl 2069344948  pool  35.56 GB  2.39 s  (batch 0.00: scatter 0.00 ntt 0.00 crt 0.00 merge 0.00)
live: bs level 25 mdev               pool live 8.89 8.89 8.89 8.89 | window peak 15.02 15.02 15.02 15.02 | pool 42.95 42.95 30.06 30.06 GB per APU; peak/pool 41.1 %; MemAvailable 267.8 GB, Cached 0.6 GB
bs       31.03 s   N 4346031744, P 2222222227 limbs, Q 2222222227 limbs (seeds 8.1 school 0.0 batch 16.6 mdev 6.2; pool 39.9 GB; dev pools 0.0 GB)   VmRSS 9.1 GB, VmHWM 25.9 GB
RESULT ecalc bs s 31.0326
mem [bs] device 249.7 GB in use (per APU 56.0..68.9): planes 103.1, regions 0.0, block pool 146.0 (donated 0.0, borrowed 146.0, hipMalloc 0.0; live 35.6, peak live 60.1, free 110.5), tables 0.61, other 0.0
mem [bs] host 9.1 GB RSS (HWM 25.9): staging 4.3 pinned, registered 0.1, X 0.0, digits 0.0, named 0.0, other 4.7
      I3: plane pool tails donated: 0.0 GB
live: recip(db) j 2 -> 3             pool live 22.22 22.22 22.22 22.22 | window peak 22.22 22.22 22.22 22.22 | pool 42.95 42.95 30.06 30.06 GB per APU; peak/pool 60.9 %; MemAvailable 270.0 GB, Cached 0.6 GB
live: recip(db) j 3 -> 5             pool live 22.22 22.22 22.22 22.22 | window peak 22.22 22.22 22.22 22.22 | pool 42.95 42.95 30.06 30.06 GB per APU; peak/pool 60.9 %; MemAvailable 270.0 GB, Cached 0.6 GB
live: recip(db) j 5 -> 9             pool live 22.22 22.22 22.22 22.22 | window peak 22.22 22.22 22.22 22.22 | pool 42.95 42.95 30.06 30.06 GB per APU; peak/pool 60.9 %; MemAvailable 270.0 GB, Cached 0.6 GB
live: recip(db) j 9 -> 17            pool live 22.22 22.22 22.22 22.22 | window peak 22.22 22.22 22.22 22.22 | pool 42.95 42.95 30.06 30.06 GB per APU; peak/pool 60.9 %; MemAvailable 270.0 GB, Cached 0.6 GB
live: recip(db) j 17 -> 34           pool live 22.22 22.22 22.22 22.22 | window peak 22.22 22.22 22.22 22.22 | pool 42.95 42.95 30.06 30.06 GB per APU; peak/pool 60.9 %; MemAvailable 270.0 GB, Cached 0.6 GB
live: recip(db) j 34 -> 67           pool live 22.22 22.22 22.22 22.22 | window peak 22.22 22.22 22.22 22.22 | pool 42.95 42.95 30.06 30.06 GB per APU; peak/pool 60.9 %; MemAvailable 270.0 GB, Cached 0.6 GB
live: recip(db) j 67 -> 133          pool live 22.22 22.22 22.22 22.22 | window peak 22.22 22.22 22.22 22.22 | pool 42.95 42.95 30.06 30.06 GB per APU; peak/pool 60.9 %; MemAvailable 270.0 GB, Cached 0.6 GB
live: recip(db) j 133 -> 265         pool live 22.22 22.22 22.22 22.22 | window peak 22.22 22.22 22.22 22.22 | pool 42.95 42.95 30.06 30.06 GB per APU; peak/pool 60.9 %; MemAvailable 270.0 GB, Cached 0.6 GB
live: recip(db) j 265 -> 530         pool live 22.22 22.22 22.22 22.22 | window peak 22.22 22.22 22.22 22.22 | pool 42.95 42.95 30.06 30.06 GB per APU; peak/pool 60.9 %; MemAvailable 270.0 GB, Cached 0.6 GB
live: recip(db) j 530 -> 1060        pool live 22.22 22.22 22.22 22.22 | window peak 22.22 22.22 22.22 22.22 | pool 42.95 42.95 30.06 30.06 GB per APU; peak/pool 60.9 %; MemAvailable 270.0 GB, Cached 0.6 GB
live: recip(db) j 1060 -> 2120       pool live 22.22 22.22 22.22 22.22 | window peak 22.22 22.22 22.22 22.22 | pool 42.95 42.95 30.06 30.06 GB per APU; peak/pool 60.9 %; MemAvailable 270.0 GB, Cached 0.6 GB
live: recip(db) j 2120 -> 4239       pool live 22.22 22.22 22.22 22.22 | window peak 22.22 22.22 22.22 22.22 | pool 42.95 42.95 30.06 30.06 GB per APU; peak/pool 60.9 %; MemAvailable 270.0 GB, Cached 0.6 GB
live: recip(db) j 4239 -> 8478       pool live 22.22 22.22 22.22 22.22 | window peak 22.22 22.22 22.22 22.22 | pool 42.95 42.95 30.06 30.06 GB per APU; peak/pool 60.9 %; MemAvailable 270.0 GB, Cached 0.6 GB
live: recip(db) j 8478 -> 16955      pool live 22.22 22.22 22.22 22.22 | window peak 22.22 22.22 22.22 22.22 | pool 42.95 42.95 30.06 30.06 GB per APU; peak/pool 60.9 %; MemAvailable 270.0 GB, Cached 0.6 GB
live: recip(db) j 16955 -> 33909     pool live 22.22 22.22 22.22 22.22 | window peak 22.22 22.22 22.22 22.22 | pool 42.95 42.95 30.06 30.06 GB per APU; peak/pool 60.9 %; MemAvailable 270.0 GB, Cached 0.6 GB
live: recip(db) j 33909 -> 67817     pool live 22.22 22.22 22.22 22.22 | window peak 22.22 22.22 22.22 22.22 | pool 42.95 42.95 30.06 30.06 GB per APU; peak/pool 60.9 %; MemAvailable 270.0 GB, Cached 0.6 GB
live: recip(db) j 67817 -> 135634    pool live 22.22 22.22 22.22 22.22 | window peak 22.22 22.22 22.22 22.22 | pool 42.95 42.95 30.06 30.06 GB per APU; peak/pool 60.9 %; MemAvailable 270.0 GB, Cached 0.6 GB
live: recip(db) j 135634 -> 271268   pool live 22.22 22.22 22.22 22.22 | window peak 22.22 22.22 22.22 22.22 | pool 42.95 42.95 30.06 30.06 GB per APU; peak/pool 60.9 %; MemAvailable 270.0 GB, Cached 0.6 GB
live: recip(db) j 271268 -> 542535   pool live 22.22 22.22 22.22 22.22 | window peak 22.22 22.22 22.22 22.22 | pool 42.95 42.95 30.06 30.06 GB per APU; peak/pool 60.9 %; MemAvailable 270.0 GB, Cached 0.6 GB
live: recip(db) j 542535 -> 1085070  pool live 22.22 22.22 22.22 22.22 | window peak 22.22 22.22 22.22 22.22 | pool 42.95 42.95 30.06 30.06 GB per APU; peak/pool 60.9 %; MemAvailable 270.0 GB, Cached 0.6 GB
live: recip(db) j 1085070 -> 2170139 pool live 22.22 22.22 22.22 22.22 | window peak 22.22 22.22 22.22 22.22 | pool 42.95 42.95 30.06 30.06 GB per APU; peak/pool 60.9 %; MemAvailable 270.0 GB, Cached 0.6 GB
live: recip(db) j 2170139 -> 4340278 pool live 22.22 22.22 22.22 22.22 | window peak 22.22 22.22 22.22 22.22 | pool 42.95 42.95 30.06 30.06 GB per APU; peak/pool 60.9 %; MemAvailable 270.0 GB, Cached 0.6 GB
live: recip(db) j 4340278 -> 8680556 pool live 22.22 22.22 22.22 22.22 | window peak 22.22 22.22 22.22 22.22 | pool 42.95 42.95 30.06 30.06 GB per APU; peak/pool 60.9 %; MemAvailable 270.0 GB, Cached 0.6 GB
live: recip(db) j 8680556 -> 17361112 pool live 22.22 22.22 22.22 22.22 | window peak 22.22 22.22 22.22 22.22 | pool 42.95 42.95 30.06 30.06 GB per APU; peak/pool 60.9 %; MemAvailable 270.0 GB, Cached 0.6 GB
live: recip(db) j 17361112 -> 34722223 pool live 22.22 22.22 22.22 22.22 | window peak 22.22 22.22 22.22 22.22 | pool 42.95 42.95 30.06 30.06 GB per APU; peak/pool 60.9 %; MemAvailable 270.0 GB, Cached 0.6 GB
live: recip(db) j 34722223 -> 69444445 pool live 22.22 22.22 22.22 22.22 | window peak 22.22 22.22 22.22 22.22 | pool 42.95 42.95 30.06 30.06 GB per APU; peak/pool 60.9 %; MemAvailable 270.0 GB, Cached 0.6 GB
live: recip(db) j 69444445 -> 138888890 pool live 22.22 22.22 22.22 22.22 | window peak 22.22 22.22 22.22 22.22 | pool 42.95 42.95 30.06 30.06 GB per APU; peak/pool 60.9 %; MemAvailable 270.0 GB, Cached 0.6 GB
live: recip(db) j 138888890 -> 277777779 pool live 22.22 22.22 22.22 22.22 | window peak 22.22 22.22 22.22 22.22 | pool 42.95 42.95 30.06 30.06 GB per APU; peak/pool 60.9 %; MemAvailable 270.0 GB, Cached 0.6 GB
live: recip(db) j 277777779 -> 555555557 pool live 22.22 22.22 22.22 22.22 | window peak 22.22 22.22 22.22 22.22 | pool 42.95 42.95 30.06 30.06 GB per APU; peak/pool 60.9 %; MemAvailable 270.0 GB, Cached 0.6 GB
live: recip(db) j 555555557 -> 1111111113 pool live 22.22 22.22 22.22 22.22 | window peak 22.22 22.22 22.22 22.22 | pool 42.95 42.95 30.06 30.06 GB per APU; peak/pool 60.9 %; MemAvailable 270.0 GB, Cached 0.6 GB
newton(db) j 1111111113 (k 2222222225): recip cut 0 pieces skipped, 8 formed in the step's two products
live: recip(db) j 1111111113 -> 2222222225 pool live 22.22 22.22 22.22 22.22 | window peak 25.33 25.33 25.33 25.33 | pool 42.95 42.95 30.06 30.06 GB per APU; peak/pool 69.4 %; MemAvailable 270.0 GB, Cached 0.6 GB
recip     9.60 s   mu 2222222226 limbs (31 iterations, 0 mdev)   VmRSS 6.9 GB, VmHWM 25.9 GB
mem [recip] device 249.7 GB in use (per APU 56.0..68.9): planes 103.1, regions 0.0, block pool 146.0 (donated 0.0, borrowed 146.0, hipMalloc 0.0; live 53.3, peak live 101.3, free 92.7), tables 0.61, other 0.0
mem [recip] host 6.9 GB RSS (HWM 25.9): staging 0.0 pinned, registered 0.1, X 0.0, digits 0.0, named 0.0, other 6.9
      I3: P, Q residues by kernel 0.54 s (before the reciprocal), S = P + Q on device 0.06 s; no host A
10dP      0.06 s   T 2222222223 limbs, A 4444444450 limbs (0 mdev, 0 splits)   VmRSS 6.9 GB, VmHWM 25.9 GB
RESULT ecalc 10dP s 0.0578849
   dist_db 2222222224 x 2222222225 limbs: 3 x 3 pieces of 740740742 + 740740742, 8 formed, 1 skipped (low cut): 5.602 s (cache 0 slots: 0 hits, 0 misses)
dbig pool: APU2 VMM remap for a 8.89 GB request: 5 free chunks moved to slot 11 (10.74 GB contiguous) in 0.200 s; free 16.73 GB in 3 extents, live 13.33 GB
dbig pool: APU3 VMM remap for a 8.89 GB request: 5 free chunks moved to slot 11 (10.74 GB contiguous) in 0.214 s; free 16.73 GB in 3 extents, live 13.33 GB
  T2 window@50 ok
  T2 window@1000000 ok
  T2 window@100000000 ok
  T2 window@1000000000 ok
   dist_db 2222222224 x 2222222227 limbs: 3 x 3 pieces of 740740742 + 740740743, 8 formed, 1 skipped (low product): 5.878 s (cache 0 slots: 0 hits, 0 misses)
live: divmod(dev) end                pool live 13.33 13.33 13.33 13.33 | window peak 25.19 25.19 25.19 25.19 | pool 42.95 42.95 30.06 30.06 GB per APU; peak/pool 69.0 %; MemAvailable 269.3 GB, Cached 0.6 GB
mem [division] device 249.7 GB in use (per APU 56.0..68.9): planes 103.1, regions 0.0, block pool 146.0 (donated 0.0, borrowed 146.0, hipMalloc 0.0; live 17.8, peak live 101.3, free 128.3), tables 0.61, other 0.0
mem [division] host 7.6 GB RSS (HWM 25.9): staging 0.0 pinned, registered 0.1, X 0.0, digits 0.0, named 0.0, other 7.6
dm       22.64 s   X 2222222224 limbs, R 0 limbs (recip 9.6 s; corrections 0/0; 0 mdev); X on the device   VmRSS 7.6 GB, VmHWM 25.9 GB
mem [dm] device 249.7 GB in use (per APU 56.0..68.9): planes 103.1, regions 0.0, block pool 146.0 (donated 0.0, borrowed 146.0, hipMalloc 0.0; live 17.8, peak live 101.3, free 128.3), tables 0.61, other 0.0
mem [dm] host 7.6 GB RSS (HWM 25.9): staging 0.0 pinned, registered 0.1, X 0.0, digits 0.0, named 0.0, other 7.6
RESULT ecalc dm s 22.6423
  T1 q0=4611686018427388039: P ok, Q ok, T(P+Q) == XQ+R ok
  T1 q1=4611686018427388073: P ok, Q ok, T(P+Q) == XQ+R ok
  T1 q2=4611686018427388081: P ok, Q ok, T(P+Q) == XQ+R ok
  T1 q3=4611686018427388091: P ok, Q ok, T(P+Q) == XQ+R ok
  T1 q4=4611686018427388093: P ok, Q ok, T(P+Q) == XQ+R ok
  T1 q5=4611686018427388097: P ok, Q ok, T(P+Q) == XQ+R ok
  T1 q6=4611686018427388157: P ok, Q ok, T(P+Q) == XQ+R ok
  T1 q7=4611686018427388181: P ok, Q ok, T(P+Q) == XQ+R ok
T1        0.00 s   ok: T(P+Q) == XQ + R and P, Q mod q for 8 primes (P, Q recurrence overlapped with bs)
      overlapped with bs: P, Q mod q recurrence 4.76 s, block pool pregrown by 0 GB in 0.00 s
RESULT ecalc T1 s 1.766e-05
      VmRSS 7.6 GB before dc
total    65.14 s   (bs 31.0 + 10dP 0.1 + dm 22.6 + T1 0.0 + dc 0.0 + T2 0.0 = 53.7; init 11.3; other 0.1); VmHWM 25.9 GB
RESULT ecalc total s 65.1395
RESULT ecalc phases s 53.7328
RESULT ecalc other s 0.084888
RESULT ecalc vmhwm GB 25.9421
paper A22 (4e10): 285.7 = bs 112.2 + 10dP 12.6 + dm 46.8 + T1 ~3 + dc 110.3
  T1 q0: digits == X ok
  T1 q1: digits == X ok
  T1 q2: digits == X ok
  T1 q3: digits == X ok
  T1 q4: digits == X ok
  T1 q5: digits == X ok
  T1 q6: digits == X ok
  T1 q7: digits == X ok
dc        0.00 s   digits [0, 40000000015) of 40000000015 formatted from 2222222224 decimal limbs in 150 chunks (streamed with the low product; joined after total) (residues 0.27, format 2.52, digit residue 1.49, T2 0.00, fetch 1.13, waiting for the writer 0.00)
RESULT ecalc dc s 9.37004e-06
T2        0.00 s   windows ok (4 checked), digits == X mod q ok (overlapped)
RESULT ecalc T2 s 0
digits: 27182818284590452353602874713526624977572470936999595749669676...78143383465712288221
VERIFY OK
dbig pool: APU0 tail 9.03 GB: 1 large blocks from its back, 0 small blocks spilled into it
dbig pool: APU1 tail 9.03 GB: 1 large blocks from its back, 0 small blocks spilled into it
dbig pool: APU2 tail 9.03 GB: 1 large blocks from its back, 6 small blocks spilled into it
dbig pool: APU3 tail 9.03 GB: 1 large blocks from its back, 5 small blocks spilled into it
mem [end] device 103.7 GB in use (per APU 25.9..25.9): planes 103.1, regions 0.0, block pool 0.0 (donated 0.0, borrowed 0.0, hipMalloc 0.0; live 0.0, peak live 101.3, free 0.0), tables 0.61, other 0.0
mem [end] host 7.0 GB RSS (HWM 25.9): staging 0.0 pinned, registered 0.1, X 0.0, digits 0.0, named 0.0, other 6.9
mem summary: bytes in use at each phase boundary, GB (device: all APUs / largest APU; host: this process)
mem phase           device  maxAPU |  planes regions  pl:don  pl:bor  pl:hip pl:live pl:peak tables |    host staging  regist       X  digits   other     HWM
mem init             244.9    67.9 |   103.1    70.3     0.0    70.9     0.0     0.0     0.0   0.61 |    24.2    21.5     0.0     0.0     0.0     2.7    24.2
mem bs               249.7    68.9 |   103.1     0.0     0.0   146.0     0.0    35.6    60.1   0.61 |     9.1     4.3     0.1     0.0     0.0     4.7    25.9
mem recip            249.7    68.9 |   103.1     0.0     0.0   146.0     0.0    53.3   101.3   0.61 |     6.9     0.0     0.1     0.0     0.0     6.9    25.9
mem division         249.7    68.9 |   103.1     0.0     0.0   146.0     0.0    17.8   101.3   0.61 |     7.6     0.0     0.1     0.0     0.0     7.6    25.9
mem dm               249.7    68.9 |   103.1     0.0     0.0   146.0     0.0    17.8   101.3   0.61 |     7.6     0.0     0.1     0.0     0.0     7.6    25.9
mem end              103.7    25.9 |   103.1     0.0     0.0     0.0     0.0     0.0   101.3   0.61 |     7.0     0.0     0.1     0.0     0.0     6.9    25.9
dbig pool: APU0 VMM arena released (0 remaps of 0 chunks in 0.00 s, 0 growths of 0 chunks)
dbig pool: APU1 VMM arena released (0 remaps of 0 chunks in 0.00 s, 0 growths of 0 chunks)
dbig pool: APU2 VMM arena released (1 remaps of 5 chunks in 0.20 s, 0 growths of 0 chunks)
dbig pool: APU3 VMM arena released (1 remaps of 5 chunks in 0.21 s, 0 growths of 0 chunks)
rns_dist: RNS_STRATEGY=auto form B: C 3 products 2.54 s, B 93 products 15.69 s, B4 0 products 0.00 s; extra plane memory 0.00 GiB/APU (allocations 0.00 s)

real	1m6.880s
user	0m0.006s
sys	0m0.017s
