== T2 run b192w0: 100000000000 w, env: DB_POOL_VERBOSE=1 BI_MUL1_FAST=0 BS_SEED_FILL=192; job 21541 on ppac-pl1-s24-16, clone at 4e0edd4, 2026-09-27 11:46:38 CDT
== ecalc: e to 100000000000 digits (decimal limbs, base 10^18) [computed to the next multiple of 18] ==
META bench=ecalc host=ppac-pl1-s24-16 date=2026-09-27T11:46:39 pool_log=31 stg=7 pw_fuse=14 body=1 engine=1 base=10^18
ECALC_PLANE_CAP: 2^31 points (POOL_LOG=31 RNS_PLANES_3Q30=0 DIST_LOGN_TEST=31)
rns_init: three primes (ECALC_NP=3): c 2^44 + 1, c = 240, 216, 207; at most 58424467928 terms per product
dbig pool: APU1 VMM arena 64.42 GB = 30 chunks of 2.00 GiB, the first 15 mapped in 8.03 s (0.249 s/GB), the rest in the background, VA 195.4 GB reserved at 0x791d57a00000
dbig pool: APU3 VMM arena 64.42 GB = 30 chunks of 2.00 GiB, the first 13 mapped in 8.77 s (0.314 s/GB), the rest in the background, VA 195.4 GB reserved at 0x78c057400000
dbig pool: APU0 VMM arena 64.42 GB = 30 chunks of 2.00 GiB, the first 15 mapped in 9.56 s (0.297 s/GB), the rest in the background, VA 195.4 GB reserved at 0x794ad7c00000
dbig pool: APU2 VMM arena 64.42 GB = 30 chunks of 2.00 GiB, the first 15 mapped in 10.46 s (0.325 s/GB), the rest in the background, VA 195.4 GB reserved at 0x78edd7600000
bs: arenas 255.3 GB allocated in 10.46 s (layout pass 0.14 s; dm extra 17.1 GB, tails 90.3 GB)
      init: region pools 10.60 s (inside rns_init, before the plane pools: the seeds stream into them)
      init: rns_init 18.85 s, region pools 0.00 s, the rest 0.00 s
RESULT ecalc init s 18.849
      VmRSS 24.4 GB after init (staging 4.3 GB pinned + device regions 255 GB); init 18.8 s
mem [init] device 359.0 GB in use (per APU 89.7..89.7): planes 103.1, regions 130.7, block pool 124.6 (donated 0.0, borrowed 124.6, hipMalloc 0.0; live 0.0, peak live 0.0, free 0.0), tables 0.61, other 0.0
mem [init] host 24.4 GB RSS (HWM 24.4): staging 21.5 pinned, registered 0.0, X 0.0, digits 0.0, named 0.0, other 2.9
budget: rank 0: peak 383.9 GB (device 359.0, host 24.9), still to take 0.0 GB | node of 1 rank: peaks 383.9 of 480 GB, to take 0.0 of MemAvailable 274.1 GB | rank share 480.0 GB
budget: ECALC_BUDGET_CHECK ok: 1 rank, largest rank peak 383.9 GB, node budget 480 GB
bs: seeds were computed during init (37.44 s: buffers 1.49 + 0.11, spans 29.51, waited 4.53 for the regions, 0.68 for the DMA, 1.12 issuing it (max 0.66); 12 chunks of 8191 MB, 12 through a buffer, the rest stored into the regions)
bs: 10433891470 terms, 30331080 spans of 344, seeds 26.51 s (waiting for the init thread)
bs:   layout 0.568  batch 2.718  add+norm 0.079
bs: level  1 batch  15165540 pairs  max_nl        192  pool  89.19 GB  3.36 s  (batch 2.13: scatter 0.20 ntt 0.99 crt 0.19 merge 0.04)
live: bs level 1 batch               pool live 0.00 0.00 0.00 0.00 | window peak 0.00 0.00 0.00 0.00 | pool 0.60 0.60 0.60 0.60 GB per APU; peak/pool 0.0 %; MemAvailable 154.1 GB, Cached 0.6 GB
bs:   layout 0.252  batch 1.304  add+norm 0.039
bs: level  2 batch   7582770 pairs  max_nl        383  pool  89.04 GB  1.60 s  (batch 1.01: scatter 0.09 ntt 0.44 crt 0.17 merge 0.03)
live: bs level 2 batch               pool live 0.00 0.00 0.00 0.00 | window peak 0.00 0.00 0.00 0.00 | pool 0.60 0.60 0.60 0.60 GB per APU; peak/pool 0.0 %; MemAvailable 155.2 GB, Cached 0.6 GB
bs:   layout 0.101  batch 1.014  add+norm 0.021
bs: level  3 batch   3791385 pairs  max_nl        766  pool  88.96 GB  1.14 s  (batch 0.87: scatter 0.08 ntt 0.46 crt 0.17 merge 0.01)
live: bs level 3 batch               pool live 0.00 0.00 0.00 0.00 | window peak 0.00 0.00 0.00 0.00 | pool 0.60 0.60 0.60 0.60 GB per APU; peak/pool 0.0 %; MemAvailable 155.8 GB, Cached 0.6 GB
bs:   layout 0.051  batch 0.916  add+norm 0.011
bs: level  4 batch   1895692 pairs  max_nl       1532  pool  88.93 GB  0.98 s  (batch 0.84: scatter 0.07 ntt 0.53 crt 0.17 merge 0.01)
live: bs level 4 batch               pool live 0.00 0.00 0.00 0.00 | window peak 0.00 0.00 0.00 0.00 | pool 0.60 0.60 0.60 0.60 GB per APU; peak/pool 0.0 %; MemAvailable 156.1 GB, Cached 0.6 GB
bs:   layout 0.028  batch 0.865  add+norm 0.006
bs: level  5 batch    947846 pairs  max_nl       3064  pool  88.91 GB  0.90 s  (batch 0.83: scatter 0.06 ntt 0.56 crt 0.17 merge 0.01)
live: bs level 5 batch               pool live 0.00 0.00 0.00 0.00 | window peak 0.00 0.00 0.00 0.00 | pool 0.60 0.60 0.60 0.60 GB per APU; peak/pool 0.0 %; MemAvailable 156.3 GB, Cached 0.6 GB
bs:   layout 0.014  batch 0.924  add+norm 0.003
bs: level  6 batch    473923 pairs  max_nl       6127  pool  88.90 GB  0.94 s  (batch 0.91: scatter 0.06 ntt 0.59 crt 0.17 merge 0.07)
live: bs level 6 batch               pool live 0.00 0.00 0.00 0.00 | window peak 0.00 0.00 0.00 0.00 | pool 0.60 0.60 0.60 0.60 GB per APU; peak/pool 0.0 %; MemAvailable 156.2 GB, Cached 0.6 GB
bs:   layout 0.009  batch 0.920  add+norm 0.001
bs: level  7 batch    236962 pairs  max_nl      12254  pool  88.89 GB  0.93 s  (batch 0.91: scatter 0.06 ntt 0.66 crt 0.17 merge 0.00)
live: bs level 7 batch               pool live 0.00 0.00 0.00 0.00 | window peak 0.00 0.00 0.00 0.00 | pool 0.60 0.60 0.60 0.60 GB per APU; peak/pool 0.0 %; MemAvailable 156.3 GB, Cached 0.6 GB
bs:   layout 0.002  batch 0.937  add+norm 0.001
bs: level  8 batch    118481 pairs  max_nl      24508  pool  88.89 GB  0.94 s  (batch 0.93: scatter 0.06 ntt 0.69 crt 0.18 merge 0.00)
live: bs level 8 batch               pool live 0.00 0.00 0.00 0.00 | window peak 0.00 0.00 0.00 0.00 | pool 0.60 0.60 0.60 0.60 GB per APU; peak/pool 0.0 %; MemAvailable 156.3 GB, Cached 0.6 GB
bs:   layout 0.007  batch 0.964  add+norm 0.000
bs: level  9 batch     59240 pairs  max_nl      49015  pool  88.89 GB  0.97 s  (batch 0.96: scatter 0.06 ntt 0.72 crt 0.18 merge 0.00)
live: bs level 9 batch               pool live 0.00 0.00 0.00 0.00 | window peak 0.00 0.00 0.00 0.00 | pool 0.60 0.60 0.60 0.60 GB per APU; peak/pool 0.0 %; MemAvailable 156.4 GB, Cached 0.6 GB
bs:   layout 0.001  batch 0.963  add+norm 0.000
bs: level 10 batch     29620 pairs  max_nl      98030  pool  88.89 GB  0.96 s  (batch 0.96: scatter 0.06 ntt 0.70 crt 0.20 merge 0.00)
live: bs level 10 batch              pool live 0.00 0.00 0.00 0.00 | window peak 0.00 0.00 0.00 0.00 | pool 0.60 0.60 0.60 0.60 GB per APU; peak/pool 0.0 %; MemAvailable 156.3 GB, Cached 0.6 GB
bs:   layout 0.001  batch 0.916  add+norm 0.000
bs: level 11 batch     14810 pairs  max_nl     196059  pool  88.89 GB  0.92 s  (batch 0.92: scatter 0.06 ntt 0.66 crt 0.20 merge 0.00)
live: bs level 11 batch              pool live 0.00 0.00 0.00 0.00 | window peak 0.00 0.00 0.00 0.00 | pool 0.60 0.60 0.60 0.60 GB per APU; peak/pool 0.0 %; MemAvailable 156.3 GB, Cached 0.6 GB
bs:   layout 0.000  batch 0.937  add+norm 0.000
bs: level 12 batch      7405 pairs  max_nl     392117  pool  88.89 GB  0.94 s  (batch 0.94: scatter 0.06 ntt 0.68 crt 0.20 merge 0.00)
live: bs level 12 batch              pool live 0.00 0.00 0.00 0.00 | window peak 0.00 0.00 0.00 0.00 | pool 0.60 0.60 0.60 0.60 GB per APU; peak/pool 0.0 %; MemAvailable 156.3 GB, Cached 0.6 GB
bs:   layout 0.000  batch 0.978  add+norm 0.000
bs: level 13 batch      3703 pairs  max_nl     784233  pool  88.89 GB  0.98 s  (batch 0.98: scatter 0.06 ntt 0.72 crt 0.20 merge 0.00)
live: bs level 13 batch              pool live 0.00 0.00 0.00 0.00 | window peak 0.00 0.00 0.00 0.00 | pool 0.60 0.60 0.60 0.60 GB per APU; peak/pool 0.0 %; MemAvailable 156.3 GB, Cached 0.6 GB
bs:   layout 0.000  batch 1.146  add+norm 0.000
bs: level 14 batch      1851 pairs  max_nl    1568452  pool  88.89 GB  1.15 s  (batch 1.15: scatter 0.06 ntt 0.86 crt 0.22 merge 0.00)
live: bs level 14 batch              pool live 0.00 0.00 0.00 0.00 | window peak 0.00 0.00 0.00 0.00 | pool 0.60 0.60 0.60 0.60 GB per APU; peak/pool 0.0 %; MemAvailable 156.3 GB, Cached 0.6 GB
bs:   layout 0.000  batch 1.160  add+norm 0.000
bs: level 15 batch       926 pairs  max_nl    3136885  pool  88.89 GB  1.16 s  (batch 1.16: scatter 0.06 ntt 0.88 crt 0.22 merge 0.00)
live: bs level 15 batch              pool live 0.00 0.00 0.00 0.00 | window peak 0.00 0.00 0.00 0.00 | pool 0.60 0.60 0.60 0.60 GB per APU; peak/pool 0.0 %; MemAvailable 156.3 GB, Cached 0.6 GB
bs:   layout 0.000  batch 1.194  add+norm 0.000
bs: level 16 batch       463 pairs  max_nl    6273549  pool  88.89 GB  1.19 s  (batch 1.19: scatter 0.06 ntt 0.91 crt 0.22 merge 0.00)
live: bs level 16 batch              pool live 0.00 0.00 0.00 0.00 | window peak 0.00 0.00 0.00 0.00 | pool 0.60 0.60 0.60 0.60 GB per APU; peak/pool 0.0 %; MemAvailable 156.3 GB, Cached 0.6 GB
bs:   layout 0.000  batch 1.154  add+norm 0.000
bs: level 17 batch       231 pairs  max_nl   12546213  pool  88.89 GB  1.15 s  (batch 1.15: scatter 0.06 ntt 0.91 crt 0.18 merge 0.00)
live: bs level 17 batch              pool live 0.00 0.00 0.00 0.00 | window peak 0.00 0.00 0.00 0.00 | pool 0.60 0.60 0.60 0.60 GB per APU; peak/pool 0.0 %; MemAvailable 156.3 GB, Cached 0.6 GB
bs:   layout 0.000  batch 1.173  add+norm 0.000
bs: level 18 batch       116 pairs  max_nl   25091246  pool  88.89 GB  1.17 s  (batch 1.17: scatter 0.06 ntt 0.93 crt 0.18 merge 0.00)
live: bs level 18 batch              pool live 0.00 0.00 0.00 0.00 | window peak 0.00 0.00 0.00 0.00 | pool 0.60 0.60 0.60 0.60 GB per APU; peak/pool 0.0 %; MemAvailable 156.3 GB, Cached 0.6 GB
bs:   layout 0.000  batch 1.181  add+norm 0.000
bs: level 19 batch        58 pairs  max_nl   50168281  pool  88.89 GB  1.18 s  (batch 1.18: scatter 0.06 ntt 0.93 crt 0.19 merge 0.00)
live: bs level 19 batch              pool live 0.00 0.00 0.00 0.00 | window peak 0.00 0.00 0.00 0.00 | pool 0.60 0.60 0.60 0.60 GB per APU; peak/pool 0.0 %; MemAvailable 156.3 GB, Cached 0.6 GB
bs:   layout 0.000  batch 1.269  add+norm 0.000
bs: level 20 batch        29 pairs  max_nl  100279135  pool  88.89 GB  1.27 s  (batch 1.27: scatter 0.07 ntt 1.01 crt 0.18 merge 0.01)
live: bs level 20 batch              pool live 0.00 0.00 0.00 0.00 | window peak 0.00 0.00 0.00 0.00 | pool 0.60 0.60 0.60 0.60 GB per APU; peak/pool 0.0 %; MemAvailable 156.3 GB, Cached 0.6 GB
bs:   layout 0.000  batch 1.992  add+norm 0.053
bs: level 21 batch        14 pairs  max_nl  200323728  pool  88.89 GB  2.04 s  (batch 1.99: scatter 0.35 ntt 1.50 crt 0.20 merge 0.01)
live: bs level 21 batch              pool live 0.00 0.00 0.00 0.00 | window peak 0.00 0.00 0.00 0.00 | pool 0.60 0.60 0.60 0.60 GB per APU; peak/pool 0.0 %; MemAvailable 156.3 GB, Cached 0.6 GB
bs:   layout 0.000  batch 2.696  add+norm 0.051
bs: level 22 batch         7 pairs  max_nl  400325047  pool  88.89 GB  2.75 s  (batch 2.70: scatter 0.62 ntt 2.00 crt 0.68 merge 0.01)
live: bs level 22 batch              pool live 0.00 0.00 0.00 0.00 | window peak 0.00 0.00 0.00 0.00 | pool 0.60 0.60 0.60 0.60 GB per APU; peak/pool 0.0 %; MemAvailable 156.3 GB, Cached 0.6 GB
dbig pool: APU0 VMM arena: the background thread mapped chunks 0..29 in 10.76 s
dbig pool: APU1 VMM arena: the background thread mapped chunks 0..29 in 10.20 s
dbig pool: APU2 VMM arena: the background thread mapped chunks 0..29 in 13.53 s
dbig pool: APU3 VMM arena: the background thread mapped chunks 0..29 in 5.12 s
bs: level 23 mdev          4 pairs  max_nl  799309844  pool  88.89 GB  5.00 s  (batch 0.00: scatter 0.00 ntt 0.00 crt 0.00 merge 0.00)
live: bs level 23 mdev               pool live 22.22 22.22 22.22 22.22 | window peak 22.22 22.22 22.22 22.22 | pool 64.42 64.42 64.42 64.42 GB per APU; peak/pool 34.5 %; MemAvailable 155.4 GB, Cached 0.6 GB
bs: level 24 mdev          2 pairs  max_nl 1579951734  pool  88.89 GB  9.59 s  (batch 0.00: scatter 0.00 ntt 0.00 crt 0.00 merge 0.00)
live: bs level 24 mdev               pool live 22.22 22.22 22.22 22.22 | window peak 31.19 31.19 31.19 31.19 | pool 64.42 64.42 64.42 64.42 GB per APU; peak/pool 48.4 %; MemAvailable 155.4 GB, Cached 0.6 GB
bs: level 25 mdev          1 pairs  max_nl 2990522392  pool  88.89 GB  19.50 s  (batch 0.00: scatter 0.00 ntt 0.00 crt 0.00 merge 0.00)
live: bs level 25 mdev               pool live 22.22 22.22 22.22 22.22 | window peak 36.54 36.54 36.54 36.54 | pool 64.42 64.42 64.42 64.42 GB per APU; peak/pool 56.7 %; MemAvailable 155.4 GB, Cached 0.6 GB
bs       89.32 s   N 10433891470, P 5555555560 limbs, Q 5555555560 limbs (seeds 26.5 school 0.0 batch 28.6 mdev 34.1; pool 98.0 GB; dev pools 0.0 GB)   VmRSS 8.9 GB, VmHWM 26.5 GB
RESULT ecalc bs s 89.3222
mem [bs] device 361.4 GB in use (per APU 90.3..90.3): planes 103.1, regions 0.0, block pool 257.7 (donated 0.0, borrowed 257.7, hipMalloc 0.0; live 88.9, peak live 146.2, free 168.8), tables 0.61, other 0.0
mem [bs] host 8.9 GB RSS (HWM 26.5): staging 4.3 pinned, registered 0.1, X 0.0, digits 0.0, named 0.0, other 4.6
      I3: plane pool tails donated: 0.0 GB
live: recip(db) j 2 -> 3             pool live 55.56 55.56 55.56 55.56 | window peak 55.56 55.56 55.56 55.56 | pool 64.42 64.42 64.42 64.42 GB per APU; peak/pool 86.2 %; MemAvailable 157.5 GB, Cached 0.6 GB
live: recip(db) j 3 -> 6             pool live 55.56 55.56 55.56 55.56 | window peak 55.56 55.56 55.56 55.56 | pool 64.42 64.42 64.42 64.42 GB per APU; peak/pool 86.2 %; MemAvailable 157.5 GB, Cached 0.6 GB
live: recip(db) j 6 -> 11            pool live 55.56 55.56 55.56 55.56 | window peak 55.56 55.56 55.56 55.56 | pool 64.42 64.42 64.42 64.42 GB per APU; peak/pool 86.2 %; MemAvailable 157.5 GB, Cached 0.6 GB
live: recip(db) j 11 -> 21           pool live 55.56 55.56 55.56 55.56 | window peak 55.56 55.56 55.56 55.56 | pool 64.42 64.42 64.42 64.42 GB per APU; peak/pool 86.2 %; MemAvailable 157.5 GB, Cached 0.6 GB
live: recip(db) j 21 -> 42           pool live 55.56 55.56 55.56 55.56 | window peak 55.56 55.56 55.56 55.56 | pool 64.42 64.42 64.42 64.42 GB per APU; peak/pool 86.2 %; MemAvailable 157.5 GB, Cached 0.6 GB
live: recip(db) j 42 -> 83           pool live 55.56 55.56 55.56 55.56 | window peak 55.56 55.56 55.56 55.56 | pool 64.42 64.42 64.42 64.42 GB per APU; peak/pool 86.2 %; MemAvailable 157.5 GB, Cached 0.6 GB
live: recip(db) j 83 -> 166          pool live 55.56 55.56 55.56 55.56 | window peak 55.56 55.56 55.56 55.56 | pool 64.42 64.42 64.42 64.42 GB per APU; peak/pool 86.2 %; MemAvailable 157.5 GB, Cached 0.6 GB
live: recip(db) j 166 -> 332         pool live 55.56 55.56 55.56 55.56 | window peak 55.56 55.56 55.56 55.56 | pool 64.42 64.42 64.42 64.42 GB per APU; peak/pool 86.2 %; MemAvailable 157.5 GB, Cached 0.6 GB
live: recip(db) j 332 -> 663         pool live 55.56 55.56 55.56 55.56 | window peak 55.56 55.56 55.56 55.56 | pool 64.42 64.42 64.42 64.42 GB per APU; peak/pool 86.2 %; MemAvailable 157.5 GB, Cached 0.6 GB
live: recip(db) j 663 -> 1325        pool live 55.56 55.56 55.56 55.56 | window peak 55.56 55.56 55.56 55.56 | pool 64.42 64.42 64.42 64.42 GB per APU; peak/pool 86.2 %; MemAvailable 157.5 GB, Cached 0.6 GB
live: recip(db) j 1325 -> 2650       pool live 55.56 55.56 55.56 55.56 | window peak 55.56 55.56 55.56 55.56 | pool 64.42 64.42 64.42 64.42 GB per APU; peak/pool 86.2 %; MemAvailable 157.5 GB, Cached 0.6 GB
live: recip(db) j 2650 -> 5299       pool live 55.56 55.56 55.56 55.56 | window peak 55.56 55.56 55.56 55.56 | pool 64.42 64.42 64.42 64.42 GB per APU; peak/pool 86.2 %; MemAvailable 157.5 GB, Cached 0.6 GB
live: recip(db) j 5299 -> 10597      pool live 55.56 55.56 55.56 55.56 | window peak 55.56 55.56 55.56 55.56 | pool 64.42 64.42 64.42 64.42 GB per APU; peak/pool 86.2 %; MemAvailable 157.5 GB, Cached 0.6 GB
live: recip(db) j 10597 -> 21193     pool live 55.56 55.56 55.56 55.56 | window peak 55.56 55.56 55.56 55.56 | pool 64.42 64.42 64.42 64.42 GB per APU; peak/pool 86.2 %; MemAvailable 157.5 GB, Cached 0.6 GB
live: recip(db) j 21193 -> 42386     pool live 55.56 55.56 55.56 55.56 | window peak 55.56 55.56 55.56 55.56 | pool 64.42 64.42 64.42 64.42 GB per APU; peak/pool 86.2 %; MemAvailable 157.5 GB, Cached 0.6 GB
live: recip(db) j 42386 -> 84772     pool live 55.56 55.56 55.56 55.56 | window peak 55.56 55.56 55.56 55.56 | pool 64.42 64.42 64.42 64.42 GB per APU; peak/pool 86.2 %; MemAvailable 157.5 GB, Cached 0.6 GB
live: recip(db) j 84772 -> 169543    pool live 55.56 55.56 55.56 55.56 | window peak 55.56 55.56 55.56 55.56 | pool 64.42 64.42 64.42 64.42 GB per APU; peak/pool 86.2 %; MemAvailable 157.5 GB, Cached 0.6 GB
live: recip(db) j 169543 -> 339085   pool live 55.56 55.56 55.56 55.56 | window peak 55.56 55.56 55.56 55.56 | pool 64.42 64.42 64.42 64.42 GB per APU; peak/pool 86.2 %; MemAvailable 157.5 GB, Cached 0.6 GB
live: recip(db) j 339085 -> 678169   pool live 55.56 55.56 55.56 55.56 | window peak 55.56 55.56 55.56 55.56 | pool 64.42 64.42 64.42 64.42 GB per APU; peak/pool 86.2 %; MemAvailable 157.5 GB, Cached 0.6 GB
live: recip(db) j 678169 -> 1356337  pool live 55.56 55.56 55.56 55.56 | window peak 55.56 55.56 55.56 55.56 | pool 64.42 64.42 64.42 64.42 GB per APU; peak/pool 86.2 %; MemAvailable 157.5 GB, Cached 0.6 GB
live: recip(db) j 1356337 -> 2712674 pool live 55.56 55.56 55.56 55.56 | window peak 55.56 55.56 55.56 55.56 | pool 64.42 64.42 64.42 64.42 GB per APU; peak/pool 86.2 %; MemAvailable 157.5 GB, Cached 0.6 GB
live: recip(db) j 2712674 -> 5425348 pool live 55.56 55.56 55.56 55.56 | window peak 55.56 55.56 55.56 55.56 | pool 64.42 64.42 64.42 64.42 GB per APU; peak/pool 86.2 %; MemAvailable 157.5 GB, Cached 0.6 GB
live: recip(db) j 5425348 -> 10850695 pool live 55.56 55.56 55.56 55.56 | window peak 55.56 55.56 55.56 55.56 | pool 64.42 64.42 64.42 64.42 GB per APU; peak/pool 86.2 %; MemAvailable 157.5 GB, Cached 0.6 GB
live: recip(db) j 10850695 -> 21701389 pool live 55.56 55.56 55.56 55.56 | window peak 55.56 55.56 55.56 55.56 | pool 64.42 64.42 64.42 64.42 GB per APU; peak/pool 86.2 %; MemAvailable 157.5 GB, Cached 0.6 GB
live: recip(db) j 21701389 -> 43402778 pool live 55.56 55.56 55.56 55.56 | window peak 55.56 55.56 55.56 55.56 | pool 64.42 64.42 64.42 64.42 GB per APU; peak/pool 86.2 %; MemAvailable 157.5 GB, Cached 0.6 GB
live: recip(db) j 43402778 -> 86805556 pool live 55.56 55.56 55.56 55.56 | window peak 55.56 55.56 55.56 55.56 | pool 64.42 64.42 64.42 64.42 GB per APU; peak/pool 86.2 %; MemAvailable 157.5 GB, Cached 0.6 GB
live: recip(db) j 86805556 -> 173611112 pool live 55.56 55.56 55.56 55.56 | window peak 55.56 55.56 55.56 55.56 | pool 64.42 64.42 64.42 64.42 GB per APU; peak/pool 86.2 %; MemAvailable 157.5 GB, Cached 0.6 GB
live: recip(db) j 173611112 -> 347222223 pool live 55.56 55.56 55.56 55.56 | window peak 55.56 55.56 55.56 55.56 | pool 64.42 64.42 64.42 64.42 GB per APU; peak/pool 86.2 %; MemAvailable 157.5 GB, Cached 0.6 GB
live: recip(db) j 347222223 -> 694444445 pool live 55.56 55.56 55.56 55.56 | window peak 55.56 55.56 55.56 55.56 | pool 64.42 64.42 64.42 64.42 GB per APU; peak/pool 86.2 %; MemAvailable 157.5 GB, Cached 0.6 GB
live: recip(db) j 694444445 -> 1388888890 pool live 55.56 55.56 55.56 55.56 | window peak 55.56 55.56 55.56 55.56 | pool 64.42 64.42 64.42 64.42 GB per APU; peak/pool 86.2 %; MemAvailable 157.2 GB, Cached 0.6 GB
newton(db) j 1388888890 (k 5555555558): recip cut 0 pieces skipped, 6 formed in the step's two products
live: recip(db) j 1388888890 -> 2777777779 pool live 55.56 55.56 55.56 55.56 | window peak 59.72 59.72 59.72 59.72 | pool 64.42 64.42 64.42 64.42 GB per APU; peak/pool 92.7 %; MemAvailable 157.2 GB, Cached 0.6 GB
   dist_db 5555555560 x 2777777780 limbs: 9 x 3 pieces of 617283952 + 925925927, 24 formed, 3 skipped (low cut): 19.740 s (cache 0 slots: 0 hits, 0 misses)
   dist_db 2777777780 x 2777777779 limbs: 2 x 4 pieces of 1388888890 + 694444445, 7 formed, 1 skipped (low cut): 8.569 s (cache 0 slots: 0 hits, 0 misses)
newton(db) j 2777777779 (k 5555555558): recip cut 4 pieces skipped, 31 formed in the step's two products
live: recip(db) j 2777777779 -> 5555555558 pool live 55.56 55.56 55.56 55.56 | window peak 59.72 59.72 59.72 59.72 | pool 64.42 64.42 64.42 64.42 GB per APU; peak/pool 92.7 %; MemAvailable 157.2 GB, Cached 0.6 GB
recip    42.18 s   mu 5555555559 limbs (32 iterations, 0 mdev)   VmRSS 6.9 GB, VmHWM 26.5 GB
mem [recip] device 361.4 GB in use (per APU 90.3..90.3): planes 103.1, regions 0.0, block pool 257.7 (donated 0.0, borrowed 257.7, hipMalloc 0.0; live 133.3, peak live 238.9, free 124.4), tables 0.61, other 0.0
mem [recip] host 6.9 GB RSS (HWM 26.5): staging 0.0 pinned, registered 0.1, X 0.0, digits 0.0, named 0.0, other 6.9
      I3: P, Q residues by kernel 1.32 s (before the reciprocal), S = P + Q on device 0.14 s; no host A
10dP      0.14 s   T 5555555556 limbs, A 11111111116 limbs (0 mdev, 0 splits)   VmRSS 6.9 GB, VmHWM 26.5 GB
RESULT ecalc 10dP s 0.144543
dbig pool: APU0 VMM remap for a 22.22 GB request: 11 free chunks moved to slot 30 (23.62 GB contiguous) in 0.483 s; free 31.09 GB in 4 extents, live 33.33 GB
dbig pool: APU1 VMM remap for a 22.22 GB request: 11 free chunks moved to slot 30 (23.62 GB contiguous) in 0.488 s; free 31.09 GB in 4 extents, live 33.33 GB
dbig pool: APU2 VMM remap for a 22.22 GB request: 11 free chunks moved to slot 30 (23.62 GB contiguous) in 0.471 s; free 31.09 GB in 4 extents, live 33.33 GB
dbig pool: APU3 VMM remap for a 22.22 GB request: 11 free chunks moved to slot 30 (23.62 GB contiguous) in 0.439 s; free 31.09 GB in 4 extents, live 33.33 GB
   dist_db 5555555557 x 5555555558 limbs: 7 x 7 pieces of 793650794 + 793650794, 28 formed, 21 skipped (low cut): 25.431 s (cache 0 slots: 0 hits, 0 misses)
  T2 window@50 ok
  T2 window@1000000 ok
  T2 window@100000000 ok
  T2 window@1000000000 ok
dbig pool: APU0 VMM remap for a 22.22 GB request: 11 free chunks moved to slot 41 (23.62 GB contiguous) in 0.478 s; free 31.09 GB in 5 extents, live 33.33 GB
dbig pool: APU1 VMM remap for a 22.22 GB request: 11 free chunks moved to slot 41 (23.62 GB contiguous) in 0.493 s; free 31.09 GB in 5 extents, live 33.33 GB
dbig pool: APU2 VMM remap for a 22.22 GB request: 11 free chunks moved to slot 41 (23.62 GB contiguous) in 0.478 s; free 31.09 GB in 5 extents, live 33.33 GB
dbig pool: APU3 VMM remap for a 22.22 GB request: 11 free chunks moved to slot 41 (23.62 GB contiguous) in 0.438 s; free 31.09 GB in 5 extents, live 33.33 GB
   dist_db 5555555557 x 5555555560 limbs: 7 x 7 pieces of 793650794 + 793650795, 31 formed, 18 skipped (low product): 28.618 s (cache 0 slots: 0 hits, 0 misses)
live: divmod(dev) end                pool live 33.33 33.33 33.33 33.33 | window peak 58.73 58.73 58.73 58.73 | pool 64.42 64.42 64.42 64.42 GB per APU; peak/pool 91.2 %; MemAvailable 156.2 GB, Cached 0.6 GB
mem [division] device 361.4 GB in use (per APU 90.3..90.3): planes 103.1, regions 0.0, block pool 257.7 (donated 0.0, borrowed 257.7, hipMalloc 0.0; live 44.4, peak live 238.9, free 213.3), tables 0.61, other 0.0
mem [division] host 7.9 GB RSS (HWM 26.5): staging 0.0 pinned, registered 0.1, X 0.0, digits 0.0, named 0.0, other 7.8
dm      103.10 s   X 5555555557 limbs, R 0 limbs (recip 42.2 s; corrections 0/2; 0 mdev); X on the device   VmRSS 7.9 GB, VmHWM 26.5 GB
mem [dm] device 361.4 GB in use (per APU 90.3..90.3): planes 103.1, regions 0.0, block pool 257.7 (donated 0.0, borrowed 257.7, hipMalloc 0.0; live 44.4, peak live 238.9, free 213.3), tables 0.61, other 0.0
mem [dm] host 7.9 GB RSS (HWM 26.5): staging 0.0 pinned, registered 0.1, X 0.0, digits 0.0, named 0.0, other 7.8
RESULT ecalc dm s 103.098
  T1 q0=4611686018427388039: P ok, Q ok, T(P+Q) == XQ+R ok
  T1 q1=4611686018427388073: P ok, Q ok, T(P+Q) == XQ+R ok
  T1 q2=4611686018427388081: P ok, Q ok, T(P+Q) == XQ+R ok
  T1 q3=4611686018427388091: P ok, Q ok, T(P+Q) == XQ+R ok
  T1 q4=4611686018427388093: P ok, Q ok, T(P+Q) == XQ+R ok
  T1 q5=4611686018427388097: P ok, Q ok, T(P+Q) == XQ+R ok
  T1 q6=4611686018427388157: P ok, Q ok, T(P+Q) == XQ+R ok
  T1 q7=4611686018427388181: P ok, Q ok, T(P+Q) == XQ+R ok
T1       20.44 s   ok: T(P+Q) == XQ + R and P, Q mod q for 8 primes (P, Q recurrence overlapped with bs)
      overlapped with bs: P, Q mod q recurrence 11.25 s, block pool pregrown by 0 GB in 0.00 s
RESULT ecalc T1 s 20.4383
      VmRSS 7.9 GB before dc
total   231.99 s   (bs 89.3 + 10dP 0.1 + dm 103.1 + T1 20.4 + dc 0.0 + T2 0.0 = 213.0; init 18.8; other 0.1); VmHWM 26.5 GB
RESULT ecalc total s 231.995
RESULT ecalc phases s 213.003
RESULT ecalc other s 0.142903
RESULT ecalc vmhwm GB 26.5002
paper A22 (4e10): 285.7 = bs 112.2 + 10dP 12.6 + dm 46.8 + T1 ~3 + dc 110.3
      X corrected after the formatting started: redoing the digits
  T2 window@50 ok
  T2 window@1000000 ok
  T2 window@100000000 ok
  T2 window@1000000000 ok
  T1 q0: digits == X ok
  T1 q1: digits == X ok
  T1 q2: digits == X ok
  T1 q3: digits == X ok
  T1 q4: digits == X ok
  T1 q5: digits == X ok
  T1 q6: digits == X ok
  T1 q7: digits == X ok
dc       56.61 s   digits [0, 100000000009) of 100000000009 formatted from 5555555557 decimal limbs in 373 chunks (streamed with the low product; joined after total) (residues 0.70, format 3.48, digit residue 3.44, T2 0.00, fetch 0.90, waiting for the writer 48.68)
RESULT ecalc dc s 56.6146
T2        0.00 s   windows ok (4 checked), digits == X mod q ok (overlapped)
RESULT ecalc T2 s 0
digits: 27182818284590452353602874713526624977572470936999595749669676...37703810896884928977
wrote /tmp/t2_21541/e.out (100.00 GB; write 56.46 s in the writer thread, 0.11 s after the checks)
VERIFY OK
dbig pool: APU0 tail 22.57 GB: 1 large blocks from its back, 8 small blocks spilled into it
dbig pool: APU1 tail 22.57 GB: 1 large blocks from its back, 8 small blocks spilled into it
dbig pool: APU2 tail 22.57 GB: 1 large blocks from its back, 8 small blocks spilled into it
dbig pool: APU3 tail 22.57 GB: 1 large blocks from its back, 7 small blocks spilled into it
mem [end] device 103.7 GB in use (per APU 25.9..25.9): planes 103.1, regions 0.0, block pool 0.0 (donated 0.0, borrowed 0.0, hipMalloc 0.0; live 0.0, peak live 238.9, free 0.0), tables 0.61, other 0.0
mem [end] host 7.0 GB RSS (HWM 26.5): staging 0.0 pinned, registered 0.1, X 0.0, digits 0.0, named 0.0, other 6.9
mem summary: bytes in use at each phase boundary, GB (device: all APUs / largest APU; host: this process)
mem phase           device  maxAPU |  planes regions  pl:don  pl:bor  pl:hip pl:live pl:peak tables |    host staging  regist       X  digits   other     HWM
mem init             359.0    89.7 |   103.1   130.7     0.0   124.6     0.0     0.0     0.0   0.61 |    24.4    21.5     0.0     0.0     0.0     2.9    24.4
mem bs               361.4    90.3 |   103.1     0.0     0.0   257.7     0.0    88.9   146.2   0.61 |     8.9     4.3     0.1     0.0     0.0     4.6    26.5
mem recip            361.4    90.3 |   103.1     0.0     0.0   257.7     0.0   133.3   238.9   0.61 |     6.9     0.0     0.1     0.0     0.0     6.9    26.5
mem division         361.4    90.3 |   103.1     0.0     0.0   257.7     0.0    44.4   238.9   0.61 |     7.9     0.0     0.1     0.0     0.0     7.8    26.5
mem dm               361.4    90.3 |   103.1     0.0     0.0   257.7     0.0    44.4   238.9   0.61 |     7.9     0.0     0.1     0.0     0.0     7.8    26.5
mem end              103.7    25.9 |   103.1     0.0     0.0     0.0     0.0     0.0   238.9   0.61 |     7.0     0.0     0.1     0.0     0.0     6.9    26.5
dbig pool: APU0 VMM arena released (2 remaps of 22 chunks in 0.96 s, 0 growths of 0 chunks)
dbig pool: APU1 VMM arena released (2 remaps of 22 chunks in 0.98 s, 0 growths of 0 chunks)
dbig pool: APU2 VMM arena released (2 remaps of 22 chunks in 0.95 s, 0 growths of 0 chunks)
dbig pool: APU3 VMM arena released (2 remaps of 22 chunks in 0.88 s, 0 growths of 0 chunks)
rns_dist: RNS_STRATEGY=auto form B: C 14 products 12.04 s, B 188 products 65.48 s, B4 0 products 0.00 s; extra plane memory 0.00 GiB/APU (allocations 0.00 s)

real	4m50.832s
user	0m0.006s
sys	0m0.019s
