== T2 run b232n1: 100000000000 nw, env: DB_POOL_VERBOSE=1 BI_MUL1_FAST=1 BS_SEED_TERMS=232; job 21529 on ppac-pl1-s24-26, clone at 4e0edd4, 2026-09-27 11:16:29 CDT
== ecalc: e to 100000000000 digits (decimal limbs, base 10^18) [computed to the next multiple of 18] ==
META bench=ecalc host=ppac-pl1-s24-26 date=2026-09-27T11:16:30 pool_log=31 stg=7 pw_fuse=14 body=1 engine=1 base=10^18
ECALC_PLANE_CAP: 2^31 points (POOL_LOG=31 RNS_PLANES_3Q30=0 DIST_LOGN_TEST=31)
rns_init: three primes (ECALC_NP=3): c 2^44 + 1, c = 240, 216, 207; at most 58424467928 terms per product
dbig pool: APU3 VMM arena 64.42 GB = 30 chunks of 2.00 GiB, the first 13 mapped in 5.11 s (0.183 s/GB), the rest in the background, VA 195.4 GB reserved at 0x7cfbe7e00000
dbig pool: APU1 VMM arena 64.42 GB = 30 chunks of 2.00 GiB, the first 15 mapped in 6.32 s (0.196 s/GB), the rest in the background, VA 195.4 GB reserved at 0x7d2b68200000
dbig pool: APU2 VMM arena 64.42 GB = 30 chunks of 2.00 GiB, the first 15 mapped in 9.10 s (0.282 s/GB), the rest in the background, VA 195.4 GB reserved at 0x7cce67c00000
dbig pool: APU0 VMM arena 83.75 GB = 39 chunks of 2.00 GiB, the first 20 mapped in 10.60 s (0.247 s/GB), the rest in the background, VA 253.4 GB reserved at 0x7d58e8400000
bs: arenas 274.2 GB allocated in 10.60 s (layout pass 0.21 s; dm extra 11.8 GB, tails 90.3 GB)
      init: region pools 10.81 s (inside rns_init, before the plane pools: the seeds stream into them)
      init: rns_init 17.50 s, region pools 0.00 s, the rest 0.00 s
RESULT ecalc init s 17.4989
      VmRSS 24.4 GB after init (staging 4.3 GB pinned + device regions 274 GB); init 17.5 s
mem [init] device 377.9 GB in use (per APU 89.7..108.7): planes 103.1, regions 138.9, block pool 135.3 (donated 0.0, borrowed 135.3, hipMalloc 0.0; live 0.0, peak live 0.0, free 0.0), tables 0.61, other 0.0
mem [init] host 24.4 GB RSS (HWM 24.4): staging 21.5 pinned, registered 0.0, X 0.0, digits 0.0, named 0.0, other 2.9
budget: rank 0: peak 402.9 GB (device 377.9, host 24.9), still to take 0.0 GB | node of 1 rank: peaks 402.9 of 480 GB, to take 0.0 of MemAvailable 262.7 GB | rank share 480.0 GB
budget: ECALC_BUDGET_CHECK ok: 1 rank, largest rank peak 402.9 GB, node budget 480 GB
bs: seeds were computed during init (27.93 s: buffers 1.44 + 0.09, spans 16.70, waited 6.22 for the regions, 0.67 for the DMA, 2.80 issuing it (max 1.11); 12 chunks of 8191 MB, 12 through a buffer, the rest stored into the regions; BI_MUL1_FAST=1)
bs: 10433891470 terms, 44973671 spans of 232, seeds 16.72 s (waiting for the init thread)
dbig pool: APU0 VMM arena: the background thread mapped chunks 0..38 in 8.52 s
bs:   layout 0.864  batch 3.848  add+norm 0.116
bs: level  1 batch  22486835 pairs  max_nl        130  pool  89.33 GB  4.83 s  (batch 2.99: scatter 0.26 ntt 1.31 crt 0.19 merge 0.13)
live: bs level 1 batch               pool live 0.00 0.00 0.00 0.00 | window peak 0.00 0.00 0.00 0.00 | pool 1.00 0.60 0.60 0.60 GB per APU; peak/pool 0.0 %; MemAvailable 133.2 GB, Cached 0.6 GB
bs:   layout 0.314  batch 1.886  add+norm 0.062
bs: level  2 batch  11243418 pairs  max_nl        259  pool  89.11 GB  2.26 s  (batch 1.45: scatter 0.13 ntt 0.64 crt 0.18 merge 0.05)
live: bs level 2 batch               pool live 0.00 0.00 0.00 0.00 | window peak 0.00 0.00 0.00 0.00 | pool 1.00 0.60 0.60 0.60 GB per APU; peak/pool 0.0 %; MemAvailable 135.1 GB, Cached 0.6 GB
bs:   layout 0.155  batch 1.426  add+norm 0.031
bs: level  3 batch   5621709 pairs  max_nl        517  pool  89.00 GB  1.61 s  (batch 1.21: scatter 0.12 ntt 0.67 crt 0.18 merge 0.02)
live: bs level 3 batch               pool live 0.00 0.00 0.00 0.00 | window peak 0.00 0.00 0.00 0.00 | pool 1.00 0.60 0.60 0.60 GB per APU; peak/pool 0.0 %; MemAvailable 136.0 GB, Cached 0.6 GB
bs:   layout 0.078  batch 1.257  add+norm 0.017
bs: level  4 batch   2810854 pairs  max_nl       1034  pool  88.94 GB  1.35 s  (batch 1.15: scatter 0.09 ntt 0.76 crt 0.17 merge 0.01)
live: bs level 4 batch               pool live 0.00 0.00 0.00 0.00 | window peak 0.00 0.00 0.00 0.00 | pool 1.00 0.60 0.60 0.60 GB per APU; peak/pool 0.0 %; MemAvailable 136.4 GB, Cached 0.6 GB
bs:   layout 0.040  batch 1.164  add+norm 0.010
bs: level  5 batch   1405427 pairs  max_nl       2067  pool  88.92 GB  1.21 s  (batch 1.11: scatter 0.09 ntt 0.79 crt 0.17 merge 0.00)
live: bs level 5 batch               pool live 0.00 0.00 0.00 0.00 | window peak 0.00 0.00 0.00 0.00 | pool 1.00 0.60 0.60 0.60 GB per APU; peak/pool 0.0 %; MemAvailable 136.7 GB, Cached 0.6 GB
bs:   layout 0.021  batch 1.182  add+norm 0.006
bs: level  6 batch    702714 pairs  max_nl       4133  pool  88.90 GB  1.21 s  (batch 1.15: scatter 0.08 ntt 0.81 crt 0.16 merge 0.09)
live: bs level 6 batch               pool live 0.00 0.00 0.00 0.00 | window peak 0.00 0.00 0.00 0.00 | pool 1.00 0.60 0.60 0.60 GB per APU; peak/pool 0.0 %; MemAvailable 136.7 GB, Cached 0.6 GB
bs:   layout 0.015  batch 1.214  add+norm 0.004
bs: level  7 batch    351357 pairs  max_nl       8265  pool  88.90 GB  1.23 s  (batch 1.20: scatter 0.08 ntt 0.93 crt 0.16 merge 0.01)
live: bs level 7 batch               pool live 0.00 0.00 0.00 0.00 | window peak 0.00 0.00 0.00 0.00 | pool 1.00 0.60 0.60 0.60 GB per APU; peak/pool 0.0 %; MemAvailable 136.8 GB, Cached 0.6 GB
bs:   layout 0.041  batch 1.233  add+norm 0.001
bs: level  8 batch    175678 pairs  max_nl      16529  pool  88.89 GB  1.28 s  (batch 1.23: scatter 0.08 ntt 0.96 crt 0.17 merge 0.00)
live: bs level 8 batch               pool live 0.00 0.00 0.00 0.00 | window peak 0.00 0.00 0.00 0.00 | pool 1.00 0.60 0.60 0.60 GB per APU; peak/pool 0.0 %; MemAvailable 136.8 GB, Cached 0.6 GB
bs:   layout 0.002  batch 1.278  add+norm 0.001
bs: level  9 batch     87839 pairs  max_nl      33057  pool  88.89 GB  1.28 s  (batch 1.27: scatter 0.08 ntt 1.01 crt 0.18 merge 0.00)
live: bs level 9 batch               pool live 0.00 0.00 0.00 0.00 | window peak 0.00 0.00 0.00 0.00 | pool 1.00 0.60 0.60 0.60 GB per APU; peak/pool 0.0 %; MemAvailable 136.8 GB, Cached 0.6 GB
bs:   layout 0.009  batch 1.293  add+norm 0.000
bs: level 10 batch     43920 pairs  max_nl      66113  pool  88.89 GB  1.30 s  (batch 1.29: scatter 0.08 ntt 1.01 crt 0.20 merge 0.00)
live: bs level 10 batch              pool live 0.00 0.00 0.00 0.00 | window peak 0.00 0.00 0.00 0.00 | pool 1.00 0.60 0.60 0.60 GB per APU; peak/pool 0.0 %; MemAvailable 136.8 GB, Cached 0.6 GB
bs:   layout 0.001  batch 1.230  add+norm 0.000
bs: level 11 batch     21960 pairs  max_nl     132226  pool  88.89 GB  1.23 s  (batch 1.23: scatter 0.08 ntt 0.95 crt 0.20 merge 0.00)
live: bs level 11 batch              pool live 0.00 0.00 0.00 0.00 | window peak 0.00 0.00 0.00 0.00 | pool 1.00 0.60 0.60 0.60 GB per APU; peak/pool 0.0 %; MemAvailable 136.8 GB, Cached 0.6 GB
bs:   layout 0.000  batch 1.263  add+norm 0.000
bs: level 12 batch     10980 pairs  max_nl     264451  pool  88.89 GB  1.26 s  (batch 1.26: scatter 0.08 ntt 0.98 crt 0.20 merge 0.00)
live: bs level 12 batch              pool live 0.00 0.00 0.00 0.00 | window peak 0.00 0.00 0.00 0.00 | pool 1.00 0.60 0.60 0.60 GB per APU; peak/pool 0.0 %; MemAvailable 136.8 GB, Cached 0.6 GB
bs:   layout 0.000  batch 1.308  add+norm 0.000
bs: level 13 batch      5490 pairs  max_nl     528900  pool  88.89 GB  1.31 s  (batch 1.31: scatter 0.08 ntt 1.03 crt 0.20 merge 0.00)
live: bs level 13 batch              pool live 0.00 0.00 0.00 0.00 | window peak 0.00 0.00 0.00 0.00 | pool 1.00 0.60 0.60 0.60 GB per APU; peak/pool 0.0 %; MemAvailable 136.8 GB, Cached 0.6 GB
bs:   layout 0.000  batch 1.554  add+norm 0.000
bs: level 14 batch      2745 pairs  max_nl    1057794  pool  88.89 GB  1.55 s  (batch 1.55: scatter 0.08 ntt 1.25 crt 0.22 merge 0.00)
live: bs level 14 batch              pool live 0.00 0.00 0.00 0.00 | window peak 0.00 0.00 0.00 0.00 | pool 1.00 0.60 0.60 0.60 GB per APU; peak/pool 0.0 %; MemAvailable 136.8 GB, Cached 0.6 GB
bs:   layout 0.000  batch 1.575  add+norm 0.000
bs: level 15 batch      1372 pairs  max_nl    2115562  pool  88.89 GB  1.58 s  (batch 1.57: scatter 0.08 ntt 1.27 crt 0.22 merge 0.00)
live: bs level 15 batch              pool live 0.00 0.00 0.00 0.00 | window peak 0.00 0.00 0.00 0.00 | pool 1.00 0.60 0.60 0.60 GB per APU; peak/pool 0.0 %; MemAvailable 136.8 GB, Cached 0.6 GB
bs:   layout 0.000  batch 1.626  add+norm 0.000
bs: level 16 batch       686 pairs  max_nl    4231090  pool  88.89 GB  1.63 s  (batch 1.63: scatter 0.08 ntt 1.33 crt 0.22 merge 0.00)
live: bs level 16 batch              pool live 0.00 0.00 0.00 0.00 | window peak 0.00 0.00 0.00 0.00 | pool 1.00 0.60 0.60 0.60 GB per APU; peak/pool 0.0 %; MemAvailable 136.8 GB, Cached 0.6 GB
bs:   layout 0.000  batch 1.586  add+norm 0.000
bs: level 17 batch       343 pairs  max_nl    8462046  pool  88.89 GB  1.59 s  (batch 1.59: scatter 0.08 ntt 1.33 crt 0.18 merge 0.00)
live: bs level 17 batch              pool live 0.00 0.00 0.00 0.00 | window peak 0.00 0.00 0.00 0.00 | pool 1.00 0.60 0.60 0.60 GB per APU; peak/pool 0.0 %; MemAvailable 136.7 GB, Cached 0.6 GB
bs:   layout 0.000  batch 1.613  add+norm 0.000
bs: level 18 batch       172 pairs  max_nl   16923556  pool  88.89 GB  1.61 s  (batch 1.61: scatter 0.08 ntt 1.35 crt 0.18 merge 0.00)
live: bs level 18 batch              pool live 0.00 0.00 0.00 0.00 | window peak 0.00 0.00 0.00 0.00 | pool 1.00 0.60 0.60 0.60 GB per APU; peak/pool 0.0 %; MemAvailable 136.7 GB, Cached 0.6 GB
bs:   layout 0.000  batch 1.594  add+norm 0.000
bs: level 19 batch        86 pairs  max_nl   33840670  pool  88.89 GB  1.59 s  (batch 1.59: scatter 0.08 ntt 1.32 crt 0.19 merge 0.01)
live: bs level 19 batch              pool live 0.00 0.00 0.00 0.00 | window peak 0.00 0.00 0.00 0.00 | pool 1.00 0.60 0.60 0.60 GB per APU; peak/pool 0.0 %; MemAvailable 136.7 GB, Cached 0.6 GB
bs:   layout 0.000  batch 1.661  add+norm 0.000
bs: level 20 batch        43 pairs  max_nl   67655394  pool  88.89 GB  1.66 s  (batch 1.66: scatter 0.08 ntt 1.39 crt 0.19 merge 0.01)
live: bs level 20 batch              pool live 0.00 0.00 0.00 0.00 | window peak 0.00 0.00 0.00 0.00 | pool 1.00 0.60 0.60 0.60 GB per APU; peak/pool 0.0 %; MemAvailable 136.7 GB, Cached 0.6 GB
bs:   layout 0.000  batch 2.444  add+norm 0.001
bs: level 21 batch        21 pairs  max_nl  135205552  pool  88.89 GB  2.45 s  (batch 2.44: scatter 0.13 ntt 2.09 crt 0.20 merge 0.02)
live: bs level 21 batch              pool live 0.00 0.00 0.00 0.00 | window peak 0.00 0.00 0.00 0.00 | pool 1.00 0.60 0.60 0.60 GB per APU; peak/pool 0.0 %; MemAvailable 136.7 GB, Cached 0.6 GB
bs:   layout 0.000  batch 3.832  add+norm 0.001
bs: level 22 batch        11 pairs  max_nl  270267931  pool  88.89 GB  3.83 s  (batch 3.83: scatter 0.91 ntt 3.05 crt 0.76 merge 0.01)
live: bs level 22 batch              pool live 0.00 0.00 0.00 0.00 | window peak 0.00 0.00 0.00 0.00 | pool 1.00 0.60 0.60 0.60 GB per APU; peak/pool 0.0 %; MemAvailable 136.7 GB, Cached 0.6 GB
dbig pool: APU1 VMM arena: the background thread mapped chunks 0..29 in 11.18 s
dbig pool: APU2 VMM arena: the background thread mapped chunks 0..29 in 14.71 s
dbig pool: APU3 VMM arena: the background thread mapped chunks 0..29 in 6.20 s
bs: level 23 mdev          5 pairs  max_nl  538743350  pool  88.89 GB  4.52 s  (batch 0.00: scatter 0.00 ntt 0.00 crt 0.00 merge 0.00)
live: bs level 23 mdev               pool live 22.22 22.22 22.22 22.22 | window peak 22.22 22.22 22.22 22.22 | pool 83.75 64.42 64.42 64.42 GB per APU; peak/pool 32.1 %; MemAvailable 135.9 GB, Cached 0.6 GB
bs: level 24 mdev          3 pairs  max_nl 1074872647  pool  88.89 GB  4.83 s  (batch 0.00: scatter 0.00 ntt 0.00 crt 0.00 merge 0.00)
live: bs level 24 mdev               pool live 22.22 22.22 22.22 22.22 | window peak 26.44 26.44 26.44 26.44 | pool 83.75 64.42 64.42 64.42 GB per APU; peak/pool 38.2 %; MemAvailable 135.6 GB, Cached 0.6 GB
bs: level 25 mdev          1 pairs  max_nl 2110060974  pool  88.89 GB  8.95 s  (batch 0.00: scatter 0.00 ntt 0.00 crt 0.00 merge 0.00)
live: bs level 25 mdev               pool live 22.22 22.22 22.22 22.22 | window peak 34.49 34.49 34.49 34.49 | pool 83.75 64.42 64.42 64.42 GB per APU; peak/pool 49.8 %; MemAvailable 135.6 GB, Cached 0.6 GB
bs: level 26 mdev          1 pairs  max_nl 4089932693  pool  88.89 GB  15.16 s  (batch 0.00: scatter 0.00 ntt 0.00 crt 0.00 merge 0.00)
live: bs level 26 mdev               pool live 22.22 22.22 22.22 22.22 | window peak 36.44 36.44 36.44 36.44 | pool 83.75 64.42 64.42 64.42 GB per APU; peak/pool 52.6 %; MemAvailable 135.6 GB, Cached 0.6 GB
bs       89.21 s   N 10433891470, P 5555555560 limbs, Q 5555555560 limbs (seeds 16.7 school 0.0 batch 38.9 mdev 33.5; pool 98.6 GB; dev pools 0.0 GB)   VmRSS 9.0 GB, VmHWM 27.4 GB
RESULT ecalc bs s 89.2146
mem [bs] device 380.7 GB in use (per APU 90.3..109.7): planes 103.1, regions 0.0, block pool 277.0 (donated 0.0, borrowed 277.0, hipMalloc 0.0; live 88.9, peak live 145.7, free 188.1), tables 0.61, other 0.0
mem [bs] host 9.0 GB RSS (HWM 27.4): staging 4.3 pinned, registered 0.1, X 0.0, digits 0.0, named 0.0, other 4.7
      I3: plane pool tails donated: 0.0 GB
dbig pool: APU1 VMM remap for a 11.11 GB request: 6 free chunks moved to slot 30 (12.88 GB contiguous) in 0.244 s; free 19.98 GB in 5 extents, live 44.44 GB
dbig pool: APU2 VMM remap for a 11.11 GB request: 6 free chunks moved to slot 30 (12.88 GB contiguous) in 0.254 s; free 19.98 GB in 5 extents, live 44.44 GB
dbig pool: APU3 VMM remap for a 11.11 GB request: 6 free chunks moved to slot 30 (12.88 GB contiguous) in 0.264 s; free 19.98 GB in 5 extents, live 44.44 GB
live: recip(db) j 2 -> 3             pool live 55.56 55.56 55.56 55.56 | window peak 55.56 55.56 55.56 55.56 | pool 83.75 64.42 64.42 64.42 GB per APU; peak/pool 80.2 %; MemAvailable 137.8 GB, Cached 0.6 GB
live: recip(db) j 3 -> 6             pool live 55.56 55.56 55.56 55.56 | window peak 55.56 55.56 55.56 55.56 | pool 83.75 64.42 64.42 64.42 GB per APU; peak/pool 80.2 %; MemAvailable 137.8 GB, Cached 0.6 GB
live: recip(db) j 6 -> 11            pool live 55.56 55.56 55.56 55.56 | window peak 55.56 55.56 55.56 55.56 | pool 83.75 64.42 64.42 64.42 GB per APU; peak/pool 80.2 %; MemAvailable 137.8 GB, Cached 0.6 GB
live: recip(db) j 11 -> 21           pool live 55.56 55.56 55.56 55.56 | window peak 55.56 55.56 55.56 55.56 | pool 83.75 64.42 64.42 64.42 GB per APU; peak/pool 80.2 %; MemAvailable 137.8 GB, Cached 0.6 GB
live: recip(db) j 21 -> 42           pool live 55.56 55.56 55.56 55.56 | window peak 55.56 55.56 55.56 55.56 | pool 83.75 64.42 64.42 64.42 GB per APU; peak/pool 80.2 %; MemAvailable 137.8 GB, Cached 0.6 GB
live: recip(db) j 42 -> 83           pool live 55.56 55.56 55.56 55.56 | window peak 55.56 55.56 55.56 55.56 | pool 83.75 64.42 64.42 64.42 GB per APU; peak/pool 80.2 %; MemAvailable 137.8 GB, Cached 0.6 GB
live: recip(db) j 83 -> 166          pool live 55.56 55.56 55.56 55.56 | window peak 55.56 55.56 55.56 55.56 | pool 83.75 64.42 64.42 64.42 GB per APU; peak/pool 80.2 %; MemAvailable 137.8 GB, Cached 0.6 GB
live: recip(db) j 166 -> 332         pool live 55.56 55.56 55.56 55.56 | window peak 55.56 55.56 55.56 55.56 | pool 83.75 64.42 64.42 64.42 GB per APU; peak/pool 80.2 %; MemAvailable 137.8 GB, Cached 0.6 GB
live: recip(db) j 332 -> 663         pool live 55.56 55.56 55.56 55.56 | window peak 55.56 55.56 55.56 55.56 | pool 83.75 64.42 64.42 64.42 GB per APU; peak/pool 80.2 %; MemAvailable 137.8 GB, Cached 0.6 GB
live: recip(db) j 663 -> 1325        pool live 55.56 55.56 55.56 55.56 | window peak 55.56 55.56 55.56 55.56 | pool 83.75 64.42 64.42 64.42 GB per APU; peak/pool 80.2 %; MemAvailable 137.8 GB, Cached 0.6 GB
live: recip(db) j 1325 -> 2650       pool live 55.56 55.56 55.56 55.56 | window peak 55.56 55.56 55.56 55.56 | pool 83.75 64.42 64.42 64.42 GB per APU; peak/pool 80.2 %; MemAvailable 137.8 GB, Cached 0.6 GB
live: recip(db) j 2650 -> 5299       pool live 55.56 55.56 55.56 55.56 | window peak 55.56 55.56 55.56 55.56 | pool 83.75 64.42 64.42 64.42 GB per APU; peak/pool 80.2 %; MemAvailable 137.8 GB, Cached 0.6 GB
live: recip(db) j 5299 -> 10597      pool live 55.56 55.56 55.56 55.56 | window peak 55.56 55.56 55.56 55.56 | pool 83.75 64.42 64.42 64.42 GB per APU; peak/pool 80.2 %; MemAvailable 137.8 GB, Cached 0.6 GB
live: recip(db) j 10597 -> 21193     pool live 55.56 55.56 55.56 55.56 | window peak 55.56 55.56 55.56 55.56 | pool 83.75 64.42 64.42 64.42 GB per APU; peak/pool 80.2 %; MemAvailable 137.8 GB, Cached 0.6 GB
live: recip(db) j 21193 -> 42386     pool live 55.56 55.56 55.56 55.56 | window peak 55.56 55.56 55.56 55.56 | pool 83.75 64.42 64.42 64.42 GB per APU; peak/pool 80.2 %; MemAvailable 137.8 GB, Cached 0.6 GB
live: recip(db) j 42386 -> 84772     pool live 55.56 55.56 55.56 55.56 | window peak 55.56 55.56 55.56 55.56 | pool 83.75 64.42 64.42 64.42 GB per APU; peak/pool 80.2 %; MemAvailable 137.8 GB, Cached 0.6 GB
live: recip(db) j 84772 -> 169543    pool live 55.56 55.56 55.56 55.56 | window peak 55.56 55.56 55.56 55.56 | pool 83.75 64.42 64.42 64.42 GB per APU; peak/pool 80.2 %; MemAvailable 137.8 GB, Cached 0.6 GB
live: recip(db) j 169543 -> 339085   pool live 55.56 55.56 55.56 55.56 | window peak 55.56 55.56 55.56 55.56 | pool 83.75 64.42 64.42 64.42 GB per APU; peak/pool 80.2 %; MemAvailable 137.8 GB, Cached 0.6 GB
live: recip(db) j 339085 -> 678169   pool live 55.56 55.56 55.56 55.56 | window peak 55.56 55.56 55.56 55.56 | pool 83.75 64.42 64.42 64.42 GB per APU; peak/pool 80.2 %; MemAvailable 137.8 GB, Cached 0.6 GB
live: recip(db) j 678169 -> 1356337  pool live 55.56 55.56 55.56 55.56 | window peak 55.56 55.56 55.56 55.56 | pool 83.75 64.42 64.42 64.42 GB per APU; peak/pool 80.2 %; MemAvailable 137.8 GB, Cached 0.6 GB
live: recip(db) j 1356337 -> 2712674 pool live 55.56 55.56 55.56 55.56 | window peak 55.56 55.56 55.56 55.56 | pool 83.75 64.42 64.42 64.42 GB per APU; peak/pool 80.2 %; MemAvailable 137.8 GB, Cached 0.6 GB
live: recip(db) j 2712674 -> 5425348 pool live 55.56 55.56 55.56 55.56 | window peak 55.56 55.56 55.56 55.56 | pool 83.75 64.42 64.42 64.42 GB per APU; peak/pool 80.2 %; MemAvailable 137.8 GB, Cached 0.6 GB
live: recip(db) j 5425348 -> 10850695 pool live 55.56 55.56 55.56 55.56 | window peak 55.56 55.56 55.56 55.56 | pool 83.75 64.42 64.42 64.42 GB per APU; peak/pool 80.2 %; MemAvailable 137.8 GB, Cached 0.6 GB
live: recip(db) j 10850695 -> 21701389 pool live 55.56 55.56 55.56 55.56 | window peak 55.56 55.56 55.56 55.56 | pool 83.75 64.42 64.42 64.42 GB per APU; peak/pool 80.2 %; MemAvailable 137.8 GB, Cached 0.6 GB
live: recip(db) j 21701389 -> 43402778 pool live 55.56 55.56 55.56 55.56 | window peak 55.56 55.56 55.56 55.56 | pool 83.75 64.42 64.42 64.42 GB per APU; peak/pool 80.2 %; MemAvailable 137.8 GB, Cached 0.6 GB
live: recip(db) j 43402778 -> 86805556 pool live 55.56 55.56 55.56 55.56 | window peak 55.56 55.56 55.56 55.56 | pool 83.75 64.42 64.42 64.42 GB per APU; peak/pool 80.2 %; MemAvailable 137.8 GB, Cached 0.6 GB
live: recip(db) j 86805556 -> 173611112 pool live 55.56 55.56 55.56 55.56 | window peak 55.56 55.56 55.56 55.56 | pool 83.75 64.42 64.42 64.42 GB per APU; peak/pool 80.2 %; MemAvailable 137.7 GB, Cached 0.6 GB
live: recip(db) j 173611112 -> 347222223 pool live 55.56 55.56 55.56 55.56 | window peak 55.56 55.56 55.56 55.56 | pool 83.75 64.42 64.42 64.42 GB per APU; peak/pool 80.2 %; MemAvailable 137.8 GB, Cached 0.6 GB
live: recip(db) j 347222223 -> 694444445 pool live 55.56 55.56 55.56 55.56 | window peak 55.56 55.56 55.56 55.56 | pool 83.75 64.42 64.42 64.42 GB per APU; peak/pool 80.2 %; MemAvailable 137.8 GB, Cached 0.6 GB
live: recip(db) j 694444445 -> 1388888890 pool live 55.56 55.56 55.56 55.56 | window peak 55.56 55.56 55.56 55.56 | pool 83.75 64.42 64.42 64.42 GB per APU; peak/pool 80.2 %; MemAvailable 137.8 GB, Cached 0.6 GB
dbig pool: APU1 VMM remap for a 4.17 GB request: 2 free chunks moved to slot 6 (4.29 GB contiguous) in 0.082 s; free 8.87 GB in 5 extents, live 55.56 GB
dbig pool: APU2 VMM remap for a 4.17 GB request: 2 free chunks moved to slot 6 (4.29 GB contiguous) in 0.085 s; free 8.87 GB in 5 extents, live 55.56 GB
dbig pool: APU3 VMM remap for a 4.17 GB request: 2 free chunks moved to slot 6 (4.29 GB contiguous) in 0.091 s; free 8.87 GB in 5 extents, live 55.56 GB
newton(db) j 1388888890 (k 5555555558): recip cut 0 pieces skipped, 6 formed in the step's two products
live: recip(db) j 1388888890 -> 2777777779 pool live 55.56 55.56 55.56 55.56 | window peak 59.72 59.72 59.72 59.72 | pool 83.75 64.42 64.42 64.42 GB per APU; peak/pool 86.2 %; MemAvailable 137.8 GB, Cached 0.6 GB
   dist_db 5555555560 x 2777777780 limbs: 9 x 3 pieces of 617283952 + 925925927, 24 formed, 3 skipped (low cut): 19.491 s (cache 0 slots: 0 hits, 0 misses)
   dist_db 2777777780 x 2777777779 limbs: 2 x 4 pieces of 1388888890 + 694444445, 7 formed, 1 skipped (low cut): 8.218 s (cache 0 slots: 0 hits, 0 misses)
newton(db) j 2777777779 (k 5555555558): recip cut 4 pieces skipped, 31 formed in the step's two products
live: recip(db) j 2777777779 -> 5555555558 pool live 55.56 55.56 55.56 55.56 | window peak 59.72 59.72 59.72 59.72 | pool 83.75 64.42 64.42 64.42 GB per APU; peak/pool 86.2 %; MemAvailable 137.8 GB, Cached 0.6 GB
recip    42.31 s   mu 5555555559 limbs (32 iterations, 0 mdev)   VmRSS 6.9 GB, VmHWM 27.4 GB
mem [recip] device 380.7 GB in use (per APU 90.3..109.7): planes 103.1, regions 0.0, block pool 277.0 (donated 0.0, borrowed 277.0, hipMalloc 0.0; live 133.3, peak live 238.9, free 143.7), tables 0.61, other 0.0
mem [recip] host 6.9 GB RSS (HWM 27.4): staging 0.0 pinned, registered 0.1, X 0.0, digits 0.0, named 0.0, other 6.8
      I3: P, Q residues by kernel 1.31 s (before the reciprocal), S = P + Q on device 0.14 s; no host A
10dP      0.14 s   T 5555555556 limbs, A 11111111116 limbs (0 mdev, 0 splits)   VmRSS 6.9 GB, VmHWM 27.4 GB
RESULT ecalc 10dP s 0.143788
dbig pool: APU1 VMM remap for a 22.22 GB request: 11 free chunks moved to slot 24 (23.62 GB contiguous) in 0.448 s; free 31.09 GB in 4 extents, live 33.33 GB
dbig pool: APU2 VMM remap for a 22.22 GB request: 11 free chunks moved to slot 24 (23.62 GB contiguous) in 0.467 s; free 31.09 GB in 4 extents, live 33.33 GB
dbig pool: APU3 VMM remap for a 22.22 GB request: 11 free chunks moved to slot 24 (23.62 GB contiguous) in 0.482 s; free 31.09 GB in 4 extents, live 33.33 GB
   dist_db 5555555557 x 5555555558 limbs: 7 x 7 pieces of 793650794 + 793650794, 28 formed, 21 skipped (low cut): 25.387 s (cache 0 slots: 0 hits, 0 misses)
  T2 window@50 ok
  T2 window@1000000 ok
  T2 window@100000000 ok
  T2 window@1000000000 ok
dbig pool: APU1 VMM remap for a 22.22 GB request: 11 free chunks moved to slot 35 (23.62 GB contiguous) in 0.448 s; free 31.09 GB in 4 extents, live 33.33 GB
dbig pool: APU2 VMM remap for a 22.22 GB request: 11 free chunks moved to slot 35 (23.62 GB contiguous) in 0.472 s; free 31.09 GB in 4 extents, live 33.33 GB
dbig pool: APU3 VMM remap for a 22.22 GB request: 11 free chunks moved to slot 35 (23.62 GB contiguous) in 0.505 s; free 31.09 GB in 4 extents, live 33.33 GB
   dist_db 5555555557 x 5555555560 limbs: 7 x 7 pieces of 793650794 + 793650795, 31 formed, 18 skipped (low product): 27.953 s (cache 0 slots: 0 hits, 0 misses)
live: divmod(dev) end                pool live 33.33 33.33 33.33 33.33 | window peak 58.73 58.73 58.73 58.73 | pool 83.75 64.42 64.42 64.42 GB per APU; peak/pool 84.8 %; MemAvailable 137.1 GB, Cached 0.6 GB
mem [division] device 380.7 GB in use (per APU 90.3..109.7): planes 103.1, regions 0.0, block pool 277.0 (donated 0.0, borrowed 277.0, hipMalloc 0.0; live 44.4, peak live 238.9, free 232.6), tables 0.61, other 0.0
mem [division] host 7.6 GB RSS (HWM 27.4): staging 0.0 pinned, registered 0.1, X 0.0, digits 0.0, named 0.0, other 7.6
dm      101.46 s   X 5555555557 limbs, R 0 limbs (recip 42.3 s; corrections 0/2; 0 mdev); X on the device   VmRSS 7.6 GB, VmHWM 27.4 GB
mem [dm] device 380.7 GB in use (per APU 90.3..109.7): planes 103.1, regions 0.0, block pool 277.0 (donated 0.0, borrowed 277.0, hipMalloc 0.0; live 44.4, peak live 238.9, free 232.6), tables 0.61, other 0.0
mem [dm] host 7.6 GB RSS (HWM 27.4): staging 0.0 pinned, registered 0.1, X 0.0, digits 0.0, named 0.0, other 7.6
RESULT ecalc dm s 101.463
  T1 q0=4611686018427388039: P ok, Q ok, T(P+Q) == XQ+R ok
  T1 q1=4611686018427388073: P ok, Q ok, T(P+Q) == XQ+R ok
  T1 q2=4611686018427388081: P ok, Q ok, T(P+Q) == XQ+R ok
  T1 q3=4611686018427388091: P ok, Q ok, T(P+Q) == XQ+R ok
  T1 q4=4611686018427388093: P ok, Q ok, T(P+Q) == XQ+R ok
  T1 q5=4611686018427388097: P ok, Q ok, T(P+Q) == XQ+R ok
  T1 q6=4611686018427388157: P ok, Q ok, T(P+Q) == XQ+R ok
  T1 q7=4611686018427388181: P ok, Q ok, T(P+Q) == XQ+R ok
T1        0.66 s   ok: T(P+Q) == XQ + R and P, Q mod q for 8 primes (P, Q recurrence overlapped with bs)
      overlapped with bs: P, Q mod q recurrence 11.15 s, block pool pregrown by 0 GB in 0.00 s
RESULT ecalc T1 s 0.655161
      VmRSS 7.6 GB before dc
total   209.19 s   (bs 89.2 + 10dP 0.1 + dm 101.5 + T1 0.7 + dc 0.0 + T2 0.0 = 191.5; init 17.5; other 0.2); VmHWM 27.4 GB
RESULT ecalc total s 209.187
RESULT ecalc phases s 191.477
RESULT ecalc other s 0.211269
RESULT ecalc vmhwm GB 27.3757
paper A22 (4e10): 285.7 = bs 112.2 + 10dP 12.6 + dm 46.8 + T1 ~3 + dc 110.3
      X corrected after the formatting started: redoing the digits
  T2 window@50 ok
  T2 window@1000000 ok
  T2 window@100000000 ok
  T2 window@1000000000 ok
  T1 q0: digits == X ok
  T1 q1: digits == X ok
  T1 q2: digits == X ok
  T1 q3: digits == X ok
  T1 q4: digits == X ok
  T1 q5: digits == X ok
  T1 q6: digits == X ok
  T1 q7: digits == X ok
dc        6.60 s   digits [0, 100000000009) of 100000000009 formatted from 5555555557 decimal limbs in 373 chunks (streamed with the low product; joined after total) (residues 0.69, format 2.31, digit residue 3.36, T2 0.00, fetch 0.85, waiting for the writer 0.00)
RESULT ecalc dc s 6.5984
T2        0.00 s   windows ok (4 checked), digits == X mod q ok (overlapped)
RESULT ecalc T2 s 0
digits: 27182818284590452353602874713526624977572470936999595749669676...37703810896884928977
VERIFY OK
dbig pool: APU0 tail 22.57 GB: 1 large blocks from its back, 2 small blocks spilled into it
dbig pool: APU1 tail 22.57 GB: 1 large blocks from its back, 11 small blocks spilled into it
dbig pool: APU2 tail 22.57 GB: 1 large blocks from its back, 11 small blocks spilled into it
dbig pool: APU3 tail 22.57 GB: 1 large blocks from its back, 10 small blocks spilled into it
mem [end] device 103.7 GB in use (per APU 25.9..25.9): planes 103.1, regions 0.0, block pool 0.0 (donated 0.0, borrowed 0.0, hipMalloc 0.0; live 0.0, peak live 238.9, free 0.0), tables 0.61, other 0.0
mem [end] host 7.0 GB RSS (HWM 27.4): staging 0.0 pinned, registered 0.1, X 0.0, digits 0.0, named 0.0, other 6.9
mem summary: bytes in use at each phase boundary, GB (device: all APUs / largest APU; host: this process)
mem phase           device  maxAPU |  planes regions  pl:don  pl:bor  pl:hip pl:live pl:peak tables |    host staging  regist       X  digits   other     HWM
mem init             377.9   108.7 |   103.1   138.9     0.0   135.3     0.0     0.0     0.0   0.61 |    24.4    21.5     0.0     0.0     0.0     2.9    24.4
mem bs               380.7   109.7 |   103.1     0.0     0.0   277.0     0.0    88.9   145.7   0.61 |     9.0     4.3     0.1     0.0     0.0     4.7    27.4
mem recip            380.7   109.7 |   103.1     0.0     0.0   277.0     0.0   133.3   238.9   0.61 |     6.9     0.0     0.1     0.0     0.0     6.8    27.4
mem division         380.7   109.7 |   103.1     0.0     0.0   277.0     0.0    44.4   238.9   0.61 |     7.6     0.0     0.1     0.0     0.0     7.6    27.4
mem dm               380.7   109.7 |   103.1     0.0     0.0   277.0     0.0    44.4   238.9   0.61 |     7.6     0.0     0.1     0.0     0.0     7.6    27.4
mem end              103.7    25.9 |   103.1     0.0     0.0     0.0     0.0     0.0   238.9   0.61 |     7.0     0.0     0.1     0.0     0.0     6.9    27.4
dbig pool: APU0 VMM arena released (0 remaps of 0 chunks in 0.00 s, 0 growths of 0 chunks)
dbig pool: APU1 VMM arena released (4 remaps of 30 chunks in 1.22 s, 0 growths of 0 chunks)
dbig pool: APU2 VMM arena released (4 remaps of 30 chunks in 1.28 s, 0 growths of 0 chunks)
dbig pool: APU3 VMM arena released (4 remaps of 30 chunks in 1.34 s, 0 growths of 0 chunks)
rns_dist: RNS_STRATEGY=auto form B: C 26 products 21.64 s, B 174 products 57.05 s, B4 0 products 0.00 s; extra plane memory 0.00 GiB/APU (allocations 0.00 s)

real	3m37.917s
user	0m0.008s
sys	0m0.018s
