== T2 run b256fn1: 100000000000 nw, env: DB_POOL_VERBOSE=1 BI_MUL1_FAST=1 BS_SEED_FILL=256; job 21529 on ppac-pl1-s24-26, clone at 4e0edd4, 2026-09-27 11:09:15 CDT
== ecalc: e to 100000000000 digits (decimal limbs, base 10^18) [computed to the next multiple of 18] ==
META bench=ecalc host=ppac-pl1-s24-26 date=2026-09-27T11:09:15 pool_log=31 stg=7 pw_fuse=14 body=1 engine=1 base=10^18
ECALC_PLANE_CAP: 2^31 points (POOL_LOG=31 RNS_PLANES_3Q30=0 DIST_LOGN_TEST=31)
rns_init: three primes (ECALC_NP=3): c 2^44 + 1, c = 240, 216, 207; at most 58424467928 terms per product
dbig pool: APU2 VMM arena 64.42 GB = 30 chunks of 2.00 GiB, the first 15 mapped in 7.94 s (0.247 s/GB), the rest in the background, VA 195.4 GB reserved at 0x707907800000
dbig pool: APU3 VMM arena 64.42 GB = 30 chunks of 2.00 GiB, the first 13 mapped in 9.09 s (0.326 s/GB), the rest in the background, VA 195.4 GB reserved at 0x704b87600000
dbig pool: APU0 VMM arena 81.60 GB = 38 chunks of 2.00 GiB, the first 19 mapped in 10.62 s (0.260 s/GB), the rest in the background, VA 247.0 GB reserved at 0x70a687a00000
dbig pool: APU1 VMM arena 64.42 GB = 30 chunks of 2.00 GiB, the first 15 mapped in 11.27 s (0.350 s/GB), the rest in the background, VA 195.4 GB reserved at 0x70e007c00000
bs: arenas 272.4 GB allocated in 11.27 s (layout pass 0.13 s; dm extra 15.2 GB, tails 90.3 GB)
      init: region pools 11.40 s (inside rns_init, before the plane pools: the seeds stream into them)
      init: rns_init 18.13 s, region pools 0.00 s, the rest 0.00 s
RESULT ecalc init s 18.1313
      VmRSS 24.1 GB after init (staging 4.3 GB pinned + device regions 272 GB); init 18.1 s
mem [init] device 376.1 GB in use (per APU 89.7..106.9): planes 103.1, regions 139.3, block pool 133.1 (donated 0.0, borrowed 133.1, hipMalloc 0.0; live 0.0, peak live 0.0, free 0.0), tables 0.61, other 0.0
mem [init] host 24.1 GB RSS (HWM 24.1): staging 21.5 pinned, registered 0.0, X 0.0, digits 0.0, named 0.0, other 2.7
budget: rank 0: peak 400.8 GB (device 376.1, host 24.7), still to take 0.0 GB | node of 1 rank: peaks 400.8 of 480 GB, to take 0.0 of MemAvailable 266.2 GB | rank share 480.0 GB
budget: ECALC_BUDGET_CHECK ok: 1 rank, largest rank peak 400.8 GB, node budget 480 GB
bs: seeds were computed during init (40.24 s: buffers 1.64 + 0.13, spans 32.11, waited 4.07 for the regions, 0.66 for the DMA, 1.63 issuing it (max 1.15); 12 chunks of 8191 MB, 12 through a buffer, the rest stored into the regions; BI_MUL1_FAST=1)
bs: 10433891470 terms, 22731790 spans of 459, seeds 28.56 s (waiting for the init thread)
dbig pool: APU0 VMM arena: the background thread mapped chunks 0..37 in 6.88 s
bs:   layout 0.579  batch 2.451  add+norm 0.405
bs: level  1 batch  11365895 pairs  max_nl        256  pool  89.11 GB  3.44 s  (batch 2.03: scatter 0.15 ntt 0.70 crt 0.18 merge 0.14)
live: bs level 1 batch               pool live 0.00 0.00 0.00 0.00 | window peak 0.00 0.00 0.00 0.00 | pool 0.67 0.60 0.60 0.60 GB per APU; peak/pool 0.0 %; MemAvailable 137.5 GB, Cached 0.6 GB
bs:   layout 0.316  batch 0.981  add+norm 0.034
bs: level  2 batch   5682947 pairs  max_nl        511  pool  89.00 GB  1.33 s  (batch 0.78: scatter 0.07 ntt 0.33 crt 0.17 merge 0.02)
live: bs level 2 batch               pool live 0.00 0.00 0.00 0.00 | window peak 0.00 0.00 0.00 0.00 | pool 0.67 0.60 0.60 0.60 GB per APU; peak/pool 0.0 %; MemAvailable 138.4 GB, Cached 0.6 GB
bs:   layout 0.171  batch 0.797  add+norm 0.017
bs: level  3 batch   2841474 pairs  max_nl       1022  pool  88.94 GB  0.98 s  (batch 0.69: scatter 0.06 ntt 0.35 crt 0.17 merge 0.01)
live: bs level 3 batch               pool live 0.00 0.00 0.00 0.00 | window peak 0.00 0.00 0.00 0.00 | pool 0.67 0.60 0.60 0.60 GB per APU; peak/pool 0.0 %; MemAvailable 138.8 GB, Cached 0.6 GB
bs:   layout 0.041  batch 0.717  add+norm 0.008
bs: level  4 batch   1420737 pairs  max_nl       2044  pool  88.92 GB  0.77 s  (batch 0.67: scatter 0.06 ntt 0.38 crt 0.17 merge 0.01)
live: bs level 4 batch               pool live 0.00 0.00 0.00 0.00 | window peak 0.00 0.00 0.00 0.00 | pool 0.67 0.60 0.60 0.60 GB per APU; peak/pool 0.0 %; MemAvailable 139.1 GB, Cached 0.6 GB
bs:   layout 0.031  batch 0.848  add+norm 0.005
bs: level  5 batch    710368 pairs  max_nl       4088  pool  88.90 GB  0.88 s  (batch 0.82: scatter 0.06 ntt 0.54 crt 0.17 merge 0.04)
live: bs level 5 batch               pool live 0.00 0.00 0.00 0.00 | window peak 0.00 0.00 0.00 0.00 | pool 0.67 0.60 0.60 0.60 GB per APU; peak/pool 0.0 %; MemAvailable 139.1 GB, Cached 0.6 GB
bs:   layout 0.011  batch 0.743  add+norm 0.003
bs: level  6 batch    355184 pairs  max_nl       8176  pool  88.90 GB  0.76 s  (batch 0.73: scatter 0.06 ntt 0.49 crt 0.17 merge 0.01)
live: bs level 6 batch               pool live 0.00 0.00 0.00 0.00 | window peak 0.00 0.00 0.00 0.00 | pool 0.67 0.60 0.60 0.60 GB per APU; peak/pool 0.0 %; MemAvailable 139.1 GB, Cached 0.6 GB
bs:   layout 0.008  batch 0.769  add+norm 0.001
bs: level  7 batch    177592 pairs  max_nl      16351  pool  88.89 GB  0.78 s  (batch 0.76: scatter 0.06 ntt 0.53 crt 0.17 merge 0.00)
live: bs level 7 batch               pool live 0.00 0.00 0.00 0.00 | window peak 0.00 0.00 0.00 0.00 | pool 0.67 0.60 0.60 0.60 GB per APU; peak/pool 0.0 %; MemAvailable 139.2 GB, Cached 0.6 GB
bs:   layout 0.002  batch 0.758  add+norm 0.001
bs: level  8 batch     88796 pairs  max_nl      32701  pool  88.89 GB  0.76 s  (batch 0.75: scatter 0.06 ntt 0.52 crt 0.17 merge 0.00)
live: bs level 8 batch               pool live 0.00 0.00 0.00 0.00 | window peak 0.00 0.00 0.00 0.00 | pool 0.67 0.60 0.60 0.60 GB per APU; peak/pool 0.0 %; MemAvailable 139.2 GB, Cached 0.6 GB
bs:   layout 0.004  batch 0.717  add+norm 0.000
bs: level  9 batch     44398 pairs  max_nl      65401  pool  88.89 GB  0.72 s  (batch 0.72: scatter 0.06 ntt 0.47 crt 0.18 merge 0.00)
live: bs level 9 batch               pool live 0.00 0.00 0.00 0.00 | window peak 0.00 0.00 0.00 0.00 | pool 0.67 0.60 0.60 0.60 GB per APU; peak/pool 0.0 %; MemAvailable 139.2 GB, Cached 0.6 GB
bs:   layout 0.000  batch 0.750  add+norm 0.000
bs: level 10 batch     22199 pairs  max_nl     130801  pool  88.89 GB  0.75 s  (batch 0.75: scatter 0.06 ntt 0.49 crt 0.20 merge 0.00)
live: bs level 10 batch              pool live 0.00 0.00 0.00 0.00 | window peak 0.00 0.00 0.00 0.00 | pool 0.67 0.60 0.60 0.60 GB per APU; peak/pool 0.0 %; MemAvailable 139.2 GB, Cached 0.6 GB
bs:   layout 0.000  batch 0.769  add+norm 0.000
bs: level 11 batch     11100 pairs  max_nl     261602  pool  88.89 GB  0.77 s  (batch 0.77: scatter 0.06 ntt 0.52 crt 0.20 merge 0.00)
live: bs level 11 batch              pool live 0.00 0.00 0.00 0.00 | window peak 0.00 0.00 0.00 0.00 | pool 0.67 0.60 0.60 0.60 GB per APU; peak/pool 0.0 %; MemAvailable 139.2 GB, Cached 0.6 GB
bs:   layout 0.001  batch 0.994  add+norm 0.000
bs: level 12 batch      5550 pairs  max_nl     523202  pool  88.89 GB  0.99 s  (batch 0.99: scatter 0.06 ntt 0.68 crt 0.26 merge 0.00)
live: bs level 12 batch              pool live 0.00 0.00 0.00 0.00 | window peak 0.00 0.00 0.00 0.00 | pool 0.67 0.60 0.60 0.60 GB per APU; peak/pool 0.0 %; MemAvailable 139.2 GB, Cached 0.6 GB
bs:   layout 0.000  batch 0.951  add+norm 0.000
bs: level 13 batch      2775 pairs  max_nl    1046397  pool  88.89 GB  0.95 s  (batch 0.95: scatter 0.06 ntt 0.68 crt 0.21 merge 0.00)
live: bs level 13 batch              pool live 0.00 0.00 0.00 0.00 | window peak 0.00 0.00 0.00 0.00 | pool 0.67 0.60 0.60 0.60 GB per APU; peak/pool 0.0 %; MemAvailable 139.2 GB, Cached 0.6 GB
bs:   layout 0.000  batch 0.971  add+norm 0.000
bs: level 14 batch      1387 pairs  max_nl    2092769  pool  88.89 GB  0.97 s  (batch 0.97: scatter 0.06 ntt 0.70 crt 0.21 merge 0.00)
live: bs level 14 batch              pool live 0.00 0.00 0.00 0.00 | window peak 0.00 0.00 0.00 0.00 | pool 0.67 0.60 0.60 0.60 GB per APU; peak/pool 0.0 %; MemAvailable 139.2 GB, Cached 0.6 GB
bs:   layout 0.000  batch 0.937  add+norm 0.000
bs: level 15 batch       694 pairs  max_nl    4185504  pool  88.89 GB  0.94 s  (batch 0.94: scatter 0.06 ntt 0.70 crt 0.18 merge 0.00)
live: bs level 15 batch              pool live 0.00 0.00 0.00 0.00 | window peak 0.00 0.00 0.00 0.00 | pool 0.67 0.60 0.60 0.60 GB per APU; peak/pool 0.0 %; MemAvailable 139.2 GB, Cached 0.6 GB
bs:   layout 0.000  batch 0.953  add+norm 0.000
bs: level 16 batch       347 pairs  max_nl    8370616  pool  88.89 GB  0.95 s  (batch 0.95: scatter 0.06 ntt 0.71 crt 0.19 merge 0.00)
live: bs level 16 batch              pool live 0.00 0.00 0.00 0.00 | window peak 0.00 0.00 0.00 0.00 | pool 0.67 0.60 0.60 0.60 GB per APU; peak/pool 0.0 %; MemAvailable 139.2 GB, Cached 0.6 GB
bs:   layout 0.000  batch 0.920  add+norm 0.000
bs: level 17 batch       173 pairs  max_nl   16739657  pool  88.89 GB  0.92 s  (batch 0.92: scatter 0.06 ntt 0.68 crt 0.18 merge 0.00)
live: bs level 17 batch              pool live 0.00 0.00 0.00 0.00 | window peak 0.00 0.00 0.00 0.00 | pool 0.67 0.60 0.60 0.60 GB per APU; peak/pool 0.0 %; MemAvailable 139.2 GB, Cached 0.6 GB
bs:   layout 0.000  batch 0.959  add+norm 0.000
bs: level 18 batch        87 pairs  max_nl   33477209  pool  88.89 GB  0.96 s  (batch 0.96: scatter 0.06 ntt 0.72 crt 0.18 merge 0.00)
live: bs level 18 batch              pool live 0.00 0.00 0.00 0.00 | window peak 0.00 0.00 0.00 0.00 | pool 0.67 0.60 0.60 0.60 GB per APU; peak/pool 0.0 %; MemAvailable 139.2 GB, Cached 0.6 GB
bs:   layout 0.000  batch 1.120  add+norm 0.001
bs: level 19 batch        43 pairs  max_nl   66929051  pool  88.89 GB  1.12 s  (batch 1.12: scatter 0.05 ntt 0.88 crt 0.19 merge 0.01)
live: bs level 19 batch              pool live 0.00 0.00 0.00 0.00 | window peak 0.00 0.00 0.00 0.00 | pool 0.67 0.60 0.60 0.60 GB per APU; peak/pool 0.0 %; MemAvailable 139.2 GB, Cached 0.6 GB
bs:   layout 0.000  batch 1.242  add+norm 0.000
bs: level 20 batch        22 pairs  max_nl  133823946  pool  88.89 GB  1.24 s  (batch 1.24: scatter 0.07 ntt 0.97 crt 0.20 merge 0.01)
live: bs level 20 batch              pool live 0.00 0.00 0.00 0.00 | window peak 0.00 0.00 0.00 0.00 | pool 0.67 0.60 0.60 0.60 GB per APU; peak/pool 0.0 %; MemAvailable 139.2 GB, Cached 0.6 GB
bs:   layout 0.000  batch 1.792  add+norm 0.000
bs: level 21 batch        11 pairs  max_nl  267229748  pool  88.89 GB  1.79 s  (batch 1.79: scatter 0.31 ntt 1.25 crt 0.26 merge 0.01)
live: bs level 21 batch              pool live 0.00 0.00 0.00 0.00 | window peak 0.00 0.00 0.00 0.00 | pool 0.67 0.60 0.60 0.60 GB per APU; peak/pool 0.0 %; MemAvailable 139.2 GB, Cached 0.6 GB
bs:   layout 0.000  batch 2.762  add+norm 0.123
bs: level 22 batch         5 pairs  max_nl  532686299  pool  88.89 GB  2.89 s  (batch 2.76: scatter 0.71 ntt 2.06 crt 0.68 merge 0.02)
live: bs level 22 batch              pool live 0.00 0.00 0.00 0.00 | window peak 0.00 0.00 0.00 0.00 | pool 0.67 0.60 0.60 0.60 GB per APU; peak/pool 0.0 %; MemAvailable 139.2 GB, Cached 0.6 GB
dbig pool: APU1 VMM arena: the background thread mapped chunks 0..29 in 9.02 s
dbig pool: APU2 VMM arena: the background thread mapped chunks 0..29 in 14.38 s
dbig pool: APU3 VMM arena: the background thread mapped chunks 0..29 in 10.94 s
bs: level 23 mdev          3 pairs  max_nl 1062786714  pool  88.89 GB  5.29 s  (batch 0.00: scatter 0.00 ntt 0.00 crt 0.00 merge 0.00)
live: bs level 23 mdev               pool live 22.22 22.22 22.22 22.22 | window peak 22.22 22.22 22.22 22.22 | pool 81.60 64.42 64.42 64.42 GB per APU; peak/pool 32.3 %; MemAvailable 138.0 GB, Cached 0.6 GB
bs: level 24 mdev          1 pairs  max_nl 2086316741  pool  88.89 GB  8.89 s  (batch 0.00: scatter 0.00 ntt 0.00 crt 0.00 merge 0.00)
live: bs level 24 mdev               pool live 22.22 22.22 22.22 22.22 | window peak 34.35 34.35 34.35 34.35 | pool 81.60 64.42 64.42 64.42 GB per APU; peak/pool 50.0 %; MemAvailable 138.0 GB, Cached 0.6 GB
bs: level 25 mdev          1 pairs  max_nl 4043847128  pool  88.89 GB  15.12 s  (batch 0.00: scatter 0.00 ntt 0.00 crt 0.00 merge 0.00)
live: bs level 25 mdev               pool live 22.22 22.22 22.22 22.22 | window peak 36.46 36.46 36.46 36.46 | pool 81.60 64.42 64.42 64.42 GB per APU; peak/pool 53.1 %; MemAvailable 138.0 GB, Cached 0.6 GB
bs       83.60 s   N 10433891470, P 5555555560 limbs, Q 5555555560 limbs (seeds 28.6 school 0.0 batch 25.7 mdev 29.3; pool 97.5 GB; dev pools 0.0 GB)   VmRSS 9.0 GB, VmHWM 26.1 GB
RESULT ecalc bs s 83.596
mem [bs] device 378.6 GB in use (per APU 90.3..107.5): planes 103.1, regions 0.0, block pool 274.9 (donated 0.0, borrowed 274.9, hipMalloc 0.0; live 88.9, peak live 145.9, free 186.0), tables 0.61, other 0.0
mem [bs] host 9.0 GB RSS (HWM 26.1): staging 4.3 pinned, registered 0.1, X 0.0, digits 0.0, named 0.0, other 4.7
      I3: plane pool tails donated: 0.0 GB
live: recip(db) j 2 -> 3             pool live 55.56 55.56 55.56 55.56 | window peak 55.56 55.56 55.56 55.56 | pool 81.60 64.42 64.42 64.42 GB per APU; peak/pool 80.8 %; MemAvailable 140.1 GB, Cached 0.6 GB
live: recip(db) j 3 -> 6             pool live 55.56 55.56 55.56 55.56 | window peak 55.56 55.56 55.56 55.56 | pool 81.60 64.42 64.42 64.42 GB per APU; peak/pool 80.8 %; MemAvailable 140.1 GB, Cached 0.6 GB
live: recip(db) j 6 -> 11            pool live 55.56 55.56 55.56 55.56 | window peak 55.56 55.56 55.56 55.56 | pool 81.60 64.42 64.42 64.42 GB per APU; peak/pool 80.8 %; MemAvailable 140.1 GB, Cached 0.6 GB
live: recip(db) j 11 -> 21           pool live 55.56 55.56 55.56 55.56 | window peak 55.56 55.56 55.56 55.56 | pool 81.60 64.42 64.42 64.42 GB per APU; peak/pool 80.8 %; MemAvailable 140.1 GB, Cached 0.6 GB
live: recip(db) j 21 -> 42           pool live 55.56 55.56 55.56 55.56 | window peak 55.56 55.56 55.56 55.56 | pool 81.60 64.42 64.42 64.42 GB per APU; peak/pool 80.8 %; MemAvailable 140.1 GB, Cached 0.6 GB
live: recip(db) j 42 -> 83           pool live 55.56 55.56 55.56 55.56 | window peak 55.56 55.56 55.56 55.56 | pool 81.60 64.42 64.42 64.42 GB per APU; peak/pool 80.8 %; MemAvailable 140.1 GB, Cached 0.6 GB
live: recip(db) j 83 -> 166          pool live 55.56 55.56 55.56 55.56 | window peak 55.56 55.56 55.56 55.56 | pool 81.60 64.42 64.42 64.42 GB per APU; peak/pool 80.8 %; MemAvailable 140.1 GB, Cached 0.6 GB
live: recip(db) j 166 -> 332         pool live 55.56 55.56 55.56 55.56 | window peak 55.56 55.56 55.56 55.56 | pool 81.60 64.42 64.42 64.42 GB per APU; peak/pool 80.8 %; MemAvailable 140.1 GB, Cached 0.6 GB
live: recip(db) j 332 -> 663         pool live 55.56 55.56 55.56 55.56 | window peak 55.56 55.56 55.56 55.56 | pool 81.60 64.42 64.42 64.42 GB per APU; peak/pool 80.8 %; MemAvailable 140.1 GB, Cached 0.6 GB
live: recip(db) j 663 -> 1325        pool live 55.56 55.56 55.56 55.56 | window peak 55.56 55.56 55.56 55.56 | pool 81.60 64.42 64.42 64.42 GB per APU; peak/pool 80.8 %; MemAvailable 140.1 GB, Cached 0.6 GB
live: recip(db) j 1325 -> 2650       pool live 55.56 55.56 55.56 55.56 | window peak 55.56 55.56 55.56 55.56 | pool 81.60 64.42 64.42 64.42 GB per APU; peak/pool 80.8 %; MemAvailable 140.1 GB, Cached 0.6 GB
live: recip(db) j 2650 -> 5299       pool live 55.56 55.56 55.56 55.56 | window peak 55.56 55.56 55.56 55.56 | pool 81.60 64.42 64.42 64.42 GB per APU; peak/pool 80.8 %; MemAvailable 140.1 GB, Cached 0.6 GB
live: recip(db) j 5299 -> 10597      pool live 55.56 55.56 55.56 55.56 | window peak 55.56 55.56 55.56 55.56 | pool 81.60 64.42 64.42 64.42 GB per APU; peak/pool 80.8 %; MemAvailable 140.1 GB, Cached 0.6 GB
live: recip(db) j 10597 -> 21193     pool live 55.56 55.56 55.56 55.56 | window peak 55.56 55.56 55.56 55.56 | pool 81.60 64.42 64.42 64.42 GB per APU; peak/pool 80.8 %; MemAvailable 140.1 GB, Cached 0.6 GB
live: recip(db) j 21193 -> 42386     pool live 55.56 55.56 55.56 55.56 | window peak 55.56 55.56 55.56 55.56 | pool 81.60 64.42 64.42 64.42 GB per APU; peak/pool 80.8 %; MemAvailable 140.1 GB, Cached 0.6 GB
live: recip(db) j 42386 -> 84772     pool live 55.56 55.56 55.56 55.56 | window peak 55.56 55.56 55.56 55.56 | pool 81.60 64.42 64.42 64.42 GB per APU; peak/pool 80.8 %; MemAvailable 140.1 GB, Cached 0.6 GB
live: recip(db) j 84772 -> 169543    pool live 55.56 55.56 55.56 55.56 | window peak 55.56 55.56 55.56 55.56 | pool 81.60 64.42 64.42 64.42 GB per APU; peak/pool 80.8 %; MemAvailable 140.1 GB, Cached 0.6 GB
live: recip(db) j 169543 -> 339085   pool live 55.56 55.56 55.56 55.56 | window peak 55.56 55.56 55.56 55.56 | pool 81.60 64.42 64.42 64.42 GB per APU; peak/pool 80.8 %; MemAvailable 140.1 GB, Cached 0.6 GB
live: recip(db) j 339085 -> 678169   pool live 55.56 55.56 55.56 55.56 | window peak 55.56 55.56 55.56 55.56 | pool 81.60 64.42 64.42 64.42 GB per APU; peak/pool 80.8 %; MemAvailable 140.1 GB, Cached 0.6 GB
live: recip(db) j 678169 -> 1356337  pool live 55.56 55.56 55.56 55.56 | window peak 55.56 55.56 55.56 55.56 | pool 81.60 64.42 64.42 64.42 GB per APU; peak/pool 80.8 %; MemAvailable 140.1 GB, Cached 0.6 GB
live: recip(db) j 1356337 -> 2712674 pool live 55.56 55.56 55.56 55.56 | window peak 55.56 55.56 55.56 55.56 | pool 81.60 64.42 64.42 64.42 GB per APU; peak/pool 80.8 %; MemAvailable 140.1 GB, Cached 0.6 GB
live: recip(db) j 2712674 -> 5425348 pool live 55.56 55.56 55.56 55.56 | window peak 55.56 55.56 55.56 55.56 | pool 81.60 64.42 64.42 64.42 GB per APU; peak/pool 80.8 %; MemAvailable 140.1 GB, Cached 0.6 GB
live: recip(db) j 5425348 -> 10850695 pool live 55.56 55.56 55.56 55.56 | window peak 55.56 55.56 55.56 55.56 | pool 81.60 64.42 64.42 64.42 GB per APU; peak/pool 80.8 %; MemAvailable 140.1 GB, Cached 0.6 GB
live: recip(db) j 10850695 -> 21701389 pool live 55.56 55.56 55.56 55.56 | window peak 55.56 55.56 55.56 55.56 | pool 81.60 64.42 64.42 64.42 GB per APU; peak/pool 80.8 %; MemAvailable 140.1 GB, Cached 0.6 GB
live: recip(db) j 21701389 -> 43402778 pool live 55.56 55.56 55.56 55.56 | window peak 55.56 55.56 55.56 55.56 | pool 81.60 64.42 64.42 64.42 GB per APU; peak/pool 80.8 %; MemAvailable 140.1 GB, Cached 0.6 GB
live: recip(db) j 43402778 -> 86805556 pool live 55.56 55.56 55.56 55.56 | window peak 55.56 55.56 55.56 55.56 | pool 81.60 64.42 64.42 64.42 GB per APU; peak/pool 80.8 %; MemAvailable 140.1 GB, Cached 0.6 GB
live: recip(db) j 86805556 -> 173611112 pool live 55.56 55.56 55.56 55.56 | window peak 55.56 55.56 55.56 55.56 | pool 81.60 64.42 64.42 64.42 GB per APU; peak/pool 80.8 %; MemAvailable 140.1 GB, Cached 0.6 GB
live: recip(db) j 173611112 -> 347222223 pool live 55.56 55.56 55.56 55.56 | window peak 55.56 55.56 55.56 55.56 | pool 81.60 64.42 64.42 64.42 GB per APU; peak/pool 80.8 %; MemAvailable 140.1 GB, Cached 0.6 GB
live: recip(db) j 347222223 -> 694444445 pool live 55.56 55.56 55.56 55.56 | window peak 55.56 55.56 55.56 55.56 | pool 81.60 64.42 64.42 64.42 GB per APU; peak/pool 80.8 %; MemAvailable 140.1 GB, Cached 0.6 GB
live: recip(db) j 694444445 -> 1388888890 pool live 55.56 55.56 55.56 55.56 | window peak 55.56 55.56 55.56 55.56 | pool 81.60 64.42 64.42 64.42 GB per APU; peak/pool 80.8 %; MemAvailable 140.1 GB, Cached 0.6 GB
newton(db) j 1388888890 (k 5555555558): recip cut 0 pieces skipped, 6 formed in the step's two products
live: recip(db) j 1388888890 -> 2777777779 pool live 55.56 55.56 55.56 55.56 | window peak 59.72 59.72 59.72 59.72 | pool 81.60 64.42 64.42 64.42 GB per APU; peak/pool 86.9 %; MemAvailable 140.1 GB, Cached 0.6 GB
   dist_db 5555555560 x 2777777780 limbs: 9 x 3 pieces of 617283952 + 925925927, 24 formed, 3 skipped (low cut): 19.668 s (cache 0 slots: 0 hits, 0 misses)
   dist_db 2777777780 x 2777777779 limbs: 2 x 4 pieces of 1388888890 + 694444445, 7 formed, 1 skipped (low cut): 8.181 s (cache 0 slots: 0 hits, 0 misses)
newton(db) j 2777777779 (k 5555555558): recip cut 4 pieces skipped, 31 formed in the step's two products
live: recip(db) j 2777777779 -> 5555555558 pool live 55.56 55.56 55.56 55.56 | window peak 59.72 59.72 59.72 59.72 | pool 81.60 64.42 64.42 64.42 GB per APU; peak/pool 86.9 %; MemAvailable 140.1 GB, Cached 0.6 GB
recip    41.30 s   mu 5555555559 limbs (32 iterations, 0 mdev)   VmRSS 6.9 GB, VmHWM 26.1 GB
mem [recip] device 378.6 GB in use (per APU 90.3..107.5): planes 103.1, regions 0.0, block pool 274.9 (donated 0.0, borrowed 274.9, hipMalloc 0.0; live 133.3, peak live 238.9, free 141.5), tables 0.61, other 0.0
mem [recip] host 6.9 GB RSS (HWM 26.1): staging 0.0 pinned, registered 0.1, X 0.0, digits 0.0, named 0.0, other 6.8
      I3: P, Q residues by kernel 1.31 s (before the reciprocal), S = P + Q on device 0.14 s; no host A
10dP      0.14 s   T 5555555556 limbs, A 11111111116 limbs (0 mdev, 0 splits)   VmRSS 6.9 GB, VmHWM 26.1 GB
RESULT ecalc 10dP s 0.143899
dbig pool: APU1 VMM remap for a 22.22 GB request: 11 free chunks moved to slot 30 (23.62 GB contiguous) in 0.431 s; free 31.09 GB in 3 extents, live 33.33 GB
dbig pool: APU2 VMM remap for a 22.22 GB request: 11 free chunks moved to slot 30 (23.62 GB contiguous) in 0.463 s; free 31.09 GB in 3 extents, live 33.33 GB
dbig pool: APU3 VMM remap for a 22.22 GB request: 11 free chunks moved to slot 30 (23.62 GB contiguous) in 0.478 s; free 31.09 GB in 3 extents, live 33.33 GB
   dist_db 5555555557 x 5555555558 limbs: 7 x 7 pieces of 793650794 + 793650794, 28 formed, 21 skipped (low cut): 25.745 s (cache 0 slots: 0 hits, 0 misses)
  T2 window@50 ok
  T2 window@1000000 ok
  T2 window@100000000 ok
  T2 window@1000000000 ok
dbig pool: APU1 VMM remap for a 22.22 GB request: 11 free chunks moved to slot 0 (23.62 GB contiguous) in 0.433 s; free 31.09 GB in 5 extents, live 33.33 GB
dbig pool: APU2 VMM remap for a 22.22 GB request: 11 free chunks moved to slot 0 (23.62 GB contiguous) in 0.473 s; free 31.09 GB in 5 extents, live 33.33 GB
dbig pool: APU3 VMM remap for a 22.22 GB request: 11 free chunks moved to slot 0 (23.62 GB contiguous) in 0.493 s; free 31.09 GB in 5 extents, live 33.33 GB
dbig pool: APU1 VMM remap for a 3.17 GB request: 1 free chunks moved + new chunks mapped to slot 24 (4.29 GB contiguous) in 0.199 s; free 11.02 GB in 4 extents, live 55.56 GB
dbig pool: APU1 VMM growth by 1 chunks (2.15 GB) inside the phase
dbig pool: APU2 VMM remap for a 3.17 GB request: 1 free chunks moved + new chunks mapped to slot 24 (4.29 GB contiguous) in 0.204 s; free 11.02 GB in 4 extents, live 55.56 GB
dbig pool: APU2 VMM growth by 1 chunks (2.15 GB) inside the phase
dbig pool: APU3 VMM remap for a 3.17 GB request: 1 free chunks moved + new chunks mapped to slot 24 (4.29 GB contiguous) in 0.208 s; free 11.02 GB in 4 extents, live 55.56 GB
dbig pool: APU3 VMM growth by 1 chunks (2.15 GB) inside the phase
   dist_db 5555555557 x 5555555560 limbs: 7 x 7 pieces of 793650794 + 793650795, 31 formed, 18 skipped (low product): 28.503 s (cache 0 slots: 0 hits, 0 misses)
live: divmod(dev) end                pool live 33.33 33.33 33.33 33.33 | window peak 58.73 58.73 58.73 58.73 | pool 81.60 66.57 66.57 66.57 GB per APU; peak/pool 83.5 %; MemAvailable 133.0 GB, Cached 0.6 GB
mem [division] device 385.0 GB in use (per APU 92.5..107.5): planes 103.1, regions 0.0, block pool 281.3 (donated 0.0, borrowed 281.3, hipMalloc 0.0; live 44.4, peak live 238.9, free 236.9), tables 0.61, other 0.0
mem [division] host 7.6 GB RSS (HWM 26.1): staging 0.0 pinned, registered 0.1, X 0.0, digits 0.0, named 0.0, other 7.6
dm      101.34 s   X 5555555557 limbs, R 0 limbs (recip 41.3 s; corrections 0/2; 0 mdev); X on the device   VmRSS 7.6 GB, VmHWM 26.1 GB
mem [dm] device 385.0 GB in use (per APU 92.5..107.5): planes 103.1, regions 0.0, block pool 281.3 (donated 0.0, borrowed 281.3, hipMalloc 0.0; live 44.4, peak live 238.9, free 236.9), tables 0.61, other 0.0
mem [dm] host 7.6 GB RSS (HWM 26.1): staging 0.0 pinned, registered 0.1, X 0.0, digits 0.0, named 0.0, other 7.6
RESULT ecalc dm s 101.34
  T1 q0=4611686018427388039: P ok, Q ok, T(P+Q) == XQ+R ok
  T1 q1=4611686018427388073: P ok, Q ok, T(P+Q) == XQ+R ok
  T1 q2=4611686018427388081: P ok, Q ok, T(P+Q) == XQ+R ok
  T1 q3=4611686018427388091: P ok, Q ok, T(P+Q) == XQ+R ok
  T1 q4=4611686018427388093: P ok, Q ok, T(P+Q) == XQ+R ok
  T1 q5=4611686018427388097: P ok, Q ok, T(P+Q) == XQ+R ok
  T1 q6=4611686018427388157: P ok, Q ok, T(P+Q) == XQ+R ok
  T1 q7=4611686018427388181: P ok, Q ok, T(P+Q) == XQ+R ok
T1        0.65 s   ok: T(P+Q) == XQ + R and P, Q mod q for 8 primes (P, Q recurrence overlapped with bs)
      overlapped with bs: P, Q mod q recurrence 13.11 s, block pool pregrown by 0 GB in 0.00 s
RESULT ecalc T1 s 0.647394
      VmRSS 7.6 GB before dc
total   203.97 s   (bs 83.6 + 10dP 0.1 + dm 101.3 + T1 0.6 + dc 0.0 + T2 0.0 = 185.7; init 18.1; other 0.1); VmHWM 26.1 GB
RESULT ecalc total s 203.966
RESULT ecalc phases s 185.727
RESULT ecalc other s 0.107454
RESULT ecalc vmhwm GB 26.0734
paper A22 (4e10): 285.7 = bs 112.2 + 10dP 12.6 + dm 46.8 + T1 ~3 + dc 110.3
      X corrected after the formatting started: redoing the digits
  T2 window@50 ok
  T2 window@1000000 ok
  T2 window@100000000 ok
  T2 window@1000000000 ok
  T1 q0: digits == X ok
  T1 q1: digits == X ok
  T1 q2: digits == X ok
  T1 q3: digits == X ok
  T1 q4: digits == X ok
  T1 q5: digits == X ok
  T1 q6: digits == X ok
  T1 q7: digits == X ok
dc        7.01 s   digits [0, 100000000009) of 100000000009 formatted from 5555555557 decimal limbs in 373 chunks (streamed with the low product; joined after total) (residues 0.69, format 2.46, digit residue 3.62, T2 0.00, fetch 0.86, waiting for the writer 0.00)
RESULT ecalc dc s 7.01305
T2        0.00 s   windows ok (4 checked), digits == X mod q ok (overlapped)
RESULT ecalc T2 s 0
digits: 27182818284590452353602874713526624977572470936999595749669676...37703810896884928977
VERIFY OK
dbig pool: APU0 tail 22.57 GB: 1 large blocks from its back, 2 small blocks spilled into it
dbig pool: APU1 tail 22.57 GB: 0 large blocks from its back, 9 small blocks spilled into it
dbig pool: APU2 tail 22.57 GB: 0 large blocks from its back, 9 small blocks spilled into it
dbig pool: APU3 tail 22.57 GB: 0 large blocks from its back, 8 small blocks spilled into it
mem [end] device 103.7 GB in use (per APU 25.9..25.9): planes 103.1, regions 0.0, block pool 0.0 (donated 0.0, borrowed 0.0, hipMalloc 0.0; live 0.0, peak live 238.9, free 0.0), tables 0.61, other 0.0
mem [end] host 7.0 GB RSS (HWM 26.1): staging 0.0 pinned, registered 0.1, X 0.0, digits 0.0, named 0.0, other 6.9
mem summary: bytes in use at each phase boundary, GB (device: all APUs / largest APU; host: this process)
mem phase           device  maxAPU |  planes regions  pl:don  pl:bor  pl:hip pl:live pl:peak tables |    host staging  regist       X  digits   other     HWM
mem init             376.1   106.9 |   103.1   139.3     0.0   133.1     0.0     0.0     0.0   0.61 |    24.1    21.5     0.0     0.0     0.0     2.7    24.1
mem bs               378.6   107.5 |   103.1     0.0     0.0   274.9     0.0    88.9   145.9   0.61 |     9.0     4.3     0.1     0.0     0.0     4.7    26.1
mem recip            378.6   107.5 |   103.1     0.0     0.0   274.9     0.0   133.3   238.9   0.61 |     6.9     0.0     0.1     0.0     0.0     6.8    26.1
mem division         385.0   107.5 |   103.1     0.0     0.0   281.3     0.0    44.4   238.9   0.61 |     7.6     0.0     0.1     0.0     0.0     7.6    26.1
mem dm               385.0   107.5 |   103.1     0.0     0.0   281.3     0.0    44.4   238.9   0.61 |     7.6     0.0     0.1     0.0     0.0     7.6    26.1
mem end              103.7    25.9 |   103.1     0.0     0.0     0.0     0.0     0.0   238.9   0.61 |     7.0     0.0     0.1     0.0     0.0     6.9    26.1
dbig pool: APU0 VMM arena released (0 remaps of 0 chunks in 0.00 s, 0 growths of 0 chunks)
dbig pool: APU1 VMM arena released (3 remaps of 23 chunks in 1.06 s, 1 growths of 1 chunks)
dbig pool: APU2 VMM arena released (3 remaps of 23 chunks in 1.14 s, 1 growths of 1 chunks)
dbig pool: APU3 VMM arena released (3 remaps of 23 chunks in 1.18 s, 1 growths of 1 chunks)
rns_dist: RNS_STRATEGY=auto form B: C 26 products 21.75 s, B 164 products 53.89 s, B4 0 products 0.00 s; extra plane memory 0.00 GiB/APU (allocations 0.00 s)

real	3m33.152s
user	0m0.009s
sys	0m0.016s
