== ecalc: e to 100000000 digits (decimal limbs, base 10^18) [computed to the next multiple of 18] ==
META bench=ecalc host=ppac-pl1-s24-26 date=2026-09-27T17:46:59 pool_log=31 stg=7 pw_fuse=14 body=1 engine=1 base=10^18
== ecalc: e to 100000000 digits (decimal limbs, base 10^18) [computed to the next multiple of 18] ==
META bench=ecalc host=ppac-pl1-s24-26 date=2026-09-27T17:46:59 pool_log=31 stg=7 pw_fuse=14 body=1 engine=1 base=10^18
== ecalc: e to 100000000 digits (decimal limbs, base 10^18) [computed to the next multiple of 18] ==
META bench=ecalc host=ppac-pl1-s24-26 date=2026-09-27T17:46:59 pool_log=31 stg=7 pw_fuse=14 body=1 engine=1 base=10^18
== ecalc: e to 100000000 digits (decimal limbs, base 10^18) [computed to the next multiple of 18] ==
META bench=ecalc host=ppac-pl1-s24-26 date=2026-09-27T17:46:59 pool_log=31 stg=7 pw_fuse=14 body=1 engine=1 base=10^18
rns_init: primes per product (ECALC_NP=auto): three (c 2^44 + 1, c = 240, 216, 207), four for a distributed product over 2000000 terms (ECALC_NP_AUTO_TERMS, a test bound); plane pool 0 for 4 primes
rns_init: primes per product (ECALC_NP=auto): three (c 2^44 + 1, c = 240, 216, 207), four for a distributed product over 2000000 terms (ECALC_NP_AUTO_TERMS, a test bound); plane pool 0 for 4 primes
rns_init: primes per product (ECALC_NP=auto): three (c 2^44 + 1, c = 240, 216, 207), four for a distributed product over 2000000 terms (ECALC_NP_AUTO_TERMS, a test bound); plane pool 0 for 4 primes
rns_init: primes per product (ECALC_NP=auto): three (c 2^44 + 1, c = 240, 216, 207), four for a distributed product over 2000000 terms (ECALC_NP_AUTO_TERMS, a test bound); plane pool 0 for 4 primes
rns_init: APU1 staging 1.0 GiB touch 0.04 s register 0.09 s, 48 cpus; device open 0.00 s, contexts 0.30 s, stream+staging 0.15 s
rns_init: APU0 staging 1.0 GiB touch 0.04 s register 0.09 s, 48 cpus; device open 0.00 s, contexts 0.31 s, stream+staging 0.15 s
rns_init: APU3 staging 1.0 GiB touch 0.05 s register 0.12 s, 48 cpus; device open 0.00 s, contexts 0.36 s, stream+staging 0.19 s
rns_init: APU2 staging 1.0 GiB touch 0.04 s register 0.09 s, 48 cpus; device open 0.00 s, contexts 0.34 s, stream+staging 0.17 s
rns_init: APU2 staging 1.0 GiB touch 0.04 s register 0.08 s, 48 cpus; device open 0.00 s, contexts 0.50 s, stream+staging 0.13 s
rns_init: APU0 staging 1.0 GiB touch 0.05 s register 0.08 s, 48 cpus; device open 0.00 s, contexts 0.40 s, stream+staging 0.24 s
rns_init: APU3 staging 1.0 GiB touch 0.03 s register 0.11 s, 48 cpus; device open 0.00 s, contexts 0.57 s, stream+staging 0.16 s
rns_init: APU0 staging 1.0 GiB touch 0.05 s register 0.09 s, 48 cpus; device open 0.00 s, contexts 0.66 s, stream+staging 0.16 s
rns_init: APU1 staging 1.0 GiB touch 0.02 s register 0.16 s, 48 cpus; device open 0.00 s, contexts 0.70 s, stream+staging 0.21 s
rns_init: APU1 staging 1.0 GiB touch 0.04 s register 0.09 s, 48 cpus; device open 0.00 s, contexts 0.72 s, stream+staging 0.15 s
rns_init: APU2 staging 1.0 GiB touch 0.03 s register 0.10 s, 48 cpus; device open 0.00 s, contexts 0.64 s, stream+staging 0.23 s
rns_init: APU0 staging 1.0 GiB touch 0.05 s register 0.10 s, 48 cpus; device open 0.00 s, contexts 0.74 s, stream+staging 0.17 s
rns_init: APU2 staging 1.0 GiB touch 0.03 s register 0.09 s, 48 cpus; device open 0.00 s, contexts 0.93 s, stream+staging 0.15 s
rns_init: APU1 staging 1.0 GiB touch 0.04 s register 0.09 s, 48 cpus; device open 0.00 s, contexts 0.78 s, stream+staging 0.24 s
rns_init: APU3 staging 1.0 GiB touch 0.05 s register 0.14 s, 48 cpus; device open 0.00 s, contexts 0.81 s, stream+staging 0.30 s
rns_init: APU3 staging 1.0 GiB touch 0.04 s register 0.21 s, 48 cpus; device open 0.00 s, contexts 0.76 s, stream+staging 0.36 s
dbig pool: APU0 VMM arena 2.15 GB = 1 chunks of 2.00 GiB, the first 1 mapped in 0.19 s (0.089 s/GB), VA 8.6 GB reserved at 0x7fb8abe00000
dbig pool: APU0 VMM arena 2.15 GB = 1 chunks of 2.00 GiB, the first 1 mapped in 0.52 s (0.241 s/GB), VA 8.6 GB reserved at 0x7e5f7fc00000
dbig pool: APU1 VMM arena 2.15 GB = 1 chunks of 2.00 GiB, the first 1 mapped in 0.56 s (0.262 s/GB), VA 8.6 GB reserved at 0x7e5b7f800000
dbig pool: APU3 VMM arena 2.15 GB = 1 chunks of 2.00 GiB, the first 1 mapped in 0.69 s (0.320 s/GB), VA 8.6 GB reserved at 0x7e617fe00000
dbig pool: APU2 VMM arena 2.15 GB = 1 chunks of 2.00 GiB, the first 1 mapped in 0.58 s (0.270 s/GB), VA 8.6 GB reserved at 0x7fb4aba00000
dbig pool: APU2 VMM arena 2.15 GB = 1 chunks of 2.00 GiB, the first 1 mapped in 0.73 s (0.339 s/GB), VA 8.6 GB reserved at 0x7e5d7fa00000
rns_init: plane pools per APU 1.00 + 1.00 GiB (hipmalloc), staging 1.00 GiB, tables 0.606 GB; staging+contexts 1.03 s, pools 1.17 s, peer access 0.01 s
dbig pool: APU0 VMM arena 2.15 GB = 1 chunks of 2.00 GiB, the first 1 mapped in 0.58 s (0.271 s/GB), VA 8.6 GB reserved at 0x7c473bc00000
dbig pool: APU1 VMM arena 2.15 GB = 1 chunks of 2.00 GiB, the first 1 mapped in 0.65 s (0.303 s/GB), VA 8.6 GB reserved at 0x7fb2ab800000
dbig pool: APU2 VMM arena 2.15 GB = 1 chunks of 2.00 GiB, the first 1 mapped in 0.63 s (0.292 s/GB), VA 8.6 GB reserved at 0x7c493be00000
dbig pool: APU3 VMM arena 2.15 GB = 1 chunks of 2.00 GiB, the first 1 mapped in 0.70 s (0.326 s/GB), VA 8.6 GB reserved at 0x7fb6abc00000
dbig pool: APU3 VMM arena 2.15 GB = 1 chunks of 2.00 GiB, the first 1 mapped in 0.70 s (0.325 s/GB), VA 8.6 GB reserved at 0x7c453ba00000
rns_init: plane pools per APU 1.00 + 1.00 GiB (hipmalloc), staging 1.00 GiB, tables 0.623 GB; staging+contexts 1.12 s, pools 1.18 s, peer access 0.04 s
dbig pool: APU3 VMM arena 2.15 GB = 1 chunks of 2.00 GiB, the first 1 mapped in 0.77 s (0.356 s/GB), VA 8.6 GB reserved at 0x73359b800000
dbig pool: APU1 VMM arena 2.15 GB = 1 chunks of 2.00 GiB, the first 1 mapped in 0.77 s (0.357 s/GB), VA 8.6 GB reserved at 0x7c433b800000
rns_init: plane pools per APU 1.00 + 1.00 GiB (hipmalloc), staging 1.00 GiB, tables 0.612 GB; staging+contexts 1.12 s, pools 1.28 s, peer access 0.01 s
dbig pool: APU2 VMM arena 2.15 GB = 1 chunks of 2.00 GiB, the first 1 mapped in 0.81 s (0.377 s/GB), VA 8.6 GB reserved at 0x73379ba00000
dbig pool: APU0 VMM arena 2.15 GB = 1 chunks of 2.00 GiB, the first 1 mapped in 0.88 s (0.409 s/GB), VA 8.6 GB reserved at 0x73399bc00000
dbig pool: APU1 VMM arena 2.15 GB = 1 chunks of 2.00 GiB, the first 1 mapped in 0.92 s (0.429 s/GB), VA 8.6 GB reserved at 0x733b9be00000
rns_init: plane pools per APU 1.00 + 1.00 GiB (hipmalloc), staging 1.00 GiB, tables 0.621 GB; staging+contexts 1.08 s, pools 1.53 s, peer access 0.01 s
mn: node 1 of 4, four meshes of 4 ranks on ppac-pl1-s24-26,ppac-pl1-s24-26,ppac-pl1-s24-26,ppac-pl1-s24-26 (port base 23454): connected in 0.06 s
mn: node 0 of 4, four meshes of 4 ranks on ppac-pl1-s24-26,ppac-pl1-s24-26,ppac-pl1-s24-26,ppac-pl1-s24-26 (port base 23454): connected in 0.20 s
mn: node 2 of 4, four meshes of 4 ranks on ppac-pl1-s24-26,ppac-pl1-s24-26,ppac-pl1-s24-26,ppac-pl1-s24-26 (port base 23454): connected in 0.28 s
mn: node 3 of 4, four meshes of 4 ranks on ppac-pl1-s24-26,ppac-pl1-s24-26,ppac-pl1-s24-26,ppac-pl1-s24-26 (port base 23454): connected in 0.40 s
mn: self-test, four meshes over 4 nodes at 2^22 points: ok (0.51 s)
mn: node 1: level 2 group [0, 4) (transform nodes 4): meshes connected in 0.00 s
mn: self-test, four meshes over 4 nodes at 2^22 points: ok (0.52 s)
mn: node 2: level 2 group [0, 4) (transform nodes 4): meshes connected in 0.00 s
mn: self-test, four meshes over 4 nodes at 2^22 points: ok (0.52 s)
mn: node 3: level 2 group [0, 4) (transform nodes 4): meshes connected in 0.00 s
mn: self-test, four meshes over 4 nodes at 2^22 points: ok (0.53 s)
mn: node 0: level 2 group [0, 4) (transform nodes 4): meshes connected in 0.00 s
mn: layered self-test, 4 x 4 ranks at 2^22 points: ok (0.21 s)
mn: node 2 computes terms [7421459, 11132188) of 14842916
RESULT ecalc init s 3.91866
      VmRSS 8.6 GB after init (staging 4.3 GB pinned + device regions 0 GB); init 3.9 s
mem[2] [init] device 19.6 GB in use (per APU 4.9..4.9): planes 8.6, regions 0.0, block pool 8.6 (donated 0.0, borrowed 8.6, hipMalloc 0.0; live 0.0, peak live 0.0, free 8.4), tables 2.47, other 0.0
mem[2] [init] host 8.6 GB RSS (HWM 9.0): staging 4.3 pinned, registered 0.0, X 0.0, digits 0.0, named 0.0, other 4.3
mn: layered self-test, 4 x 4 ranks at 2^22 points: ok (0.21 s)
mn: node 0 computes terms [1, 3710730) of 14842916
RESULT ecalc init s 3.92573
      VmRSS 8.6 GB after init (staging 4.3 GB pinned + device regions 0 GB); init 3.9 s
mem[0] [init] device 19.6 GB in use (per APU 4.9..4.9): planes 8.6, regions 0.0, block pool 8.6 (donated 0.0, borrowed 8.6, hipMalloc 0.0; live 0.0, peak live 0.0, free 8.4), tables 2.46, other 0.0
mem[0] [init] host 8.6 GB RSS (HWM 9.0): staging 4.3 pinned, registered 0.0, X 0.0, digits 0.0, named 0.0, other 4.3
mn: layered self-test, 4 x 4 ranks at 2^22 points: ok (0.23 s)
mn: node 1 computes terms [3710730, 7421459) of 14842916
RESULT ecalc init s 3.93717
      VmRSS 8.6 GB after init (staging 4.3 GB pinned + device regions 0 GB); init 3.9 s
mem[1] [init] device 19.7 GB in use (per APU 4.9..4.9): planes 8.6, regions 0.0, block pool 8.6 (donated 0.0, borrowed 8.6, hipMalloc 0.0; live 0.0, peak live 0.0, free 8.4), tables 2.48, other 0.0
mem[1] [init] host 8.6 GB RSS (HWM 9.1): staging 4.3 pinned, registered 0.0, X 0.0, digits 0.0, named 0.0, other 4.3
mn: layered self-test, 4 x 4 ranks at 2^22 points: ok (0.23 s)
mn: node 3 computes terms [11132188, 14842917) of 14842916
RESULT ecalc init s 3.93845
      VmRSS 8.6 GB after init (staging 4.3 GB pinned + device regions 0 GB); init 3.9 s
mem[3] [init] device 19.6 GB in use (per APU 4.9..4.9): planes 8.6, regions 0.0, block pool 8.6 (donated 0.0, borrowed 8.6, hipMalloc 0.0; live 0.0, peak live 0.0, free 8.4), tables 2.45, other 0.0
mem[3] [init] host 8.6 GB RSS (HWM 9.0): staging 4.3 pinned, registered 0.0, X 0.0, digits 0.0, named 0.0, other 4.3
budget: ECALC_BUDGET_CHECK ok: 4 ranks, largest rank peak 91.1 GB, node budget 480 GB
batch-local N=11076 (2770/2770/2770/2766) L=2^10 tile 32768 pair: scatter 0.004 ntt 0.000 crt 0.003 merge 0.006
batch-local N=5538 (1386/1384/1386/1382) L=2^10 tile 32768 pair: scatter 0.000 ntt 0.000 crt 0.000 merge 0.000
batch-local N=2770 (694/692/692/692) L=2^10 tile 32768 pair: scatter 0.000 ntt 0.000 crt 0.000 merge 0.000
batch-local N=1384 (348/346/346/344) L=2^11 tile 16384 pair: scatter 0.000 ntt 0.000 crt 0.000 merge 0.000
batch-local N=692 (174/174/174/170) L=2^12 tile 8192 pair: scatter 0.000 ntt 0.000 crt 0.000 merge 0.000
batch-local N=346 (88/86/88/84) L=2^13 tile 4096 pair: scatter 0.000 ntt 0.002 crt 0.000 merge 0.000
batch-local N=174 (44/44/44/42) L=2^14 tile 2048 pair: scatter 0.000 ntt 0.003 crt 0.000 merge 0.000
batch-local N=86 (22/22/22/20) L=2^15 tile 1024 pair: scatter 0.000 ntt 0.002 crt 0.000 merge 0.000
batch-local N=10602 (2652/2650/2652/2648) L=2^10 tile 32768 pair: scatter 0.003 ntt 0.000 crt 0.000 merge 0.001
batch-local N=44 (12/10/12/10) L=2^16 tile 512 pair: scatter 0.000 ntt 0.001 crt 0.000 merge 0.000
batch-local N=5302 (1326/1326/1326/1324) L=2^10 tile 32768 pair: scatter 0.000 ntt 0.000 crt 0.000 merge 0.000
batch-local N=11560 (2890/2890/2890/2890) L=2^10 tile 32768 pair: scatter 0.009 ntt 0.001 crt 0.005 merge 0.000
batch-local N=5780 (1446/1444/1446/1444) L=2^10 tile 32768 pair: scatter 0.000 ntt 0.000 crt 0.000 merge 0.000
batch-local N=2650 (664/662/664/660) L=2^10 tile 32768 pair: scatter 0.000 ntt 0.000 crt 0.000 merge 0.000
batch-local N=22 (6/6/6/4) L=2^17 tile 256 pair: scatter 0.000 ntt 0.005 crt 0.000 merge 0.000
batch-local N=2890 (724/722/722/722) L=2^10 tile 32768 pair: scatter 0.000 ntt 0.000 crt 0.000 merge 0.000
batch-local N=1326 (332/332/332/330) L=2^11 tile 16384 pair: scatter 0.000 ntt 0.000 crt 0.000 merge 0.000
batch-local N=1444 (362/362/362/358) L=2^11 tile 16384 pair: scatter 0.000 ntt 0.000 crt 0.000 merge 0.000
batch-local N=662 (166/166/166/164) L=2^12 tile 8192 pair: scatter 0.000 ntt 0.000 crt 0.000 merge 0.000
batch-local N=722 (182/180/182/178) L=2^12 tile 8192 pair: scatter 0.000 ntt 0.001 crt 0.000 merge 0.000
batch-local N=362 (92/90/90/90) L=2^13 tile 4096 pair: scatter 0.000 ntt 0.001 crt 0.000 merge 0.000
batch-local N=332 (84/82/84/82) L=2^13 tile 4096 pair: scatter 0.000 ntt 0.003 crt 0.000 merge 0.000
batch N=10 L=2^18 tile 256 pair: 0.007 s (scatter 0.000 ntt 0.001 crt 0.000 merge 0.000)
batch-local N=180 (46/46/46/42) L=2^14 tile 2048 pair: scatter 0.000 ntt 0.002 crt 0.000 merge 0.000
batch-local N=90 (24/22/24/20) L=2^15 tile 1024 pair: scatter 0.000 ntt 0.002 crt 0.000 merge 0.000
batch-local N=166 (42/42/42/40) L=2^14 tile 2048 pair: scatter 0.000 ntt 0.001 crt 0.000 merge 0.000
batch N=6 L=2^19 tile 128 pair: 0.003 s (scatter 0.000 ntt 0.001 crt 0.000 merge 0.000)
batch-local N=46 (12/12/12/10) L=2^16 tile 512 pair: scatter 0.000 ntt 0.002 crt 0.000 merge 0.000
batch-local N=82 (22/20/22/18) L=2^15 tile 1024 pair: scatter 0.000 ntt 0.001 crt 0.000 merge 0.000
batch N=2 L=2^20 tile 64 grpB: 0.004 s (scatter 0.000 ntt 0.001 crt 0.000 merge 0.001)
batch-local N=22 (6/6/6/4) L=2^17 tile 256 pair: scatter 0.000 ntt 0.003 crt 0.000 merge 0.000
batch-local N=42 (12/10/10/10) L=2^16 tile 512 pair: scatter 0.000 ntt 0.002 crt 0.000 merge 0.000
batch-local N=11382 (2846/2846/2846/2844) L=2^10 tile 32768 pair: scatter 0.009 ntt 0.001 crt 0.000 merge 0.009
batch-local N=20 (6/6/4/4) L=2^17 tile 256 pair: scatter 0.000 ntt 0.001 crt 0.000 merge 0.000
batch N=12 L=2^18 tile 256 pair: 0.009 s (scatter 0.000 ntt 0.003 crt 0.000 merge 0.000)
batch N=2 L=3*2^19 tile 32 grpB: 0.010 s (scatter 0.000 ntt 0.001 crt 0.000 merge 0.001)
batch-local N=5692 (1424/1422/1424/1422) L=2^10 tile 32768 pair: scatter 0.000 ntt 0.000 crt 0.000 merge 0.000
batch N=6 L=2^19 tile 128 pair: 0.003 s (scatter 0.000 ntt 0.002 crt 0.000 merge 0.000)
batch N=10 L=2^18 tile 256 pair: 0.007 s (scatter 0.000 ntt 0.001 crt 0.000 merge 0.000)
batch-local N=2846 (712/712/712/710) L=2^10 tile 32768 pair: scatter 0.000 ntt 0.000 crt 0.000 merge 0.000
batch N=6 L=2^19 tile 128 pair: 0.003 s (scatter 0.000 ntt 0.002 crt 0.000 merge 0.000)
batch N=2 L=2^20 tile 64 grpB: 0.004 s (scatter 0.000 ntt 0.001 crt 0.000 merge 0.001)
batch-local N=1422 (356/356/356/354) L=2^11 tile 16384 pair: scatter 0.000 ntt 0.000 crt 0.000 merge 0.000
batch N=2 L=2^20 tile 64 grpB: 0.003 s (scatter 0.000 ntt 0.001 crt 0.000 merge 0.001)
batch-local N=712 (178/178/178/178) L=2^12 tile 8192 pair: scatter 0.000 ntt 0.000 crt 0.000 merge 0.000
batch-local N=356 (90/88/90/88) L=2^13 tile 4096 pair: scatter 0.000 ntt 0.001 crt 0.000 merge 0.000
batch N=2 L=3*2^19 tile 32 grpB: 0.010 s (scatter 0.000 ntt 0.002 crt 0.000 merge 0.001)
batch N=2 L=3*2^19 tile 32 grpB: 0.013 s (scatter 0.000 ntt 0.002 crt 0.000 merge 0.001)
batch-local N=178 (46/44/44/44) L=2^14 tile 2048 pair: scatter 0.000 ntt 0.005 crt 0.000 merge 0.000
batch-local N=88 (24/22/22/20) L=2^15 tile 1024 pair: scatter 0.000 ntt 0.006 crt 0.000 merge 0.000
batch-local N=44 (12/12/12/8) L=2^16 tile 512 pair: scatter 0.000 ntt 0.006 crt 0.000 merge 0.000
batch-local N=22 (6/6/6/4) L=2^17 tile 256 pair: scatter 0.000 ntt 0.001 crt 0.000 merge 0.001
batch N=12 L=2^18 tile 256 pair: 0.012 s (scatter 0.000 ntt 0.008 crt 0.000 merge 0.000)
batch N=6 L=2^19 tile 128 pair: 0.003 s (scatter 0.000 ntt 0.001 crt 0.000 merge 0.000)
batch N=2 L=2^20 tile 64 grpB: 0.007 s (scatter 0.000 ntt 0.001 crt 0.000 merge 0.001)
mn: node 1 leaf P 1388890 limbs, Q 1388890 limbs (device)
batch N=2 L=3*2^19 tile 32 grpB: 0.012 s (scatter 0.000 ntt 0.002 crt 0.000 merge 0.001)
mn: node 3 leaf P 1466159 limbs, Q 1466159 limbs (device)
mn: node 2 leaf P 1435737 limbs, Q 1435737 limbs (device)
mn: node 2: level 1 group [2, 4) (transform nodes 2): meshes connected in 0.00 s
mn: node 3: level 1 group [2, 4) (transform nodes 2): meshes connected in 0.08 s
mn: node 0 leaf P 1264775 limbs, Q 1264775 limbs (device)
mn: MN_TREE_EARLY_FREE: the tree levels free P_i, P_run between their two products
mn: node 1: level 1 group [0, 2) (transform nodes 2): meshes connected in 0.11 s
mn: node 0: level 1 group [0, 2) (transform nodes 2): meshes connected in 0.00 s
dist_mn node 2: 2^22 = 2^11 x 2^11 over 2 x 4 ranks, 4 primes (rows 256..256; 1435737 + 1466159 + x limbs at 0, window [0, 1450948) of share [0, 1450948)): redistribute 0.037 ntt 0.127 crt 0.001 out 0.023 spills+carry 0.004 total 0.230 s
dist_mn node 2: 1435737 x 1466159 limbs over 2 x 4 ranks (cap 2^28): 1 x 1 pieces, 1 formed, 0 skipped (cache 0 slots: 0 hits, 0 misses)
dist_mn node 3: 2^22 = 2^11 x 2^11 over 2 x 4 ranks, 4 primes (rows 256..256; 1435737 + 1466159 + x limbs at 0, window [1450948, 2901897) of share [1450948, 2901897)): redistribute 0.040 ntt 0.128 crt 0.000 out 0.024 spills+carry 0.004 total 0.230 s
dist_mn node 3: 1435737 x 1466159 limbs over 2 x 4 ranks (cap 2^28): 1 x 1 pieces, 1 formed, 0 skipped (cache 0 slots: 0 hits, 0 misses)
dist_mn node 2: 1435737 + 1466159 + x limbs -> 2901895 (share 1450948): redistribute 0.037 ntt 0.127 crt 0.001 out 0.023 spills+carry 0.004, total 0.231 s
dist_mn node 3: 1435737 + 1466159 + x limbs -> 2901895 (share 1450949): redistribute 0.040 ntt 0.128 crt 0.000 out 0.024 spills+carry 0.004, total 0.231 s
dist_mn node 0: 2^22 = 2^11 x 2^11 over 2 x 4 ranks, 4 primes (rows 256..256; 1264775 + 1388890 + x limbs at 0, window [0, 1326833) of share [0, 1326833)): redistribute 0.046 ntt 0.131 crt 0.001 out 0.020 spills+carry 0.005 total 0.227 s
dist_mn node 0: 1264775 x 1388890 limbs over 2 x 4 ranks (cap 2^28): 1 x 1 pieces, 1 formed, 0 skipped (cache 0 slots: 0 hits, 0 misses)
dist_mn node 1: 2^22 = 2^11 x 2^11 over 2 x 4 ranks, 4 primes (rows 256..256; 1264775 + 1388890 + x limbs at 0, window [1326833, 2653666) of share [1326833, 2653666)): redistribute 0.041 ntt 0.133 crt 0.000 out 0.020 spills+carry 0.005 total 0.226 s
dist_mn node 1: 1264775 x 1388890 limbs over 2 x 4 ranks (cap 2^28): 1 x 1 pieces, 1 formed, 0 skipped (cache 0 slots: 0 hits, 0 misses)
dist_mn node 0: 1264775 + 1388890 + x limbs -> 2653665 (share 1326833): redistribute 0.046 ntt 0.131 crt 0.001 out 0.020 spills+carry 0.005, total 0.227 s
dist_mn node 1: 1264775 + 1388890 + x limbs -> 2653665 (share 1326833): redistribute 0.041 ntt 0.133 crt 0.000 out 0.020 spills+carry 0.005, total 0.227 s
dist_mn node 2: 2^22 = 2^11 x 2^11 over 2 x 4 ranks, 4 primes (rows 256..256; 1435737 + 1466159 limbs at 0, window [0, 1450948) of share [0, 1450948)): redistribute 0.006 ntt 0.113 crt 0.000 out 0.005 spills+carry 0.000 total 0.123 s
dist_mn node 2: 1435737 x 1466159 limbs over 2 x 4 ranks (cap 2^28): 1 x 1 pieces, 1 formed, 0 skipped (cache 0 slots: 0 hits, 0 misses)
dist_mn node 3: 2^22 = 2^11 x 2^11 over 2 x 4 ranks, 4 primes (rows 256..256; 1435737 + 1466159 limbs at 0, window [1450948, 2901896) of share [1450948, 2901896)): redistribute 0.005 ntt 0.114 crt 0.000 out 0.005 spills+carry 0.000 total 0.123 s
dist_mn node 3: 1435737 x 1466159 limbs over 2 x 4 ranks (cap 2^28): 1 x 1 pieces, 1 formed, 0 skipped (cache 0 slots: 0 hits, 0 misses)
dist_mn node 2: 1435737 + 1466159 limbs -> 2901896 (share 1450948): redistribute 0.006 ntt 0.113 crt 0.000 out 0.005 spills+carry 0.000, total 0.123 s
mn: node 2 level 1 [2, 4): P 2901895 limbs, Q 2901896 limbs (my share of P [0, 1450948)) in 0.36 s
dist_mn node 3: 1435737 + 1466159 limbs -> 2901896 (share 1450948): redistribute 0.005 ntt 0.114 crt 0.000 out 0.005 spills+carry 0.000, total 0.123 s
mn: node 3 level 1 [2, 4): P 2901895 limbs, Q 2901896 limbs (my share of P [1450948, 2901897)) in 0.44 s
dist_mn node 0: 2^22 = 2^11 x 2^11 over 2 x 4 ranks, 4 primes (rows 256..256; 1264775 + 1388890 limbs at 0, window [0, 1326832) of share [0, 1326832)): redistribute 0.005 ntt 0.110 crt 0.000 out 0.005 spills+carry 0.000 total 0.120 s
dist_mn node 0: 1264775 x 1388890 limbs over 2 x 4 ranks (cap 2^28): 1 x 1 pieces, 1 formed, 0 skipped (cache 0 slots: 0 hits, 0 misses)
dist_mn node 1: 2^22 = 2^11 x 2^11 over 2 x 4 ranks, 4 primes (rows 256..256; 1264775 + 1388890 limbs at 0, window [1326832, 2653665) of share [1326832, 2653665)): redistribute 0.005 ntt 0.110 crt 0.000 out 0.005 spills+carry 0.000 total 0.120 s
dist_mn node 1: 1264775 x 1388890 limbs over 2 x 4 ranks (cap 2^28): 1 x 1 pieces, 1 formed, 0 skipped (cache 0 slots: 0 hits, 0 misses)
dist_mn node 0: 1264775 + 1388890 limbs -> 2653665 (share 1326832): redistribute 0.005 ntt 0.110 crt 0.000 out 0.005 spills+carry 0.000, total 0.120 s
dist_mn node 1: 1264775 + 1388890 limbs -> 2653665 (share 1326833): redistribute 0.005 ntt 0.110 crt 0.000 out 0.005 spills+carry 0.000, total 0.120 s
mn: node 1 level 1 [0, 2): P 2653665 limbs, Q 2653665 limbs (my share of P [1326833, 2653666)) in 0.46 s
mn: node 0 level 1 [0, 2): P 2653665 limbs, Q 2653665 limbs (my share of P [0, 1326833)) in 0.35 s
dist_mn node 0: 2^23 = 2^11 x 2^12 over 4 x 4 ranks, 4 primes (rows 128..128; 2653665 + 2901896 + x limbs at 0, window [0, 1388890) of share [0, 1388890)): redistribute 0.040 ntt 0.154 crt 0.002 out 0.029 spills+carry 0.005 total 0.256 s
dist_mn node 0: 2653665 x 2901896 limbs over 4 x 4 ranks (cap 2^29): 1 x 1 pieces, 1 formed, 0 skipped (cache 0 slots: 0 hits, 0 misses)
dist_mn node 1: 2^23 = 2^11 x 2^12 over 4 x 4 ranks, 4 primes (rows 128..128; 2653665 + 2901896 + x limbs at 0, window [1388890, 2777781) of share [1388890, 2777781)): redistribute 0.040 ntt 0.154 crt 0.002 out 0.028 spills+carry 0.005 total 0.256 s
dist_mn node 1: 2653665 x 2901896 limbs over 4 x 4 ranks (cap 2^29): 1 x 1 pieces, 1 formed, 0 skipped (cache 0 slots: 0 hits, 0 misses)
dist_mn node 2: 2^23 = 2^11 x 2^12 over 4 x 4 ranks, 4 primes (rows 128..128; 2653665 + 2901896 + x limbs at 0, window [2777781, 4166671) of share [2777781, 4166671)): redistribute 0.041 ntt 0.153 crt 0.000 out 0.031 spills+carry 0.005 total 0.256 s
dist_mn node 2: 2653665 x 2901896 limbs over 4 x 4 ranks (cap 2^29): 1 x 1 pieces, 1 formed, 0 skipped (cache 0 slots: 0 hits, 0 misses)
dist_mn node 3: 2^23 = 2^11 x 2^12 over 4 x 4 ranks, 4 primes (rows 128..128; 2653665 + 2901896 + x limbs at 0, window [4166671, 5555562) of share [4166671, 5555562)): redistribute 0.037 ntt 0.153 crt 0.000 out 0.030 spills+carry 0.005 total 0.256 s
dist_mn node 3: 2653665 x 2901896 limbs over 4 x 4 ranks (cap 2^29): 1 x 1 pieces, 1 formed, 0 skipped (cache 0 slots: 0 hits, 0 misses)
dist_mn node 0: 2653665 + 2901896 + x limbs -> 5555560 (share 1388890): redistribute 0.040 ntt 0.154 crt 0.002 out 0.029 spills+carry 0.005, total 0.256 s
dist_mn node 1: 2653665 + 2901896 + x limbs -> 5555560 (share 1388891): redistribute 0.040 ntt 0.154 crt 0.002 out 0.028 spills+carry 0.005, total 0.256 s
dist_mn node 2: 2653665 + 2901896 + x limbs -> 5555560 (share 1388890): redistribute 0.041 ntt 0.153 crt 0.000 out 0.031 spills+carry 0.005, total 0.256 s
dist_mn node 3: 2653665 + 2901896 + x limbs -> 5555560 (share 1388891): redistribute 0.037 ntt 0.153 crt 0.000 out 0.030 spills+carry 0.005, total 0.256 s
dist_mn node 0: 2^23 = 2^11 x 2^12 over 4 x 4 ranks, 4 primes (rows 128..128; 2653665 + 2901896 limbs at 0, window [0, 1388890) of share [0, 1388890)): redistribute 0.008 ntt 0.134 crt 0.000 out 0.007 spills+carry 0.000 total 0.147 s
dist_mn node 0: 2653665 x 2901896 limbs over 4 x 4 ranks (cap 2^29): 1 x 1 pieces, 1 formed, 0 skipped (cache 0 slots: 0 hits, 0 misses)
dist_mn node 1: 2^23 = 2^11 x 2^12 over 4 x 4 ranks, 4 primes (rows 128..128; 2653665 + 2901896 limbs at 0, window [1388890, 2777780) of share [1388890, 2777780)): redistribute 0.007 ntt 0.134 crt 0.000 out 0.007 spills+carry 0.000 total 0.147 s
dist_mn node 1: 2653665 x 2901896 limbs over 4 x 4 ranks (cap 2^29): 1 x 1 pieces, 1 formed, 0 skipped (cache 0 slots: 0 hits, 0 misses)
dist_mn node 2: 2^23 = 2^11 x 2^12 over 4 x 4 ranks, 4 primes (rows 128..128; 2653665 + 2901896 limbs at 0, window [2777780, 4166670) of share [2777780, 4166670)): redistribute 0.007 ntt 0.133 crt 0.000 out 0.006 spills+carry 0.000 total 0.147 s
dist_mn node 2: 2653665 x 2901896 limbs over 4 x 4 ranks (cap 2^29): 1 x 1 pieces, 1 formed, 0 skipped (cache 0 slots: 0 hits, 0 misses)
dist_mn node 3: 2^23 = 2^11 x 2^12 over 4 x 4 ranks, 4 primes (rows 128..128; 2653665 + 2901896 limbs at 0, window [4166670, 5555561) of share [4166670, 5555561)): redistribute 0.008 ntt 0.134 crt 0.000 out 0.007 spills+carry 0.000 total 0.147 s
dist_mn node 3: 2653665 x 2901896 limbs over 4 x 4 ranks (cap 2^29): 1 x 1 pieces, 1 formed, 0 skipped (cache 0 slots: 0 hits, 0 misses)
dist_mn node 1: 2653665 + 2901896 limbs -> 5555560 (share 1388890): redistribute 0.007 ntt 0.134 crt 0.000 out 0.007 spills+carry 0.000, total 0.147 s
mn: node 1 level 2 [0, 4): P 5555560 limbs, Q 5555560 limbs (my share of P [1388890, 2777781)) in 0.40 s
dist_mn node 0: 2653665 + 2901896 limbs -> 5555560 (share 1388890): redistribute 0.008 ntt 0.134 crt 0.000 out 0.007 spills+carry 0.000, total 0.147 s
mn: node 0 level 2 [0, 4): P 5555560 limbs, Q 5555560 limbs (my share of P [0, 1388890)) in 0.40 s
mn: node 1: tree levels 0.86 s: P 5555560 limbs, Q 5555560 limbs
dist_mn node 2: 2653665 + 2901896 limbs -> 5555560 (share 1388890): redistribute 0.007 ntt 0.133 crt 0.000 out 0.006 spills+carry 0.000, total 0.147 s
mn: node 2 level 2 [0, 4): P 5555560 limbs, Q 5555560 limbs (my share of P [2777781, 4166671)) in 0.41 s
mn: node 2: tree levels 0.77 s: P 5555560 limbs, Q 5555560 limbs
dist_mn node 3: 2653665 + 2901896 limbs -> 5555560 (share 1388891): redistribute 0.008 ntt 0.134 crt 0.000 out 0.007 spills+carry 0.000, total 0.147 s
mn: node 3 level 2 [0, 4): P 5555560 limbs, Q 5555560 limbs (my share of P [4166671, 5555562)) in 0.41 s
mn: node 3: tree levels 0.85 s: P 5555560 limbs, Q 5555560 limbs
mn: node 0: tree levels 0.75 s: P 5555560 limbs, Q 5555560 limbs
mem[0] [tree] device 19.6 GB in use (per APU 4.9..4.9): planes 8.6, regions 0.0, block pool 8.6 (donated 0.0, borrowed 8.6, hipMalloc 0.0; live 0.0, peak live 0.1, free 8.6), tables 2.46, other 0.0
mem[0] [tree] host 8.7 GB RSS (HWM 9.0): staging 4.3 pinned, registered 0.0, X 0.0, digits 0.0, named 0.0, other 4.4
mem[1] [tree] device 19.7 GB in use (per APU 4.9..4.9): planes 8.6, regions 0.0, block pool 8.6 (donated 0.0, borrowed 8.6, hipMalloc 0.0; live 0.0, peak live 0.1, free 8.6), tables 2.48, other 0.0
mem[1] [tree] host 8.8 GB RSS (HWM 9.1): staging 4.3 pinned, registered 0.0, X 0.0, digits 0.0, named 0.0, other 4.5
mem[2] [tree] device 19.6 GB in use (per APU 4.9..4.9): planes 8.6, regions 0.0, block pool 8.6 (donated 0.0, borrowed 8.6, hipMalloc 0.0; live 0.0, peak live 0.1, free 8.6), tables 2.47, other 0.0
mem[2] [tree] host 8.7 GB RSS (HWM 9.0): staging 4.3 pinned, registered 0.0, X 0.0, digits 0.0, named 0.0, other 4.4
mem[3] [tree] device 19.6 GB in use (per APU 4.9..4.9): planes 8.6, regions 0.0, block pool 8.6 (donated 0.0, borrowed 8.6, hipMalloc 0.0; live 0.0, peak live 0.1, free 8.6), tables 2.45, other 0.0
mem[3] [tree] host 8.7 GB RSS (HWM 9.0): staging 4.3 pinned, registered 0.0, X 0.0, digits 0.0, named 0.0, other 4.4
dist B 2^20 (9 limbs = 6 x 3): load 0.016 ntt 0.001 crt 0.000 spills 0.000 total 0.018 s
   dist_db 9 limbs: 0.018 s (dbig: shift 0.000 addsub 0.000 maxidx 0.000 reserve 0.000)
dist B 2^20 (5 limbs = 3 x 2): load 0.000 ntt 0.000 crt 0.000 spills 0.000 total 0.000 s
   dist_db 5 limbs: 0.000 s (dbig: shift 0.000 addsub 0.000 maxidx 0.000 reserve 0.000)
dist B 2^20 (12 limbs = 8 x 4): load 0.000 ntt 0.000 crt 0.000 spills 0.000 total 0.000 s
   dist_db 12 limbs: 0.000 s (dbig: shift 0.000 addsub 0.000 maxidx 0.000 reserve 0.000)
dist B 2^20 (7 limbs = 4 x 3): load 0.000 ntt 0.000 crt 0.000 spills 0.000 total 0.000 s
   dist_db 7 limbs: 0.000 s (dbig: shift 0.000 addsub 0.000 maxidx 0.000 reserve 0.000)
dist B 2^20 (21 limbs = 14 x 7): load 0.000 ntt 0.000 crt 0.000 spills 0.000 total 0.000 s
   dist_db 21 limbs: 0.000 s (dbig: shift 0.000 addsub 0.000 maxidx 0.000 reserve 0.000)
dist B 2^20 (13 limbs = 7 x 6): load 0.000 ntt 0.000 crt 0.000 spills 0.000 total 0.000 s
   dist_db 13 limbs: 0.000 s (dbig: shift 0.000 addsub 0.000 maxidx 0.000 reserve 0.000)
dist B 2^20 (36 limbs = 24 x 12): load 0.000 ntt 0.000 crt 0.000 spills 0.000 total 0.000 s
   dist_db 36 limbs: 0.000 s (dbig: shift 0.000 addsub 0.000 maxidx 0.000 reserve 0.000)
dist B 2^20 (23 limbs = 12 x 11): load 0.000 ntt 0.000 crt 0.000 spills 0.000 total 0.000 s
   dist_db 23 limbs: 0.000 s (dbig: shift 0.000 addsub 0.000 maxidx 0.000 reserve 0.000)
dist B 2^20 (69 limbs = 46 x 23): load 0.000 ntt 0.000 crt 0.000 spills 0.000 total 0.000 s
   dist_db 69 limbs: 0.000 s (dbig: shift 0.000 addsub 0.000 maxidx 0.000 reserve 0.000)
dist B 2^20 (45 limbs = 23 x 22): load 0.000 ntt 0.000 crt 0.000 spills 0.000 total 0.000 s
   dist_db 45 limbs: 0.000 s (dbig: shift 0.000 addsub 0.000 maxidx 0.000 reserve 0.000)
dist B 2^20 (132 limbs = 88 x 44): load 0.000 ntt 0.000 crt 0.000 spills 0.000 total 0.000 s
   dist_db 132 limbs: 0.000 s (dbig: shift 0.000 addsub 0.000 maxidx 0.000 reserve 0.000)
dist B 2^20 (87 limbs = 44 x 43): load 0.000 ntt 0.000 crt 0.000 spills 0.000 total 0.000 s
   dist_db 87 limbs: 0.000 s (dbig: shift 0.000 addsub 0.000 maxidx 0.000 reserve 0.000)
dist B 2^20 (258 limbs = 172 x 86): load 0.000 ntt 0.000 crt 0.000 spills 0.000 total 0.000 s
   dist_db 258 limbs: 0.000 s (dbig: shift 0.000 addsub 0.000 maxidx 0.000 reserve 0.000)
dist B 2^20 (171 limbs = 86 x 85): load 0.000 ntt 0.000 crt 0.000 spills 0.000 total 0.000 s
   dist_db 171 limbs: 0.000 s (dbig: shift 0.000 addsub 0.000 maxidx 0.000 reserve 0.000)
dist B 2^20 (513 limbs = 342 x 171): load 0.000 ntt 0.000 crt 0.000 spills 0.000 total 0.000 s
   dist_db 513 limbs: 0.000 s (dbig: shift 0.000 addsub 0.000 maxidx 0.000 reserve 0.000)
dist B 2^20 (341 limbs = 171 x 170): load 0.000 ntt 0.000 crt 0.000 spills 0.000 total 0.000 s
   dist_db 341 limbs: 0.000 s (dbig: shift 0.000 addsub 0.000 maxidx 0.000 reserve 0.000)
dist B 2^20 (1023 limbs = 682 x 341): load 0.000 ntt 0.000 crt 0.000 spills 0.000 total 0.000 s
   dist_db 1023 limbs: 0.000 s (dbig: shift 0.000 addsub 0.000 maxidx 0.000 reserve 0.000)
dist B 2^20 (681 limbs = 341 x 340): load 0.000 ntt 0.000 crt 0.000 spills 0.000 total 0.000 s
   dist_db 681 limbs: 0.000 s (dbig: shift 0.000 addsub 0.000 maxidx 0.000 reserve 0.000)
dist B 2^20 (2040 limbs = 1360 x 680): load 0.000 ntt 0.000 crt 0.000 spills 0.000 total 0.000 s
   dist_db 2040 limbs: 0.000 s (dbig: shift 0.000 addsub 0.000 maxidx 0.000 reserve 0.000)
dist B 2^20 (1359 limbs = 680 x 679): load 0.000 ntt 0.000 crt 0.000 spills 0.000 total 0.000 s
   dist_db 1359 limbs: 0.000 s (dbig: shift 0.000 addsub 0.000 maxidx 0.000 reserve 0.000)
dist B 2^20 (4074 limbs = 2716 x 1358): load 0.000 ntt 0.000 crt 0.000 spills 0.000 total 0.000 s
   dist_db 4074 limbs: 0.001 s (dbig: shift 0.000 addsub 0.000 maxidx 0.000 reserve 0.000)
dist B 2^20 (2715 limbs = 1358 x 1357): load 0.000 ntt 0.000 crt 0.000 spills 0.000 total 0.000 s
   dist_db 2715 limbs: 0.000 s (dbig: shift 0.000 addsub 0.000 maxidx 0.000 reserve 0.000)
dist B 2^20 (8142 limbs = 5428 x 2714): load 0.000 ntt 0.000 crt 0.000 spills 0.000 total 0.001 s
   dist_db 8142 limbs: 0.001 s (dbig: shift 0.000 addsub 0.000 maxidx 0.000 reserve 0.000)
dist B 2^20 (5427 limbs = 2714 x 2713): load 0.000 ntt 0.000 crt 0.000 spills 0.000 total 0.001 s
   dist_db 5427 limbs: 0.001 s (dbig: shift 0.000 addsub 0.000 maxidx 0.000 reserve 0.000)
dist B 2^20 (16281 limbs = 10854 x 5427): load 0.000 ntt 0.000 crt 0.001 spills 0.000 total 0.001 s
   dist_db 16281 limbs: 0.001 s (dbig: shift 0.000 addsub 0.000 maxidx 0.000 reserve 0.000)
dist B 2^20 (10853 limbs = 5427 x 5426): load 0.000 ntt 0.000 crt 0.000 spills 0.000 total 0.001 s
   dist_db 10853 limbs: 0.001 s (dbig: shift 0.000 addsub 0.000 maxidx 0.000 reserve 0.000)
dist B 2^20 (32556 limbs = 21704 x 10852): load 0.000 ntt 0.000 crt 0.001 spills 0.000 total 0.001 s
   dist_db 32556 limbs: 0.001 s (dbig: shift 0.000 addsub 0.000 maxidx 0.000 reserve 0.000)
dist B 2^20 (21703 limbs = 10852 x 10851): load 0.000 ntt 0.000 crt 0.001 spills 0.000 total 0.001 s
   dist_db 21703 limbs: 0.001 s (dbig: shift 0.000 addsub 0.000 maxidx 0.000 reserve 0.000)
dist B 2^20 (65109 limbs = 43406 x 21703): load 0.000 ntt 0.000 crt 0.001 spills 0.001 total 0.002 s
   dist_db 65109 limbs: 0.002 s (dbig: shift 0.000 addsub 0.001 maxidx 0.000 reserve 0.000)
dist B 2^20 (43405 limbs = 21703 x 21702): load 0.000 ntt 0.000 crt 0.001 spills 0.000 total 0.001 s
   dist_db 43405 limbs: 0.001 s (dbig: shift 0.000 addsub 0.000 maxidx 0.000 reserve 0.000)
recip(db) 0.04 s: dist 34 calls 0.79 s (load 0.11 ntt 0.53 crt 0.01 spills 0.08); dbig shift 40/0.08 addsub 58/0.01 maxidx 180/0.06 reserve 12/0.00; pools 0.0 GB
dist B 2^20 (9 limbs = 6 x 3): load 0.013 ntt 0.001 crt 0.000 spills 0.000 total 0.015 s
   dist_db 9 limbs: 0.015 s (dbig: shift 0.000 addsub 0.000 maxidx 0.000 reserve 0.000)
dist B 2^20 (5 limbs = 3 x 2): load 0.000 ntt 0.000 crt 0.000 spills 0.000 total 0.000 s
   dist_db 5 limbs: 0.000 s (dbig: shift 0.000 addsub 0.000 maxidx 0.000 reserve 0.000)
dist B 2^20 (12 limbs = 8 x 4): load 0.000 ntt 0.000 crt 0.000 spills 0.000 total 0.000 s
   dist_db 12 limbs: 0.000 s (dbig: shift 0.000 addsub 0.000 maxidx 0.000 reserve 0.000)
dist B 2^20 (7 limbs = 4 x 3): load 0.000 ntt 0.000 crt 0.000 spills 0.000 total 0.000 s
   dist_db 7 limbs: 0.000 s (dbig: shift 0.000 addsub 0.000 maxidx 0.000 reserve 0.000)
dist B 2^20 (21 limbs = 14 x 7): load 0.000 ntt 0.000 crt 0.000 spills 0.000 total 0.000 s
   dist_db 21 limbs: 0.000 s (dbig: shift 0.000 addsub 0.000 maxidx 0.000 reserve 0.000)
dist B 2^20 (13 limbs = 7 x 6): load 0.000 ntt 0.000 crt 0.000 spills 0.000 total 0.000 s
   dist_db 13 limbs: 0.000 s (dbig: shift 0.000 addsub 0.000 maxidx 0.000 reserve 0.000)
dist B 2^20 (36 limbs = 24 x 12): load 0.000 ntt 0.000 crt 0.000 spills 0.000 total 0.000 s
   dist_db 36 limbs: 0.000 s (dbig: shift 0.000 addsub 0.000 maxidx 0.000 reserve 0.000)
dist B 2^20 (23 limbs = 12 x 11): load 0.000 ntt 0.000 crt 0.000 spills 0.000 total 0.000 s
   dist_db 23 limbs: 0.000 s (dbig: shift 0.000 addsub 0.000 maxidx 0.000 reserve 0.000)
dist B 2^20 (69 limbs = 46 x 23): load 0.000 ntt 0.000 crt 0.000 spills 0.000 total 0.000 s
   dist_db 69 limbs: 0.000 s (dbig: shift 0.000 addsub 0.000 maxidx 0.000 reserve 0.000)
dist B 2^20 (45 limbs = 23 x 22): load 0.000 ntt 0.000 crt 0.000 spills 0.000 total 0.000 s
   dist_db 45 limbs: 0.000 s (dbig: shift 0.000 addsub 0.000 maxidx 0.000 reserve 0.000)
dist B 2^20 (132 limbs = 88 x 44): load 0.000 ntt 0.000 crt 0.000 spills 0.000 total 0.000 s
   dist_db 132 limbs: 0.000 s (dbig: shift 0.000 addsub 0.000 maxidx 0.000 reserve 0.000)
dist B 2^20 (87 limbs = 44 x 43): load 0.000 ntt 0.000 crt 0.000 spills 0.000 total 0.000 s
   dist_db 87 limbs: 0.000 s (dbig: shift 0.000 addsub 0.000 maxidx 0.000 reserve 0.000)
dist B 2^20 (258 limbs = 172 x 86): load 0.000 ntt 0.000 crt 0.000 spills 0.000 total 0.000 s
   dist_db 258 limbs: 0.000 s (dbig: shift 0.000 addsub 0.000 maxidx 0.000 reserve 0.000)
dist B 2^20 (171 limbs = 86 x 85): load 0.000 ntt 0.000 crt 0.000 spills 0.000 total 0.000 s
   dist_db 171 limbs: 0.000 s (dbig: shift 0.000 addsub 0.000 maxidx 0.000 reserve 0.000)
dist B 2^20 (513 limbs = 342 x 171): load 0.000 ntt 0.000 crt 0.000 spills 0.000 total 0.000 s
   dist_db 513 limbs: 0.000 s (dbig: shift 0.000 addsub 0.000 maxidx 0.000 reserve 0.000)
dist B 2^20 (341 limbs = 171 x 170): load 0.000 ntt 0.000 crt 0.000 spills 0.000 total 0.000 s
   dist_db 341 limbs: 0.000 s (dbig: shift 0.000 addsub 0.000 maxidx 0.000 reserve 0.000)
dist B 2^20 (1023 limbs = 682 x 341): load 0.000 ntt 0.000 crt 0.000 spills 0.000 total 0.000 s
   dist_db 1023 limbs: 0.000 s (dbig: shift 0.000 addsub 0.000 maxidx 0.000 reserve 0.000)
dist B 2^20 (681 limbs = 341 x 340): load 0.000 ntt 0.000 crt 0.000 spills 0.000 total 0.000 s
   dist_db 681 limbs: 0.000 s (dbig: shift 0.000 addsub 0.000 maxidx 0.000 reserve 0.000)
dist B 2^20 (2040 limbs = 1360 x 680): load 0.000 ntt 0.000 crt 0.000 spills 0.000 total 0.000 s
   dist_db 2040 limbs: 0.000 s (dbig: shift 0.000 addsub 0.000 maxidx 0.000 reserve 0.000)
dist B 2^20 (1359 limbs = 680 x 679): load 0.000 ntt 0.000 crt 0.000 spills 0.000 total 0.000 s
   dist_db 1359 limbs: 0.000 s (dbig: shift 0.000 addsub 0.000 maxidx 0.000 reserve 0.000)
dist B 2^20 (4074 limbs = 2716 x 1358): load 0.000 ntt 0.000 crt 0.000 spills 0.000 total 0.001 s
   dist_db 4074 limbs: 0.001 s (dbig: shift 0.000 addsub 0.000 maxidx 0.000 reserve 0.000)
dist B 2^20 (9 limbs = 6 x 3): load 0.015 ntt 0.001 crt 0.000 spills 0.000 total 0.016 s
   dist_db 9 limbs: 0.016 s (dbig: shift 0.000 addsub 0.000 maxidx 0.000 reserve 0.000)
dist B 2^20 (2715 limbs = 1358 x 1357): load 0.000 ntt 0.000 crt 0.000 spills 0.000 total 0.000 s
   dist_db 2715 limbs: 0.000 s (dbig: shift 0.000 addsub 0.000 maxidx 0.000 reserve 0.000)
dist B 2^20 (5 limbs = 3 x 2): load 0.000 ntt 0.000 crt 0.000 spills 0.000 total 0.000 s
   dist_db 5 limbs: 0.001 s (dbig: shift 0.000 addsub 0.000 maxidx 0.000 reserve 0.000)
dist B 2^20 (8142 limbs = 5428 x 2714): load 0.000 ntt 0.000 crt 0.000 spills 0.000 total 0.001 s
   dist_db 8142 limbs: 0.001 s (dbig: shift 0.000 addsub 0.000 maxidx 0.000 reserve 0.000)
dist B 2^20 (12 limbs = 8 x 4): load 0.000 ntt 0.000 crt 0.000 spills 0.000 total 0.000 s
   dist_db 12 limbs: 0.000 s (dbig: shift 0.000 addsub 0.000 maxidx 0.000 reserve 0.000)
dist B 2^20 (7 limbs = 4 x 3): load 0.000 ntt 0.000 crt 0.000 spills 0.000 total 0.000 s
   dist_db 7 limbs: 0.000 s (dbig: shift 0.000 addsub 0.000 maxidx 0.000 reserve 0.000)
dist B 2^20 (5427 limbs = 2714 x 2713): load 0.000 ntt 0.000 crt 0.000 spills 0.000 total 0.001 s
   dist_db 5427 limbs: 0.001 s (dbig: shift 0.000 addsub 0.000 maxidx 0.000 reserve 0.000)
dist B 2^20 (21 limbs = 14 x 7): load 0.000 ntt 0.000 crt 0.000 spills 0.000 total 0.000 s
   dist_db 21 limbs: 0.001 s (dbig: shift 0.000 addsub 0.000 maxidx 0.000 reserve 0.000)
dist B 2^20 (13 limbs = 7 x 6): load 0.000 ntt 0.000 crt 0.000 spills 0.000 total 0.000 s
   dist_db 13 limbs: 0.000 s (dbig: shift 0.000 addsub 0.000 maxidx 0.000 reserve 0.000)
dist B 2^20 (16281 limbs = 10854 x 5427): load 0.000 ntt 0.000 crt 0.001 spills 0.000 total 0.001 s
   dist_db 16281 limbs: 0.001 s (dbig: shift 0.000 addsub 0.000 maxidx 0.000 reserve 0.000)
dist B 2^20 (36 limbs = 24 x 12): load 0.000 ntt 0.000 crt 0.000 spills 0.000 total 0.000 s
   dist_db 36 limbs: 0.000 s (dbig: shift 0.000 addsub 0.000 maxidx 0.000 reserve 0.000)
dist B 2^20 (23 limbs = 12 x 11): load 0.000 ntt 0.000 crt 0.000 spills 0.000 total 0.000 s
   dist_db 23 limbs: 0.000 s (dbig: shift 0.000 addsub 0.000 maxidx 0.000 reserve 0.000)
dist B 2^20 (10853 limbs = 5427 x 5426): load 0.000 ntt 0.000 crt 0.000 spills 0.000 total 0.001 s
   dist_db 10853 limbs: 0.001 s (dbig: shift 0.000 addsub 0.000 maxidx 0.000 reserve 0.000)
dist B 2^20 (69 limbs = 46 x 23): load 0.000 ntt 0.000 crt 0.000 spills 0.000 total 0.000 s
   dist_db 69 limbs: 0.000 s (dbig: shift 0.000 addsub 0.000 maxidx 0.000 reserve 0.000)
dist B 2^20 (45 limbs = 23 x 22): load 0.000 ntt 0.000 crt 0.000 spills 0.000 total 0.000 s
   dist_db 45 limbs: 0.000 s (dbig: shift 0.000 addsub 0.000 maxidx 0.000 reserve 0.000)
dist B 2^20 (132 limbs = 88 x 44): load 0.000 ntt 0.000 crt 0.000 spills 0.000 total 0.000 s
   dist_db 132 limbs: 0.000 s (dbig: shift 0.000 addsub 0.000 maxidx 0.000 reserve 0.000)
dist B 2^20 (32556 limbs = 21704 x 10852): load 0.000 ntt 0.000 crt 0.001 spills 0.000 total 0.001 s
   dist_db 32556 limbs: 0.001 s (dbig: shift 0.000 addsub 0.000 maxidx 0.000 reserve 0.000)
dist B 2^20 (87 limbs = 44 x 43): load 0.000 ntt 0.000 crt 0.000 spills 0.000 total 0.000 s
   dist_db 87 limbs: 0.000 s (dbig: shift 0.000 addsub 0.000 maxidx 0.000 reserve 0.000)
dist B 2^20 (258 limbs = 172 x 86): load 0.000 ntt 0.000 crt 0.000 spills 0.000 total 0.000 s
   dist_db 258 limbs: 0.000 s (dbig: shift 0.000 addsub 0.000 maxidx 0.000 reserve 0.000)
dist B 2^20 (21703 limbs = 10852 x 10851): load 0.000 ntt 0.000 crt 0.001 spills 0.000 total 0.001 s
   dist_db 21703 limbs: 0.001 s (dbig: shift 0.000 addsub 0.000 maxidx 0.000 reserve 0.000)
dist B 2^20 (171 limbs = 86 x 85): load 0.000 ntt 0.000 crt 0.000 spills 0.000 total 0.000 s
   dist_db 171 limbs: 0.000 s (dbig: shift 0.000 addsub 0.000 maxidx 0.000 reserve 0.000)
dist B 2^20 (513 limbs = 342 x 171): load 0.000 ntt 0.000 crt 0.000 spills 0.000 total 0.000 s
   dist_db 513 limbs: 0.001 s (dbig: shift 0.000 addsub 0.000 maxidx 0.000 reserve 0.000)
dist B 2^20 (341 limbs = 171 x 170): load 0.000 ntt 0.000 crt 0.000 spills 0.000 total 0.000 s
   dist_db 341 limbs: 0.000 s (dbig: shift 0.000 addsub 0.000 maxidx 0.000 reserve 0.000)
dist B 2^20 (1023 limbs = 682 x 341): load 0.000 ntt 0.000 crt 0.000 spills 0.000 total 0.000 s
   dist_db 1023 limbs: 0.000 s (dbig: shift 0.000 addsub 0.000 maxidx 0.000 reserve 0.000)
dist B 2^20 (681 limbs = 341 x 340): load 0.000 ntt 0.000 crt 0.000 spills 0.000 total 0.000 s
   dist_db 681 limbs: 0.000 s (dbig: shift 0.000 addsub 0.000 maxidx 0.000 reserve 0.000)
dist B 2^20 (65109 limbs = 43406 x 21703): load 0.000 ntt 0.000 crt 0.001 spills 0.001 total 0.003 s
   dist_db 65109 limbs: 0.003 s (dbig: shift 0.000 addsub 0.001 maxidx 0.000 reserve 0.000)
dist B 2^20 (2040 limbs = 1360 x 680): load 0.000 ntt 0.000 crt 0.000 spills 0.000 total 0.001 s
   dist_db 2040 limbs: 0.001 s (dbig: shift 0.000 addsub 0.000 maxidx 0.000 reserve 0.000)
dist B 2^20 (1359 limbs = 680 x 679): load 0.000 ntt 0.000 crt 0.000 spills 0.000 total 0.000 s
   dist_db 1359 limbs: 0.000 s (dbig: shift 0.000 addsub 0.000 maxidx 0.000 reserve 0.000)
dist B 2^20 (43405 limbs = 21703 x 21702): load 0.000 ntt 0.000 crt 0.001 spills 0.000 total 0.001 s
   dist_db 43405 limbs: 0.001 s (dbig: shift 0.000 addsub 0.000 maxidx 0.000 reserve 0.000)
dist B 2^20 (4074 limbs = 2716 x 1358): load 0.000 ntt 0.000 crt 0.000 spills 0.000 total 0.001 s
   dist_db 4074 limbs: 0.001 s (dbig: shift 0.000 addsub 0.000 maxidx 0.000 reserve 0.000)
recip(db) 0.04 s: dist 34 calls 0.79 s (load 0.11 ntt 0.53 crt 0.01 spills 0.08); dbig shift 40/0.09 addsub 58/0.01 maxidx 180/0.06 reserve 12/0.00; pools 0.0 GB
dist B 2^20 (2715 limbs = 1358 x 1357): load 0.000 ntt 0.000 crt 0.000 spills 0.000 total 0.000 s
   dist_db 2715 limbs: 0.001 s (dbig: shift 0.000 addsub 0.000 maxidx 0.000 reserve 0.000)
dist B 2^20 (8142 limbs = 5428 x 2714): load 0.000 ntt 0.000 crt 0.000 spills 0.000 total 0.001 s
   dist_db 8142 limbs: 0.001 s (dbig: shift 0.000 addsub 0.000 maxidx 0.000 reserve 0.000)
dist B 2^20 (5427 limbs = 2714 x 2713): load 0.000 ntt 0.000 crt 0.000 spills 0.000 total 0.001 s
   dist_db 5427 limbs: 0.001 s (dbig: shift 0.000 addsub 0.000 maxidx 0.000 reserve 0.000)
dist B 2^20 (16281 limbs = 10854 x 5427): load 0.000 ntt 0.000 crt 0.001 spills 0.000 total 0.001 s
   dist_db 16281 limbs: 0.001 s (dbig: shift 0.000 addsub 0.000 maxidx 0.000 reserve 0.000)
dist B 2^20 (10853 limbs = 5427 x 5426): load 0.000 ntt 0.000 crt 0.000 spills 0.000 total 0.001 s
   dist_db 10853 limbs: 0.001 s (dbig: shift 0.000 addsub 0.000 maxidx 0.000 reserve 0.000)
dist B 2^20 (32556 limbs = 21704 x 10852): load 0.000 ntt 0.000 crt 0.001 spills 0.000 total 0.001 s
   dist_db 32556 limbs: 0.001 s (dbig: shift 0.000 addsub 0.000 maxidx 0.000 reserve 0.000)
dist B 2^20 (21703 limbs = 10852 x 10851): load 0.000 ntt 0.000 crt 0.001 spills 0.000 total 0.001 s
   dist_db 21703 limbs: 0.001 s (dbig: shift 0.000 addsub 0.000 maxidx 0.000 reserve 0.000)
dist B 2^20 (65109 limbs = 43406 x 21703): load 0.000 ntt 0.000 crt 0.001 spills 0.001 total 0.002 s
   dist_db 65109 limbs: 0.002 s (dbig: shift 0.000 addsub 0.001 maxidx 0.000 reserve 0.000)
dist B 2^20 (43405 limbs = 21703 x 21702): load 0.000 ntt 0.000 crt 0.001 spills 0.000 total 0.001 s
   dist_db 43405 limbs: 0.001 s (dbig: shift 0.000 addsub 0.000 maxidx 0.000 reserve 0.000)
recip(db) 0.04 s: dist 34 calls 0.78 s (load 0.11 ntt 0.54 crt 0.01 spills 0.08); dbig shift 40/0.17 addsub 58/0.01 maxidx 180/0.07 reserve 12/0.00; pools 0.0 GB
recip(mn): the single-node chain to 43403 limbs (1.59 s), then the sharded steps to 5555558 over 4 nodes
dist B 2^20 (9 limbs = 6 x 3): load 0.012 ntt 0.001 crt 0.000 spills 0.000 total 0.015 s
   dist_db 9 limbs: 0.015 s (dbig: shift 0.000 addsub 0.000 maxidx 0.000 reserve 0.000)
dist B 2^20 (5 limbs = 3 x 2): load 0.000 ntt 0.000 crt 0.000 spills 0.000 total 0.000 s
   dist_db 5 limbs: 0.000 s (dbig: shift 0.000 addsub 0.000 maxidx 0.000 reserve 0.000)
dist B 2^20 (12 limbs = 8 x 4): load 0.000 ntt 0.000 crt 0.000 spills 0.000 total 0.000 s
   dist_db 12 limbs: 0.000 s (dbig: shift 0.000 addsub 0.000 maxidx 0.000 reserve 0.000)
dist B 2^20 (7 limbs = 4 x 3): load 0.000 ntt 0.000 crt 0.000 spills 0.000 total 0.000 s
   dist_db 7 limbs: 0.000 s (dbig: shift 0.000 addsub 0.000 maxidx 0.000 reserve 0.000)
dist B 2^20 (21 limbs = 14 x 7): load 0.000 ntt 0.000 crt 0.000 spills 0.000 total 0.000 s
   dist_db 21 limbs: 0.000 s (dbig: shift 0.000 addsub 0.000 maxidx 0.000 reserve 0.000)
dist B 2^20 (13 limbs = 7 x 6): load 0.000 ntt 0.000 crt 0.000 spills 0.000 total 0.000 s
   dist_db 13 limbs: 0.000 s (dbig: shift 0.000 addsub 0.000 maxidx 0.000 reserve 0.000)
dist B 2^20 (36 limbs = 24 x 12): load 0.000 ntt 0.000 crt 0.000 spills 0.000 total 0.000 s
   dist_db 36 limbs: 0.000 s (dbig: shift 0.000 addsub 0.000 maxidx 0.000 reserve 0.000)
dist B 2^20 (23 limbs = 12 x 11): load 0.000 ntt 0.000 crt 0.000 spills 0.000 total 0.000 s
   dist_db 23 limbs: 0.000 s (dbig: shift 0.000 addsub 0.000 maxidx 0.000 reserve 0.000)
dist B 2^20 (69 limbs = 46 x 23): load 0.000 ntt 0.000 crt 0.000 spills 0.000 total 0.000 s
   dist_db 69 limbs: 0.000 s (dbig: shift 0.000 addsub 0.000 maxidx 0.000 reserve 0.000)
dist B 2^20 (45 limbs = 23 x 22): load 0.000 ntt 0.000 crt 0.000 spills 0.000 total 0.000 s
   dist_db 45 limbs: 0.000 s (dbig: shift 0.000 addsub 0.000 maxidx 0.000 reserve 0.000)
dist B 2^20 (132 limbs = 88 x 44): load 0.000 ntt 0.000 crt 0.000 spills 0.000 total 0.000 s
   dist_db 132 limbs: 0.000 s (dbig: shift 0.000 addsub 0.000 maxidx 0.000 reserve 0.000)
dist B 2^20 (87 limbs = 44 x 43): load 0.000 ntt 0.000 crt 0.000 spills 0.000 total 0.000 s
   dist_db 87 limbs: 0.000 s (dbig: shift 0.000 addsub 0.000 maxidx 0.000 reserve 0.000)
dist B 2^20 (258 limbs = 172 x 86): load 0.000 ntt 0.000 crt 0.000 spills 0.000 total 0.000 s
   dist_db 258 limbs: 0.000 s (dbig: shift 0.000 addsub 0.000 maxidx 0.000 reserve 0.000)
dist B 2^20 (171 limbs = 86 x 85): load 0.000 ntt 0.000 crt 0.000 spills 0.000 total 0.000 s
   dist_db 171 limbs: 0.000 s (dbig: shift 0.000 addsub 0.000 maxidx 0.000 reserve 0.000)
dist B 2^20 (513 limbs = 342 x 171): load 0.000 ntt 0.000 crt 0.000 spills 0.000 total 0.000 s
   dist_db 513 limbs: 0.000 s (dbig: shift 0.000 addsub 0.000 maxidx 0.000 reserve 0.000)
dist B 2^20 (341 limbs = 171 x 170): load 0.000 ntt 0.000 crt 0.000 spills 0.000 total 0.000 s
   dist_db 341 limbs: 0.000 s (dbig: shift 0.000 addsub 0.000 maxidx 0.000 reserve 0.000)
dist B 2^20 (1023 limbs = 682 x 341): load 0.000 ntt 0.000 crt 0.000 spills 0.000 total 0.000 s
   dist_db 1023 limbs: 0.000 s (dbig: shift 0.000 addsub 0.000 maxidx 0.000 reserve 0.000)
dist B 2^20 (681 limbs = 341 x 340): load 0.000 ntt 0.000 crt 0.000 spills 0.000 total 0.000 s
   dist_db 681 limbs: 0.000 s (dbig: shift 0.000 addsub 0.000 maxidx 0.000 reserve 0.000)
dist B 2^20 (2040 limbs = 1360 x 680): load 0.000 ntt 0.000 crt 0.000 spills 0.000 total 0.000 s
   dist_db 2040 limbs: 0.001 s (dbig: shift 0.000 addsub 0.000 maxidx 0.000 reserve 0.000)
dist B 2^20 (1359 limbs = 680 x 679): load 0.000 ntt 0.000 crt 0.000 spills 0.000 total 0.000 s
   dist_db 1359 limbs: 0.000 s (dbig: shift 0.000 addsub 0.000 maxidx 0.000 reserve 0.000)
dist B 2^20 (4074 limbs = 2716 x 1358): load 0.000 ntt 0.000 crt 0.000 spills 0.000 total 0.001 s
   dist_db 4074 limbs: 0.001 s (dbig: shift 0.000 addsub 0.000 maxidx 0.000 reserve 0.000)
dist B 2^20 (2715 limbs = 1358 x 1357): load 0.000 ntt 0.000 crt 0.000 spills 0.000 total 0.000 s
   dist_db 2715 limbs: 0.001 s (dbig: shift 0.000 addsub 0.000 maxidx 0.000 reserve 0.000)
dist B 2^20 (8142 limbs = 5428 x 2714): load 0.000 ntt 0.000 crt 0.000 spills 0.000 total 0.001 s
   dist_db 8142 limbs: 0.001 s (dbig: shift 0.000 addsub 0.000 maxidx 0.000 reserve 0.000)
dist B 2^20 (5427 limbs = 2714 x 2713): load 0.000 ntt 0.000 crt 0.000 spills 0.000 total 0.001 s
   dist_db 5427 limbs: 0.001 s (dbig: shift 0.000 addsub 0.000 maxidx 0.000 reserve 0.000)
dist B 2^20 (16281 limbs = 10854 x 5427): load 0.000 ntt 0.000 crt 0.001 spills 0.000 total 0.001 s
   dist_db 16281 limbs: 0.001 s (dbig: shift 0.000 addsub 0.000 maxidx 0.000 reserve 0.000)
dist B 2^20 (10853 limbs = 5427 x 5426): load 0.000 ntt 0.000 crt 0.000 spills 0.000 total 0.001 s
   dist_db 10853 limbs: 0.001 s (dbig: shift 0.000 addsub 0.000 maxidx 0.000 reserve 0.000)
dist B 2^20 (32556 limbs = 21704 x 10852): load 0.000 ntt 0.000 crt 0.001 spills 0.000 total 0.001 s
   dist_db 32556 limbs: 0.001 s (dbig: shift 0.000 addsub 0.000 maxidx 0.000 reserve 0.000)
dist B 2^20 (21703 limbs = 10852 x 10851): load 0.000 ntt 0.000 crt 0.001 spills 0.000 total 0.001 s
   dist_db 21703 limbs: 0.001 s (dbig: shift 0.000 addsub 0.000 maxidx 0.000 reserve 0.000)
dist B 2^20 (65109 limbs = 43406 x 21703): load 0.000 ntt 0.000 crt 0.001 spills 0.001 total 0.003 s
   dist_db 65109 limbs: 0.003 s (dbig: shift 0.000 addsub 0.001 maxidx 0.000 reserve 0.000)
dist B 2^20 (43405 limbs = 21703 x 21702): load 0.000 ntt 0.000 crt 0.001 spills 0.000 total 0.001 s
   dist_db 43405 limbs: 0.002 s (dbig: shift 0.000 addsub 0.000 maxidx 0.001 reserve 0.000)
recip(db) 0.04 s: dist 34 calls 0.78 s (load 0.11 ntt 0.54 crt 0.01 spills 0.07); dbig shift 40/0.09 addsub 58/0.02 maxidx 180/0.06 reserve 12/0.00; pools 0.0 GB
dist_mn node 0: 2^20 = 2^10 x 2^10 over 2 x 4 ranks, 3 primes (rows 128..128; 86808 + 43404 limbs at 0, window [0, 65106) of share [0, 65106)): redistribute 0.007 ntt 0.038 crt 0.000 out 0.002 spills+carry 0.000 total 0.072 s
dist_mn node 0: 86808 x 43404 limbs over 2 x 4 ranks (cap 2^28): 1 x 1 pieces, 1 formed, 0 skipped (low cut) (cache 0 slots: 0 hits, 0 misses)
dist_mn node 1: 2^20 = 2^10 x 2^10 over 2 x 4 ranks, 3 primes (rows 128..128; 86808 + 43404 limbs at 0, window [65106, 130212) of share [65106, 130212)): redistribute 0.003 ntt 0.038 crt 0.000 out 0.002 spills+carry 0.000 total 0.072 s
dist_mn node 1: 86808 x 43404 limbs over 2 x 4 ranks (cap 2^28): 1 x 1 pieces, 1 formed, 0 skipped (low cut) (cache 0 slots: 0 hits, 0 misses)
dist_mn node 0: 86808 + 43404 limbs -> 130211 (share 65106): redistribute 0.007 ntt 0.038 crt 0.000 out 0.002 spills+carry 0.000, total 0.072 s
dist_mn node 1: 86808 + 43404 limbs -> 130211 (share 65106): redistribute 0.003 ntt 0.038 crt 0.000 out 0.002 spills+carry 0.000, total 0.072 s
dist_mn node 0: 2^20 = 2^10 x 2^10 over 2 x 4 ranks, 3 primes (rows 128..128; 43404 + 43403 limbs at 0, window [0, 43403) of share [0, 43403)): redistribute 0.002 ntt 0.035 crt 0.000 out 0.001 spills+carry 0.000 total 0.038 s
dist_mn node 0: 43404 x 43403 limbs over 2 x 4 ranks (cap 2^28): 1 x 1 pieces, 1 formed, 0 skipped (low cut) (cache 0 slots: 0 hits, 0 misses)
dist_mn node 1: 2^20 = 2^10 x 2^10 over 2 x 4 ranks, 3 primes (rows 128..128; 43404 + 43403 limbs at 0, window [43403, 86807) of share [43403, 86807)): redistribute 0.002 ntt 0.035 crt 0.000 out 0.001 spills+carry 0.000 total 0.038 s
dist_mn node 1: 43404 x 43403 limbs over 2 x 4 ranks (cap 2^28): 1 x 1 pieces, 1 formed, 0 skipped (low cut) (cache 0 slots: 0 hits, 0 misses)
dist_mn node 0: 43404 + 43403 limbs -> 86806 (share 43403): redistribute 0.002 ntt 0.035 crt 0.000 out 0.001 spills+carry 0.000, total 0.038 s
dist_mn node 1: 43404 + 43403 limbs -> 86806 (share 43404): redistribute 0.002 ntt 0.035 crt 0.000 out 0.001 spills+carry 0.000, total 0.038 s
dist_mn node 0: 2^20 = 2^10 x 2^10 over 2 x 4 ranks, 3 primes (rows 128..128; 173614 + 86807 limbs at 0, window [0, 86809) of share [0, 86809)): redistribute 0.002 ntt 0.036 crt 0.000 out 0.001 spills+carry 0.000 total 0.039 s
dist_mn node 0: 173614 x 86807 limbs over 2 x 4 ranks (cap 2^28): 1 x 1 pieces, 1 formed, 0 skipped (low product) (low cut) (cache 0 slots: 0 hits, 0 misses)
dist_mn node 1: 2^20 = 2^10 x 2^10 over 2 x 4 ranks, 3 primes (rows 128..128; 173614 + 86807 limbs at 0, window [86809, 173618) of share [86809, 173618)): redistribute 0.002 ntt 0.035 crt 0.000 out 0.001 spills+carry 0.000 total 0.039 s
dist_mn node 1: 173614 x 86807 limbs over 2 x 4 ranks (cap 2^28): 1 x 1 pieces, 1 formed, 0 skipped (low product) (low cut) (cache 0 slots: 0 hits, 0 misses)
dist_mn node 0: 173614 + 86807 limbs -> 173614 (share 86809): redistribute 0.002 ntt 0.036 crt 0.000 out 0.001 spills+carry 0.000, total 0.039 s
dist_mn node 1: 173614 + 86807 limbs -> 173614 (share 86809): redistribute 0.002 ntt 0.035 crt 0.000 out 0.001 spills+carry 0.000, total 0.039 s
dist_mn node 0: 2^20 = 2^10 x 2^10 over 2 x 4 ranks, 3 primes (rows 128..128; 86807 + 86806 limbs at 0, window [0, 86806) of share [0, 86806)): redistribute 0.002 ntt 0.035 crt 0.000 out 0.001 spills+carry 0.000 total 0.038 s
dist_mn node 0: 86807 x 86806 limbs over 2 x 4 ranks (cap 2^28): 1 x 1 pieces, 1 formed, 0 skipped (low cut) (cache 0 slots: 0 hits, 0 misses)
dist_mn node 1: 2^20 = 2^10 x 2^10 over 2 x 4 ranks, 3 primes (rows 128..128; 86807 + 86806 limbs at 0, window [86806, 173613) of share [86806, 173613)): redistribute 0.002 ntt 0.035 crt 0.000 out 0.001 spills+carry 0.000 total 0.038 s
dist_mn node 1: 86807 x 86806 limbs over 2 x 4 ranks (cap 2^28): 1 x 1 pieces, 1 formed, 0 skipped (low cut) (cache 0 slots: 0 hits, 0 misses)
dist_mn node 0: 86807 + 86806 limbs -> 173613 (share 86806): redistribute 0.002 ntt 0.035 crt 0.000 out 0.001 spills+carry 0.000, total 0.038 s
dist_mn node 1: 86807 + 86806 limbs -> 173613 (share 86807): redistribute 0.002 ntt 0.035 crt 0.000 out 0.001 spills+carry 0.000, total 0.038 s
dist_mn node 0: 2^20 = 2^10 x 2^10 over 2 x 4 ranks, 3 primes (rows 128..128; 347226 + 173613 limbs at 0, window [0, 173615) of share [0, 173615)): redistribute 0.002 ntt 0.034 crt 0.000 out 0.001 spills+carry 0.000 total 0.037 s
dist_mn node 0: 347226 x 173613 limbs over 2 x 4 ranks (cap 2^28): 1 x 1 pieces, 1 formed, 0 skipped (low product) (low cut) (cache 0 slots: 0 hits, 0 misses)
dist_mn node 1: 2^20 = 2^10 x 2^10 over 2 x 4 ranks, 3 primes (rows 128..128; 347226 + 173613 limbs at 0, window [173615, 347230) of share [173615, 347230)): redistribute 0.002 ntt 0.033 crt 0.000 out 0.002 spills+carry 0.000 total 0.037 s
dist_mn node 1: 347226 x 173613 limbs over 2 x 4 ranks (cap 2^28): 1 x 1 pieces, 1 formed, 0 skipped (low product) (low cut) (cache 0 slots: 0 hits, 0 misses)
dist_mn node 0: 347226 + 173613 limbs -> 347230 (share 173615): redistribute 0.002 ntt 0.034 crt 0.000 out 0.001 spills+carry 0.000, total 0.037 s
dist_mn node 1: 347226 + 173613 limbs -> 347230 (share 173615): redistribute 0.002 ntt 0.033 crt 0.000 out 0.002 spills+carry 0.000, total 0.037 s
dist_mn node 0: 2^20 = 2^10 x 2^10 over 2 x 4 ranks, 3 primes (rows 128..128; 173613 + 173612 limbs at 0, window [0, 173612) of share [0, 173612)): redistribute 0.003 ntt 0.035 crt 0.000 out 0.002 spills+carry 0.000 total 0.039 s
dist_mn node 0: 173613 x 173612 limbs over 2 x 4 ranks (cap 2^28): 1 x 1 pieces, 1 formed, 0 skipped (low cut) (cache 0 slots: 0 hits, 0 misses)
dist_mn node 1: 2^20 = 2^10 x 2^10 over 2 x 4 ranks, 3 primes (rows 128..128; 173613 + 173612 limbs at 0, window [173612, 347225) of share [173612, 347225)): redistribute 0.003 ntt 0.035 crt 0.000 out 0.002 spills+carry 0.000 total 0.039 s
dist_mn node 1: 173613 x 173612 limbs over 2 x 4 ranks (cap 2^28): 1 x 1 pieces, 1 formed, 0 skipped (low cut) (cache 0 slots: 0 hits, 0 misses)
dist_mn node 0: 173613 + 173612 limbs -> 347225 (share 173612): redistribute 0.003 ntt 0.035 crt 0.000 out 0.002 spills+carry 0.000, total 0.039 s
dist_mn node 1: 173613 + 173612 limbs -> 347225 (share 173613): redistribute 0.003 ntt 0.035 crt 0.000 out 0.002 spills+carry 0.000, total 0.039 s
dist_mn node 0: 2^20 = 2^10 x 2^10 over 2 x 4 ranks, 3 primes (rows 128..128; 694448 + 347224 limbs at 0, window [0, 347226) of share [0, 347226)): redistribute 0.003 ntt 0.034 crt 0.000 out 0.002 spills+carry 0.000 total 0.038 s
dist_mn node 0: 694448 x 347224 limbs over 2 x 4 ranks (cap 2^28): 1 x 1 pieces, 1 formed, 0 skipped (low product) (low cut) (cache 0 slots: 0 hits, 0 misses)
dist_mn node 1: 2^20 = 2^10 x 2^10 over 2 x 4 ranks, 3 primes (rows 128..128; 694448 + 347224 limbs at 0, window [347226, 694452) of share [347226, 694452)): redistribute 0.003 ntt 0.034 crt 0.000 out 0.002 spills+carry 0.000 total 0.038 s
dist_mn node 1: 694448 x 347224 limbs over 2 x 4 ranks (cap 2^28): 1 x 1 pieces, 1 formed, 0 skipped (low product) (low cut) (cache 0 slots: 0 hits, 0 misses)
dist_mn node 0: 694448 + 347224 limbs -> 694452 (share 347226): redistribute 0.003 ntt 0.034 crt 0.000 out 0.002 spills+carry 0.000, total 0.038 s
dist_mn node 1: 694448 + 347224 limbs -> 694452 (share 347226): redistribute 0.003 ntt 0.034 crt 0.000 out 0.002 spills+carry 0.000, total 0.038 s
dist_mn node 0: 2^20 = 2^10 x 2^10 over 2 x 4 ranks, 3 primes (rows 128..128; 347224 + 347223 limbs at 0, window [0, 347223) of share [0, 347223)): redistribute 0.003 ntt 0.035 crt 0.000 out 0.002 spills+carry 0.000 total 0.039 s
dist_mn node 0: 347224 x 347223 limbs over 2 x 4 ranks (cap 2^28): 1 x 1 pieces, 1 formed, 0 skipped (low cut) (cache 0 slots: 0 hits, 0 misses)
dist_mn node 1: 2^20 = 2^10 x 2^10 over 2 x 4 ranks, 3 primes (rows 128..128; 347224 + 347223 limbs at 0, window [347223, 694447) of share [347223, 694447)): redistribute 0.002 ntt 0.035 crt 0.000 out 0.002 spills+carry 0.000 total 0.039 s
dist_mn node 1: 347224 x 347223 limbs over 2 x 4 ranks (cap 2^28): 1 x 1 pieces, 1 formed, 0 skipped (low cut) (cache 0 slots: 0 hits, 0 misses)
dist_mn node 0: 347224 + 347223 limbs -> 694446 (share 347223): redistribute 0.003 ntt 0.035 crt 0.000 out 0.002 spills+carry 0.000, total 0.040 s
dist_mn node 1: 347224 + 347223 limbs -> 694446 (share 347224): redistribute 0.002 ntt 0.035 crt 0.000 out 0.002 spills+carry 0.000, total 0.040 s
dist_mn node 0: 2^21 = 2^10 x 2^11 over 4 x 4 ranks, 4 primes (rows 64..64; 1388892 + 694446 limbs at 0, window [0, 520834) of share [0, 520834)): redistribute 0.004 ntt 0.057 crt 0.000 out 0.003 spills+carry 0.001 total 0.113 s
dist_mn node 0: 1388892 x 694446 limbs over 4 x 4 ranks (cap 2^29): 1 x 1 pieces, 1 formed, 0 skipped (low cut) (cache 0 slots: 0 hits, 0 misses)
dist_mn node 1: 2^21 = 2^10 x 2^11 over 4 x 4 ranks, 4 primes (rows 64..64; 1388892 + 694446 limbs at 0, window [520834, 1041669) of share [520834, 1041669)): redistribute 0.019 ntt 0.057 crt 0.000 out 0.004 spills+carry 0.000 total 0.113 s
dist_mn node 1: 1388892 x 694446 limbs over 4 x 4 ranks (cap 2^29): 1 x 1 pieces, 1 formed, 0 skipped (low cut) (cache 0 slots: 0 hits, 0 misses)
dist_mn node 2: 2^21 = 2^10 x 2^11 over 4 x 4 ranks, 4 primes (rows 64..64; 1388892 + 694446 limbs at 0, window [1041669, 1562503) of share [1041669, 1562503)): redistribute 0.021 ntt 0.057 crt 0.000 out 0.004 spills+carry 0.000 total 0.113 s
dist_mn node 2: 1388892 x 694446 limbs over 4 x 4 ranks (cap 2^29): 1 x 1 pieces, 1 formed, 0 skipped (low cut) (cache 0 slots: 0 hits, 0 misses)
dist_mn node 3: 2^21 = 2^10 x 2^11 over 4 x 4 ranks, 4 primes (rows 64..64; 1388892 + 694446 limbs at 0, window [1562503, 2083338) of share [1562503, 2083338)): redistribute 0.016 ntt 0.057 crt 0.000 out 0.003 spills+carry 0.000 total 0.113 s
dist_mn node 3: 1388892 x 694446 limbs over 4 x 4 ranks (cap 2^29): 1 x 1 pieces, 1 formed, 0 skipped (low cut) (cache 0 slots: 0 hits, 0 misses)
dist_mn node 0: 1388892 + 694446 limbs -> 2083337 (share 520834): redistribute 0.004 ntt 0.057 crt 0.000 out 0.003 spills+carry 0.001, total 0.113 s
dist_mn node 1: 1388892 + 694446 limbs -> 2083337 (share 520835): redistribute 0.019 ntt 0.057 crt 0.000 out 0.004 spills+carry 0.000, total 0.113 s
dist_mn node 2: 1388892 + 694446 limbs -> 2083337 (share 520834): redistribute 0.021 ntt 0.057 crt 0.000 out 0.004 spills+carry 0.000, total 0.113 s
dist_mn node 3: 1388892 + 694446 limbs -> 2083337 (share 520835): redistribute 0.016 ntt 0.057 crt 0.000 out 0.003 spills+carry 0.000, total 0.113 s
dist_mn node 0: 2^21 = 2^10 x 2^11 over 4 x 4 ranks, 3 primes (rows 64..64; 694446 + 694445 limbs at 0, window [0, 347222) of share [0, 347222)): redistribute 0.003 ntt 0.041 crt 0.000 out 0.004 spills+carry 0.000 total 0.048 s
dist_mn node 0: 694446 x 694445 limbs over 4 x 4 ranks (cap 2^29): 1 x 1 pieces, 1 formed, 0 skipped (low cut) (cache 0 slots: 0 hits, 0 misses)
dist_mn node 1: 2^21 = 2^10 x 2^11 over 4 x 4 ranks, 3 primes (rows 64..64; 694446 + 694445 limbs at 0, window [347222, 694445) of share [347222, 694445)): redistribute 0.004 ntt 0.041 crt 0.000 out 0.003 spills+carry 0.001 total 0.048 s
dist_mn node 1: 694446 x 694445 limbs over 4 x 4 ranks (cap 2^29): 1 x 1 pieces, 1 formed, 0 skipped (low cut) (cache 0 slots: 0 hits, 0 misses)
dist_mn node 2: 2^21 = 2^10 x 2^11 over 4 x 4 ranks, 3 primes (rows 64..64; 694446 + 694445 limbs at 0, window [694445, 1041668) of share [694445, 1041668)): redistribute 0.004 ntt 0.041 crt 0.000 out 0.004 spills+carry 0.000 total 0.048 s
dist_mn node 2: 694446 x 694445 limbs over 4 x 4 ranks (cap 2^29): 1 x 1 pieces, 1 formed, 0 skipped (low cut) (cache 0 slots: 0 hits, 0 misses)
dist_mn node 3: 2^21 = 2^10 x 2^11 over 4 x 4 ranks, 3 primes (rows 64..64; 694446 + 694445 limbs at 0, window [1041668, 1388891) of share [1041668, 1388891)): redistribute 0.004 ntt 0.041 crt 0.000 out 0.003 spills+carry 0.000 total 0.048 s
dist_mn node 3: 694446 x 694445 limbs over 4 x 4 ranks (cap 2^29): 1 x 1 pieces, 1 formed, 0 skipped (low cut) (cache 0 slots: 0 hits, 0 misses)
dist_mn node 0: 694446 + 694445 limbs -> 1388890 (share 347222): redistribute 0.003 ntt 0.041 crt 0.000 out 0.004 spills+carry 0.000, total 0.048 s
dist_mn node 2: 694446 + 694445 limbs -> 1388890 (share 347223): redistribute 0.004 ntt 0.041 crt 0.000 out 0.004 spills+carry 0.000, total 0.048 s
dist_mn node 1: 694446 + 694445 limbs -> 1388890 (share 347223): redistribute 0.004 ntt 0.041 crt 0.000 out 0.003 spills+carry 0.001, total 0.048 s
dist_mn node 3: 694446 + 694445 limbs -> 1388890 (share 347223): redistribute 0.004 ntt 0.041 crt 0.000 out 0.003 spills+carry 0.000, total 0.048 s
dist_mn node 0: 2^22 = 2^11 x 2^11 over 4 x 4 ranks, 4 primes (rows 128..128; 2777782 + 1388891 limbs at 0, window [0, 694446) of share [0, 694446)): redistribute 0.007 ntt 0.108 crt 0.000 out 0.004 spills+carry 0.001 total 0.171 s
dist_mn node 0: 2777782 x 1388891 limbs over 4 x 4 ranks (cap 2^29): 1 x 1 pieces, 1 formed, 0 skipped (low product) (low cut) (cache 0 slots: 0 hits, 0 misses)
dist_mn node 1: 2^22 = 2^11 x 2^11 over 4 x 4 ranks, 4 primes (rows 128..128; 2777782 + 1388891 limbs at 0, window [694446, 1388893) of share [694446, 1388893)): redistribute 0.015 ntt 0.109 crt 0.000 out 0.004 spills+carry 0.001 total 0.171 s
dist_mn node 1: 2777782 x 1388891 limbs over 4 x 4 ranks (cap 2^29): 1 x 1 pieces, 1 formed, 0 skipped (low product) (low cut) (cache 0 slots: 0 hits, 0 misses)
dist_mn node 2: 2^22 = 2^11 x 2^11 over 4 x 4 ranks, 4 primes (rows 128..128; 2777782 + 1388891 limbs at 0, window [1388893, 2083339) of share [1388893, 2083339)): redistribute 0.018 ntt 0.109 crt 0.000 out 0.004 spills+carry 0.001 total 0.171 s
dist_mn node 2: 2777782 x 1388891 limbs over 4 x 4 ranks (cap 2^29): 1 x 1 pieces, 1 formed, 0 skipped (low product) (low cut) (cache 0 slots: 0 hits, 0 misses)
dist_mn node 3: 2^22 = 2^11 x 2^11 over 4 x 4 ranks, 4 primes (rows 128..128; 2777782 + 1388891 limbs at 0, window [2083339, 2777786) of share [2083339, 2777786)): redistribute 0.014 ntt 0.108 crt 0.000 out 0.005 spills+carry 0.000 total 0.171 s
dist_mn node 3: 2777782 x 1388891 limbs over 4 x 4 ranks (cap 2^29): 1 x 1 pieces, 1 formed, 0 skipped (low product) (low cut) (cache 0 slots: 0 hits, 0 misses)
dist_mn node 0: 2777782 + 1388891 limbs -> 2777782 (share 694446): redistribute 0.007 ntt 0.108 crt 0.000 out 0.004 spills+carry 0.001, total 0.171 s
dist_mn node 1: 2777782 + 1388891 limbs -> 2777782 (share 694447): redistribute 0.015 ntt 0.109 crt 0.000 out 0.004 spills+carry 0.001, total 0.171 s
dist_mn node 2: 2777782 + 1388891 limbs -> 2777782 (share 694446): redistribute 0.018 ntt 0.109 crt 0.000 out 0.004 spills+carry 0.001, total 0.171 s
dist_mn node 3: 2777782 + 1388891 limbs -> 2777782 (share 694447): redistribute 0.014 ntt 0.108 crt 0.000 out 0.005 spills+carry 0.000, total 0.171 s
dist_mn node 0: 2^22 = 2^11 x 2^11 over 4 x 4 ranks, 4 primes (rows 128..128; 1388891 + 1388890 limbs at 0, window [0, 694445) of share [0, 694445)): redistribute 0.005 ntt 0.121 crt 0.000 out 0.004 spills+carry 0.000 total 0.129 s
dist_mn node 0: 1388891 x 1388890 limbs over 4 x 4 ranks (cap 2^29): 1 x 1 pieces, 1 formed, 0 skipped (low cut) (cache 0 slots: 0 hits, 0 misses)
dist_mn node 1: 2^22 = 2^11 x 2^11 over 4 x 4 ranks, 4 primes (rows 128..128; 1388891 + 1388890 limbs at 0, window [694445, 1388890) of share [694445, 1388890)): redistribute 0.005 ntt 0.120 crt 0.000 out 0.004 spills+carry 0.000 total 0.129 s
dist_mn node 1: 1388891 x 1388890 limbs over 4 x 4 ranks (cap 2^29): 1 x 1 pieces, 1 formed, 0 skipped (low cut) (cache 0 slots: 0 hits, 0 misses)
dist_mn node 2: 2^22 = 2^11 x 2^11 over 4 x 4 ranks, 4 primes (rows 128..128; 1388891 + 1388890 limbs at 0, window [1388890, 2083335) of share [1388890, 2083335)): redistribute 0.005 ntt 0.121 crt 0.000 out 0.004 spills+carry 0.000 total 0.129 s
dist_mn node 2: 1388891 x 1388890 limbs over 4 x 4 ranks (cap 2^29): 1 x 1 pieces, 1 formed, 0 skipped (low cut) (cache 0 slots: 0 hits, 0 misses)
dist_mn node 3: 2^22 = 2^11 x 2^11 over 4 x 4 ranks, 4 primes (rows 128..128; 1388891 + 1388890 limbs at 0, window [2083335, 2777781) of share [2083335, 2777781)): redistribute 0.006 ntt 0.120 crt 0.000 out 0.004 spills+carry 0.000 total 0.129 s
dist_mn node 3: 1388891 x 1388890 limbs over 4 x 4 ranks (cap 2^29): 1 x 1 pieces, 1 formed, 0 skipped (low cut) (cache 0 slots: 0 hits, 0 misses)
dist_mn node 0: 1388891 + 1388890 limbs -> 2777781 (share 694445): redistribute 0.005 ntt 0.121 crt 0.000 out 0.004 spills+carry 0.000, total 0.129 s
dist_mn node 1: 1388891 + 1388890 limbs -> 2777781 (share 694445): redistribute 0.005 ntt 0.120 crt 0.000 out 0.004 spills+carry 0.000, total 0.129 s
dist_mn node 2: 1388891 + 1388890 limbs -> 2777781 (share 694445): redistribute 0.005 ntt 0.121 crt 0.000 out 0.004 spills+carry 0.000, total 0.129 s
dist_mn node 3: 1388891 + 1388890 limbs -> 2777781 (share 694446): redistribute 0.006 ntt 0.120 crt 0.000 out 0.004 spills+carry 0.000, total 0.129 s
dist_mn node 0: 2^23 = 2^11 x 2^12 over 4 x 4 ranks, 4 primes (rows 128..128; 5555560 + 2777780 limbs at 0, window [0, 1388891) of share [0, 1388891)): redistribute 0.039 ntt 0.135 crt 0.000 out 0.012 spills+carry 0.001 total 0.221 s
dist_mn node 0: 5555560 x 2777780 limbs over 4 x 4 ranks (cap 2^29): 1 x 1 pieces, 1 formed, 0 skipped (low product) (low cut) (cache 0 slots: 0 hits, 0 misses)
dist_mn node 1: 2^23 = 2^11 x 2^12 over 4 x 4 ranks, 4 primes (rows 128..128; 5555560 + 2777780 limbs at 0, window [1388891, 2777782) of share [1388891, 2777782)): redistribute 0.035 ntt 0.137 crt 0.001 out 0.011 spills+carry 0.001 total 0.221 s
dist_mn node 1: 5555560 x 2777780 limbs over 4 x 4 ranks (cap 2^29): 1 x 1 pieces, 1 formed, 0 skipped (low product) (low cut) (cache 0 slots: 0 hits, 0 misses)
dist_mn node 2: 2^23 = 2^11 x 2^12 over 4 x 4 ranks, 4 primes (rows 128..128; 5555560 + 2777780 limbs at 0, window [2777782, 4166673) of share [2777782, 4166673)): redistribute 0.022 ntt 0.135 crt 0.000 out 0.013 spills+carry 0.001 total 0.221 s
dist_mn node 2: 5555560 x 2777780 limbs over 4 x 4 ranks (cap 2^29): 1 x 1 pieces, 1 formed, 0 skipped (low product) (low cut) (cache 0 slots: 0 hits, 0 misses)
dist_mn node 3: 2^23 = 2^11 x 2^12 over 4 x 4 ranks, 4 primes (rows 128..128; 5555560 + 2777780 limbs at 0, window [4166673, 5555564) of share [4166673, 5555564)): redistribute 0.010 ntt 0.134 crt 0.000 out 0.012 spills+carry 0.000 total 0.221 s
dist_mn node 3: 5555560 x 2777780 limbs over 4 x 4 ranks (cap 2^29): 1 x 1 pieces, 1 formed, 0 skipped (low product) (low cut) (cache 0 slots: 0 hits, 0 misses)
dist_mn node 0: 5555560 + 2777780 limbs -> 5555564 (share 1388891): redistribute 0.039 ntt 0.135 crt 0.000 out 0.012 spills+carry 0.001, total 0.221 s
dist_mn node 1: 5555560 + 2777780 limbs -> 5555564 (share 1388891): redistribute 0.035 ntt 0.137 crt 0.001 out 0.011 spills+carry 0.001, total 0.221 s
dist_mn node 2: 5555560 + 2777780 limbs -> 5555564 (share 1388891): redistribute 0.022 ntt 0.135 crt 0.000 out 0.013 spills+carry 0.001, total 0.221 s
dist_mn node 3: 5555560 + 2777780 limbs -> 5555564 (share 1388891): redistribute 0.010 ntt 0.134 crt 0.000 out 0.012 spills+carry 0.000, total 0.221 s
dist_mn node 0: 2^23 = 2^11 x 2^12 over 4 x 4 ranks, 4 primes (rows 128..128; 2777780 + 2777779 limbs at 0, window [0, 1388889) of share [0, 1388889)): redistribute 0.007 ntt 0.130 crt 0.000 out 0.012 spills+carry 0.001 total 0.148 s
dist_mn node 0: 2777780 x 2777779 limbs over 4 x 4 ranks (cap 2^29): 1 x 1 pieces, 1 formed, 0 skipped (low cut) (cache 0 slots: 0 hits, 0 misses)
dist_mn node 1: 2^23 = 2^11 x 2^12 over 4 x 4 ranks, 4 primes (rows 128..128; 2777780 + 2777779 limbs at 0, window [1388889, 2777779) of share [1388889, 2777779)): redistribute 0.007 ntt 0.130 crt 0.000 out 0.011 spills+carry 0.001 total 0.148 s
dist_mn node 1: 2777780 x 2777779 limbs over 4 x 4 ranks (cap 2^29): 1 x 1 pieces, 1 formed, 0 skipped (low cut) (cache 0 slots: 0 hits, 0 misses)
dist_mn node 2: 2^23 = 2^11 x 2^12 over 4 x 4 ranks, 4 primes (rows 128..128; 2777780 + 2777779 limbs at 0, window [2777779, 4166669) of share [2777779, 4166669)): redistribute 0.006 ntt 0.131 crt 0.000 out 0.011 spills+carry 0.001 total 0.148 s
dist_mn node 2: 2777780 x 2777779 limbs over 4 x 4 ranks (cap 2^29): 1 x 1 pieces, 1 formed, 0 skipped (low cut) (cache 0 slots: 0 hits, 0 misses)
dist_mn node 3: 2^23 = 2^11 x 2^12 over 4 x 4 ranks, 4 primes (rows 128..128; 2777780 + 2777779 limbs at 0, window [4166669, 5555559) of share [4166669, 5555559)): redistribute 0.008 ntt 0.129 crt 0.000 out 0.012 spills+carry 0.001 total 0.148 s
dist_mn node 3: 2777780 x 2777779 limbs over 4 x 4 ranks (cap 2^29): 1 x 1 pieces, 1 formed, 0 skipped (low cut) (cache 0 slots: 0 hits, 0 misses)
dist_mn node 0: 2777780 + 2777779 limbs -> 5555558 (share 1388889): redistribute 0.007 ntt 0.130 crt 0.000 out 0.012 spills+carry 0.001, total 0.149 s
dist_mn node 1: 2777780 + 2777779 limbs -> 5555558 (share 1388890): redistribute 0.007 ntt 0.130 crt 0.000 out 0.011 spills+carry 0.001, total 0.149 s
dist_mn node 2: 2777780 + 2777779 limbs -> 5555558 (share 1388890): redistribute 0.006 ntt 0.131 crt 0.000 out 0.011 spills+carry 0.001, total 0.149 s
dist_mn node 3: 2777780 + 2777779 limbs -> 5555558 (share 1388890): redistribute 0.008 ntt 0.129 crt 0.000 out 0.012 spills+carry 0.001, total 0.149 s
recip(mn) 3.00 s: single-node part 1.59, products 1.18, shifts 32/0.24, addsub 12/0.01, small 0/0.00
dist_mn node 0: 2^24 = 2^12 x 2^12 over 4 x 4 ranks, 4 primes (rows 256..256; 5555557 + 5555558 limbs at 0, window [0, 2777778) of share [0, 2777778)): redistribute 0.024 ntt 0.205 crt 0.001 out 0.052 spills+carry 0.005 total 0.314 s
dist_mn node 0: 5555557 x 5555558 limbs over 4 x 4 ranks (cap 2^29): 1 x 1 pieces, 1 formed, 0 skipped (low cut) (cache 0 slots: 0 hits, 0 misses)
dist_mn node 1: 2^24 = 2^12 x 2^12 over 4 x 4 ranks, 4 primes (rows 256..256; 5555557 + 5555558 limbs at 0, window [2777778, 5555557) of share [2777778, 5555557)): redistribute 0.024 ntt 0.204 crt 0.001 out 0.052 spills+carry 0.005 total 0.314 s
dist_mn node 1: 5555557 x 5555558 limbs over 4 x 4 ranks (cap 2^29): 1 x 1 pieces, 1 formed, 0 skipped (low cut) (cache 0 slots: 0 hits, 0 misses)
dist_mn node 2: 2^24 = 2^12 x 2^12 over 4 x 4 ranks, 4 primes (rows 256..256; 5555557 + 5555558 limbs at 0, window [5555557, 8333336) of share [5555557, 8333336)): redistribute 0.023 ntt 0.202 crt 0.002 out 0.053 spills+carry 0.005 total 0.314 s
dist_mn node 2: 5555557 x 5555558 limbs over 4 x 4 ranks (cap 2^29): 1 x 1 pieces, 1 formed, 0 skipped (low cut) (cache 0 slots: 0 hits, 0 misses)
dist_mn node 3: 2^24 = 2^12 x 2^12 over 4 x 4 ranks, 4 primes (rows 256..256; 5555557 + 5555558 limbs at 0, window [8333336, 11111115) of share [8333336, 11111115)): redistribute 0.023 ntt 0.204 crt 0.001 out 0.052 spills+carry 0.005 total 0.314 s
dist_mn node 3: 5555557 x 5555558 limbs over 4 x 4 ranks (cap 2^29): 1 x 1 pieces, 1 formed, 0 skipped (low cut) (cache 0 slots: 0 hits, 0 misses)
dist_mn node 1: 5555557 + 5555558 limbs -> 11111115 (share 2777779): redistribute 0.024 ntt 0.204 crt 0.001 out 0.052 spills+carry 0.005, total 0.314 s
dist_mn node 2: 5555557 + 5555558 limbs -> 11111115 (share 2777779): redistribute 0.023 ntt 0.202 crt 0.002 out 0.053 spills+carry 0.005, total 0.314 s
dist_mn node 0: 5555557 + 5555558 limbs -> 11111115 (share 2777778): redistribute 0.024 ntt 0.205 crt 0.001 out 0.052 spills+carry 0.005, total 0.314 s
dist_mn node 3: 5555557 + 5555558 limbs -> 11111115 (share 2777779): redistribute 0.023 ntt 0.204 crt 0.001 out 0.052 spills+carry 0.005, total 0.314 s
mn_out: /tmp/np15_e8_k2e6_4.txt.part0003: O_DIRECT, packed form, 8 write threads, file system local
dist_mn node 0: 2^24 = 2^12 x 2^12 over 4 x 4 ranks, 4 primes (rows 256..256; 5555557 + 5555560 limbs at 0, window [0, 1388890) of share [0, 1388890)): redistribute 0.012 ntt 0.277 crt 0.000 out 0.007 spills+carry 0.001 total 0.296 s
dist_mn node 0: 5555557 x 5555560 limbs over 4 x 4 ranks (cap 2^29): 1 x 1 pieces, 1 formed, 0 skipped (low product) (cache 0 slots: 0 hits, 0 misses)
dist_mn node 1: 2^24 = 2^12 x 2^12 over 4 x 4 ranks, 4 primes (rows 256..256; 5555557 + 5555560 limbs at 0, window [1388890, 2777781) of share [1388890, 2777781)): redistribute 0.012 ntt 0.277 crt 0.000 out 0.007 spills+carry 0.001 total 0.296 s
dist_mn node 1: 5555557 x 5555560 limbs over 4 x 4 ranks (cap 2^29): 1 x 1 pieces, 1 formed, 0 skipped (low product) (cache 0 slots: 0 hits, 0 misses)
dist_mn node 2: 2^24 = 2^12 x 2^12 over 4 x 4 ranks, 4 primes (rows 256..256; 5555557 + 5555560 limbs at 0, window [2777781, 4166671) of share [2777781, 4166671)): redistribute 0.012 ntt 0.277 crt 0.000 out 0.007 spills+carry 0.001 total 0.296 s
dist_mn node 2: 5555557 x 5555560 limbs over 4 x 4 ranks (cap 2^29): 1 x 1 pieces, 1 formed, 0 skipped (low product) (cache 0 slots: 0 hits, 0 misses)
dist_mn node 3: 2^24 = 2^12 x 2^12 over 4 x 4 ranks, 4 primes (rows 256..256; 5555557 + 5555560 limbs at 0, window [4166671, 5555562) of share [4166671, 5555562)): redistribute 0.013 ntt 0.278 crt 0.000 out 0.007 spills+carry 0.001 total 0.296 s
dist_mn node 3: 5555557 x 5555560 limbs over 4 x 4 ranks (cap 2^29): 1 x 1 pieces, 1 formed, 0 skipped (low product) (cache 0 slots: 0 hits, 0 misses)
dist_mn node 0: 5555557 + 5555560 limbs -> 5555562 (share 1388890): redistribute 0.012 ntt 0.277 crt 0.000 out 0.007 spills+carry 0.001, total 0.296 s
dist_mn node 1: 5555557 + 5555560 limbs -> 5555562 (share 1388891): redistribute 0.012 ntt 0.277 crt 0.000 out 0.007 spills+carry 0.001, total 0.296 s
dist_mn node 2: 5555557 + 5555560 limbs -> 5555562 (share 1388890): redistribute 0.012 ntt 0.277 crt 0.000 out 0.007 spills+carry 0.001, total 0.296 s
dist_mn node 3: 5555557 + 5555560 limbs -> 5555562 (share 1388891): redistribute 0.013 ntt 0.278 crt 0.000 out 0.007 spills+carry 0.001, total 0.296 s
divmod(mn) 3.68 s: reciprocal 3.01 (products 1.18), S = P + Q 0.01, A mu + shift 0.35, X Q + window 0.30, corrections 0.00 (0), R residues 0.01; division products 0.61 s; shifts 38/0.27 s, addsub 14/0.01 s
scratch(mn): mdb_shift slabs 0.022 GB per node-process at most (MDB_SHIFT_CHUNK_MB=1024), window temporaries T + rbO 0.022 GB (MN_T_CHUNK_MB=1024)
mn: node 0: dm over 4 nodes 3.68 s (reciprocal 3.01), X 5555557 limbs, sharded
mn: node 1: dm over 4 nodes 3.68 s (reciprocal 3.01), X 5555557 limbs, sharded; to the output stage
mn: node 2: dm over 4 nodes 3.68 s (reciprocal 3.01), X 5555557 limbs, sharded; to the output stage
mn: node 3: dm over 4 nodes 3.68 s (reciprocal 3.01), X 5555557 limbs, sharded; to the output stage
bs        1.04 s   N 14842916, P 5555560 limbs, Q 5555560 limbs (seeds 0.0 school 0.0 batch 0.1 mdev 0.0; pool 0.0 GB; dev pools 0.0 GB)   VmRSS 17.5 GB, VmHWM 17.5 GB
RESULT ecalc bs s 1.03939
mem[0] [bs] device 19.6 GB in use (per APU 4.9..4.9): planes 8.6, regions 0.0, block pool 8.6 (donated 0.0, borrowed 8.6, hipMalloc 0.0; live 0.0, peak live 0.1, free 8.6), tables 2.46, other 0.0
mem[0] [bs] host 17.5 GB RSS (HWM 17.5): staging 4.3 pinned, registered 0.0, X 0.0, digits 0.0, named 0.0, other 13.1
recip     3.01 s   (over 4 nodes; 22 iterations)
10dP      0.00 s   (S = P + Q over shares, inside dm)
RESULT ecalc 10dP s 0
dm        3.68 s   X 5555557 limbs (recip 3.0 s; corrections 0/0; over 4 nodes)   VmRSS 17.5 GB, VmHWM 17.5 GB
RESULT ecalc dm s 3.67585
mn: node 1: X share [1388889, 2777778) of 5555557 limbs on the device (the distributed division's)
mn: node 2: X share [2777778, 4166667) of 5555557 limbs on the device (the distributed division's)
mn: node 3: X share [4166667, 5555557) of 5555557 limbs on the device (the distributed division's)
mn: node 0: X share [0, 1388889) of 5555557 limbs on the device (the distributed division's)
mn: node 0: T1        0.01 s   ok: T(P+Q) == XQ + R and P, Q mod q for 8 primes (P, Q recurrence over this node's terms, overlapped with bs; joined over the nodes)
mn: node 0:       overlapped with bs: P, Q mod q recurrence 0.12 s, block pool pregrown by 0 GB in 0.00 s
mn: node 1: T1        0.01 s   ok: T(P+Q) == XQ + R and P, Q mod q for 8 primes (P, Q recurrence over this node's terms, overlapped with bs; joined over the nodes)
mn: node 1:       overlapped with bs: P, Q mod q recurrence 0.07 s, block pool pregrown by 0 GB in 0.00 s
mn: node 2: T1        0.01 s   ok: T(P+Q) == XQ + R and P, Q mod q for 8 primes (P, Q recurrence over this node's terms, overlapped with bs; joined over the nodes)
mn: node 2:       overlapped with bs: P, Q mod q recurrence 0.19 s, block pool pregrown by 0 GB in 0.00 s
mn: node 3: T1        0.01 s   ok: T(P+Q) == XQ + R and P, Q mod q for 8 primes (P, Q recurrence over this node's terms, overlapped with bs; joined over the nodes)
mn: node 3:       overlapped with bs: P, Q mod q recurrence 0.10 s, block pool pregrown by 0 GB in 0.00 s
mn: node 0:       VmRSS 17.5 GB before dc
mn: node 1:       VmRSS 17.5 GB before dc
mn: node 2:       VmRSS 17.4 GB before dc
mn: node 3:       VmRSS 17.4 GB before dc
mn: node 0:       the part file started in the division (MN_OUT_EARLY): its writer ran 0.02 s, joined after 0.00 s here
mn: node 2:       the part file started in the division (MN_OUT_EARLY): its writer ran 0.02 s, joined after 0.00 s here
mn: node 1:       the part file started in the division (MN_OUT_EARLY): its writer ran 0.02 s, joined after 0.00 s here
mn: node 3:       the part file started in the division (MN_OUT_EARLY): its writer ran 0.03 s, joined after 0.00 s here
mn: node 0:       patch: X +0 after the formatting started (ECALC_CORR_PATCH): nothing to patch; 0 deferred windows; 0.001 s
mn: node 1:       patch: X +0 after the formatting started (ECALC_CORR_PATCH): nothing to patch; 0 deferred windows; 0.001 s
mn: node 2:       patch: X +0 after the formatting started (ECALC_CORR_PATCH): nothing to patch; 0 deferred windows; 0.001 s
mn: node 3:       patch: X +0 after the formatting started (ECALC_CORR_PATCH): nothing to patch; 0 deferred windows; 0.001 s
mn: node 1: dc        0.02 s   digits [50000005, 75000007) of 100000009 formatted from 1388889 decimal limbs in 1 chunks (residues 0.00, format 0.00, digit residue 0.00, T2 0.00, fetch 0.00, waiting for the writer 0.00)
mn: node 1: T2        0.00 s   windows ok (0 checked on this node), digits == X mod q ok
mn: node 1: digits: 12603657289268737384327838060345874499547166139991864034412434... (this node's range)
mn: node 1: wrote /tmp/np15_e8_k2e6_4.txt.part0002 (0.01 GB; write 0.03 s in the writer thread, 0.00 s after the checks)
mn: node 1: VERIFY OK
mn: node 2: dc        0.02 s   digits [25000003, 50000005) of 100000009 formatted from 1388889 decimal limbs in 1 chunks (residues 0.00, format 0.00, digit residue 0.00, T2 0.00, fetch 0.00, waiting for the writer 0.00)
mn: node 2: T2        0.00 s   windows ok (0 checked on this node), digits == X mod q ok
mn: node 2: digits: 36629342686850259678097902032688994129665878048066109349592573... (this node's range)
mn: node 2: wrote /tmp/np15_e8_k2e6_4.txt.part0001 (0.01 GB; write 0.02 s in the writer thread, 0.00 s after the checks)
mn: node 2: VERIFY OK
mn: node 3: dc        0.02 s   digits [0, 25000003) of 100000009 formatted from 1388890 decimal limbs in 1 chunks (residues 0.00, format 0.00, digit residue 0.00, T2 0.00, fetch 0.00, waiting for the writer 0.00)
mn: node 3: T2        0.00 s   windows ok (2 checked on this node), digits == X mod q ok
mn: node 3: digits: 27182818284590452353602874713526624977572470936999595749669676... (this node's range)
mn: node 3: wrote /tmp/np15_e8_k2e6_4.txt.part0000 (0.01 GB; write 0.03 s in the writer thread, 0.00 s after the checks)
mn: node 3: VERIFY OK
mn: node 0: dc        0.02 s   digits [75000007, 100000009) of 100000009 formatted from 1388889 decimal limbs in 1 chunks (residues 0.00, format 0.00, digit residue 0.01, T2 0.00, fetch 0.00, waiting for the writer 0.00)
mn: node 0: T2        0.00 s   windows ok (0 checked on this node), digits == X mod q ok
mn: node 0: digits: 51280466433295151906339818202533018313547349609445451246233848...82960628314492118202 (this node's range)
total     8.68 s   (bs 1.0 + 10dP 0.0 + dm 3.7 + T1 0.0 + dc 0.0 + T2 0.0 = 4.7; init 3.9; other 0.0); VmHWM 17.4 GB
RESULT ecalc total s 8.68043
RESULT ecalc phases s 4.74084
RESULT ecalc other s 0.0138618
RESULT ecalc vmhwm GB 17.4153
paper A22 (4e10): 285.7 = bs 112.2 + 10dP 12.6 + dm 46.8 + T1 ~3 + dc 110.3
mn: node 0: wrote /tmp/np15_e8_k2e6_4.txt.part0003 (0.01 GB; write 0.02 s in the writer thread, 0.00 s after the checks)
mn: node 0: VERIFY OK
mn: all 4 nodes: VERIFY OK
dbig pool: APU0 tail 0.01 GB: 1 large blocks from its back, 0 small blocks spilled into it
dbig pool: APU1 tail 0.01 GB: 1 large blocks from its back, 0 small blocks spilled into it
dbig pool: APU2 tail 0.01 GB: 1 large blocks from its back, 0 small blocks spilled into it
dbig pool: APU0 tail 0.01 GB: 1 large blocks from its back, 0 small blocks spilled into it
dbig pool: APU1 tail 0.01 GB: 1 large blocks from its back, 0 small blocks spilled into it
dbig pool: APU2 tail 0.01 GB: 1 large blocks from its back, 0 small blocks spilled into it
dbig pool: APU3 tail 0.01 GB: 1 large blocks from its back, 0 small blocks spilled into it
dbig pool: APU3 tail 0.01 GB: 1 large blocks from its back, 0 small blocks spilled into it
mem[0] [end] device 11.0 GB in use (per APU 2.8..2.8): planes 8.6, regions 0.0, block pool 0.0 (donated 0.0, borrowed 0.0, hipMalloc 0.0; live 0.0, peak live 0.1, free 0.0), tables 2.46, other 0.0
mem[0] [end] host 17.4 GB RSS (HWM 17.4): staging 4.3 pinned, registered 0.0, X 0.0, digits 0.0, named 0.0, other 13.1
mem[0] summary: bytes in use at each phase boundary, GB (device: all APUs / largest APU; host: this process)
mem[0] phase           device  maxAPU |  planes regions  pl:don  pl:bor  pl:hip pl:live pl:peak tables |    host staging  regist       X  digits   other     HWM
mem[0] init              19.6     4.9 |     8.6     0.0     0.0     8.6     0.0     0.0     0.0   2.46 |     8.6     4.3     0.0     0.0     0.0     4.3     9.0
mem[0] tree              19.6     4.9 |     8.6     0.0     0.0     8.6     0.0     0.0     0.1   2.46 |     8.7     4.3     0.0     0.0     0.0     4.4     9.0
mem[0] bs                19.6     4.9 |     8.6     0.0     0.0     8.6     0.0     0.0     0.1   2.46 |    17.5     4.3     0.0     0.0     0.0    13.1    17.5
mem[0] end               11.0     2.8 |     8.6     0.0     0.0     0.0     0.0     0.0     0.1   2.46 |    17.4     4.3     0.0     0.0     0.0    13.1    17.4
dbig pool: APU0 tail 0.01 GB: 1 large blocks from its back, 0 small blocks spilled into it
dbig pool: APU1 tail 0.01 GB: 1 large blocks from its back, 0 small blocks spilled into it
dbig pool: APU2 tail 0.01 GB: 1 large blocks from its back, 0 small blocks spilled into it
dbig pool: APU3 tail 0.01 GB: 1 large blocks from its back, 0 small blocks spilled into it
dbig pool: APU0 VMM arena released (0 remaps of 0 chunks in 0.00 s, 0 growths of 0 chunks)
dbig pool: APU1 VMM arena released (0 remaps of 0 chunks in 0.00 s, 0 growths of 0 chunks)
dbig pool: APU0 tail 0.01 GB: 1 large blocks from its back, 0 small blocks spilled into it
dbig pool: APU1 tail 0.01 GB: 1 large blocks from its back, 0 small blocks spilled into it
dbig pool: APU2 tail 0.01 GB: 1 large blocks from its back, 0 small blocks spilled into it
dbig pool: APU3 tail 0.01 GB: 1 large blocks from its back, 0 small blocks spilled into it
dbig pool: APU0 VMM arena released (0 remaps of 0 chunks in 0.00 s, 0 growths of 0 chunks)
dbig pool: APU0 VMM arena released (0 remaps of 0 chunks in 0.00 s, 0 growths of 0 chunks)
dbig pool: APU1 VMM arena released (0 remaps of 0 chunks in 0.00 s, 0 growths of 0 chunks)
dbig pool: APU2 VMM arena released (0 remaps of 0 chunks in 0.00 s, 0 growths of 0 chunks)
dbig pool: APU1 VMM arena released (0 remaps of 0 chunks in 0.00 s, 0 growths of 0 chunks)
dbig pool: APU3 VMM arena released (0 remaps of 0 chunks in 0.00 s, 0 growths of 0 chunks)
dbig pool: APU2 VMM arena released (0 remaps of 0 chunks in 0.00 s, 0 growths of 0 chunks)
dbig pool: APU2 VMM arena released (0 remaps of 0 chunks in 0.00 s, 0 growths of 0 chunks)
dbig pool: APU3 VMM arena released (0 remaps of 0 chunks in 0.00 s, 0 growths of 0 chunks)
dbig pool: APU3 VMM arena released (0 remaps of 0 chunks in 0.00 s, 0 growths of 0 chunks)
mem[3] [released] device 2.4 GB in use (per APU 0.6..0.6): planes 0.0, regions 0.0, block pool 0.0 (donated 0.0, borrowed 0.0, hipMalloc 0.0; live 0.0, peak live 0.1, free 0.0), tables 2.45, other 0.0
mem[3] [released] host 13.1 GB RSS (HWM 17.4): staging 0.0 pinned, registered 0.0, X 0.0, digits 0.0, named 0.0, other 13.1
mem[3] summary: bytes in use at each phase boundary, GB (device: all APUs / largest APU; host: this process)
mem[3] phase           device  maxAPU |  planes regions  pl:don  pl:bor  pl:hip pl:live pl:peak tables |    host staging  regist       X  digits   other     HWM
mem[3] init              19.6     4.9 |     8.6     0.0     0.0     8.6     0.0     0.0     0.0   2.45 |     8.6     4.3     0.0     0.0     0.0     4.3     9.0
mem[3] tree              19.6     4.9 |     8.6     0.0     0.0     8.6     0.0     0.0     0.1   2.45 |     8.7     4.3     0.0     0.0     0.0     4.4     9.0
mem[3] released           2.4     0.6 |     0.0     0.0     0.0     0.0     0.0     0.0     0.1   2.45 |    13.1     0.0     0.0     0.0     0.0    13.1    17.4
mem[2] [released] device 2.5 GB in use (per APU 0.6..0.6): planes 0.0, regions 0.0, block pool 0.0 (donated 0.0, borrowed 0.0, hipMalloc 0.0; live 0.0, peak live 0.1, free 0.0), tables 2.47, other 0.0
mem[2] [released] host 13.1 GB RSS (HWM 17.4): staging 0.0 pinned, registered 0.0, X 0.0, digits 0.0, named 0.0, other 13.1
mem[2] summary: bytes in use at each phase boundary, GB (device: all APUs / largest APU; host: this process)
mem[2] phase           device  maxAPU |  planes regions  pl:don  pl:bor  pl:hip pl:live pl:peak tables |    host staging  regist       X  digits   other     HWM
mem[2] init              19.6     4.9 |     8.6     0.0     0.0     8.6     0.0     0.0     0.0   2.47 |     8.6     4.3     0.0     0.0     0.0     4.3     9.0
mem[2] tree              19.6     4.9 |     8.6     0.0     0.0     8.6     0.0     0.0     0.1   2.47 |     8.7     4.3     0.0     0.0     0.0     4.4     9.0
mem[2] released           2.5     0.6 |     0.0     0.0     0.0     0.0     0.0     0.0     0.1   2.47 |    13.1     0.0     0.0     0.0     0.0    13.1    17.4
mem[1] [released] device 2.5 GB in use (per APU 0.6..0.6): planes 0.0, regions 0.0, block pool 0.0 (donated 0.0, borrowed 0.0, hipMalloc 0.0; live 0.0, peak live 0.1, free 0.0), tables 2.48, other 0.0
mem[1] [released] host 13.1 GB RSS (HWM 17.4): staging 0.0 pinned, registered 0.0, X 0.0, digits 0.0, named 0.0, other 13.1
mem[1] summary: bytes in use at each phase boundary, GB (device: all APUs / largest APU; host: this process)
mem[1] phase           device  maxAPU |  planes regions  pl:don  pl:bor  pl:hip pl:live pl:peak tables |    host staging  regist       X  digits   other     HWM
mem[1] init              19.7     4.9 |     8.6     0.0     0.0     8.6     0.0     0.0     0.0   2.48 |     8.6     4.3     0.0     0.0     0.0     4.3     9.1
mem[1] tree              19.7     4.9 |     8.6     0.0     0.0     8.6     0.0     0.0     0.1   2.48 |     8.8     4.3     0.0     0.0     0.0     4.5     9.1
mem[1] released           2.5     0.6 |     0.0     0.0     0.0     0.0     0.0     0.0     0.1   2.48 |    13.1     0.0     0.0     0.0     0.0    13.1    17.4
rns_dist: RNS_STRATEGY=auto form B: C 0 products 0.00 s, B 30 products 0.03 s, B4 0 products 0.00 s; extra plane memory 0.00 GiB/APU (allocations 0.00 s)
rns_dist: RNS_STRATEGY=auto form B: C 0 products 0.00 s, B 30 products 0.03 s, B4 0 products 0.00 s; extra plane memory 0.00 GiB/APU (allocations 0.00 s)
dbig pool: APU0 VMM arena released (0 remaps of 0 chunks in 0.00 s, 0 growths of 0 chunks)
rns_dist: RNS_STRATEGY=auto form B: C 0 products 0.00 s, B 30 products 0.03 s, B4 0 products 0.00 s; extra plane memory 0.00 GiB/APU (allocations 0.00 s)
dbig pool: APU1 VMM arena released (0 remaps of 0 chunks in 0.00 s, 0 growths of 0 chunks)
dbig pool: APU2 VMM arena released (0 remaps of 0 chunks in 0.00 s, 0 growths of 0 chunks)
dbig pool: APU3 VMM arena released (0 remaps of 0 chunks in 0.00 s, 0 growths of 0 chunks)
rns_dist: RNS_STRATEGY=auto form B: C 0 products 0.00 s, B 30 products 0.03 s, B4 0 products 0.00 s; extra plane memory 0.00 GiB/APU (allocations 0.00 s)
