dbtrace: P 1
dbtrace: V 3 63820529664 2147483648 30 91 0
dbtrace: V 1 63824723968 2147483648 30 91 1
dbtrace: V 2 63824723968 2147483648 30 91 2
dbtrace: V 0 82145443840 2147483648 39 118 3
dbtrace: I 2 63824723968 599785472 2
dbtrace: I 0 82145443840 1606418432 3
dbtrace: I 1 63824723968 599785472 1
dbtrace: I 3 63820529664 603979776 0
dbtrace: I 0 0 41072721920 3
dbtrace: I 1 0 30805065728 1
dbtrace: I 2 0 30805065728 2
dbtrace: I 3 0 27936161792 0
dbtrace: A 0 3906142208 0 3
dbtrace: A 1 3906142208 0 1
dbtrace: A 2 3906142208 0 2
dbtrace: A 3 3906142208 0 0
dbtrace: A 0 3906142208 3906142208 3
dbtrace: A 1 3906142208 3906142208 1
dbtrace: A 2 3906142208 3906142208 2
dbtrace: A 3 3906142208 3906142208 0
dbtrace: A 0 4163141632 7812284416 3
dbtrace: A 1 4163141632 7812284416 1
dbtrace: A 2 4163141632 7812284416 2
dbtrace: A 3 4163141632 7812284416 0
dbtrace: A 0 4163141632 11975426048 3
dbtrace: A 1 4163141632 11975426048 1
dbtrace: A 2 4163141632 11975426048 2
dbtrace: A 3 4163141632 11975426048 0
dbtrace: A 0 3041853440 16138567680 3
dbtrace: A 1 3041853440 16138567680 1
dbtrace: A 2 3041853440 16138567680 2
dbtrace: A 3 3041853440 16138567680 0
dbtrace: A 0 3041853440 19180421120 3
dbtrace: A 1 3041853440 19180421120 1
dbtrace: A 2 3041853440 19180421120 2
dbtrace: A 3 3041853440 19180421120 0
dbtrace: I 0 41072721920 41072721920 3
dbtrace: T 0 59575894016 22569549824 14105936000
dbtrace: I 1 30805065728 33019658240 1
dbtrace: T 1 41255174144 22569549824 14105936000
dbtrace: I 2 30805065728 33019658240 2
dbtrace: T 2 41255174144 22569549824 14105936000
dbtrace: I 3 27936161792 35884367872 0
dbtrace: T 3 41250979840 22569549824 14105936000
dbtrace: A 0 8069283840 22222274560 3
dbtrace: A 1 8069283840 22222274560 1
dbtrace: A 2 8069283840 22222274560 2
dbtrace: A 3 8069283840 22222274560 0
dbtrace: A 0 4034658304 30291558400 3
dbtrace: A 1 4034658304 30291558400 1
dbtrace: A 2 4034658304 30291558400 2
dbtrace: A 3 4034658304 30291558400 0
dbtrace: F 0 30291558400 4034658304
dbtrace: F 1 30291558400 4034658304
dbtrace: F 2 30291558400 4034658304
dbtrace: F 3 30291558400 4034658304
dbtrace: F 0 0 3906142208
dbtrace: F 1 0 3906142208
dbtrace: F 2 0 3906142208
dbtrace: F 3 0 3906142208
dbtrace: F 0 7812284416 4163141632
dbtrace: F 1 7812284416 4163141632
dbtrace: F 2 7812284416 4163141632
dbtrace: F 3 7812284416 4163141632
dbtrace: A 0 8069283840 30291558400 3
dbtrace: A 1 8069283840 30291558400 1
dbtrace: A 2 8069283840 30291558400 2
dbtrace: A 3 8069283840 30291558400 0
dbtrace: A 0 4034658304 7812284416 3
dbtrace: A 1 4034658304 7812284416 1
dbtrace: A 2 4034658304 7812284416 2
dbtrace: A 3 4034658304 7812284416 0
dbtrace: F 0 7812284416 4034658304
dbtrace: F 1 7812284416 4034658304
dbtrace: F 2 7812284416 4034658304
dbtrace: F 3 7812284416 4034658304
dbtrace: F 0 3906142208 3906142208
dbtrace: F 1 3906142208 3906142208
dbtrace: F 2 3906142208 3906142208
dbtrace: F 3 3906142208 3906142208
dbtrace: F 0 11975426048 4163141632
dbtrace: F 1 11975426048 4163141632
dbtrace: F 2 11975426048 4163141632
dbtrace: F 3 11975426048 4163141632
dbtrace: A 0 11111137280 0 3
dbtrace: A 1 11111137280 0 1
dbtrace: A 2 11111137280 0 2
dbtrace: A 3 11111137280 0 0
dbtrace: A 0 4210688000 11111137280 3
dbtrace: A 1 4210688000 11111137280 1
dbtrace: A 2 4210688000 11111137280 2
dbtrace: A 3 4210688000 11111137280 0
dbtrace: F 0 11111137280 4210688000
dbtrace: F 1 11111137280 4210688000
dbtrace: F 2 11111137280 4210688000
dbtrace: F 3 11111137280 4210688000
dbtrace: F 0 22222274560 8069283840
dbtrace: F 1 22222274560 8069283840
dbtrace: F 2 22222274560 8069283840
dbtrace: F 3 22222274560 8069283840
dbtrace: F 0 16138567680 3041853440
dbtrace: F 1 16138567680 3041853440
dbtrace: F 2 16138567680 3041853440
dbtrace: F 3 16138567680 3041853440
dbtrace: A 0 11111137280 38360842240 3
dbtrace: A 1 11111137280 38360842240 1
dbtrace: A 2 11111137280 38360842240 2
dbtrace: A 3 11111137280 38360842240 0
dbtrace: A 0 4210688000 11111137280 3
dbtrace: A 1 4210688000 11111137280 1
dbtrace: A 2 4210688000 11111137280 2
dbtrace: A 3 4210688000 11111137280 0
dbtrace: F 0 11111137280 4210688000
dbtrace: F 1 11111137280 4210688000
dbtrace: F 2 11111137280 4210688000
dbtrace: F 3 11111137280 4210688000
dbtrace: F 0 30291558400 8069283840
dbtrace: F 1 30291558400 8069283840
dbtrace: F 2 30291558400 8069283840
dbtrace: F 3 30291558400 8069283840
dbtrace: F 0 19180421120 3041853440
dbtrace: F 1 19180421120 3041853440
dbtrace: F 2 19180421120 3041853440
dbtrace: F 3 19180421120 3041853440
dbtrace: P 2
dbtrace: A 0 32768 49471979520 3
dbtrace: A 1 32768 49471979520 1
dbtrace: A 2 32768 49471979520 2
dbtrace: A 3 32768 49471979520 0
dbtrace: A 0 16666689536 21694152704 3
dbtrace: A 1 16666689536 21694152704 1
dbtrace: A 2 16666689536 21694152704 2
dbtrace: A 3 16666689536 21694152704 0
dbtrace: N 1
dbtrace: A 0 5555585024 76589858816 3
dbtrace: A 1 5555585024 58269138944 1
dbtrace: A 2 5555585024 58269138944 2
dbtrace: A 3 5555585024 58264944640 0
dbtrace: F 0 49471979520 32768
dbtrace: F 1 49471979520 32768
dbtrace: F 2 49471979520 32768
dbtrace: F 3 49471979520 32768
dbtrace: N 0
dbtrace: A 0 11111137280 49471979520 3
dbtrace: R 1 11111137280 30 6 6 0.293
dbtrace: A 1 11111137280 63824723968 1
dbtrace: R 2 11111137280 30 6 6 0.268
dbtrace: A 2 11111137280 63824723968 2
dbtrace: R 3 11111137280 30 6 6 0.267
dbtrace: A 3 11111137280 63820529664 0
dbtrace: A 0 4166680576 11111137280 3
dbtrace: R 1 4166680576 6 2 2 0.086
dbtrace: A 1 4166680576 11111137280 1
dbtrace: R 2 4166680576 6 2 2 0.090
dbtrace: A 2 4166680576 11111137280 2
dbtrace: R 3 4166680576 6 2 2 0.084
dbtrace: A 3 4166680576 11111137280 0
dbtrace: F 0 11111137280 4166680576
dbtrace: F 1 11111137280 4166680576
dbtrace: F 2 11111137280 4166680576
dbtrace: F 3 11111137280 4166680576
dbtrace: A 0 4166680576 11111137280 3
dbtrace: A 1 4166680576 11111137280 1
dbtrace: A 2 4166680576 11111137280 2
dbtrace: A 3 4166680576 11111137280 0
dbtrace: F 0 11111137280 4166680576
dbtrace: F 1 11111137280 4166680576
dbtrace: F 2 11111137280 4166680576
dbtrace: F 3 11111137280 4166680576
dbtrace: A 0 4074078208 11111137280 3
dbtrace: A 1 4074078208 11111137280 1
dbtrace: A 2 4074078208 11111137280 2
dbtrace: A 3 4074078208 11111137280 0
dbtrace: F 0 11111137280 4074078208
dbtrace: F 1 11111137280 4074078208
dbtrace: F 2 11111137280 4074078208
dbtrace: F 3 11111137280 4074078208
dbtrace: A 0 4166680576 11111137280 3
dbtrace: A 1 4166680576 11111137280 1
dbtrace: A 2 4166680576 11111137280 2
dbtrace: A 3 4166680576 11111137280 0
dbtrace: F 0 11111137280 4166680576
dbtrace: F 1 11111137280 4166680576
dbtrace: F 2 11111137280 4166680576
dbtrace: F 3 11111137280 4166680576
dbtrace: F 0 76589858816 5555585024
dbtrace: F 1 58269138944 5555585024
dbtrace: F 2 58269138944 5555585024
dbtrace: F 3 58264944640 5555585024
dbtrace: F 0 21694152704 16666689536
dbtrace: F 1 21694152704 16666689536
dbtrace: F 2 21694152704 16666689536
dbtrace: F 3 21694152704 16666689536
dbtrace: A 0 11111137280 11111137280 3
dbtrace: A 1 11111137280 21474836480 1
dbtrace: A 2 11111137280 21474836480 2
dbtrace: A 3 11111137280 21474836480 0
dbtrace: F 0 49471979520 11111137280
dbtrace: F 1 63824723968 11111137280
dbtrace: F 2 63824723968 11111137280
dbtrace: F 3 63820529664 11111137280
dbtrace: A 0 22222241792 61529620480 3
dbtrace: R 1 22222241792 24 11 11 0.464
dbtrace: A 1 22222241792 52939685888 1
dbtrace: R 2 22222241792 24 11 11 0.484
dbtrace: A 2 22222241792 52939685888 2
dbtrace: R 3 22222241792 24 11 11 0.542
dbtrace: A 3 22222241792 52939685888 0
dbtrace: A 0 4074078208 49471979520 3
dbtrace: R 1 4074078208 6 0 2 0.221
dbtrace: A 1 4074078208 11111137280 1
dbtrace: R 2 4074078208 6 0 2 1.130
dbtrace: A 2 4074078208 11111137280 2
dbtrace: R 3 4074078208 6 0 2 3.798
dbtrace: A 3 4074078208 11111137280 0
dbtrace: F 0 49471979520 4074078208
dbtrace: F 1 11111137280 4074078208
dbtrace: F 2 11111137280 4074078208
dbtrace: F 3 11111137280 4074078208
dbtrace: F 0 11111137280 11111137280
dbtrace: F 1 21474836480 11111137280
dbtrace: F 2 21474836480 11111137280
dbtrace: F 3 21474836480 11111137280
dbtrace: A 0 11111137280 11111137280 3
dbtrace: A 1 11111137280 21474836480 1
dbtrace: A 2 11111137280 21474836480 2
dbtrace: A 3 11111137280 21474836480 0
dbtrace: F 0 61529620480 22222241792
dbtrace: F 1 52939685888 22222241792
dbtrace: F 2 52939685888 22222241792
dbtrace: F 3 52939685888 22222241792
dbtrace: A 0 11111137280 49471979520 3
dbtrace: A 1 11111137280 49471979520 1
dbtrace: A 2 11111137280 49471979520 2
dbtrace: A 3 11111137280 49471979520 0
dbtrace: F 0 0 11111137280
dbtrace: F 1 0 11111137280
dbtrace: F 2 0 11111137280
dbtrace: F 3 0 11111137280
dbtrace: A 0 22222241792 61529620480 3
dbtrace: R 1 22222241792 35 11 11 0.489
dbtrace: A 1 22222241792 76562006016 1
dbtrace: R 2 22222241792 35 11 11 0.553
dbtrace: A 2 22222241792 76562006016 2
dbtrace: R 3 22222241792 35 11 11 0.718
dbtrace: A 3 22222241792 76562006016 0
dbtrace: A 0 4074078208 0 3
dbtrace: A 1 4074078208 68719476736 1
dbtrace: A 2 4074078208 68719476736 2
dbtrace: A 3 4074078208 68719476736 0
dbtrace: F 0 0 4074078208
dbtrace: F 1 68719476736 4074078208
dbtrace: F 2 68719476736 4074078208
dbtrace: F 3 68719476736 4074078208
dbtrace: F 0 61529620480 22222241792
dbtrace: F 1 76562006016 22222241792
dbtrace: F 2 76562006016 22222241792
dbtrace: F 3 76562006016 22222241792
dbtrace: F 0 49471979520 11111137280
dbtrace: F 1 49471979520 11111137280
dbtrace: F 2 49471979520 11111137280
dbtrace: F 3 49471979520 11111137280
dbtrace: F 0 38360842240 11111137280
dbtrace: F 1 38360842240 11111137280
dbtrace: F 2 38360842240 11111137280
dbtrace: F 3 38360842240 11111137280
dbtrace: F 0 11111137280 11111137280
dbtrace: F 1 21474836480 11111137280
dbtrace: F 2 21474836480 11111137280
dbtrace: F 3 21474836480 11111137280
