dbtrace: P 1
dbtrace: V 2 16997416960 2147483648 8 25 0
dbtrace: V 1 20690501632 2147483648 10 31 1
dbtrace: V 3 16997416960 2147483648 8 25 2
dbtrace: V 0 41376808960 2147483648 20 61 3
dbtrace: I 1 20690501632 784334848 1
dbtrace: I 3 16997416960 182452224 2
dbtrace: I 0 41376808960 1572864000 3
dbtrace: I 2 16997416960 182452224 0
dbtrace: I 0 0 20688404480 3
dbtrace: I 1 0 10345250816 1
dbtrace: I 2 0 6465519616 0
dbtrace: I 3 0 5632950272 2
dbtrace: A 0 2222227456 0 3
dbtrace: A 1 2222227456 0 1
dbtrace: A 2 2222227456 0 0
dbtrace: A 3 2222227456 0 2
dbtrace: A 0 2222227456 2222227456 3
dbtrace: A 1 2222227456 2222227456 1
dbtrace: A 2 2222227456 2222227456 0
dbtrace: A 3 2222227456 2222227456 2
dbtrace: I 0 20688404480 20688404480 3
dbtrace: T 0 36861640704 4515168256 2821208000
dbtrace: I 1 10345250816 10345250816 1
dbtrace: T 1 16175333376 4515168256 2821208000
dbtrace: I 2 6465519616 10531897344 0
dbtrace: T 2 12482248704 4515168256 2821208000
dbtrace: I 3 5632950272 11364466688 2
dbtrace: T 3 12482248704 4515168256 2821208000
dbtrace: P 2
dbtrace: A 0 32768 4444454912 3
dbtrace: A 1 32768 4444454912 1
dbtrace: A 2 32768 4444454912 0
dbtrace: A 3 32768 4444454912 2
dbtrace: A 0 3333357568 33528283136 3
dbtrace: A 1 3333357568 12841975808 1
dbtrace: A 2 3333357568 9148891136 0
dbtrace: A 3 3333357568 9148891136 2
dbtrace: N 1
dbtrace: A 0 1111130112 40265678848 3
dbtrace: A 1 1111130112 19579371520 1
dbtrace: A 2 1111130112 15886286848 0
dbtrace: A 3 1111130112 15886286848 2
dbtrace: F 0 4444454912 32768
dbtrace: F 1 4444454912 32768
dbtrace: F 2 4444454912 32768
dbtrace: F 3 4444454912 32768
dbtrace: N 0
dbtrace: A 0 2222227456 4444454912 3
dbtrace: A 1 2222227456 4444454912 1
dbtrace: A 2 2222227456 4444454912 0
dbtrace: A 3 2222227456 4444454912 2
dbtrace: F 0 40265678848 1111130112
dbtrace: F 1 19579371520 1111130112
dbtrace: F 2 15886286848 1111130112
dbtrace: F 3 15886286848 1111130112
dbtrace: F 0 33528283136 3333357568
dbtrace: F 1 12841975808 3333357568
dbtrace: F 2 9148891136 3333357568
dbtrace: F 3 9148891136 3333357568
dbtrace: A 0 2222227456 6666682368 3
dbtrace: A 1 2222227456 6666682368 1
dbtrace: A 2 2222227456 6666682368 0
dbtrace: A 3 2222227456 6666682368 2
dbtrace: F 0 4444454912 2222227456
dbtrace: F 1 4444454912 2222227456
dbtrace: F 2 4444454912 2222227456
dbtrace: F 3 4444454912 2222227456
dbtrace: A 0 4444454912 32417185792 3
dbtrace: A 1 4444454912 11730878464 1
dbtrace: A 2 4444454912 12735414272 0
dbtrace: A 3 4444454912 12735414272 2
dbtrace: A 0 2962980864 29454204928 3
dbtrace: A 1 2962980864 18511855616 1
dbtrace: A 2 2962980864 9519267840 0
dbtrace: A 3 2962980864 9519267840 2
dbtrace: F 0 29454204928 2962980864
dbtrace: F 1 18511855616 2962980864
dbtrace: F 2 9519267840 2962980864
dbtrace: F 3 9519267840 2962980864
dbtrace: F 0 6666682368 2222227456
dbtrace: F 1 6666682368 2222227456
dbtrace: F 2 6666682368 2222227456
dbtrace: F 3 6666682368 2222227456
dbtrace: A 0 2222227456 4444454912 3
dbtrace: A 1 2222227456 4444454912 1
dbtrace: A 2 2222227456 4444454912 0
dbtrace: A 3 2222227456 4444454912 2
dbtrace: F 0 32417185792 4444454912
dbtrace: F 1 11730878464 4444454912
dbtrace: F 2 12735414272 4444454912
dbtrace: F 3 12735414272 4444454912
dbtrace: A 0 2222227456 6666682368 3
dbtrace: A 1 2222227456 6666682368 1
dbtrace: A 2 2222227456 6666682368 0
dbtrace: A 3 2222227456 6666682368 2
dbtrace: F 0 0 2222227456
dbtrace: F 1 0 2222227456
dbtrace: F 2 0 2222227456
dbtrace: F 3 0 2222227456
dbtrace: A 0 4444454912 32417185792 3
dbtrace: A 1 4444454912 11730878464 1
dbtrace: A 2 4444454912 12735414272 0
dbtrace: A 3 4444454912 12735414272 2
dbtrace: A 0 2962980864 29454204928 3
dbtrace: A 1 2962980864 18511855616 1
dbtrace: A 2 2962980864 9519267840 0
dbtrace: A 3 2962980864 9519267840 2
dbtrace: F 0 29454204928 2962980864
dbtrace: F 1 18511855616 2962980864
dbtrace: F 2 9519267840 2962980864
dbtrace: F 3 9519267840 2962980864
dbtrace: F 0 32417185792 4444454912
dbtrace: F 1 11730878464 4444454912
dbtrace: F 2 12735414272 4444454912
dbtrace: F 3 12735414272 4444454912
dbtrace: F 0 6666682368 2222227456
dbtrace: F 1 6666682368 2222227456
dbtrace: F 2 6666682368 2222227456
dbtrace: F 3 6666682368 2222227456
dbtrace: F 0 2222227456 2222227456
dbtrace: F 1 2222227456 2222227456
dbtrace: F 2 2222227456 2222227456
dbtrace: F 3 2222227456 2222227456
dbtrace: F 0 4444454912 2222227456
dbtrace: F 1 4444454912 2222227456
dbtrace: F 2 4444454912 2222227456
dbtrace: F 3 4444454912 2222227456
