dbtrace: P 1
dbtrace: V 3 40248541184 2147483648 19 58 0
dbtrace: V 0 40772829184 2147483648 19 58 1
dbtrace: V 1 40772829184 2147483648 19 58 2
dbtrace: V 2 40772829184 2147483648 19 58 3
dbtrace: I 3 40248541184 553648128 0
dbtrace: I 1 40772829184 29360128 2
dbtrace: I 2 40772829184 29360128 3
dbtrace: I 0 40772829184 29360128 1
dbtrace: I 0 0 20386414592 1
dbtrace: I 1 0 20386414592 2
dbtrace: I 2 0 20386414592 3
dbtrace: I 3 0 16653484032 0
dbtrace: A 0 3995533312 0 1
dbtrace: A 1 3995533312 0 2
dbtrace: A 2 3995533312 0 3
dbtrace: A 3 3995533312 0 0
dbtrace: A 0 3995533312 3995533312 1
dbtrace: A 1 3995533312 3995533312 2
dbtrace: A 2 3995533312 3995533312 3
dbtrace: A 3 3995533312 3995533312 0
dbtrace: A 0 2671181824 7991066624 1
dbtrace: A 1 2671181824 7991066624 2
dbtrace: A 2 2671181824 7991066624 3
dbtrace: A 3 2671181824 7991066624 0
dbtrace: A 0 2671181824 10662248448 1
dbtrace: A 1 2671181824 10662248448 2
dbtrace: A 2 2671181824 10662248448 3
dbtrace: A 3 2671181824 10662248448 0
dbtrace: I 0 20386414592 20386414592 1
dbtrace: T 0 27229421568 13543407616 8463561600
dbtrace: I 1 20386414592 20386414592 2
dbtrace: T 1 27229421568 13543407616 8463561600
dbtrace: I 2 20386414592 20386414592 3
dbtrace: T 2 27229421568 13543407616 8463561600
dbtrace: I 3 16653484032 23595057152 0
dbtrace: T 3 26705133568 13543407616 8463561600
dbtrace: A 0 6666682368 13333430272 1
dbtrace: A 1 6666682368 13333430272 2
dbtrace: A 2 6666682368 13333430272 3
dbtrace: A 3 6666682368 13333430272 0
dbtrace: A 0 4003004416 20000112640 1
dbtrace: A 1 4003004416 20000112640 2
dbtrace: A 2 4003004416 20000112640 3
dbtrace: A 3 4003004416 20000112640 0
dbtrace: F 0 20000112640 4003004416
dbtrace: F 1 20000112640 4003004416
dbtrace: F 2 20000112640 4003004416
dbtrace: F 3 20000112640 4003004416
dbtrace: F 0 0 3995533312
dbtrace: F 1 0 3995533312
dbtrace: F 2 0 3995533312
dbtrace: F 3 0 3995533312
dbtrace: F 0 7991066624 2671181824
dbtrace: F 1 7991066624 2671181824
dbtrace: F 2 7991066624 2671181824
dbtrace: F 3 7991066624 2671181824
dbtrace: A 0 6666682368 20000112640 1
dbtrace: A 1 6666682368 20000112640 2
dbtrace: A 2 6666682368 20000112640 3
dbtrace: A 3 6666682368 20000112640 0
dbtrace: A 0 4003004416 26666795008 1
dbtrace: A 1 4003004416 26666795008 2
dbtrace: A 2 4003004416 26666795008 3
dbtrace: A 3 4003004416 26666795008 0
dbtrace: F 0 26666795008 4003004416
dbtrace: F 1 26666795008 4003004416
dbtrace: F 2 26666795008 4003004416
dbtrace: F 3 26666795008 4003004416
dbtrace: F 0 3995533312 3995533312
dbtrace: F 1 3995533312 3995533312
dbtrace: F 2 3995533312 3995533312
dbtrace: F 3 3995533312 3995533312
dbtrace: F 0 10662248448 2671181824
dbtrace: F 1 10662248448 2671181824
dbtrace: F 2 10662248448 2671181824
dbtrace: F 3 10662248448 2671181824
dbtrace: P 2
dbtrace: A 0 32768 26666795008 1
dbtrace: A 1 32768 26666795008 2
dbtrace: A 2 32768 26666795008 3
dbtrace: A 3 32768 26666795008 0
dbtrace: A 0 10000007168 3333423104 1
dbtrace: A 1 10000007168 3333423104 2
dbtrace: A 2 10000007168 3333423104 3
dbtrace: A 3 10000007168 3333423104 0
dbtrace: N 1
dbtrace: A 0 3333357568 37439471616 1
dbtrace: A 1 3333357568 37439471616 2
dbtrace: A 2 3333357568 37439471616 3
dbtrace: A 3 3333357568 36915183616 0
dbtrace: F 0 26666795008 32768
dbtrace: F 1 26666795008 32768
dbtrace: F 2 26666795008 32768
dbtrace: F 3 26666795008 32768
dbtrace: N 0
dbtrace: A 0 6666682368 26666795008 1
dbtrace: A 1 6666682368 26666795008 2
dbtrace: A 2 6666682368 26666795008 3
dbtrace: A 3 6666682368 26666795008 0
dbtrace: A 0 2777808896 0 1
dbtrace: A 1 2777808896 0 2
dbtrace: A 2 2777808896 0 3
dbtrace: A 3 2777808896 0 0
dbtrace: F 0 0 2777808896
dbtrace: F 1 0 2777808896
dbtrace: F 2 0 2777808896
dbtrace: F 3 0 2777808896
dbtrace: A 0 3888906240 33333477376 1
dbtrace: A 1 3888906240 33333477376 2
dbtrace: A 2 3888906240 33333477376 3
dbtrace: R 3 3888906240 19 2 2 0.082
dbtrace: A 3 3888906240 40248541184 0
dbtrace: F 0 33333477376 3888906240
dbtrace: F 1 33333477376 3888906240
dbtrace: F 2 33333477376 3888906240
dbtrace: F 3 40248541184 3888906240
dbtrace: A 0 2777808896 0 1
dbtrace: A 1 2777808896 0 2
dbtrace: A 2 2777808896 0 3
dbtrace: A 3 2777808896 40248541184 0
dbtrace: F 0 0 2777808896
dbtrace: F 1 0 2777808896
dbtrace: F 2 0 2777808896
dbtrace: F 3 40248541184 2777808896
dbtrace: F 0 37439471616 3333357568
dbtrace: F 1 37439471616 3333357568
dbtrace: F 2 37439471616 3333357568
dbtrace: F 3 36915183616 3333357568
dbtrace: F 0 3333423104 10000007168
dbtrace: F 1 3333423104 10000007168
dbtrace: F 2 3333423104 10000007168
dbtrace: F 3 3333423104 10000007168
dbtrace: A 0 6666682368 0 1
dbtrace: A 1 6666682368 0 2
dbtrace: A 2 6666682368 0 3
dbtrace: A 3 6666682368 2147483648 0
dbtrace: F 0 26666795008 6666682368
dbtrace: F 1 26666795008 6666682368
dbtrace: F 2 26666795008 6666682368
dbtrace: F 3 26666795008 6666682368
dbtrace: A 0 13333364736 27468824576 1
dbtrace: A 1 13333364736 27468824576 2
dbtrace: A 2 13333364736 27468824576 3
dbtrace: R 3 13333364736 13 7 7 0.284
dbtrace: A 3 13333364736 31763791872 0
dbtrace: A 0 3888906240 6666682368 1
dbtrace: A 1 3888906240 6666682368 2
dbtrace: A 2 3888906240 6666682368 3
dbtrace: A 3 3888906240 26666795008 0
dbtrace: F 0 6666682368 3888906240
dbtrace: F 1 6666682368 3888906240
dbtrace: F 2 6666682368 3888906240
dbtrace: F 3 26666795008 3888906240
dbtrace: F 0 0 6666682368
dbtrace: F 1 0 6666682368
dbtrace: F 2 0 6666682368
dbtrace: F 3 2147483648 6666682368
dbtrace: A 0 6666682368 0 1
dbtrace: A 1 6666682368 0 2
dbtrace: A 2 6666682368 0 3
dbtrace: A 3 6666682368 2147483648 0
dbtrace: F 0 27468824576 13333364736
dbtrace: F 1 27468824576 13333364736
dbtrace: F 2 27468824576 13333364736
dbtrace: F 3 31763791872 13333364736
dbtrace: A 0 6666682368 6666682368 1
dbtrace: A 1 6666682368 6666682368 2
dbtrace: A 2 6666682368 6666682368 3
dbtrace: A 3 6666682368 26666795008 0
dbtrace: F 0 13333430272 6666682368
dbtrace: F 1 13333430272 6666682368
dbtrace: F 2 13333430272 6666682368
dbtrace: F 3 13333430272 6666682368
dbtrace: A 0 13333364736 27468824576 1
dbtrace: A 1 13333364736 27468824576 2
dbtrace: A 2 13333364736 27468824576 3
dbtrace: R 3 13333364736 21 7 7 0.292
dbtrace: A 3 13333364736 46796177408 0
dbtrace: A 0 3888906240 13333364736 1
dbtrace: A 1 3888906240 13333364736 2
dbtrace: A 2 3888906240 13333364736 3
dbtrace: R 3 3888906240 5 1 2 0.338
dbtrace: A 3 3888906240 8814166016 0
dbtrace: F 0 13333364736 3888906240
dbtrace: F 1 13333364736 3888906240
dbtrace: F 2 13333364736 3888906240
dbtrace: F 3 8814166016 3888906240
dbtrace: F 0 27468824576 13333364736
dbtrace: F 1 27468824576 13333364736
dbtrace: F 2 27468824576 13333364736
dbtrace: F 3 46796177408 13333364736
dbtrace: F 0 6666682368 6666682368
dbtrace: F 1 6666682368 6666682368
dbtrace: F 2 6666682368 6666682368
dbtrace: F 3 26666795008 6666682368
dbtrace: F 0 20000112640 6666682368
dbtrace: F 1 20000112640 6666682368
dbtrace: F 2 20000112640 6666682368
dbtrace: F 3 20000112640 6666682368
dbtrace: F 0 0 6666682368
dbtrace: F 1 0 6666682368
dbtrace: F 2 0 6666682368
dbtrace: F 3 2147483648 6666682368
