dbtrace: P 1
dbtrace: V 2 51873054720 2147483648 25 76 0
dbtrace: V 3 51870957568 2147483648 25 76 1
dbtrace: V 0 53456404480 2147483648 25 76 2
dbtrace: V 1 51873054720 2147483648 25 76 3
dbtrace: I 0 53456404480 230686720 2
dbtrace: I 2 51873054720 1814036480 0
dbtrace: I 1 51873054720 1814036480 3
dbtrace: I 3 51870957568 1816133632 1
dbtrace: I 0 0 26728202240 2
dbtrace: I 1 0 22594715648 3
dbtrace: I 2 0 25105006592 0
dbtrace: I 3 0 21785214976 1
dbtrace: A 0 3959750656 0 2
dbtrace: A 1 3959750656 0 3
dbtrace: A 2 3959750656 0 0
dbtrace: A 3 3959750656 0 1
dbtrace: A 0 3959750656 3959750656 2
dbtrace: A 1 3959750656 3959750656 3
dbtrace: A 2 3959750656 3959750656 0
dbtrace: A 3 3959750656 3959750656 1
dbtrace: A 0 4220125184 7919501312 2
dbtrace: A 1 4220125184 7919501312 3
dbtrace: A 2 4220125184 7919501312 0
dbtrace: A 3 4220125184 7919501312 1
dbtrace: A 0 4220125184 12139626496 2
dbtrace: A 1 4220125184 12139626496 3
dbtrace: A 2 4220125184 12139626496 0
dbtrace: A 3 4220125184 12139626496 1
dbtrace: A 0 709033984 16359751680 2
dbtrace: A 1 709033984 51873054720 3
dbtrace: A 2 709033984 51873054720 0
dbtrace: A 3 709033984 51870957568 1
dbtrace: A 0 709033984 17068785664 2
dbtrace: A 1 709033984 52582088704 3
dbtrace: A 2 709033984 52582088704 0
dbtrace: A 3 709033984 52579991552 1
dbtrace: I 0 26728202240 26728202240 2
dbtrace: T 0 35399925760 18056478720 11284748800
dbtrace: I 1 22594715648 29278339072 3
dbtrace: T 1 33816576000 18056478720 11284748800
dbtrace: I 2 25105006592 26768048128 0
dbtrace: T 2 33816576000 18056478720 11284748800
dbtrace: I 3 21785214976 30085742592 1
dbtrace: T 3 33814478848 18056478720 11284748800
dbtrace: A 0 8179875840 17777819648 2
dbtrace: A 1 8179875840 16359751680 3
dbtrace: A 2 8179875840 16359751680 0
dbtrace: A 3 8179875840 16359751680 1
dbtrace: A 0 4089937920 25957695488 2
dbtrace: A 1 4089937920 24539627520 3
dbtrace: A 2 4089937920 24539627520 0
dbtrace: A 3 4089937920 24539627520 1
dbtrace: F 0 25957695488 4089937920
dbtrace: F 1 24539627520 4089937920
dbtrace: F 2 24539627520 4089937920
dbtrace: F 3 24539627520 4089937920
dbtrace: F 0 0 3959750656
dbtrace: F 1 0 3959750656
dbtrace: F 2 0 3959750656
dbtrace: F 3 0 3959750656
dbtrace: F 0 7919501312 4220125184
dbtrace: F 1 7919501312 4220125184
dbtrace: F 2 7919501312 4220125184
dbtrace: F 3 7919501312 4220125184
dbtrace: A 0 8179875840 25957695488 2
dbtrace: A 1 8179875840 24539627520 3
dbtrace: A 2 8179875840 24539627520 0
dbtrace: A 3 8179875840 24539627520 1
dbtrace: A 0 4089937920 7919501312 2
dbtrace: A 1 4089937920 7919501312 3
dbtrace: A 2 4089937920 7919501312 0
dbtrace: A 3 4089937920 7919501312 1
dbtrace: F 0 7919501312 4089937920
dbtrace: F 1 7919501312 4089937920
dbtrace: F 2 7919501312 4089937920
dbtrace: F 3 7919501312 4089937920
dbtrace: F 0 3959750656 3959750656
dbtrace: F 1 3959750656 3959750656
dbtrace: F 2 3959750656 3959750656
dbtrace: F 3 3959750656 3959750656
dbtrace: F 0 12139626496 4220125184
dbtrace: F 1 12139626496 4220125184
dbtrace: F 2 12139626496 4220125184
dbtrace: F 3 12139626496 4220125184
dbtrace: A 0 8888909824 0 2
dbtrace: A 1 8888909824 0 3
dbtrace: A 2 8888909824 0 0
dbtrace: A 3 8888909824 0 1
dbtrace: A 0 2754019328 8888909824 2
dbtrace: A 1 2754019328 8888909824 3
dbtrace: A 2 2754019328 8888909824 0
dbtrace: A 3 2754019328 8888909824 1
dbtrace: F 0 8888909824 2754019328
dbtrace: F 1 8888909824 2754019328
dbtrace: F 2 8888909824 2754019328
dbtrace: F 3 8888909824 2754019328
dbtrace: F 0 17777819648 8179875840
dbtrace: F 1 16359751680 8179875840
dbtrace: F 2 16359751680 8179875840
dbtrace: F 3 16359751680 8179875840
dbtrace: F 0 16359751680 709033984
dbtrace: F 1 51873054720 709033984
dbtrace: F 2 51873054720 709033984
dbtrace: F 3 51870957568 709033984
dbtrace: A 0 8888909824 34137571328 2
dbtrace: A 1 8888909824 8888909824 3
dbtrace: A 2 8888909824 8888909824 0
dbtrace: A 3 8888909824 8888909824 1
dbtrace: A 0 2754019328 8888909824 2
dbtrace: A 1 2754019328 17777819648 3
dbtrace: A 2 2754019328 17777819648 0
dbtrace: A 3 2754019328 17777819648 1
dbtrace: F 0 8888909824 2754019328
dbtrace: F 1 17777819648 2754019328
dbtrace: F 2 17777819648 2754019328
dbtrace: F 3 17777819648 2754019328
dbtrace: F 0 25957695488 8179875840
dbtrace: F 1 24539627520 8179875840
dbtrace: F 2 24539627520 8179875840
dbtrace: F 3 24539627520 8179875840
dbtrace: F 0 17068785664 709033984
dbtrace: F 1 52582088704 709033984
dbtrace: F 2 52582088704 709033984
dbtrace: F 3 52579991552 709033984
dbtrace: P 2
dbtrace: A 0 32768 43026481152 2
dbtrace: A 1 32768 17777819648 3
dbtrace: A 2 32768 17777819648 0
dbtrace: A 3 32768 17777819648 1
dbtrace: A 0 13333364736 20804206592 2
dbtrace: A 1 13333364736 20483211264 3
dbtrace: A 2 13333364736 20483211264 0
dbtrace: A 3 13333364736 20481114112 1
dbtrace: N 1
dbtrace: A 0 4444454912 49011949568 2
dbtrace: A 1 4444454912 47428599808 3
dbtrace: A 2 4444454912 47428599808 0
dbtrace: A 3 4444454912 47426502656 1
dbtrace: F 0 43026481152 32768
dbtrace: F 1 17777819648 32768
dbtrace: F 2 17777819648 32768
dbtrace: F 3 17777819648 32768
dbtrace: N 0
dbtrace: A 0 8888909824 8888909824 2
dbtrace: A 1 8888909824 33816576000 3
dbtrace: A 2 8888909824 33816576000 0
dbtrace: A 3 8888909824 33814478848 1
dbtrace: A 0 3703734272 43026481152 2
dbtrace: A 1 3703734272 42705485824 3
dbtrace: A 2 3703734272 42705485824 0
dbtrace: A 3 3703734272 42703388672 1
dbtrace: F 0 43026481152 3703734272
dbtrace: F 1 42705485824 3703734272
dbtrace: F 2 42705485824 3703734272
dbtrace: F 3 42703388672 3703734272
dbtrace: A 0 2962980864 17777819648 2
dbtrace: A 1 2962980864 42705485824 3
dbtrace: A 2 2962980864 42705485824 0
dbtrace: A 3 2962980864 42703388672 1
dbtrace: F 0 17777819648 2962980864
dbtrace: F 1 42705485824 2962980864
dbtrace: F 2 42705485824 2962980864
dbtrace: F 3 42703388672 2962980864
dbtrace: A 0 4000022528 43026481152 2
dbtrace: A 1 4000022528 42705485824 3
dbtrace: A 2 4000022528 42705485824 0
dbtrace: A 3 4000022528 42703388672 1
dbtrace: F 0 43026481152 4000022528
dbtrace: F 1 42705485824 4000022528
dbtrace: F 2 42705485824 4000022528
dbtrace: F 3 42703388672 4000022528
dbtrace: A 0 3703734272 43026481152 2
dbtrace: A 1 3703734272 42705485824 3
dbtrace: A 2 3703734272 42705485824 0
dbtrace: A 3 3703734272 42703388672 1
dbtrace: F 0 43026481152 3703734272
dbtrace: F 1 42705485824 3703734272
dbtrace: F 2 42705485824 3703734272
dbtrace: F 3 42703388672 3703734272
dbtrace: F 0 49011949568 4444454912
dbtrace: F 1 47428599808 4444454912
dbtrace: F 2 47428599808 4444454912
dbtrace: F 3 47426502656 4444454912
dbtrace: F 0 20804206592 13333364736
dbtrace: F 1 20483211264 13333364736
dbtrace: F 2 20483211264 13333364736
dbtrace: F 3 20481114112 13333364736
dbtrace: A 0 8888909824 17777819648 2
dbtrace: A 1 8888909824 17777819648 3
dbtrace: A 2 8888909824 17777819648 0
dbtrace: A 3 8888909824 17777819648 1
dbtrace: F 0 8888909824 8888909824
dbtrace: F 1 33816576000 8888909824
dbtrace: F 2 33816576000 8888909824
dbtrace: F 3 33814478848 8888909824
dbtrace: R 0 17777786880 21 9 9 0.386
dbtrace: A 0 17777786880 46646722560 2
dbtrace: A 1 17777786880 35909304320 3
dbtrace: A 2 17777786880 35909304320 0
dbtrace: A 3 17777786880 35909304320 1
dbtrace: R 0 4000022528 5 0 2 0.369
dbtrace: A 0 4000022528 8888909824 2
dbtrace: A 1 4000022528 26666729472 3
dbtrace: A 2 4000022528 26666729472 0
dbtrace: A 3 4000022528 26666729472 1
dbtrace: F 0 8888909824 4000022528
dbtrace: F 1 26666729472 4000022528
dbtrace: F 2 26666729472 4000022528
dbtrace: F 3 26666729472 4000022528
dbtrace: F 0 17777819648 8888909824
dbtrace: F 1 17777819648 8888909824
dbtrace: F 2 17777819648 8888909824
dbtrace: F 3 17777819648 8888909824
dbtrace: A 0 8888909824 17179869184 2
dbtrace: A 1 8888909824 17777819648 3
dbtrace: A 2 8888909824 17777819648 0
dbtrace: A 3 8888909824 17777819648 1
dbtrace: F 0 46646722560 17777786880
dbtrace: F 1 35909304320 17777786880
dbtrace: F 2 35909304320 17777786880
dbtrace: F 3 35909304320 17777786880
dbtrace: A 0 8888909824 43026481152 2
dbtrace: A 1 8888909824 26666729472 3
dbtrace: A 2 8888909824 26666729472 0
dbtrace: A 3 8888909824 26666729472 1
dbtrace: F 0 0 8888909824
dbtrace: F 1 0 8888909824
dbtrace: F 2 0 8888909824
dbtrace: F 3 0 8888909824
dbtrace: R 0 17777786880 30 9 9 0.387
dbtrace: A 0 17777786880 65974075392 2
dbtrace: A 1 17777786880 35909304320 3
dbtrace: A 2 17777786880 35909304320 0
dbtrace: A 3 17777786880 35909304320 1
dbtrace: A 0 4000022528 57982058496 2
dbtrace: A 1 4000022528 0 3
dbtrace: A 2 4000022528 0 0
dbtrace: A 3 4000022528 0 1
dbtrace: F 0 57982058496 4000022528
dbtrace: F 1 0 4000022528
dbtrace: F 2 0 4000022528
dbtrace: F 3 0 4000022528
dbtrace: F 0 65974075392 17777786880
dbtrace: F 1 35909304320 17777786880
dbtrace: F 2 35909304320 17777786880
dbtrace: F 3 35909304320 17777786880
dbtrace: F 0 43026481152 8888909824
dbtrace: F 1 26666729472 8888909824
dbtrace: F 2 26666729472 8888909824
dbtrace: F 3 26666729472 8888909824
dbtrace: F 0 34137571328 8888909824
dbtrace: F 1 8888909824 8888909824
dbtrace: F 2 8888909824 8888909824
dbtrace: F 3 8888909824 8888909824
dbtrace: F 0 17179869184 8888909824
dbtrace: F 1 17777819648 8888909824
dbtrace: F 2 17777819648 8888909824
dbtrace: F 3 17777819648 8888909824
