== ecalc: e to 100000000 digits (decimal limbs, base 10^18) [computed to the next multiple of 18] ==
META bench=ecalc host=ppac-pl1-s24-16 date=2026-09-28T18:10:50 pool_log=31 stg=7 pw_fuse=14 body=1 engine=1 base=10^18
== ecalc: e to 100000000 digits (decimal limbs, base 10^18) [computed to the next multiple of 18] ==
META bench=ecalc host=ppac-pl1-s24-16 date=2026-09-28T18:10:50 pool_log=31 stg=7 pw_fuse=14 body=1 engine=1 base=10^18
rns_init: primes per product (ECALC_NP=auto): three (c 2^44 + 1, c = 240, 216, 207), four for a distributed product over 2000000 terms (ECALC_NP_AUTO_TERMS, a test bound); plane pool 0 for 4 primes
rns_init: primes per product (ECALC_NP=auto): three (c 2^44 + 1, c = 240, 216, 207), four for a distributed product over 2000000 terms (ECALC_NP_AUTO_TERMS, a test bound); plane pool 0 for 4 primes
rns_init: APU0 staging 1.0 GiB touch 0.04 s register 0.09 s, 48 cpus; device open 0.00 s, contexts 0.32 s, stream+staging 0.14 s
rns_init: APU2 staging 1.0 GiB touch 0.03 s register 0.10 s, 48 cpus; device open 0.00 s, contexts 0.45 s, stream+staging 0.15 s
rns_init: APU1 staging 1.0 GiB touch 0.03 s register 0.09 s, 48 cpus; device open 0.00 s, contexts 0.52 s, stream+staging 0.15 s
rns_init: APU1 staging 1.0 GiB touch 0.04 s register 0.09 s, 48 cpus; device open 0.00 s, contexts 0.52 s, stream+staging 0.24 s
rns_init: APU3 staging 1.0 GiB touch 0.05 s register 0.08 s, 48 cpus; device open 0.00 s, contexts 0.68 s, stream+staging 0.24 s
rns_init: APU3 staging 1.0 GiB touch 0.05 s register 0.09 s, 48 cpus; device open 0.00 s, contexts 0.77 s, stream+staging 0.16 s
rns_init: APU0 staging 1.0 GiB touch 0.03 s register 0.08 s, 48 cpus; device open 0.00 s, contexts 0.83 s, stream+staging 0.21 s
rns_init: APU2 staging 1.0 GiB touch 0.03 s register 0.09 s, 48 cpus; device open 0.00 s, contexts 0.84 s, stream+staging 0.24 s
dbig pool: APU0 VMM arena 2.15 GB = 1 chunks of 2.00 GiB, the first 1 mapped in 0.14 s (0.065 s/GB), VA 8.6 GB reserved at 0x7e86e7e00000
dbig pool: APU0 VMM arena 2.15 GB = 1 chunks of 2.00 GiB, the first 1 mapped in 0.56 s (0.261 s/GB), VA 8.6 GB reserved at 0x717eafc00000
dbig pool: APU1 VMM arena 2.15 GB = 1 chunks of 2.00 GiB, the first 1 mapped in 0.64 s (0.299 s/GB), VA 8.6 GB reserved at 0x7e8053e00000
dbig pool: APU3 VMM arena 2.15 GB = 1 chunks of 2.00 GiB, the first 1 mapped in 0.60 s (0.280 s/GB), VA 8.6 GB reserved at 0x7180afe00000
dbig pool: APU2 VMM arena 2.15 GB = 1 chunks of 2.00 GiB, the first 1 mapped in 0.64 s (0.300 s/GB), VA 8.6 GB reserved at 0x717a1be00000
dbig pool: APU2 VMM arena 2.15 GB = 1 chunks of 2.00 GiB, the first 1 mapped in 0.70 s (0.325 s/GB), VA 8.6 GB reserved at 0x7e7e53c00000
dbig pool: APU1 VMM arena 2.15 GB = 1 chunks of 2.00 GiB, the first 1 mapped in 0.68 s (0.318 s/GB), VA 8.6 GB reserved at 0x71781bc00000
rns_init: plane pools per APU 1.00 + 1.00 GiB (hipmalloc), staging 1.00 GiB, tables 0.306 GB; staging+contexts 1.11 s, pools 1.19 s, peer access 0.01 s
dbig pool: APU3 VMM arena 2.15 GB = 1 chunks of 2.00 GiB, the first 1 mapped in 0.77 s (0.358 s/GB), VA 8.6 GB reserved at 0x7e84e7c00000
rns_init: plane pools per APU 1.00 + 1.00 GiB (hipmalloc), staging 1.00 GiB, tables 0.308 GB; staging+contexts 1.06 s, pools 1.26 s, peer access 0.01 s
mn: node 0 of 2, four meshes of 2 ranks on ppac-pl1-s24-16,ppac-pl1-s24-16 (port base 23233): connected in 0.10 s
mn: node 1 of 2, four meshes of 2 ranks on ppac-pl1-s24-16,ppac-pl1-s24-16 (port base 23233): connected in 0.07 s
mn: self-test, four meshes over 2 nodes at 2^22 points: ok (0.68 s)
mn: node 1: level 1 group [0, 2) (transform nodes 2): meshes connected in 0.00 s
mn: self-test, four meshes over 2 nodes at 2^22 points: ok (0.68 s)
mn: node 0: level 1 group [0, 2) (transform nodes 2): meshes connected in 0.00 s
mn: layered self-test, 2 x 4 ranks at 2^22 points: ok (0.20 s)
mn: node 0 computes terms [1, 7421459) of 14842916
RESULT ecalc init s 3.58465
      VmRSS 8.7 GB after init (staging 4.3 GB pinned + device regions 9 GB); init 3.6 s
mem[0] [init] device 18.4 GB in use (per APU 4.6..4.6): planes 8.6, regions 0.0, block pool 8.6 (donated 0.0, borrowed 8.6, hipMalloc 0.0; live 0.0, peak live 0.0, free 0.0), tables 1.23, other 0.0
mem[0] [init] host 8.7 GB RSS (HWM 9.1): staging 4.3 pinned, registered 0.0, X 0.0, digits 0.0, named 0.0, other 4.4
mn: layered self-test, 2 x 4 ranks at 2^22 points: ok (0.22 s)
mn: node 1 computes terms [7421459, 14842917) of 14842916
RESULT ecalc init s 3.60421
      VmRSS 8.7 GB after init (staging 4.3 GB pinned + device regions 9 GB); init 3.6 s
mem[1] [init] device 18.4 GB in use (per APU 4.6..4.6): planes 8.6, regions 0.0, block pool 8.6 (donated 0.0, borrowed 8.6, hipMalloc 0.0; live 0.0, peak live 0.0, free 0.0), tables 1.22, other 0.0
mem[1] [init] host 8.7 GB RSS (HWM 9.1): staging 4.3 pinned, registered 0.0, X 0.0, digits 0.0, named 0.0, other 4.4
budget: ECALC_BUDGET_CHECK ok: 2 ranks, largest rank peak 99.5 GB, node budget 480 GB
batch-local N=22154 (5540/5538/5538/5538) L=2^10 tile 32768 pair: scatter 0.008 ntt 0.001 crt 0.000 merge 0.001
batch-local N=23120 (5780/5780/5780/5780) L=2^10 tile 32768 pair: scatter 0.015 ntt 0.001 crt 0.000 merge 0.001
batch-local N=11076 (2770/2770/2770/2766) L=2^10 tile 32768 pair: scatter 0.000 ntt 0.000 crt 0.000 merge 0.000
batch-local N=5538 (1386/1384/1386/1382) L=2^10 tile 32768 pair: scatter 0.000 ntt 0.000 crt 0.000 merge 0.000
batch-local N=11560 (2890/2890/2890/2890) L=2^10 tile 32768 pair: scatter 0.000 ntt 0.001 crt 0.000 merge 0.000
batch-local N=2770 (694/692/692/692) L=2^11 tile 16384 pair: scatter 0.000 ntt 0.000 crt 0.000 merge 0.000
batch-local N=5780 (1446/1444/1446/1444) L=2^10 tile 32768 pair: scatter 0.000 ntt 0.000 crt 0.000 merge 0.000
batch-local N=1384 (348/346/346/344) L=2^12 tile 8192 pair: scatter 0.000 ntt 0.000 crt 0.000 merge 0.000
batch-local N=2890 (724/722/722/722) L=2^11 tile 16384 pair: scatter 0.000 ntt 0.000 crt 0.000 merge 0.000
batch-local N=692 (174/174/174/170) L=2^13 tile 4096 pair: scatter 0.000 ntt 0.004 crt 0.000 merge 0.000
batch-local N=1444 (362/362/362/358) L=2^12 tile 8192 pair: scatter 0.000 ntt 0.000 crt 0.000 merge 0.000
batch-local N=722 (182/180/182/178) L=2^13 tile 4096 pair: scatter 0.000 ntt 0.001 crt 0.000 merge 0.000
batch-local N=346 (88/86/88/84) L=2^14 tile 2048 pair: scatter 0.000 ntt 0.005 crt 0.000 merge 0.000
batch-local N=174 (44/44/44/42) L=2^15 tile 1024 pair: scatter 0.000 ntt 0.001 crt 0.000 merge 0.000
batch-local N=362 (92/90/90/90) L=2^14 tile 2048 pair: scatter 0.000 ntt 0.001 crt 0.000 merge 0.001
batch-local N=86 (22/22/22/20) L=2^16 tile 512 pair: scatter 0.000 ntt 0.001 crt 0.000 merge 0.000
batch-local N=180 (46/46/46/42) L=2^15 tile 1024 pair: scatter 0.000 ntt 0.001 crt 0.000 merge 0.000
batch-local N=44 (12/10/12/10) L=2^17 tile 256 pair: scatter 0.000 ntt 0.001 crt 0.000 merge 0.000
batch-local N=22 (6/6/6/4) L=2^18 tile 128 pair: scatter 0.000 ntt 0.001 crt 0.000 merge 0.000
batch-local N=90 (24/22/24/20) L=2^16 tile 512 pair: scatter 0.000 ntt 0.001 crt 0.000 merge 0.000
batch-local N=46 (12/12/12/10) L=2^17 tile 256 pair: scatter 0.000 ntt 0.002 crt 0.000 merge 0.000
batch-local N=22 (6/6/6/4) L=2^18 tile 128 pair: scatter 0.000 ntt 0.004 crt 0.000 merge 0.000
batch N=10 L=2^19 tile 128 pair: 0.015 s (scatter 0.000 ntt 0.003 crt 0.000 merge 0.000)
batch N=6 L=2^20 tile 64 pair: 0.006 s (scatter 0.000 ntt 0.004 crt 0.001 merge 0.000)
batch N=12 L=2^19 tile 128 pair: 0.015 s (scatter 0.000 ntt 0.003 crt 0.000 merge 0.000)
batch N=2 L=2^21 tile 32 grpB: 0.005 s (scatter 0.000 ntt 0.002 crt 0.000 merge 0.001)
batch N=6 L=2^20 tile 64 pair: 0.006 s (scatter 0.000 ntt 0.005 crt 0.000 merge 0.000)
batch N=2 L=3*2^20 tile 16 grpB: 0.013 s (scatter 0.000 ntt 0.003 crt 0.001 merge 0.001)
batch N=2 L=2^21 tile 32 grpB: 0.009 s (scatter 0.000 ntt 0.002 crt 0.000 merge 0.001)
batch N=2 L=3*2^20 tile 16 grpB: 0.013 s (scatter 0.000 ntt 0.003 crt 0.000 merge 0.001)
mn: node 1 leaf P 2901895 limbs, Q 2901896 limbs (device)
mn: node 0 leaf P 2653665 limbs, Q 2653665 limbs (device)
mn: MN_TREE_EARLY_FREE: the tree levels free P_i, P_run between their two products
dist_mn node 0: 2^23 = 2^11 x 2^12 over 2 x 4 ranks, 4 primes (rows 256..256; 2653665 + 2901896 + x limbs at 0, window [0, 2777781) of share [0, 2777781)): redistribute 0.053 ntt 0.220 crt 0.007 out 0.031 spills+carry 0.004 total 0.339 s
dist_mn node 0: 2653665 x 2901896 limbs over 2 x 4 ranks (cap 2^28): 1 x 1 pieces, 1 formed, 0 skipped (cache 0 slots: 0 hits, 0 misses)
dist_mn node 1: 2^23 = 2^11 x 2^12 over 2 x 4 ranks, 4 primes (rows 256..256; 2653665 + 2901896 + x limbs at 0, window [2777781, 5555562) of share [2777781, 5555562)): redistribute 0.049 ntt 0.216 crt 0.001 out 0.038 spills+carry 0.004 total 0.342 s
dist_mn node 1: 2653665 x 2901896 limbs over 2 x 4 ranks (cap 2^28): 1 x 1 pieces, 1 formed, 0 skipped (cache 0 slots: 0 hits, 0 misses)
dist_mn node 0: 2653665 + 2901896 + x limbs -> 5555560 (share 2777781): redistribute 0.053 ntt 0.220 crt 0.007 out 0.031 spills+carry 0.004, total 0.342 s
dist_mn node 1: 2653665 + 2901896 + x limbs -> 5555560 (share 2777781): redistribute 0.049 ntt 0.216 crt 0.001 out 0.038 spills+carry 0.004, total 0.342 s
dist_mn node 0: 2^23 = 2^11 x 2^12 over 2 x 4 ranks, 4 primes (rows 256..256; 2653665 + 2901896 limbs at 0, window [0, 2777780) of share [0, 2777780)): redistribute 0.010 ntt 0.186 crt 0.000 out 0.009 spills+carry 0.000 total 0.204 s
dist_mn node 0: 2653665 x 2901896 limbs over 2 x 4 ranks (cap 2^28): 1 x 1 pieces, 1 formed, 0 skipped (cache 0 slots: 0 hits, 0 misses)
dist_mn node 1: 2^23 = 2^11 x 2^12 over 2 x 4 ranks, 4 primes (rows 256..256; 2653665 + 2901896 limbs at 0, window [2777780, 5555561) of share [2777780, 5555561)): redistribute 0.010 ntt 0.187 crt 0.000 out 0.010 spills+carry 0.000 total 0.204 s
dist_mn node 1: 2653665 x 2901896 limbs over 2 x 4 ranks (cap 2^28): 1 x 1 pieces, 1 formed, 0 skipped (cache 0 slots: 0 hits, 0 misses)
dist_mn node 0: 2653665 + 2901896 limbs -> 5555560 (share 2777780): redistribute 0.010 ntt 0.186 crt 0.000 out 0.009 spills+carry 0.000, total 0.204 s
mn: node 0 level 1 [0, 2): P 5555560 limbs, Q 5555560 limbs (my share of P [0, 2777781)) in 0.55 s
dist_mn node 1: 2653665 + 2901896 limbs -> 5555560 (share 2777781): redistribute 0.010 ntt 0.187 crt 0.000 out 0.010 spills+carry 0.000, total 0.204 s
mn: node 1 level 1 [0, 2): P 5555560 limbs, Q 5555560 limbs (my share of P [2777781, 5555562)) in 0.64 s
mn: node 1: tree levels 0.64 s: P 5555560 limbs, Q 5555560 limbs
mn: node 0: tree levels 0.55 s: P 5555560 limbs, Q 5555560 limbs
mem[0] [tree] device 18.4 GB in use (per APU 4.6..4.6): planes 8.6, regions 0.0, block pool 8.6 (donated 0.0, borrowed 8.6, hipMalloc 0.0; live 0.0, peak live 0.2, free 8.5), tables 1.23, other 0.0
mem[0] [tree] host 8.8 GB RSS (HWM 9.1): staging 4.3 pinned, registered 0.0, X 0.0, digits 0.0, named 0.0, other 4.5
mem[1] [tree] device 18.4 GB in use (per APU 4.6..4.6): planes 8.6, regions 0.0, block pool 8.6 (donated 0.0, borrowed 8.6, hipMalloc 0.0; live 0.0, peak live 0.2, free 8.5), tables 1.22, other 0.0
mem[1] [tree] host 8.8 GB RSS (HWM 9.1): staging 4.3 pinned, registered 0.0, X 0.0, digits 0.0, named 0.0, other 4.5
dist B 2^20 (9 limbs = 6 x 3, 3 primes): load 0.012 ntt 0.001 crt 0.000 spills 0.000 total 0.015 s
   dist_db 9 limbs: 0.015 s (dbig: shift 0.000 addsub 0.000 maxidx 0.000 reserve 0.000)
dist B 2^20 (9 limbs = 6 x 3, 3 primes): load 0.014 ntt 0.001 crt 0.000 spills 0.000 total 0.017 s
   dist_db 9 limbs: 0.017 s (dbig: shift 0.000 addsub 0.000 maxidx 0.000 reserve 0.000)
dist B 2^20 (5 limbs = 3 x 2, 3 primes): load 0.000 ntt 0.000 crt 0.000 spills 0.000 total 0.001 s
   dist_db 5 limbs: 0.001 s (dbig: shift 0.000 addsub 0.000 maxidx 0.000 reserve 0.000)
dist B 2^20 (5 limbs = 3 x 2, 3 primes): load 0.000 ntt 0.000 crt 0.000 spills 0.000 total 0.001 s
   dist_db 5 limbs: 0.001 s (dbig: shift 0.000 addsub 0.000 maxidx 0.000 reserve 0.000)
dist B 2^20 (12 limbs = 8 x 4, 3 primes): load 0.000 ntt 0.000 crt 0.000 spills 0.000 total 0.001 s
   dist_db 12 limbs: 0.001 s (dbig: shift 0.000 addsub 0.000 maxidx 0.000 reserve 0.000)
dist B 2^20 (12 limbs = 8 x 4, 3 primes): load 0.000 ntt 0.000 crt 0.000 spills 0.000 total 0.001 s
   dist_db 12 limbs: 0.001 s (dbig: shift 0.000 addsub 0.000 maxidx 0.000 reserve 0.000)
dist B 2^20 (7 limbs = 4 x 3, 3 primes): load 0.000 ntt 0.000 crt 0.000 spills 0.000 total 0.001 s
dist B 2^20 (7 limbs = 4 x 3, 3 primes): load 0.000 ntt 0.000 crt 0.000 spills 0.000 total 0.001 s
   dist_db 7 limbs: 0.001 s (dbig: shift 0.000 addsub 0.000 maxidx 0.000 reserve 0.000)
   dist_db 7 limbs: 0.001 s (dbig: shift 0.000 addsub 0.000 maxidx 0.000 reserve 0.000)
dist B 2^20 (21 limbs = 14 x 7, 3 primes): load 0.000 ntt 0.000 crt 0.000 spills 0.000 total 0.001 s
   dist_db 21 limbs: 0.001 s (dbig: shift 0.000 addsub 0.000 maxidx 0.000 reserve 0.000)
dist B 2^20 (21 limbs = 14 x 7, 3 primes): load 0.000 ntt 0.000 crt 0.000 spills 0.000 total 0.001 s
   dist_db 21 limbs: 0.001 s (dbig: shift 0.000 addsub 0.000 maxidx 0.000 reserve 0.000)
dist B 2^20 (13 limbs = 7 x 6, 3 primes): load 0.000 ntt 0.000 crt 0.000 spills 0.000 total 0.001 s
   dist_db 13 limbs: 0.001 s (dbig: shift 0.000 addsub 0.000 maxidx 0.000 reserve 0.000)
dist B 2^20 (13 limbs = 7 x 6, 3 primes): load 0.000 ntt 0.000 crt 0.000 spills 0.000 total 0.001 s
   dist_db 13 limbs: 0.001 s (dbig: shift 0.000 addsub 0.000 maxidx 0.000 reserve 0.000)
dist B 2^20 (36 limbs = 24 x 12, 3 primes): load 0.000 ntt 0.000 crt 0.000 spills 0.000 total 0.001 s
   dist_db 36 limbs: 0.001 s (dbig: shift 0.000 addsub 0.000 maxidx 0.000 reserve 0.000)
dist B 2^20 (36 limbs = 24 x 12, 3 primes): load 0.000 ntt 0.000 crt 0.000 spills 0.000 total 0.001 s
   dist_db 36 limbs: 0.001 s (dbig: shift 0.000 addsub 0.000 maxidx 0.000 reserve 0.000)
dist B 2^20 (23 limbs = 12 x 11, 3 primes): load 0.000 ntt 0.000 crt 0.000 spills 0.000 total 0.001 s
   dist_db 23 limbs: 0.001 s (dbig: shift 0.000 addsub 0.000 maxidx 0.000 reserve 0.000)
dist B 2^20 (23 limbs = 12 x 11, 3 primes): load 0.000 ntt 0.000 crt 0.000 spills 0.000 total 0.001 s
   dist_db 23 limbs: 0.001 s (dbig: shift 0.000 addsub 0.000 maxidx 0.000 reserve 0.000)
dist B 2^20 (69 limbs = 46 x 23, 3 primes): load 0.000 ntt 0.000 crt 0.000 spills 0.000 total 0.001 s
   dist_db 69 limbs: 0.001 s (dbig: shift 0.000 addsub 0.000 maxidx 0.000 reserve 0.000)
dist B 2^20 (45 limbs = 23 x 22, 3 primes): load 0.000 ntt 0.000 crt 0.000 spills 0.000 total 0.001 s
   dist_db 45 limbs: 0.001 s (dbig: shift 0.000 addsub 0.000 maxidx 0.000 reserve 0.000)
dist B 2^20 (69 limbs = 46 x 23, 3 primes): load 0.000 ntt 0.000 crt 0.000 spills 0.000 total 0.001 s
   dist_db 69 limbs: 0.001 s (dbig: shift 0.000 addsub 0.000 maxidx 0.000 reserve 0.000)
dist B 2^20 (132 limbs = 88 x 44, 3 primes): load 0.000 ntt 0.000 crt 0.000 spills 0.000 total 0.001 s
   dist_db 132 limbs: 0.001 s (dbig: shift 0.000 addsub 0.000 maxidx 0.000 reserve 0.000)
dist B 2^20 (45 limbs = 23 x 22, 3 primes): load 0.000 ntt 0.000 crt 0.000 spills 0.000 total 0.001 s
   dist_db 45 limbs: 0.001 s (dbig: shift 0.000 addsub 0.000 maxidx 0.000 reserve 0.000)
dist B 2^20 (87 limbs = 44 x 43, 3 primes): load 0.000 ntt 0.000 crt 0.000 spills 0.000 total 0.001 s
   dist_db 87 limbs: 0.001 s (dbig: shift 0.000 addsub 0.000 maxidx 0.000 reserve 0.000)
dist B 2^20 (132 limbs = 88 x 44, 3 primes): load 0.000 ntt 0.000 crt 0.000 spills 0.000 total 0.001 s
   dist_db 132 limbs: 0.001 s (dbig: shift 0.000 addsub 0.000 maxidx 0.000 reserve 0.000)
dist B 2^20 (258 limbs = 172 x 86, 3 primes): load 0.000 ntt 0.000 crt 0.000 spills 0.000 total 0.001 s
   dist_db 258 limbs: 0.001 s (dbig: shift 0.000 addsub 0.000 maxidx 0.000 reserve 0.000)
dist B 2^20 (87 limbs = 44 x 43, 3 primes): load 0.000 ntt 0.000 crt 0.000 spills 0.000 total 0.000 s
   dist_db 87 limbs: 0.001 s (dbig: shift 0.000 addsub 0.000 maxidx 0.000 reserve 0.000)
dist B 2^20 (171 limbs = 86 x 85, 3 primes): load 0.000 ntt 0.000 crt 0.000 spills 0.000 total 0.001 s
   dist_db 171 limbs: 0.001 s (dbig: shift 0.000 addsub 0.000 maxidx 0.000 reserve 0.000)
dist B 2^20 (513 limbs = 342 x 171, 3 primes): load 0.000 ntt 0.000 crt 0.000 spills 0.000 total 0.001 s
dist B 2^20 (258 limbs = 172 x 86, 3 primes): load 0.000 ntt 0.000 crt 0.000 spills 0.000 total 0.001 s
   dist_db 258 limbs: 0.001 s (dbig: shift 0.000 addsub 0.000 maxidx 0.000 reserve 0.000)
   dist_db 513 limbs: 0.001 s (dbig: shift 0.000 addsub 0.000 maxidx 0.000 reserve 0.000)
dist B 2^20 (171 limbs = 86 x 85, 3 primes): load 0.000 ntt 0.000 crt 0.000 spills 0.000 total 0.001 s
dist B 2^20 (341 limbs = 171 x 170, 3 primes): load 0.000 ntt 0.000 crt 0.000 spills 0.000 total 0.001 s
   dist_db 341 limbs: 0.001 s (dbig: shift 0.000 addsub 0.000 maxidx 0.000 reserve 0.000)
   dist_db 171 limbs: 0.001 s (dbig: shift 0.000 addsub 0.000 maxidx 0.000 reserve 0.000)
dist B 2^20 (1023 limbs = 682 x 341, 3 primes): load 0.000 ntt 0.000 crt 0.000 spills 0.000 total 0.001 s
   dist_db 1023 limbs: 0.001 s (dbig: shift 0.000 addsub 0.000 maxidx 0.000 reserve 0.000)
dist B 2^20 (513 limbs = 342 x 171, 3 primes): load 0.000 ntt 0.000 crt 0.000 spills 0.000 total 0.001 s
   dist_db 513 limbs: 0.001 s (dbig: shift 0.000 addsub 0.000 maxidx 0.000 reserve 0.000)
dist B 2^20 (681 limbs = 341 x 340, 3 primes): load 0.000 ntt 0.000 crt 0.000 spills 0.000 total 0.001 s
   dist_db 681 limbs: 0.001 s (dbig: shift 0.000 addsub 0.000 maxidx 0.000 reserve 0.000)
dist B 2^20 (341 limbs = 171 x 170, 3 primes): load 0.000 ntt 0.000 crt 0.000 spills 0.000 total 0.000 s
   dist_db 341 limbs: 0.001 s (dbig: shift 0.000 addsub 0.000 maxidx 0.000 reserve 0.000)
dist B 2^20 (2040 limbs = 1360 x 680, 3 primes): load 0.000 ntt 0.000 crt 0.000 spills 0.000 total 0.001 s
   dist_db 2040 limbs: 0.001 s (dbig: shift 0.000 addsub 0.000 maxidx 0.000 reserve 0.000)
dist B 2^20 (1023 limbs = 682 x 341, 3 primes): load 0.000 ntt 0.000 crt 0.000 spills 0.000 total 0.001 s
   dist_db 1023 limbs: 0.001 s (dbig: shift 0.000 addsub 0.000 maxidx 0.000 reserve 0.000)
dist B 2^20 (681 limbs = 341 x 340, 3 primes): load 0.000 ntt 0.000 crt 0.000 spills 0.000 total 0.001 s
dist B 2^20 (1359 limbs = 680 x 679, 3 primes): load 0.000 ntt 0.000 crt 0.000 spills 0.000 total 0.001 s
   dist_db 681 limbs: 0.001 s (dbig: shift 0.000 addsub 0.000 maxidx 0.000 reserve 0.000)
   dist_db 1359 limbs: 0.001 s (dbig: shift 0.000 addsub 0.000 maxidx 0.000 reserve 0.000)
dist B 2^20 (2040 limbs = 1360 x 680, 3 primes): load 0.000 ntt 0.000 crt 0.000 spills 0.000 total 0.001 s
   dist_db 2040 limbs: 0.001 s (dbig: shift 0.000 addsub 0.000 maxidx 0.000 reserve 0.000)
dist B 2^20 (4074 limbs = 2716 x 1358, 3 primes): load 0.000 ntt 0.000 crt 0.000 spills 0.000 total 0.001 s
   dist_db 4074 limbs: 0.001 s (dbig: shift 0.000 addsub 0.000 maxidx 0.000 reserve 0.000)
dist B 2^20 (1359 limbs = 680 x 679, 3 primes): load 0.000 ntt 0.000 crt 0.000 spills 0.000 total 0.001 s
dist B 2^20 (2715 limbs = 1358 x 1357, 3 primes): load 0.000 ntt 0.000 crt 0.000 spills 0.000 total 0.001 s
   dist_db 1359 limbs: 0.001 s (dbig: shift 0.000 addsub 0.000 maxidx 0.000 reserve 0.000)
   dist_db 2715 limbs: 0.001 s (dbig: shift 0.000 addsub 0.000 maxidx 0.000 reserve 0.000)
dist B 2^20 (4074 limbs = 2716 x 1358, 3 primes): load 0.000 ntt 0.000 crt 0.000 spills 0.000 total 0.001 s
   dist_db 4074 limbs: 0.001 s (dbig: shift 0.000 addsub 0.000 maxidx 0.000 reserve 0.000)
dist B 2^20 (8142 limbs = 5428 x 2714, 3 primes): load 0.000 ntt 0.000 crt 0.000 spills 0.000 total 0.001 s
   dist_db 8142 limbs: 0.001 s (dbig: shift 0.000 addsub 0.000 maxidx 0.000 reserve 0.000)
dist B 2^20 (2715 limbs = 1358 x 1357, 3 primes): load 0.000 ntt 0.000 crt 0.000 spills 0.000 total 0.001 s
   dist_db 2715 limbs: 0.001 s (dbig: shift 0.000 addsub 0.000 maxidx 0.000 reserve 0.000)
dist B 2^20 (5427 limbs = 2714 x 2713, 3 primes): load 0.000 ntt 0.000 crt 0.000 spills 0.000 total 0.001 s
   dist_db 5427 limbs: 0.001 s (dbig: shift 0.000 addsub 0.000 maxidx 0.000 reserve 0.000)
dist B 2^20 (8142 limbs = 5428 x 2714, 3 primes): load 0.000 ntt 0.000 crt 0.000 spills 0.000 total 0.001 s
   dist_db 8142 limbs: 0.001 s (dbig: shift 0.000 addsub 0.000 maxidx 0.000 reserve 0.000)
dist B 2^20 (16281 limbs = 10854 x 5427, 3 primes): load 0.000 ntt 0.000 crt 0.001 spills 0.000 total 0.001 s
   dist_db 16281 limbs: 0.002 s (dbig: shift 0.000 addsub 0.000 maxidx 0.000 reserve 0.000)
dist B 2^20 (5427 limbs = 2714 x 2713, 3 primes): load 0.000 ntt 0.000 crt 0.000 spills 0.000 total 0.001 s
   dist_db 5427 limbs: 0.001 s (dbig: shift 0.000 addsub 0.000 maxidx 0.000 reserve 0.000)
dist B 2^20 (10853 limbs = 5427 x 5426, 3 primes): load 0.000 ntt 0.000 crt 0.000 spills 0.000 total 0.001 s
   dist_db 10853 limbs: 0.001 s (dbig: shift 0.000 addsub 0.000 maxidx 0.000 reserve 0.000)
dist B 2^20 (16281 limbs = 10854 x 5427, 3 primes): load 0.000 ntt 0.000 crt 0.001 spills 0.000 total 0.001 s
   dist_db 16281 limbs: 0.001 s (dbig: shift 0.000 addsub 0.000 maxidx 0.000 reserve 0.000)
dist B 2^20 (32556 limbs = 21704 x 10852, 3 primes): load 0.000 ntt 0.000 crt 0.001 spills 0.000 total 0.002 s
dist B 2^20 (10853 limbs = 5427 x 5426, 3 primes): load 0.000 ntt 0.000 crt 0.000 spills 0.000 total 0.001 s
   dist_db 10853 limbs: 0.001 s (dbig: shift 0.000 addsub 0.000 maxidx 0.000 reserve 0.000)
   dist_db 32556 limbs: 0.002 s (dbig: shift 0.000 addsub 0.000 maxidx 0.000 reserve 0.000)
dist B 2^20 (21703 limbs = 10852 x 10851, 3 primes): load 0.000 ntt 0.000 crt 0.001 spills 0.000 total 0.002 s
   dist_db 21703 limbs: 0.002 s (dbig: shift 0.000 addsub 0.000 maxidx 0.000 reserve 0.000)
dist B 2^20 (32556 limbs = 21704 x 10852, 3 primes): load 0.000 ntt 0.000 crt 0.001 spills 0.000 total 0.001 s
   dist_db 32556 limbs: 0.001 s (dbig: shift 0.000 addsub 0.000 maxidx 0.000 reserve 0.000)
dist B 2^20 (21703 limbs = 10852 x 10851, 3 primes): load 0.000 ntt 0.000 crt 0.001 spills 0.000 total 0.001 s
   dist_db 21703 limbs: 0.001 s (dbig: shift 0.000 addsub 0.000 maxidx 0.000 reserve 0.000)
dist B 2^20 (65109 limbs = 43406 x 21703, 3 primes): load 0.000 ntt 0.000 crt 0.001 spills 0.001 total 0.004 s
   dist_db 65109 limbs: 0.004 s (dbig: shift 0.000 addsub 0.001 maxidx 0.000 reserve 0.000)
dist B 2^20 (65109 limbs = 43406 x 21703, 3 primes): load 0.000 ntt 0.000 crt 0.001 spills 0.001 total 0.003 s
   dist_db 65109 limbs: 0.003 s (dbig: shift 0.000 addsub 0.001 maxidx 0.000 reserve 0.000)
dist B 2^20 (43405 limbs = 21703 x 21702, 3 primes): load 0.000 ntt 0.000 crt 0.001 spills 0.000 total 0.001 s
dist B 2^20 (43405 limbs = 21703 x 21702, 3 primes): load 0.000 ntt 0.000 crt 0.001 spills 0.000 total 0.002 s
   dist_db 43405 limbs: 0.002 s (dbig: shift 0.000 addsub 0.000 maxidx 0.000 reserve 0.000)
   dist_db 43405 limbs: 0.001 s (dbig: shift 0.000 addsub 0.000 maxidx 0.000 reserve 0.000)
recip(db) 0.05 s: dist 32 calls 0.58 s (load 0.08 ntt 0.41 crt 0.01 spills 0.05); dbig shift 40/0.15 addsub 56/0.01 maxidx 178/0.13 reserve 10/0.00; pools 0.0 GB
recip(db) 0.06 s: dist 32 calls 0.59 s (load 0.08 ntt 0.41 crt 0.01 spills 0.06); dbig shift 40/0.03 addsub 56/0.01 maxidx 178/0.03 reserve 10/0.00; pools 0.0 GB
recip(mn): the single-node chain to 43403 limbs (1.36 s), then the sharded steps to 5555558 over 2 nodes
dist_mn node 0: 2^20 = 2^10 x 2^10 over 2 x 4 ranks, 3 primes (rows 128..128; 86808 + 43404 limbs at 0, window [0, 65106) of share [0, 65106)): redistribute 0.002 ntt 0.109 crt 0.000 out 0.001 spills+carry 0.000 total 0.147 s
dist_mn node 0: 86808 x 43404 limbs over 2 x 4 ranks (cap 2^28): 1 x 1 pieces, 1 formed, 0 skipped (low cut) (cache 0 slots: 0 hits, 0 misses)
dist_mn node 1: 2^20 = 2^10 x 2^10 over 2 x 4 ranks, 3 primes (rows 128..128; 86808 + 43404 limbs at 0, window [65106, 130212) of share [65106, 130212)): redistribute 0.015 ntt 0.108 crt 0.000 out 0.002 spills+carry 0.000 total 0.147 s
dist_mn node 1: 86808 x 43404 limbs over 2 x 4 ranks (cap 2^28): 1 x 1 pieces, 1 formed, 0 skipped (low cut) (cache 0 slots: 0 hits, 0 misses)
dist_mn node 0: 86808 + 43404 limbs -> 130211 (share 65106): redistribute 0.002 ntt 0.109 crt 0.000 out 0.001 spills+carry 0.000, total 0.147 s
dist_mn node 1: 86808 + 43404 limbs -> 130211 (share 65106): redistribute 0.015 ntt 0.108 crt 0.000 out 0.002 spills+carry 0.000, total 0.147 s
dist_mn node 1: 2^20 = 2^10 x 2^10 over 2 x 4 ranks, 3 primes (rows 128..128; 43404 + 43403 limbs at 0, window [43403, 86807) of share [43403, 86807)): redistribute 0.002 ntt 0.039 crt 0.000 out 0.001 spills+carry 0.000 total 0.042 s
dist_mn node 1: 43404 x 43403 limbs over 2 x 4 ranks (cap 2^28): 1 x 1 pieces, 1 formed, 0 skipped (low cut) (cache 0 slots: 0 hits, 0 misses)
dist_mn node 0: 2^20 = 2^10 x 2^10 over 2 x 4 ranks, 3 primes (rows 128..128; 43404 + 43403 limbs at 0, window [0, 43403) of share [0, 43403)): redistribute 0.002 ntt 0.039 crt 0.000 out 0.001 spills+carry 0.000 total 0.042 s
dist_mn node 0: 43404 x 43403 limbs over 2 x 4 ranks (cap 2^28): 1 x 1 pieces, 1 formed, 0 skipped (low cut) (cache 0 slots: 0 hits, 0 misses)
dist_mn node 0: 43404 + 43403 limbs -> 86806 (share 43403): redistribute 0.002 ntt 0.039 crt 0.000 out 0.001 spills+carry 0.000, total 0.042 s
dist_mn node 1: 43404 + 43403 limbs -> 86806 (share 43404): redistribute 0.002 ntt 0.039 crt 0.000 out 0.001 spills+carry 0.000, total 0.042 s
dist_mn node 0: 2^20 = 2^10 x 2^10 over 2 x 4 ranks, 3 primes (rows 128..128; 173614 + 86807 limbs at 0, window [0, 86809) of share [0, 86809)): redistribute 0.002 ntt 0.036 crt 0.000 out 0.001 spills+carry 0.000 total 0.039 s
dist_mn node 0: 173614 x 86807 limbs over 2 x 4 ranks (cap 2^28): 1 x 1 pieces, 1 formed, 0 skipped (low product) (low cut) (cache 0 slots: 0 hits, 0 misses)
dist_mn node 1: 2^20 = 2^10 x 2^10 over 2 x 4 ranks, 3 primes (rows 128..128; 173614 + 86807 limbs at 0, window [86809, 173618) of share [86809, 173618)): redistribute 0.002 ntt 0.036 crt 0.000 out 0.001 spills+carry 0.000 total 0.039 s
dist_mn node 1: 173614 x 86807 limbs over 2 x 4 ranks (cap 2^28): 1 x 1 pieces, 1 formed, 0 skipped (low product) (low cut) (cache 0 slots: 0 hits, 0 misses)
dist_mn node 0: 173614 + 86807 limbs -> 173614 (share 86809): redistribute 0.002 ntt 0.036 crt 0.000 out 0.001 spills+carry 0.000, total 0.039 s
dist_mn node 1: 173614 + 86807 limbs -> 173614 (share 86809): redistribute 0.002 ntt 0.036 crt 0.000 out 0.001 spills+carry 0.000, total 0.039 s
dist_mn node 0: 2^20 = 2^10 x 2^10 over 2 x 4 ranks, 3 primes (rows 128..128; 86807 + 86806 limbs at 0, window [0, 86806) of share [0, 86806)): redistribute 0.002 ntt 0.037 crt 0.000 out 0.001 spills+carry 0.000 total 0.040 s
dist_mn node 0: 86807 x 86806 limbs over 2 x 4 ranks (cap 2^28): 1 x 1 pieces, 1 formed, 0 skipped (low cut) (cache 0 slots: 0 hits, 0 misses)
dist_mn node 1: 2^20 = 2^10 x 2^10 over 2 x 4 ranks, 3 primes (rows 128..128; 86807 + 86806 limbs at 0, window [86806, 173613) of share [86806, 173613)): redistribute 0.002 ntt 0.037 crt 0.000 out 0.001 spills+carry 0.000 total 0.040 s
dist_mn node 1: 86807 x 86806 limbs over 2 x 4 ranks (cap 2^28): 1 x 1 pieces, 1 formed, 0 skipped (low cut) (cache 0 slots: 0 hits, 0 misses)
dist_mn node 0: 86807 + 86806 limbs -> 173613 (share 86806): redistribute 0.002 ntt 0.037 crt 0.000 out 0.001 spills+carry 0.000, total 0.040 s
dist_mn node 1: 86807 + 86806 limbs -> 173613 (share 86807): redistribute 0.002 ntt 0.037 crt 0.000 out 0.001 spills+carry 0.000, total 0.040 s
dist_mn node 0: 2^20 = 2^10 x 2^10 over 2 x 4 ranks, 3 primes (rows 128..128; 347226 + 173613 limbs at 0, window [0, 173615) of share [0, 173615)): redistribute 0.002 ntt 0.034 crt 0.000 out 0.002 spills+carry 0.000 total 0.038 s
dist_mn node 0: 347226 x 173613 limbs over 2 x 4 ranks (cap 2^28): 1 x 1 pieces, 1 formed, 0 skipped (low product) (low cut) (cache 0 slots: 0 hits, 0 misses)
dist_mn node 1: 2^20 = 2^10 x 2^10 over 2 x 4 ranks, 3 primes (rows 128..128; 347226 + 173613 limbs at 0, window [173615, 347230) of share [173615, 347230)): redistribute 0.002 ntt 0.035 crt 0.000 out 0.001 spills+carry 0.000 total 0.038 s
dist_mn node 1: 347226 x 173613 limbs over 2 x 4 ranks (cap 2^28): 1 x 1 pieces, 1 formed, 0 skipped (low product) (low cut) (cache 0 slots: 0 hits, 0 misses)
dist_mn node 0: 347226 + 173613 limbs -> 347230 (share 173615): redistribute 0.002 ntt 0.034 crt 0.000 out 0.002 spills+carry 0.000, total 0.038 s
dist_mn node 1: 347226 + 173613 limbs -> 347230 (share 173615): redistribute 0.002 ntt 0.035 crt 0.000 out 0.001 spills+carry 0.000, total 0.038 s
dist_mn node 0: 2^20 = 2^10 x 2^10 over 2 x 4 ranks, 3 primes (rows 128..128; 173613 + 173612 limbs at 0, window [0, 173612) of share [0, 173612)): redistribute 0.003 ntt 0.035 crt 0.000 out 0.002 spills+carry 0.000 total 0.038 s
dist_mn node 0: 173613 x 173612 limbs over 2 x 4 ranks (cap 2^28): 1 x 1 pieces, 1 formed, 0 skipped (low cut) (cache 0 slots: 0 hits, 0 misses)
dist_mn node 1: 2^20 = 2^10 x 2^10 over 2 x 4 ranks, 3 primes (rows 128..128; 173613 + 173612 limbs at 0, window [173612, 347225) of share [173612, 347225)): redistribute 0.003 ntt 0.034 crt 0.000 out 0.002 spills+carry 0.000 total 0.038 s
dist_mn node 1: 173613 x 173612 limbs over 2 x 4 ranks (cap 2^28): 1 x 1 pieces, 1 formed, 0 skipped (low cut) (cache 0 slots: 0 hits, 0 misses)
dist_mn node 0: 173613 + 173612 limbs -> 347225 (share 173612): redistribute 0.003 ntt 0.035 crt 0.000 out 0.002 spills+carry 0.000, total 0.038 s
dist_mn node 1: 173613 + 173612 limbs -> 347225 (share 173613): redistribute 0.003 ntt 0.034 crt 0.000 out 0.002 spills+carry 0.000, total 0.038 s
dist_mn node 0: 2^20 = 2^10 x 2^10 over 2 x 4 ranks, 3 primes (rows 128..128; 694448 + 347224 limbs at 0, window [0, 347226) of share [0, 347226)): redistribute 0.003 ntt 0.036 crt 0.000 out 0.002 spills+carry 0.000 total 0.040 s
dist_mn node 0: 694448 x 347224 limbs over 2 x 4 ranks (cap 2^28): 1 x 1 pieces, 1 formed, 0 skipped (low product) (low cut) (cache 0 slots: 0 hits, 0 misses)
dist_mn node 1: 2^20 = 2^10 x 2^10 over 2 x 4 ranks, 3 primes (rows 128..128; 694448 + 347224 limbs at 0, window [347226, 694452) of share [347226, 694452)): redistribute 0.003 ntt 0.036 crt 0.000 out 0.002 spills+carry 0.000 total 0.040 s
dist_mn node 1: 694448 x 347224 limbs over 2 x 4 ranks (cap 2^28): 1 x 1 pieces, 1 formed, 0 skipped (low product) (low cut) (cache 0 slots: 0 hits, 0 misses)
dist_mn node 0: 694448 + 347224 limbs -> 694452 (share 347226): redistribute 0.003 ntt 0.036 crt 0.000 out 0.002 spills+carry 0.000, total 0.041 s
dist_mn node 1: 694448 + 347224 limbs -> 694452 (share 347226): redistribute 0.003 ntt 0.036 crt 0.000 out 0.002 spills+carry 0.000, total 0.041 s
dist_mn node 0: 2^20 = 2^10 x 2^10 over 2 x 4 ranks, 3 primes (rows 128..128; 347224 + 347223 limbs at 0, window [0, 347223) of share [0, 347223)): redistribute 0.002 ntt 0.036 crt 0.000 out 0.002 spills+carry 0.000 total 0.040 s
dist_mn node 0: 347224 x 347223 limbs over 2 x 4 ranks (cap 2^28): 1 x 1 pieces, 1 formed, 0 skipped (low cut) (cache 0 slots: 0 hits, 0 misses)
dist_mn node 1: 2^20 = 2^10 x 2^10 over 2 x 4 ranks, 3 primes (rows 128..128; 347224 + 347223 limbs at 0, window [347223, 694447) of share [347223, 694447)): redistribute 0.002 ntt 0.035 crt 0.000 out 0.002 spills+carry 0.000 total 0.040 s
dist_mn node 1: 347224 x 347223 limbs over 2 x 4 ranks (cap 2^28): 1 x 1 pieces, 1 formed, 0 skipped (low cut) (cache 0 slots: 0 hits, 0 misses)
dist_mn node 0: 347224 + 347223 limbs -> 694446 (share 347223): redistribute 0.002 ntt 0.036 crt 0.000 out 0.002 spills+carry 0.000, total 0.040 s
dist_mn node 1: 347224 + 347223 limbs -> 694446 (share 347224): redistribute 0.002 ntt 0.035 crt 0.000 out 0.002 spills+carry 0.000, total 0.040 s
dist_mn node 0: 2^21 = 2^10 x 2^11 over 2 x 4 ranks, 3 primes (rows 128..128; 1388892 + 694446 limbs at 0, window [0, 694448) of share [0, 694448)): redistribute 0.015 ntt 0.051 crt 0.000 out 0.003 spills+carry 0.000 total 0.103 s
dist_mn node 0: 1388892 x 694446 limbs over 2 x 4 ranks (cap 2^28): 1 x 1 pieces, 1 formed, 0 skipped (low product) (low cut) (cache 0 slots: 0 hits, 0 misses)
dist_mn node 1: 2^21 = 2^10 x 2^11 over 2 x 4 ranks, 3 primes (rows 128..128; 1388892 + 694446 limbs at 0, window [694448, 1388896) of share [694448, 1388896)): redistribute 0.012 ntt 0.051 crt 0.000 out 0.003 spills+carry 0.000 total 0.103 s
dist_mn node 1: 1388892 x 694446 limbs over 2 x 4 ranks (cap 2^28): 1 x 1 pieces, 1 formed, 0 skipped (low product) (low cut) (cache 0 slots: 0 hits, 0 misses)
dist_mn node 0: 1388892 + 694446 limbs -> 1388896 (share 694448): redistribute 0.015 ntt 0.051 crt 0.000 out 0.003 spills+carry 0.000, total 0.103 s
dist_mn node 1: 1388892 + 694446 limbs -> 1388896 (share 694448): redistribute 0.012 ntt 0.051 crt 0.000 out 0.003 spills+carry 0.000, total 0.103 s
dist_mn node 0: 2^21 = 2^10 x 2^11 over 2 x 4 ranks, 3 primes (rows 128..128; 694446 + 694445 limbs at 0, window [0, 694445) of share [0, 694445)): redistribute 0.004 ntt 0.051 crt 0.000 out 0.003 spills+carry 0.000 total 0.057 s
dist_mn node 0: 694446 x 694445 limbs over 2 x 4 ranks (cap 2^28): 1 x 1 pieces, 1 formed, 0 skipped (low cut) (cache 0 slots: 0 hits, 0 misses)
dist_mn node 1: 2^21 = 2^10 x 2^11 over 2 x 4 ranks, 3 primes (rows 128..128; 694446 + 694445 limbs at 0, window [694445, 1388891) of share [694445, 1388891)): redistribute 0.004 ntt 0.050 crt 0.000 out 0.003 spills+carry 0.000 total 0.057 s
dist_mn node 1: 694446 x 694445 limbs over 2 x 4 ranks (cap 2^28): 1 x 1 pieces, 1 formed, 0 skipped (low cut) (cache 0 slots: 0 hits, 0 misses)
dist_mn node 0: 694446 + 694445 limbs -> 1388890 (share 694445): redistribute 0.004 ntt 0.051 crt 0.000 out 0.003 spills+carry 0.000, total 0.057 s
dist_mn node 1: 694446 + 694445 limbs -> 1388890 (share 694446): redistribute 0.004 ntt 0.050 crt 0.000 out 0.003 spills+carry 0.000, total 0.057 s
dist_mn node 0: 2^22 = 2^11 x 2^11 over 2 x 4 ranks, 3 primes (rows 256..256; 2777782 + 1388891 limbs at 0, window [0, 1388893) of share [0, 1388893)): redistribute 0.026 ntt 0.081 crt 0.000 out 0.006 spills+carry 0.000 total 0.134 s
dist_mn node 0: 2777782 x 1388891 limbs over 2 x 4 ranks (cap 2^28): 1 x 1 pieces, 1 formed, 0 skipped (low product) (low cut) (cache 0 slots: 0 hits, 0 misses)
dist_mn node 1: 2^22 = 2^11 x 2^11 over 2 x 4 ranks, 3 primes (rows 256..256; 2777782 + 1388891 limbs at 0, window [1388893, 2777786) of share [1388893, 2777786)): redistribute 0.006 ntt 0.081 crt 0.000 out 0.007 spills+carry 0.000 total 0.134 s
dist_mn node 1: 2777782 x 1388891 limbs over 2 x 4 ranks (cap 2^28): 1 x 1 pieces, 1 formed, 0 skipped (low product) (low cut) (cache 0 slots: 0 hits, 0 misses)
dist_mn node 0: 2777782 + 1388891 limbs -> 2777782 (share 1388893): redistribute 0.026 ntt 0.081 crt 0.000 out 0.006 spills+carry 0.000, total 0.134 s
dist_mn node 1: 2777782 + 1388891 limbs -> 2777782 (share 1388893): redistribute 0.006 ntt 0.081 crt 0.000 out 0.007 spills+carry 0.000, total 0.134 s
dist_mn node 0: 2^22 = 2^11 x 2^11 over 2 x 4 ranks, 3 primes (rows 256..256; 1388891 + 1388890 limbs at 0, window [0, 1388890) of share [0, 1388890)): redistribute 0.005 ntt 0.085 crt 0.000 out 0.006 spills+carry 0.000 total 0.096 s
dist_mn node 0: 1388891 x 1388890 limbs over 2 x 4 ranks (cap 2^28): 1 x 1 pieces, 1 formed, 0 skipped (low cut) (cache 0 slots: 0 hits, 0 misses)
dist_mn node 1: 2^22 = 2^11 x 2^11 over 2 x 4 ranks, 3 primes (rows 256..256; 1388891 + 1388890 limbs at 0, window [1388890, 2777781) of share [1388890, 2777781)): redistribute 0.007 ntt 0.086 crt 0.000 out 0.006 spills+carry 0.000 total 0.096 s
dist_mn node 1: 1388891 x 1388890 limbs over 2 x 4 ranks (cap 2^28): 1 x 1 pieces, 1 formed, 0 skipped (low cut) (cache 0 slots: 0 hits, 0 misses)
dist_mn node 0: 1388891 + 1388890 limbs -> 2777781 (share 1388890): redistribute 0.005 ntt 0.085 crt 0.000 out 0.006 spills+carry 0.000, total 0.096 s
dist_mn node 1: 1388891 + 1388890 limbs -> 2777781 (share 1388891): redistribute 0.007 ntt 0.086 crt 0.000 out 0.006 spills+carry 0.000, total 0.096 s
dist_mn node 0: 2^23 = 2^11 x 2^12 over 2 x 4 ranks, 4 primes (rows 256..256; 5555560 + 2777780 limbs at 0, window [0, 2777782) of share [0, 2777782)): redistribute 0.021 ntt 0.189 crt 0.000 out 0.010 spills+carry 0.000 total 0.241 s
dist_mn node 0: 5555560 x 2777780 limbs over 2 x 4 ranks (cap 2^28): 1 x 1 pieces, 1 formed, 0 skipped (low product) (low cut) (cache 0 slots: 0 hits, 0 misses)
dist_mn node 1: 2^23 = 2^11 x 2^12 over 2 x 4 ranks, 4 primes (rows 256..256; 5555560 + 2777780 limbs at 0, window [2777782, 5555564) of share [2777782, 5555564)): redistribute 0.010 ntt 0.188 crt 0.000 out 0.011 spills+carry 0.000 total 0.241 s
dist_mn node 1: 5555560 x 2777780 limbs over 2 x 4 ranks (cap 2^28): 1 x 1 pieces, 1 formed, 0 skipped (low product) (low cut) (cache 0 slots: 0 hits, 0 misses)
dist_mn node 0: 5555560 + 2777780 limbs -> 5555564 (share 2777782): redistribute 0.021 ntt 0.189 crt 0.000 out 0.010 spills+carry 0.000, total 0.241 s
dist_mn node 1: 5555560 + 2777780 limbs -> 5555564 (share 2777782): redistribute 0.010 ntt 0.188 crt 0.000 out 0.011 spills+carry 0.000, total 0.241 s
dist_mn node 0: 2^23 = 2^11 x 2^12 over 2 x 4 ranks, 4 primes (rows 256..256; 2777780 + 2777779 limbs at 0, window [0, 2777779) of share [0, 2777779)): redistribute 0.010 ntt 0.190 crt 0.000 out 0.010 spills+carry 0.000 total 0.207 s
dist_mn node 0: 2777780 x 2777779 limbs over 2 x 4 ranks (cap 2^28): 1 x 1 pieces, 1 formed, 0 skipped (low cut) (cache 0 slots: 0 hits, 0 misses)
dist_mn node 1: 2^23 = 2^11 x 2^12 over 2 x 4 ranks, 4 primes (rows 256..256; 2777780 + 2777779 limbs at 0, window [2777779, 5555559) of share [2777779, 5555559)): redistribute 0.012 ntt 0.190 crt 0.000 out 0.011 spills+carry 0.000 total 0.207 s
dist_mn node 1: 2777780 x 2777779 limbs over 2 x 4 ranks (cap 2^28): 1 x 1 pieces, 1 formed, 0 skipped (low cut) (cache 0 slots: 0 hits, 0 misses)
dist_mn node 0: 2777780 + 2777779 limbs -> 5555558 (share 2777779): redistribute 0.010 ntt 0.190 crt 0.000 out 0.010 spills+carry 0.000, total 0.207 s
dist_mn node 1: 2777780 + 2777779 limbs -> 5555558 (share 2777780): redistribute 0.012 ntt 0.190 crt 0.000 out 0.011 spills+carry 0.000, total 0.207 s
recip(mn) 2.74 s: single-node part 1.36, products 1.27, shifts 31/0.12, addsub 12/0.00, small 0/0.00
dist_mn node 0: 2^24 = 2^12 x 2^12 over 2 x 4 ranks, 4 primes (rows 512..512; 5555557 + 5555558 limbs at 0, window [0, 5555557) of share [0, 5555557)): redistribute 0.058 ntt 0.374 crt 0.001 out 0.073 spills+carry 0.004 total 0.520 s
dist_mn node 0: 5555557 x 5555558 limbs over 2 x 4 ranks (cap 2^28): 1 x 1 pieces, 1 formed, 0 skipped (low cut) (cache 0 slots: 0 hits, 0 misses)
dist_mn node 1: 2^24 = 2^12 x 2^12 over 2 x 4 ranks, 4 primes (rows 512..512; 5555557 + 5555558 limbs at 0, window [5555557, 11111115) of share [5555557, 11111115)): redistribute 0.060 ntt 0.372 crt 0.001 out 0.072 spills+carry 0.004 total 0.520 s
dist_mn node 1: 5555557 x 5555558 limbs over 2 x 4 ranks (cap 2^28): 1 x 1 pieces, 1 formed, 0 skipped (low cut) (cache 0 slots: 0 hits, 0 misses)
dist_mn node 0: 5555557 + 5555558 limbs -> 11111115 (share 5555557): redistribute 0.058 ntt 0.374 crt 0.001 out 0.073 spills+carry 0.004, total 0.521 s
dist_mn node 1: 5555557 + 5555558 limbs -> 11111115 (share 5555558): redistribute 0.060 ntt 0.372 crt 0.001 out 0.072 spills+carry 0.004, total 0.521 s
mn_out: /tmp/mpb15_e8_k2e6_2.txt.part0001: O_DIRECT, packed form, 8 write threads, file system local
dist_mn node 0: 2^24 = 2^12 x 2^12 over 2 x 4 ranks, 4 primes (rows 512..512; 5555557 + 5555560 limbs at 0, window [0, 2777781) of share [0, 2777781)): redistribute 0.018 ntt 0.279 crt 0.000 out 0.011 spills+carry 0.000 total 0.305 s
dist_mn node 0: 5555557 x 5555560 limbs over 2 x 4 ranks (cap 2^28): 1 x 1 pieces, 1 formed, 0 skipped (low product) (cache 0 slots: 0 hits, 0 misses)
dist_mn node 1: 2^24 = 2^12 x 2^12 over 2 x 4 ranks, 4 primes (rows 512..512; 5555557 + 5555560 limbs at 0, window [2777781, 5555562) of share [2777781, 5555562)): redistribute 0.020 ntt 0.280 crt 0.000 out 0.013 spills+carry 0.000 total 0.305 s
dist_mn node 1: 5555557 x 5555560 limbs over 2 x 4 ranks (cap 2^28): 1 x 1 pieces, 1 formed, 0 skipped (low product) (cache 0 slots: 0 hits, 0 misses)
dist_mn node 0: 5555557 + 5555560 limbs -> 5555562 (share 2777781): redistribute 0.018 ntt 0.279 crt 0.000 out 0.011 spills+carry 0.000, total 0.305 s
dist_mn node 1: 5555557 + 5555560 limbs -> 5555562 (share 2777781): redistribute 0.020 ntt 0.280 crt 0.000 out 0.013 spills+carry 0.000, total 0.305 s
divmod(mn) 3.63 s: reciprocal 2.75 (products 1.27), S = P + Q 0.01, A mu + shift 0.55, X Q + window 0.31, corrections 0.00 (0), R residues 0.00; division products 0.83 s; shifts 37/0.16 s, addsub 14/0.01 s
scratch(mn): mdb_shift slabs 0.044 GB per node-process at most (MDB_SHIFT_CHUNK_MB=1024), window temporaries T + rbO 0.044 GB (MN_T_CHUNK_MB=1024)
mn: node 0: dm over 2 nodes 3.63 s (reciprocal 2.75), X 5555557 limbs, sharded
mn: node 1: dm over 2 nodes 3.63 s (reciprocal 2.75), X 5555557 limbs, sharded; to the output stage
bs        0.94 s   N 14842916, P 5555560 limbs, Q 5555560 limbs (seeds 0.0 school 0.0 batch 0.2 mdev 0.0; pool 0.0 GB; dev pools 0.0 GB)   VmRSS 17.6 GB, VmHWM 17.6 GB
RESULT ecalc bs s 0.935534
mem[0] [bs] device 18.4 GB in use (per APU 4.6..4.6): planes 8.6, regions 0.0, block pool 8.6 (donated 0.0, borrowed 8.6, hipMalloc 0.0; live 0.0, peak live 0.3, free 8.6), tables 1.23, other 0.0
mem[0] [bs] host 17.6 GB RSS (HWM 17.6): staging 4.3 pinned, registered 0.0, X 0.0, digits 0.0, named 0.0, other 13.3
recip     2.75 s   (over 2 nodes; 22 iterations)
10dP      0.00 s   (S = P + Q over shares, inside dm)
RESULT ecalc 10dP s 0
dm        3.63 s   X 5555557 limbs (recip 2.7 s; corrections 0/0; over 2 nodes)   VmRSS 17.6 GB, VmHWM 17.6 GB
RESULT ecalc dm s 3.62542
mn: node 0: X share [0, 2777778) of 5555557 limbs on the device (the distributed division's)
mn: node 1: X share [2777778, 5555557) of 5555557 limbs on the device (the distributed division's)
mn: node 0: T1        0.00 s   ok: T(P+Q) == XQ + R and P, Q mod q for 8 primes (P, Q recurrence over this node's terms, overlapped with bs; joined over the nodes)
mn: node 0:       overlapped with bs: P, Q mod q recurrence 0.25 s, block pool pregrown by 0 GB in 0.00 s
mn: node 0:       VmRSS 17.6 GB before dc
mn: node 1: T1        0.01 s   ok: T(P+Q) == XQ + R and P, Q mod q for 8 primes (P, Q recurrence over this node's terms, overlapped with bs; joined over the nodes)
mn: node 1:       overlapped with bs: P, Q mod q recurrence 0.28 s, block pool pregrown by 0 GB in 0.00 s
mn: node 0:       the part file started in the division (MN_OUT_EARLY): its writer ran 0.02 s, joined after 0.00 s here
mn: node 1:       VmRSS 17.6 GB before dc
mn: node 1:       the part file started in the division (MN_OUT_EARLY): its writer ran 0.03 s, joined after 0.00 s here
mn: node 1:       patch: X +0 after the formatting started (ECALC_CORR_PATCH): nothing to patch; 0 deferred windows; 0.002 s
mn: node 0:       patch: X +0 after the formatting started (ECALC_CORR_PATCH): nothing to patch; 0 deferred windows; 0.002 s
mn: node 0: dc        0.02 s   digits [50000005, 100000009) of 100000009 formatted from 2777778 decimal limbs in 1 chunks (residues 0.00, format 0.00, digit residue 0.01, T2 0.00, fetch 0.00, waiting for the writer 0.00)
mn: node 0: T2        0.00 s   windows ok (0 checked on this node), digits == X mod q ok
mn: node 0: digits: 12603657289268737384327838060345874499547166139991864034412434...82960628314492118202 (this node's range)
mn: node 1: dc        0.02 s   digits [0, 50000005) of 100000009 formatted from 2777779 decimal limbs in 1 chunks (residues 0.00, format 0.00, digit residue 0.01, T2 0.00, fetch 0.00, waiting for the writer 0.00)
mn: node 1: T2        0.00 s   windows ok (2 checked on this node), digits == X mod q ok
mn: node 1: digits: 27182818284590452353602874713526624977572470936999595749669676... (this node's range)
mn: node 1: wrote /tmp/mpb15_e8_k2e6_2.txt.part0000 (0.02 GB; write 0.02 s in the writer thread, 0.00 s after the checks)
mn: node 1: VERIFY OK
total     8.19 s   (bs 0.9 + 10dP 0.0 + dm 3.6 + T1 0.0 + dc 0.0 + T2 0.0 = 4.6; init 3.6; other 0.0); VmHWM 17.5 GB
RESULT ecalc total s 8.19237
RESULT ecalc phases s 4.58643
RESULT ecalc other s 0.0212904
RESULT ecalc vmhwm GB 17.5049
paper A22 (4e10): 285.7 = bs 112.2 + 10dP 12.6 + dm 46.8 + T1 ~3 + dc 110.3
mn: node 0: wrote /tmp/mpb15_e8_k2e6_2.txt.part0001 (0.02 GB; write 0.03 s in the writer thread, 0.00 s after the checks)
mn: node 0: VERIFY OK
mn: all 2 nodes: VERIFY OK
dbig pool: APU0 tail 0.01 GB: 1 large blocks from its back, 0 small blocks spilled into it
dbig pool: APU1 tail 0.01 GB: 1 large blocks from its back, 0 small blocks spilled into it
dbig pool: APU2 tail 0.01 GB: 1 large blocks from its back, 0 small blocks spilled into it
dbig pool: APU3 tail 0.01 GB: 1 large blocks from its back, 0 small blocks spilled into it
mem[0] [end] device 9.8 GB in use (per APU 2.5..2.5): planes 8.6, regions 0.0, block pool 0.0 (donated 0.0, borrowed 0.0, hipMalloc 0.0; live 0.0, peak live 0.3, free 0.0), tables 1.23, other 0.0
mem[0] [end] host 17.5 GB RSS (HWM 17.5): staging 4.3 pinned, registered 0.0, X 0.0, digits 0.0, named 0.0, other 13.2
mem[0] summary: bytes in use at each phase boundary, GB (device: all APUs / largest APU; host: this process)
mem[0] phase           device  maxAPU |  planes regions  pl:don  pl:bor  pl:hip pl:live pl:peak tables |    host staging  regist       X  digits   other     HWM
mem[0] init              18.4     4.6 |     8.6     0.0     0.0     8.6     0.0     0.0     0.0   1.23 |     8.7     4.3     0.0     0.0     0.0     4.4     9.1
mem[0] tree              18.4     4.6 |     8.6     0.0     0.0     8.6     0.0     0.0     0.2   1.23 |     8.8     4.3     0.0     0.0     0.0     4.5     9.1
mem[0] bs                18.4     4.6 |     8.6     0.0     0.0     8.6     0.0     0.0     0.3   1.23 |    17.6     4.3     0.0     0.0     0.0    13.3    17.6
mem[0] end                9.8     2.5 |     8.6     0.0     0.0     0.0     0.0     0.0     0.3   1.23 |    17.5     4.3     0.0     0.0     0.0    13.2    17.5
dbig pool: APU0 tail 0.01 GB: 1 large blocks from its back, 0 small blocks spilled into it
dbig pool: APU1 tail 0.01 GB: 1 large blocks from its back, 0 small blocks spilled into it
dbig pool: APU2 tail 0.01 GB: 1 large blocks from its back, 0 small blocks spilled into it
dbig pool: APU3 tail 0.01 GB: 1 large blocks from its back, 0 small blocks spilled into it
dbig pool: APU0 VMM arena released (0 remaps of 0 chunks in 0.00 s, 0 growths of 0 chunks)
dbig pool: APU1 VMM arena released (0 remaps of 0 chunks in 0.00 s, 0 growths of 0 chunks)
dbig pool: APU2 VMM arena released (0 remaps of 0 chunks in 0.00 s, 0 growths of 0 chunks)
dbig pool: APU3 VMM arena released (0 remaps of 0 chunks in 0.00 s, 0 growths of 0 chunks)
mem[1] [released] device 1.2 GB in use (per APU 0.3..0.3): planes 0.0, regions 0.0, block pool 0.0 (donated 0.0, borrowed 0.0, hipMalloc 0.0; live 0.0, peak live 0.3, free 0.0), tables 1.22, other 0.0
mem[1] [released] host 13.2 GB RSS (HWM 17.5): staging 0.0 pinned, registered 0.0, X 0.0, digits 0.0, named 0.0, other 13.2
mem[1] summary: bytes in use at each phase boundary, GB (device: all APUs / largest APU; host: this process)
mem[1] phase           device  maxAPU |  planes regions  pl:don  pl:bor  pl:hip pl:live pl:peak tables |    host staging  regist       X  digits   other     HWM
mem[1] init              18.4     4.6 |     8.6     0.0     0.0     8.6     0.0     0.0     0.0   1.22 |     8.7     4.3     0.0     0.0     0.0     4.4     9.1
mem[1] tree              18.4     4.6 |     8.6     0.0     0.0     8.6     0.0     0.0     0.2   1.22 |     8.8     4.3     0.0     0.0     0.0     4.5     9.1
mem[1] released           1.2     0.3 |     0.0     0.0     0.0     0.0     0.0     0.0     0.3   1.22 |    13.2     0.0     0.0     0.0     0.0    13.2    17.5
rns_dist: RNS_STRATEGY=auto form B: C 0 products 0.00 s, B 30 products 0.05 s, B4 0 products 0.00 s; extra plane memory 0.00 GiB/APU (allocations 0.00 s)
dbig pool: APU0 VMM arena released (0 remaps of 0 chunks in 0.00 s, 0 growths of 0 chunks)
dbig pool: APU1 VMM arena released (0 remaps of 0 chunks in 0.00 s, 0 growths of 0 chunks)
dbig pool: APU2 VMM arena released (0 remaps of 0 chunks in 0.00 s, 0 growths of 0 chunks)
dbig pool: APU3 VMM arena released (0 remaps of 0 chunks in 0.00 s, 0 growths of 0 chunks)
rns_dist: RNS_STRATEGY=auto form B: C 0 products 0.00 s, B 30 products 0.04 s, B4 0 products 0.00 s; extra plane memory 0.00 GiB/APU (allocations 0.00 s)
