mpb15_job 12 at 256b0f9b Mon Sep 28 04:52:36 PM CDT 2026
batch 1: job 21759 submitted Mon Sep 28 04:52:36 PM CDT 2026
batch 1: job 21759 running on ppac-pl1-s24-16 Mon Sep 28 05:15:37 PM CDT 2026
t_crt (min, real bound) rc 0 t_crt: VERIFY OK (105 checks)
t_crt (min, bound 1e6) rc 0 t_crt: VERIFY OK (105 checks)
t_crt (switch off) rc 0 t_crt: VERIFY OK (103 checks)
t_crt (min, binary: four everywhere) rc 0 t_crt: VERIFY OK (24 checks)
t_dbig 0 x (decimal, bound 4e6) rc 143 ; lines at 4 primes 0, at 3 0 (unchecked C-form lines 0); at 3 with min <= k < na + nb (moved by the switch): 0; against the rule: 0
t_newton 20 (decimal, bound 3e5) rc 1 ; lines at 4 primes 0, at 3 0 (unchecked C-form lines 0); at 3 with min <= k < na + nb (moved by the switch): 0; against the rule: 0
t_mn_grid size 2 decimal (bound 23488102) rc 1: 0 VERIFY OK, 0 FAILED; lines at 4 primes 0, at 3 0 (unchecked C-form lines 0); at 3 with min <= k < na + nb (moved by the switch): 0; against the rule: 0
t_mn_grid size 3 decimal (bound 23488102) rc 1: 0 VERIFY OK, 0 FAILED; lines at 4 primes 0, at 3 0 (unchecked C-form lines 0); at 3 with min <= k < na + nb (moved by the switch): 0; against the rule: 0
t_mn_grid size 4 decimal (bound 46976204) rc 1: 0 VERIFY OK, 0 FAILED; lines at 4 primes 0, at 3 0 (unchecked C-form lines 0); at 3 with min <= k < na + nb (moved by the switch): 0; against the rule: 0
srun: error: Slurm job 21759 has expired
srun: Check SLURM_JOB_ID environment variable. Expired or invalid job 21759
e9_k8e6_1: size 1 d 1000000000 k 8000000 RNS_VERBOSE=1: rc 1, , 0 VERIFY OK; lines at 4 primes 0, at 3 0 (unchecked C-form lines 0); at 3 with min <= k < na + nb (moved by the switch): 0; against the rule: 0; 
srun: error: Slurm job 21759 has expired
srun: Check SLURM_JOB_ID environment variable. Expired or invalid job 21759
e9_k8e6_2: size 2 d 1000000000 k 8000000 RNS_VERBOSE=1: rc 1, , 0 VERIFY OK; lines at 4 primes 0, at 3 0 (unchecked C-form lines 0); at 3 with min <= k < na + nb (moved by the switch): 0; against the rule: 0; 
srun: error: Slurm job 21759 has expired
srun: Check SLURM_JOB_ID environment variable. Expired or invalid job 21759
e9_k8e6_4: size 4 d 1000000000 k 8000000 RNS_VERBOSE=1: rc 1, , 0 VERIFY OK; lines at 4 primes 0, at 3 0 (unchecked C-form lines 0); at 3 with min <= k < na + nb (moved by the switch): 0; against the rule: 0; 
srun: error: Slurm job 21759 has expired
srun: Check SLURM_JOB_ID environment variable. Expired or invalid job 21759
e8_k2e6_1: size 1 d 100000000 k 2000000 RNS_VERBOSE=1: rc 1, , 0 VERIFY OK; lines at 4 primes 0, at 3 0 (unchecked C-form lines 0); at 3 with min <= k < na + nb (moved by the switch): 0; against the rule: 0; 
srun: error: Slurm job 21759 has expired
srun: Check SLURM_JOB_ID environment variable. Expired or invalid job 21759
e8_k2e6_2: size 2 d 100000000 k 2000000 RNS_VERBOSE=1: rc 1, , 0 VERIFY OK; lines at 4 primes 0, at 3 0 (unchecked C-form lines 0); at 3 with min <= k < na + nb (moved by the switch): 0; against the rule: 0; 
srun: error: Slurm job 21759 has expired
srun: Check SLURM_JOB_ID environment variable. Expired or invalid job 21759
e8_k2e6_3: size 3 d 100000000 k 2000000 RNS_VERBOSE=1: rc 1, , 0 VERIFY OK; lines at 4 primes 0, at 3 0 (unchecked C-form lines 0); at 3 with min <= k < na + nb (moved by the switch): 0; against the rule: 0; 
srun: error: Slurm job 21759 has expired
srun: Check SLURM_JOB_ID environment variable. Expired or invalid job 21759
e8_k2e6_4: size 4 d 100000000 k 2000000 RNS_VERBOSE=1: rc 1, , 0 VERIFY OK; lines at 4 primes 0, at 3 0 (unchecked C-form lines 0); at 3 with min <= k < na + nb (moved by the switch): 0; against the rule: 0; 
srun: error: Slurm job 21759 has expired
srun: Check SLURM_JOB_ID environment variable. Expired or invalid job 21759
e9_k2e7_3: size 3 d 1000000000 k 20000000 RNS_VERBOSE=1: rc 1, , 0 VERIFY OK; lines at 4 primes 0, at 3 0 (unchecked C-form lines 0); at 3 with min <= k < na + nb (moved by the switch): 0; against the rule: 0; 
srun: error: Slurm job 21759 has expired
srun: Check SLURM_JOB_ID environment variable. Expired or invalid job 21759
e9_k2e7_4: size 4 d 1000000000 k 20000000 RNS_VERBOSE=1: rc 1, , 0 VERIFY OK; lines at 4 primes 0, at 3 0 (unchecked C-form lines 0); at 3 with min <= k < na + nb (moved by the switch): 0; against the rule: 0; 
batch 1 done Mon Sep 28 05:16:45 PM CDT 2026
batch 2: job 21763 submitted Mon Sep 28 05:16:45 PM CDT 2026
batch 2: job 21763 running on ppac-pl1-s24-16 Mon Sep 28 05:31:06 PM CDT 2026
mnaccept unit,e9,mn (ECALC_NP=auto ECALC_NP_AUTO_MIN=1) rc 0
PASS unit t_ntt 24: t_ntt: VERIFY OK (3215 checks)
PASS unit t_mul 20: t_mul: VERIFY OK (189 checks)
PASS unit t_bs: t_bs: VERIFY OK (10 checks)
PASS unit t_dbig 0: t_dbig: VERIFY OK (555 checks)
PASS unit t_newton 20: t_newton: VERIFY OK (620 checks)
PASS unit t_verify: t_verify: VERIFY OK (334 checks)
PASS unit t_out: t_out: VERIFY OK (1 checks)
PASS unit t_mn_grid (2 procs): 2 VERIFY OK: t_mn_grid: VERIFY OK (200 checks)
PASS e9 size 1 LIMB_BASE=10: identical; total 11.94 s (bs 1.3 + 10dP 0.1 + dm 1.
PASS e9 size 1 LIMB_BASE=2: identical; total 20.96 s (bs 1.0 + 10dP 0.4 + dm 1.
PASS mn e8 size 2: identical; all 2 nodes VERIFY OK; total 7.90 s (bs 0.8 + 10dP 0.0 + dm 3.6
PASS mn e8 size 3: identical; all 3 nodes VERIFY OK; total 8.07 s (bs 1.1 + 10dP 0.0 + dm 3.5
PASS mn e8 size 4: identical; all 4 nodes VERIFY OK; total 7.73 s (bs 0.8 + 10dP 0.0 + dm 3.1
PASS mn e9 size 2: identical; all 2 nodes VERIFY OK; total 20.33 s (bs 2.9 + 10dP 0.0 + dm 12
PASS mn e9 size 4: identical; all 4 nodes VERIFY OK; total 15.59 s (bs 3.0 + 10dP 0.0 + dm 7.
mnaccept e9,mn (ECALC_NP=auto ECALC_NP_AUTO_MIN=1 ECALC_NP_AUTO_TERMS=2000000) rc 0
PASS e9 size 1 LIMB_BASE=10: identical; total 11.99 s (bs 1.4 + 10dP 0.1 + dm 1.
PASS e9 size 1 LIMB_BASE=2: identical; total 21.41 s (bs 1.0 + 10dP 0.4 + dm 1.
PASS mn e8 size 2: identical; all 2 nodes VERIFY OK; total 8.26 s (bs 0.9 + 10dP 0.0 + dm 3.9
PASS mn e8 size 3: identical; all 3 nodes VERIFY OK; total 8.50 s (bs 1.2 + 10dP 0.0 + dm 3.8
PASS mn e8 size 4: identical; all 4 nodes VERIFY OK; total 8.15 s (bs 0.9 + 10dP 0.0 + dm 3.3
PASS mn e9 size 2: identical; all 2 nodes VERIFY OK; total 24.00 s (bs 3.4 + 10dP 0.0 + dm 15
PASS mn e9 size 4: identical; all 4 nodes VERIFY OK; total 18.10 s (bs 3.5 + 10dP 0.0 + dm 8.
batch 2 done Mon Sep 28 05:55:02 PM CDT 2026
mpb15_job 12 done Mon Sep 28 05:55:02 PM CDT 2026
