== ecalc: e to 100000000000 digits (decimal limbs, base 10^18) [computed to the next multiple of 18] ==
META bench=ecalc host=ppac-pl1-s24-16 date=2026-09-26T22:40:06 pool_log=31 stg=7 pw_fuse=14 body=1 engine=1 base=10^18
ECALC_PLANE_CAP: 2^31 points (POOL_LOG=31 RNS_PLANES_3Q30=0 DIST_LOGN_TEST=31)
rns_init: three primes (ECALC_NP=3): c 2^44 + 1, c = 240, 216, 207; at most 58424467928 terms per product
RESULT ecalc init s 17.3615
      VmRSS 24.5 GB after init (staging 4.3 GB pinned + device regions 260 GB); init 17.4 s
mem [init] device 363.6 GB in use (per APU 89.7..94.3): planes 103.1, regions 135.3, block pool 124.6 (donated 0.0, borrowed 124.6, hipMalloc 0.0; live 0.0, peak live 0.0, free 0.0), tables 0.61, other 0.0
mem [init] host 24.5 GB RSS (HWM 24.5): staging 21.5 pinned, registered 0.0, X 0.0, digits 0.0, named 0.0, other 3.0
budget: ECALC_BUDGET_CHECK ok: 1 rank, largest rank peak 388.6 GB, node budget 480 GB
bs      100.87 s   N 10433891470, P 5555555560 limbs, Q 5555555560 limbs (seeds 20.1 school 0.0 batch 42.8 mdev 37.8; pool 98.5 GB; dev pools 0.0 GB)   VmRSS 8.9 GB, VmHWM 27.3 GB
RESULT ecalc bs s 100.87
mem [bs] device 365.7 GB in use (per APU 90.3..94.6): planes 103.1, regions 0.0, block pool 262.0 (donated 0.0, borrowed 262.0, hipMalloc 0.0; live 88.9, peak live 146.0, free 173.1), tables 0.61, other 0.0
mem [bs] host 8.9 GB RSS (HWM 27.3): staging 4.3 pinned, registered 0.1, X 0.0, digits 0.0, named 0.0, other 4.6
newton(db) j 1388888890 (k 5555555558): recip cut 0 pieces skipped, 6 formed in the step's two products
   dist_db 5555555560 x 2777777780 limbs: 9 x 3 pieces of 617283952 + 925925927, 24 formed, 3 skipped (low cut): 19.693 s (cache 0 slots: 0 hits, 0 misses)
   dist_db 2777777780 x 2777777779 limbs: 2 x 4 pieces of 1388888890 + 694444445, 7 formed, 1 skipped (low cut): 8.477 s (cache 0 slots: 0 hits, 0 misses)
newton(db) j 2777777779 (k 5555555558): recip cut 4 pieces skipped, 31 formed in the step's two products
recip    42.05 s   mu 5555555559 limbs (32 iterations, 0 mdev)   VmRSS 6.9 GB, VmHWM 27.3 GB
mem [recip] device 365.7 GB in use (per APU 90.3..94.6): planes 103.1, regions 0.0, block pool 262.0 (donated 0.0, borrowed 262.0, hipMalloc 0.0; live 133.3, peak live 238.9, free 128.7), tables 0.61, other 0.0
mem [recip] host 6.9 GB RSS (HWM 27.3): staging 0.0 pinned, registered 0.1, X 0.0, digits 0.0, named 0.0, other 6.8
      I3: P, Q residues by kernel 1.33 s (before the reciprocal), S = P + Q on device 0.15 s; no host A
10dP      0.15 s   T 5555555556 limbs, A 11111111116 limbs (0 mdev, 0 splits)   VmRSS 6.9 GB, VmHWM 27.3 GB
RESULT ecalc 10dP s 0.145262
   dist_db 5555555557 x 5555555558 limbs: 7 x 7 pieces of 793650794 + 793650794, 28 formed, 21 skipped (low cut): 25.574 s (cache 0 slots: 0 hits, 0 misses)
   dist_db 5555555557 x 5555555560 limbs: 7 x 7 pieces of 793650794 + 793650795, 31 formed, 18 skipped (low product): 28.396 s (cache 0 slots: 0 hits, 0 misses)
mem [division] device 365.7 GB in use (per APU 90.3..94.6): planes 103.1, regions 0.0, block pool 262.0 (donated 0.0, borrowed 262.0, hipMalloc 0.0; live 44.4, peak live 238.9, free 217.5), tables 0.61, other 0.0
mem [division] host 7.9 GB RSS (HWM 27.3): staging 0.0 pinned, registered 0.1, X 0.0, digits 0.0, named 0.0, other 7.8
dm      100.54 s   X 5555555557 limbs, R 0 limbs (recip 42.0 s; corrections 0/2; 0 mdev); X on the device   VmRSS 7.9 GB, VmHWM 27.3 GB
mem [dm] device 365.7 GB in use (per APU 90.3..94.6): planes 103.1, regions 0.0, block pool 262.0 (donated 0.0, borrowed 262.0, hipMalloc 0.0; live 44.4, peak live 238.9, free 217.5), tables 0.61, other 0.0
mem [dm] host 7.9 GB RSS (HWM 27.3): staging 0.0 pinned, registered 0.1, X 0.0, digits 0.0, named 0.0, other 7.8
RESULT ecalc dm s 100.535
T1       20.95 s   ok: T(P+Q) == XQ + R and P, Q mod q for 8 primes (P, Q recurrence overlapped with bs)
      overlapped with bs: P, Q mod q recurrence 11.35 s, block pool pregrown by 0 GB in 0.00 s
RESULT ecalc T1 s 20.9505
      VmRSS 7.9 GB before dc
total   240.06 s   (bs 100.9 + 10dP 0.1 + dm 100.5 + T1 21.0 + dc 0.0 + T2 0.0 = 222.5; init 17.4; other 0.2); VmHWM 27.3 GB
RESULT ecalc total s 240.058
RESULT ecalc phases s 222.501
RESULT ecalc other s 0.195913
RESULT ecalc vmhwm GB 27.2626
paper A22 (4e10): 285.7 = bs 112.2 + 10dP 12.6 + dm 46.8 + T1 ~3 + dc 110.3
      X corrected after the formatting started: redoing the digits
dc       57.11 s   digits [0, 100000000009) of 100000000009 formatted from 5555555557 decimal limbs in 373 chunks (streamed with the low product; joined after total) (residues 0.66, format 3.48, digit residue 3.49, T2 0.00, fetch 0.89, waiting for the writer 49.13)
RESULT ecalc dc s 57.1109
T2        0.00 s   windows ok (4 checked), digits == X mod q ok (overlapped)
RESULT ecalc T2 s 0
digits: 27182818284590452353602874713526624977572470936999595749669676...37703810896884928977
wrote /tmp/p15_e1e11.out (100.00 GB; write 56.98 s in the writer thread, 0.11 s after the checks)
VERIFY OK
mem [end] device 103.7 GB in use (per APU 25.9..25.9): planes 103.1, regions 0.0, block pool 0.0 (donated 0.0, borrowed 0.0, hipMalloc 0.0; live 0.0, peak live 238.9, free 0.0), tables 0.61, other 0.0
mem [end] host 7.0 GB RSS (HWM 27.3): staging 0.0 pinned, registered 0.1, X 0.0, digits 0.0, named 0.0, other 6.9
mem summary: bytes in use at each phase boundary, GB (device: all APUs / largest APU; host: this process)
mem phase           device  maxAPU |  planes regions  pl:don  pl:bor  pl:hip pl:live pl:peak tables |    host staging  regist       X  digits   other     HWM
mem init             363.6    94.3 |   103.1   135.3     0.0   124.6     0.0     0.0     0.0   0.61 |    24.5    21.5     0.0     0.0     0.0     3.0    24.5
mem bs               365.7    94.6 |   103.1     0.0     0.0   262.0     0.0    88.9   146.0   0.61 |     8.9     4.3     0.1     0.0     0.0     4.6    27.3
mem recip            365.7    94.6 |   103.1     0.0     0.0   262.0     0.0   133.3   238.9   0.61 |     6.9     0.0     0.1     0.0     0.0     6.8    27.3
mem division         365.7    94.6 |   103.1     0.0     0.0   262.0     0.0    44.4   238.9   0.61 |     7.9     0.0     0.1     0.0     0.0     7.8    27.3
mem dm               365.7    94.6 |   103.1     0.0     0.0   262.0     0.0    44.4   238.9   0.61 |     7.9     0.0     0.1     0.0     0.0     7.8    27.3
mem end              103.7    25.9 |   103.1     0.0     0.0     0.0     0.0     0.0   238.9   0.61 |     7.0     0.0     0.1     0.0     0.0     6.9    27.3
rns_dist: RNS_STRATEGY=auto form B: C 14 products 12.06 s, B 198 products 68.35 s, B4 0 products 0.00 s; extra plane memory 0.00 GiB/APU (allocations 0.00 s)
