p15_job batch 21: job 21472 submitted Sat Sep 26 10:29:21 PM CDT 2026
job 21472 running on ppac-pl1-s24-16 Sat Sep 26 10:40:02 PM CDT 2026
e1e11 rc 0 total   240.06 s   (bs 100.9 + 10dP 0.1 + dm 100.5 + T1 21.0 + dc 0.0 + T2 0.0 = 222.5; init 17.4; other 0.2); VmHWM 27.3 GB
VERIFY OK
-rw-r--r-- 1 chcoppola mpo_2026 100000000003 Sep 26 22:45 /tmp/p15_e1e11.out
-rw-r--r-- 1 chcoppola mpo_2026          894 Sep 26 22:45 /tmp/p15_e1e11.out.t1
sha1 578f5efb0ff2b9af6b681a375c9ff39197f55cb7 ref 578f5efb0ff2b9af6b681a375c9ff39197f55cb7
SHA1 IDENTICAL
t_roots rc 0 t_roots: VERIFY OK (2789 checks)
big33 rc 0 t_dist: VERIFY OK (1 checks)
big34 rc 0 t_dist: VERIFY OK (1 checks)
mnaccept rc 0
PASS unit t_ntt 24: t_ntt: VERIFY OK (3215 checks)
PASS unit t_mul 20: t_mul: VERIFY OK (189 checks)
PASS unit t_bs: t_bs: VERIFY OK (10 checks)
PASS unit t_dbig 0: t_dbig: VERIFY OK (555 checks)
PASS unit t_newton 20: t_newton: VERIFY OK (620 checks)
PASS unit t_verify: t_verify: VERIFY OK (334 checks)
PASS unit t_out: t_out: VERIFY OK (1 checks)
PASS unit t_mn_grid (2 procs): 2 VERIFY OK: t_mn_grid: VERIFY OK (200 checks)
PASS e9 size 1 LIMB_BASE=10: identical; total 11.36 s (bs 1.3 + 10dP 0.1 + dm 1.
PASS e9 size 1 LIMB_BASE=2: identical; total 19.60 s (bs 0.9 + 10dP 0.4 + dm 1.
PASS mn e8 size 2: identical; all 2 nodes VERIFY OK; total 7.60 s (bs 0.7 + 10dP 0.0 + dm 3.5
PASS mn e8 size 3: identical; all 3 nodes VERIFY OK; total 8.84 s (bs 1.3 + 10dP 0.0 + dm 3.8
PASS mn e8 size 4: identical; all 4 nodes VERIFY OK; total 7.76 s (bs 0.9 + 10dP 0.0 + dm 3.4
PASS mn e9 size 2: identical; all 2 nodes VERIFY OK; total 21.36 s (bs 2.9 + 10dP 0.0 + dm 13
PASS mn e9 size 4: identical; all 4 nodes VERIFY OK; total 16.14 s (bs 3.0 + 10dP 0.0 + dm 7.
p15_job batch 21 done Sat Sep 26 11:09:44 PM CDT 2026
