== MAP run d0: 100000000000 nw, env: ECALC_INIT_TL=1; job 21659 on ppac-pl1-s24-30, clone at 2add00f, 2026-09-27 21:21:25 CDT
== ecalc: e to 100000000000 digits (decimal limbs, base 10^18) [computed to the next multiple of 18] ==
META bench=ecalc host=ppac-pl1-s24-30 date=2026-09-27T21:21:26 pool_log=31 stg=7 pw_fuse=14 body=1 engine=1 base=10^18
ECALC_PLANE_CAP: 2^31 points (POOL_LOG=31 RNS_PLANES_3Q30=0 DIST_LOGN_TEST=31)
tl    0.00  rns_init begins
rns_init: three primes (ECALC_NP=3): c 2^44 + 1, c = 240, 216, 207; at most 58424467928 terms per product
tl    1.81  staging and contexts done (1.51 s)
tl    6.88  plane pools done (5.07 s)
tl    6.97  seed thread starts (all threads)
tl    7.25  APU2 arena: mapping chunks 0..14 of 30 (the parity-0 half)
tl    7.25  APU3 arena: mapping chunks 0..13 of 30 (the parity-0 half)
tl    7.82  APU0 arena: mapping chunks 0..19 of 39 (the parity-0 half)
tl    8.58  seed thread: buffers allocated (1.60 s)
tl    8.74  APU1 arena: mapping chunks 0..14 of 30 (the parity-0 half)
tl   12.22  seed thread: 2 chunks computed, waiting for the region pools
tl   14.77  APU3 arena: 14 chunks mapped in 7.52 s (create 1.32, map 5.58, access 0.60, zero 0.02)
dbig pool: APU3 VMM arena 64.42 GB = 30 chunks of 2.00 GiB, the first 14 mapped in 7.58 s (0.252 s/GB), the rest in the background, VA 195.4 GB reserved at 0x740bd3a00000
tl   16.13  APU0 arena: 20 chunks mapped in 8.31 s (create 5.03, map 2.35, access 0.92, zero 0.01)
dbig pool: APU0 VMM arena 83.75 GB = 39 chunks of 2.00 GiB, the first 20 mapped in 8.94 s (0.208 s/GB), the rest in the background, VA 253.4 GB reserved at 0x73d0d3800000
tl   16.85  APU1 arena: 15 chunks mapped in 8.11 s (create 3.84, map 0.00, access 4.26, zero 0.01)
dbig pool: APU1 VMM arena 64.42 GB = 30 chunks of 2.00 GiB, the first 15 mapped in 9.66 s (0.300 s/GB), the rest in the background, VA 195.4 GB reserved at 0x739ebfe00000
tl   19.13  APU2 arena: 15 chunks mapped in 11.88 s (create 3.66, map 7.55, access 0.66, zero 0.01)
dbig pool: APU2 VMM arena 64.42 GB = 30 chunks of 2.00 GiB, the first 15 mapped in 11.94 s (0.371 s/GB), the rest in the background, VA 195.4 GB reserved at 0x743953c00000
bs: arenas 273.6 GB allocated in 11.94 s (layout pass 0.22 s; dm extra 12.4 GB, tails 90.3 GB)
      init: region pools 12.16 s (inside rns_init, before the plane pools: the seeds stream into them)
tl   19.13  the hook (region arenas, the seed thread started) done
tl   19.14  seed thread: the region pools are there (waited 6.92 s)
tl   19.41  peer access done (0.27 s)
tl   19.41  the background mapping is released
      init: rns_init 19.42 s, region pools 0.00 s, the rest 0.00 s
RESULT ecalc init s 19.4185
tl   19.41  APU3 background mapping starts at chunk 14 of 30 (the parity-1 half ends at chunk 26)
tl   19.41  APU0 background mapping starts at chunk 20 of 39 (the parity-1 half ends at chunk 38)
tl   19.41  APU1 background mapping starts at chunk 15 of 30 (the parity-1 half ends at chunk 28)
tl   19.41  APU2 background mapping starts at chunk 15 of 30 (the parity-1 half ends at chunk 28)
      VmRSS 24.5 GB after init (staging 4.3 GB pinned + device regions 274 GB); init 19.4 s
mem [init] device 377.3 GB in use (per APU 89.7..108.1): planes 103.1, regions 136.2, block pool 137.4 (donated 0.0, borrowed 137.4, hipMalloc 0.0; live 0.0, peak live 0.0, free 0.0), tables 0.61, other 0.0
mem [init] host 24.5 GB RSS (HWM 24.5): staging 21.5 pinned, registered 0.0, X 0.0, digits 0.0, named 0.0, other 3.1
budget: rank 0: peak 402.4 GB (device 377.3, host 25.1), still to take 0.0 GB | node of 1 rank: peaks 402.4 of 480 GB, to take 0.0 of MemAvailable 261.1 GB | rank share 480.0 GB
budget: ECALC_BUDGET_CHECK ok: 1 rank, largest rank peak 402.4 GB, node budget 480 GB
tl   19.73  bs: joining the seed thread
tl   23.75  APU0 background: the parity-1 half is mapped (chunk 38)
tl   23.75  APU0 background mapping done: 19 chunks in 4.34 s (create 3.07, map 0.01, access 1.11, zero 0.02, queued for the mapper lock 0.00)
tl   27.89  APU1 background: the parity-1 half is mapped (chunk 28)
tl   29.50  APU3 background: the parity-1 half is mapped (chunk 26)
tl   32.66  APU2 background: the parity-1 half is mapped (chunk 28)
tl   32.87  APU2 background mapping done: 15 chunks in 13.47 s (create 2.54, map 0.01, access 0.82, zero 0.01, queued for the mapper lock 9.67)
tl   33.08  APU1 background mapping done: 15 chunks in 13.68 s (create 2.74, map 0.00, access 0.90, zero 0.01, queued for the mapper lock 9.60)
tl   33.62  APU3 background mapping done: 16 chunks in 14.21 s (create 1.88, map 0.00, access 0.95, zero 0.01, queued for the mapper lock 10.91)
tl   35.17  seed thread: every span computed (12 chunks, spans 17.05 s)
tl   35.49  seed thread ends (28.52 s)
tl   35.50  bs: the seeds are joined
bs: seeds were computed during init (28.52 s: buffers 1.60 + 0.14, spans 17.05, waited 6.92 for the regions, 0.69 for the DMA, 2.12 issuing it (max 0.82); 12 chunks of 8191 MB, 12 through a buffer, the rest stored into the regions; BI_MUL1_FAST=1)
bs: 10433891470 terms, 45562845 spans of 229, seeds 15.78 s (waiting for the init thread)
dbig pool: APU0 VMM arena: the background thread mapped chunks 0..38 in 4.48 s
tl   35.96  bs: level 1 starts (its pools are there)
bs:   layout 1.042  batch 3.875  add+norm 0.314
tl   40.74  bs: level 1 done (batch, 5.23 s)
bs: level  1 batch  22781422 pairs  max_nl        128  pool  89.34 GB  5.23 s  (batch 3.00: scatter 0.30 ntt 1.45 crt 0.19 merge 0.12)
live: bs level 1 batch               pool live 0.00 0.00 0.00 0.00 | window peak 0.00 0.00 0.00 0.00 | pool 1.61 0.60 0.60 0.60 GB per APU; peak/pool 0.0 %; MemAvailable 133.9 GB, Cached 0.7 GB
tl   40.97  bs: level 2 starts (its pools are there)
bs:   layout 0.439  batch 1.813  add+norm 0.068
tl   43.08  bs: level 2 done (batch, 2.32 s)
bs: level  2 batch  11390711 pairs  max_nl        255  pool  89.11 GB  2.32 s  (batch 1.40: scatter 0.14 ntt 0.69 crt 0.18 merge 0.05)
live: bs level 2 batch               pool live 0.00 0.00 0.00 0.00 | window peak 0.00 0.00 0.00 0.00 | pool 1.61 0.60 0.60 0.60 GB per APU; peak/pool 0.0 %; MemAvailable 135.6 GB, Cached 0.7 GB
tl   43.17  bs: level 3 starts (its pools are there)
bs:   layout 0.233  batch 1.005  add+norm 0.032
tl   44.35  bs: level 3 done (batch, 1.27 s)
bs: level  3 batch   5695356 pairs  max_nl        510  pool  89.00 GB  1.27 s  (batch 0.80: scatter 0.07 ntt 0.35 crt 0.18 merge 0.02)
live: bs level 3 batch               pool live 0.00 0.00 0.00 0.00 | window peak 0.00 0.00 0.00 0.00 | pool 1.61 0.60 0.60 0.60 GB per APU; peak/pool 0.0 %; MemAvailable 136.5 GB, Cached 0.7 GB
bs:   layout 0.079  batch 0.819  add+norm 0.018
bs: level  4 batch   2847678 pairs  max_nl       1020  pool  88.95 GB  0.92 s  (batch 0.72: scatter 0.07 ntt 0.37 crt 0.18 merge 0.01)
live: bs level 4 batch               pool live 0.00 0.00 0.00 0.00 | window peak 0.00 0.00 0.00 0.00 | pool 1.61 0.60 0.60 0.60 GB per APU; peak/pool 0.0 %; MemAvailable 137.0 GB, Cached 0.7 GB
bs:   layout 0.043  batch 0.754  add+norm 0.010
bs: level  5 batch   1423839 pairs  max_nl       2040  pool  88.92 GB  0.81 s  (batch 0.70: scatter 0.07 ntt 0.40 crt 0.17 merge 0.02)
live: bs level 5 batch               pool live 0.00 0.00 0.00 0.00 | window peak 0.00 0.00 0.00 0.00 | pool 1.61 0.60 0.60 0.60 GB per APU; peak/pool 0.0 %; MemAvailable 137.3 GB, Cached 0.7 GB
bs:   layout 0.023  batch 0.877  add+norm 0.006
bs: level  6 batch    711919 pairs  max_nl       4079  pool  88.90 GB  0.91 s  (batch 0.85: scatter 0.07 ntt 0.56 crt 0.17 merge 0.03)
live: bs level 6 batch               pool live 0.00 0.00 0.00 0.00 | window peak 0.00 0.00 0.00 0.00 | pool 1.61 0.60 0.60 0.60 GB per APU; peak/pool 0.0 %; MemAvailable 137.4 GB, Cached 0.7 GB
bs:   layout 0.019  batch 0.758  add+norm 0.004
bs: level  7 batch    355960 pairs  max_nl       8158  pool  88.90 GB  0.78 s  (batch 0.75: scatter 0.06 ntt 0.49 crt 0.17 merge 0.01)
live: bs level 7 batch               pool live 0.00 0.00 0.00 0.00 | window peak 0.00 0.00 0.00 0.00 | pool 1.61 0.60 0.60 0.60 GB per APU; peak/pool 0.0 %; MemAvailable 137.4 GB, Cached 0.7 GB
bs:   layout 0.028  batch 0.780  add+norm 0.002
bs: level  8 batch    177980 pairs  max_nl      16315  pool  88.89 GB  0.81 s  (batch 0.77: scatter 0.06 ntt 0.53 crt 0.17 merge 0.01)
live: bs level 8 batch               pool live 0.00 0.00 0.00 0.00 | window peak 0.00 0.00 0.00 0.00 | pool 1.61 0.60 0.60 0.60 GB per APU; peak/pool 0.0 %; MemAvailable 137.4 GB, Cached 0.7 GB
bs:   layout 0.002  batch 0.774  add+norm 0.001
bs: level  9 batch     88990 pairs  max_nl      32629  pool  88.89 GB  0.78 s  (batch 0.77: scatter 0.06 ntt 0.52 crt 0.18 merge 0.00)
live: bs level 9 batch               pool live 0.00 0.00 0.00 0.00 | window peak 0.00 0.00 0.00 0.00 | pool 1.61 0.60 0.60 0.60 GB per APU; peak/pool 0.0 %; MemAvailable 137.4 GB, Cached 0.7 GB
bs:   layout 0.009  batch 0.743  add+norm 0.000
bs: level 10 batch     44495 pairs  max_nl      65258  pool  88.89 GB  0.75 s  (batch 0.74: scatter 0.06 ntt 0.49 crt 0.19 merge 0.00)
live: bs level 10 batch              pool live 0.00 0.00 0.00 0.00 | window peak 0.00 0.00 0.00 0.00 | pool 1.61 0.60 0.60 0.60 GB per APU; peak/pool 0.0 %; MemAvailable 137.5 GB, Cached 0.7 GB
bs:   layout 0.001  batch 0.774  add+norm 0.000
bs: level 11 batch     22247 pairs  max_nl     130516  pool  88.89 GB  0.77 s  (batch 0.77: scatter 0.06 ntt 0.51 crt 0.20 merge 0.00)
live: bs level 11 batch              pool live 0.00 0.00 0.00 0.00 | window peak 0.00 0.00 0.00 0.00 | pool 1.61 0.60 0.60 0.60 GB per APU; peak/pool 0.0 %; MemAvailable 137.5 GB, Cached 0.7 GB
bs:   layout 0.002  batch 0.791  add+norm 0.000
bs: level 12 batch     11124 pairs  max_nl     261032  pool  88.89 GB  0.79 s  (batch 0.79: scatter 0.06 ntt 0.53 crt 0.20 merge 0.00)
live: bs level 12 batch              pool live 0.00 0.00 0.00 0.00 | window peak 0.00 0.00 0.00 0.00 | pool 1.61 0.60 0.60 0.60 GB per APU; peak/pool 0.0 %; MemAvailable 137.5 GB, Cached 0.7 GB
bs:   layout 0.000  batch 1.008  add+norm 0.000
bs: level 13 batch      5562 pairs  max_nl     522061  pool  88.89 GB  1.01 s  (batch 1.01: scatter 0.06 ntt 0.69 crt 0.25 merge 0.00)
live: bs level 13 batch              pool live 0.00 0.00 0.00 0.00 | window peak 0.00 0.00 0.00 0.00 | pool 1.61 0.60 0.60 0.60 GB per APU; peak/pool 0.0 %; MemAvailable 137.5 GB, Cached 0.7 GB
bs:   layout 0.001  batch 0.991  add+norm 0.000
bs: level 14 batch      2781 pairs  max_nl    1044116  pool  88.89 GB  0.99 s  (batch 0.99: scatter 0.06 ntt 0.72 crt 0.21 merge 0.00)
live: bs level 14 batch              pool live 0.00 0.00 0.00 0.00 | window peak 0.00 0.00 0.00 0.00 | pool 1.61 0.60 0.60 0.60 GB per APU; peak/pool 0.0 %; MemAvailable 137.5 GB, Cached 0.7 GB
bs:   layout 0.000  batch 1.032  add+norm 0.000
bs: level 15 batch      1390 pairs  max_nl    2088208  pool  88.89 GB  1.03 s  (batch 1.03: scatter 0.06 ntt 0.75 crt 0.22 merge 0.00)
live: bs level 15 batch              pool live 0.00 0.00 0.00 0.00 | window peak 0.00 0.00 0.00 0.00 | pool 1.61 0.60 0.60 0.60 GB per APU; peak/pool 0.0 %; MemAvailable 137.5 GB, Cached 0.7 GB
bs:   layout 0.000  batch 0.996  add+norm 0.000
bs: level 16 batch       695 pairs  max_nl    4176382  pool  88.89 GB  1.00 s  (batch 1.00: scatter 0.06 ntt 0.75 crt 0.19 merge 0.00)
live: bs level 16 batch              pool live 0.00 0.00 0.00 0.00 | window peak 0.00 0.00 0.00 0.00 | pool 1.61 0.60 0.60 0.60 GB per APU; peak/pool 0.0 %; MemAvailable 137.5 GB, Cached 0.7 GB
bs:   layout 0.000  batch 1.014  add+norm 0.000
bs: level 17 batch       348 pairs  max_nl    8352633  pool  88.89 GB  1.01 s  (batch 1.01: scatter 0.06 ntt 0.77 crt 0.19 merge 0.00)
live: bs level 17 batch              pool live 0.00 0.00 0.00 0.00 | window peak 0.00 0.00 0.00 0.00 | pool 1.61 0.60 0.60 0.60 GB per APU; peak/pool 0.0 %; MemAvailable 137.5 GB, Cached 0.7 GB
bs:   layout 0.000  batch 1.001  add+norm 0.000
bs: level 18 batch       174 pairs  max_nl   16703700  pool  88.89 GB  1.00 s  (batch 1.00: scatter 0.06 ntt 0.75 crt 0.19 merge 0.00)
live: bs level 18 batch              pool live 0.00 0.00 0.00 0.00 | window peak 0.00 0.00 0.00 0.00 | pool 1.61 0.60 0.60 0.60 GB per APU; peak/pool 0.0 %; MemAvailable 137.5 GB, Cached 0.7 GB
bs:   layout 0.000  batch 1.039  add+norm 0.000
bs: level 19 batch        87 pairs  max_nl   33401115  pool  88.89 GB  1.04 s  (batch 1.04: scatter 0.07 ntt 0.78 crt 0.19 merge 0.00)
live: bs level 19 batch              pool live 0.00 0.00 0.00 0.00 | window peak 0.00 0.00 0.00 0.00 | pool 1.61 0.60 0.60 0.60 GB per APU; peak/pool 0.0 %; MemAvailable 137.5 GB, Cached 0.7 GB
bs:   layout 0.000  batch 1.195  add+norm 0.001
bs: level 20 batch        43 pairs  max_nl   66776918  pool  88.89 GB  1.20 s  (batch 1.20: scatter 0.06 ntt 0.93 crt 0.19 merge 0.01)
live: bs level 20 batch              pool live 0.00 0.00 0.00 0.00 | window peak 0.00 0.00 0.00 0.00 | pool 1.61 0.60 0.60 0.60 GB per APU; peak/pool 0.0 %; MemAvailable 137.5 GB, Cached 0.7 GB
bs:   layout 0.000  batch 1.333  add+norm 0.000
bs: level 21 batch        22 pairs  max_nl  133519754  pool  88.89 GB  1.33 s  (batch 1.33: scatter 0.08 ntt 1.05 crt 0.21 merge 0.01)
live: bs level 21 batch              pool live 0.00 0.00 0.00 0.00 | window peak 0.00 0.00 0.00 0.00 | pool 1.61 0.60 0.60 0.60 GB per APU; peak/pool 0.0 %; MemAvailable 137.5 GB, Cached 0.7 GB
bs:   layout 0.000  batch 1.874  add+norm 0.000
bs: level 22 batch        11 pairs  max_nl  266622276  pool  88.89 GB  1.87 s  (batch 1.87: scatter 0.38 ntt 1.39 crt 0.22 merge 0.01)
live: bs level 22 batch              pool live 0.00 0.00 0.00 0.00 | window peak 0.00 0.00 0.00 0.00 | pool 1.61 0.60 0.60 0.60 GB per APU; peak/pool 0.0 %; MemAvailable 137.5 GB, Cached 0.7 GB
bs:   layout 0.000  batch 2.893  add+norm 0.126
bs: level 23 batch         5 pairs  max_nl  531475219  pool  88.89 GB  3.02 s  (batch 2.89: scatter 0.72 ntt 2.18 crt 0.68 merge 0.02)
live: bs level 23 batch              pool live 0.00 0.00 0.00 0.00 | window peak 0.00 0.00 0.00 0.00 | pool 1.61 0.60 0.60 0.60 GB per APU; peak/pool 0.0 %; MemAvailable 137.5 GB, Cached 0.7 GB
dbig pool: APU1 VMM arena: the background thread mapped chunks 0..29 in 13.81 s
dbig pool: APU2 VMM arena: the background thread mapped chunks 0..29 in 13.63 s
dbig pool: APU3 VMM arena: the background thread mapped chunks 0..29 in 14.21 s
bs: level 24 mdev          3 pairs  max_nl 1060370187  pool  88.89 GB  5.45 s  (batch 0.00: scatter 0.00 ntt 0.00 crt 0.00 merge 0.00)
live: bs level 24 mdev               pool live 22.22 22.22 22.22 22.22 | window peak 22.22 22.22 22.22 22.22 | pool 83.75 64.42 64.42 64.42 GB per APU; peak/pool 32.1 %; MemAvailable 136.6 GB, Cached 0.7 GB
bs: level 25 mdev          1 pairs  max_nl 2081569213  pool  88.89 GB  9.21 s  (batch 0.00: scatter 0.00 ntt 0.00 crt 0.00 merge 0.00)
live: bs level 25 mdev               pool live 22.22 22.22 22.22 22.22 | window peak 34.33 34.33 34.33 34.33 | pool 83.75 64.42 64.42 64.42 GB per APU; peak/pool 49.6 %; MemAvailable 136.6 GB, Cached 0.7 GB
bs: level 26 mdev          1 pairs  max_nl 4034632653  pool  88.89 GB  14.17 s  (batch 0.00: scatter 0.00 ntt 0.00 crt 0.00 merge 0.00)
live: bs level 26 mdev               pool live 22.22 22.22 22.22 22.22 | window peak 37.54 37.54 37.54 37.54 | pool 83.75 64.42 64.42 64.42 GB per APU; peak/pool 54.2 %; MemAvailable 136.6 GB, Cached 0.7 GB
bs       75.39 s   N 10433891470, P 5555555560 limbs, Q 5555555560 limbs (seeds 15.8 school 0.0 batch 30.6 mdev 28.8; pool 99.1 GB; dev pools 0.0 GB)   VmRSS 9.1 GB, VmHWM 27.7 GB
RESULT ecalc bs s 75.3918
mem [bs] device 380.7 GB in use (per APU 90.3..109.7): planes 103.1, regions 0.0, block pool 277.0 (donated 0.0, borrowed 277.0, hipMalloc 0.0; live 88.9, peak live 150.2, free 188.1), tables 0.61, other 0.0
mem [bs] host 9.1 GB RSS (HWM 27.7): staging 4.3 pinned, registered 0.1, X 0.0, digits 0.0, named 0.0, other 4.7
      I3: plane pool tails donated: 0.0 GB
dbig pool: APU1 VMM remap for a 11.11 GB request: 6 free chunks moved to slot 30 (12.88 GB contiguous) in 0.295 s; free 19.98 GB in 5 extents, live 44.44 GB
dbig pool: APU2 VMM remap for a 11.11 GB request: 6 free chunks moved to slot 30 (12.88 GB contiguous) in 0.242 s; free 19.98 GB in 5 extents, live 44.44 GB
dbig pool: APU3 VMM remap for a 11.11 GB request: 6 free chunks moved to slot 30 (12.88 GB contiguous) in 0.261 s; free 19.98 GB in 5 extents, live 44.44 GB
live: recip(db) j 2 -> 3             pool live 55.56 55.56 55.56 55.56 | window peak 55.56 55.56 55.56 55.56 | pool 83.75 64.42 64.42 64.42 GB per APU; peak/pool 80.2 %; MemAvailable 138.7 GB, Cached 0.7 GB
live: recip(db) j 3 -> 6             pool live 55.56 55.56 55.56 55.56 | window peak 55.56 55.56 55.56 55.56 | pool 83.75 64.42 64.42 64.42 GB per APU; peak/pool 80.2 %; MemAvailable 138.7 GB, Cached 0.7 GB
live: recip(db) j 6 -> 11            pool live 55.56 55.56 55.56 55.56 | window peak 55.56 55.56 55.56 55.56 | pool 83.75 64.42 64.42 64.42 GB per APU; peak/pool 80.2 %; MemAvailable 138.7 GB, Cached 0.7 GB
live: recip(db) j 11 -> 21           pool live 55.56 55.56 55.56 55.56 | window peak 55.56 55.56 55.56 55.56 | pool 83.75 64.42 64.42 64.42 GB per APU; peak/pool 80.2 %; MemAvailable 138.7 GB, Cached 0.7 GB
live: recip(db) j 21 -> 42           pool live 55.56 55.56 55.56 55.56 | window peak 55.56 55.56 55.56 55.56 | pool 83.75 64.42 64.42 64.42 GB per APU; peak/pool 80.2 %; MemAvailable 138.7 GB, Cached 0.7 GB
live: recip(db) j 42 -> 83           pool live 55.56 55.56 55.56 55.56 | window peak 55.56 55.56 55.56 55.56 | pool 83.75 64.42 64.42 64.42 GB per APU; peak/pool 80.2 %; MemAvailable 138.7 GB, Cached 0.7 GB
live: recip(db) j 83 -> 166          pool live 55.56 55.56 55.56 55.56 | window peak 55.56 55.56 55.56 55.56 | pool 83.75 64.42 64.42 64.42 GB per APU; peak/pool 80.2 %; MemAvailable 138.7 GB, Cached 0.7 GB
live: recip(db) j 166 -> 332         pool live 55.56 55.56 55.56 55.56 | window peak 55.56 55.56 55.56 55.56 | pool 83.75 64.42 64.42 64.42 GB per APU; peak/pool 80.2 %; MemAvailable 138.7 GB, Cached 0.7 GB
live: recip(db) j 332 -> 663         pool live 55.56 55.56 55.56 55.56 | window peak 55.56 55.56 55.56 55.56 | pool 83.75 64.42 64.42 64.42 GB per APU; peak/pool 80.2 %; MemAvailable 138.7 GB, Cached 0.7 GB
live: recip(db) j 663 -> 1325        pool live 55.56 55.56 55.56 55.56 | window peak 55.56 55.56 55.56 55.56 | pool 83.75 64.42 64.42 64.42 GB per APU; peak/pool 80.2 %; MemAvailable 138.7 GB, Cached 0.7 GB
live: recip(db) j 1325 -> 2650       pool live 55.56 55.56 55.56 55.56 | window peak 55.56 55.56 55.56 55.56 | pool 83.75 64.42 64.42 64.42 GB per APU; peak/pool 80.2 %; MemAvailable 138.7 GB, Cached 0.7 GB
live: recip(db) j 2650 -> 5299       pool live 55.56 55.56 55.56 55.56 | window peak 55.56 55.56 55.56 55.56 | pool 83.75 64.42 64.42 64.42 GB per APU; peak/pool 80.2 %; MemAvailable 138.7 GB, Cached 0.7 GB
live: recip(db) j 5299 -> 10597      pool live 55.56 55.56 55.56 55.56 | window peak 55.56 55.56 55.56 55.56 | pool 83.75 64.42 64.42 64.42 GB per APU; peak/pool 80.2 %; MemAvailable 138.7 GB, Cached 0.7 GB
live: recip(db) j 10597 -> 21193     pool live 55.56 55.56 55.56 55.56 | window peak 55.56 55.56 55.56 55.56 | pool 83.75 64.42 64.42 64.42 GB per APU; peak/pool 80.2 %; MemAvailable 138.7 GB, Cached 0.7 GB
live: recip(db) j 21193 -> 42386     pool live 55.56 55.56 55.56 55.56 | window peak 55.56 55.56 55.56 55.56 | pool 83.75 64.42 64.42 64.42 GB per APU; peak/pool 80.2 %; MemAvailable 138.7 GB, Cached 0.7 GB
live: recip(db) j 42386 -> 84772     pool live 55.56 55.56 55.56 55.56 | window peak 55.56 55.56 55.56 55.56 | pool 83.75 64.42 64.42 64.42 GB per APU; peak/pool 80.2 %; MemAvailable 138.7 GB, Cached 0.7 GB
live: recip(db) j 84772 -> 169543    pool live 55.56 55.56 55.56 55.56 | window peak 55.56 55.56 55.56 55.56 | pool 83.75 64.42 64.42 64.42 GB per APU; peak/pool 80.2 %; MemAvailable 138.7 GB, Cached 0.7 GB
live: recip(db) j 169543 -> 339085   pool live 55.56 55.56 55.56 55.56 | window peak 55.56 55.56 55.56 55.56 | pool 83.75 64.42 64.42 64.42 GB per APU; peak/pool 80.2 %; MemAvailable 138.7 GB, Cached 0.7 GB
live: recip(db) j 339085 -> 678169   pool live 55.56 55.56 55.56 55.56 | window peak 55.56 55.56 55.56 55.56 | pool 83.75 64.42 64.42 64.42 GB per APU; peak/pool 80.2 %; MemAvailable 138.7 GB, Cached 0.7 GB
live: recip(db) j 678169 -> 1356337  pool live 55.56 55.56 55.56 55.56 | window peak 55.56 55.56 55.56 55.56 | pool 83.75 64.42 64.42 64.42 GB per APU; peak/pool 80.2 %; MemAvailable 138.7 GB, Cached 0.7 GB
live: recip(db) j 1356337 -> 2712674 pool live 55.56 55.56 55.56 55.56 | window peak 55.56 55.56 55.56 55.56 | pool 83.75 64.42 64.42 64.42 GB per APU; peak/pool 80.2 %; MemAvailable 138.7 GB, Cached 0.7 GB
live: recip(db) j 2712674 -> 5425348 pool live 55.56 55.56 55.56 55.56 | window peak 55.56 55.56 55.56 55.56 | pool 83.75 64.42 64.42 64.42 GB per APU; peak/pool 80.2 %; MemAvailable 138.7 GB, Cached 0.7 GB
live: recip(db) j 5425348 -> 10850695 pool live 55.56 55.56 55.56 55.56 | window peak 55.56 55.56 55.56 55.56 | pool 83.75 64.42 64.42 64.42 GB per APU; peak/pool 80.2 %; MemAvailable 138.7 GB, Cached 0.7 GB
live: recip(db) j 10850695 -> 21701389 pool live 55.56 55.56 55.56 55.56 | window peak 55.56 55.56 55.56 55.56 | pool 83.75 64.42 64.42 64.42 GB per APU; peak/pool 80.2 %; MemAvailable 138.7 GB, Cached 0.7 GB
live: recip(db) j 21701389 -> 43402778 pool live 55.56 55.56 55.56 55.56 | window peak 55.56 55.56 55.56 55.56 | pool 83.75 64.42 64.42 64.42 GB per APU; peak/pool 80.2 %; MemAvailable 138.7 GB, Cached 0.7 GB
live: recip(db) j 43402778 -> 86805556 pool live 55.56 55.56 55.56 55.56 | window peak 55.56 55.56 55.56 55.56 | pool 83.75 64.42 64.42 64.42 GB per APU; peak/pool 80.2 %; MemAvailable 138.7 GB, Cached 0.7 GB
live: recip(db) j 86805556 -> 173611112 pool live 55.56 55.56 55.56 55.56 | window peak 55.56 55.56 55.56 55.56 | pool 83.75 64.42 64.42 64.42 GB per APU; peak/pool 80.2 %; MemAvailable 138.7 GB, Cached 0.7 GB
live: recip(db) j 173611112 -> 347222223 pool live 55.56 55.56 55.56 55.56 | window peak 55.56 55.56 55.56 55.56 | pool 83.75 64.42 64.42 64.42 GB per APU; peak/pool 80.2 %; MemAvailable 138.7 GB, Cached 0.7 GB
live: recip(db) j 347222223 -> 694444445 pool live 55.56 55.56 55.56 55.56 | window peak 55.56 55.56 55.56 55.56 | pool 83.75 64.42 64.42 64.42 GB per APU; peak/pool 80.2 %; MemAvailable 138.7 GB, Cached 0.7 GB
live: recip(db) j 694444445 -> 1388888890 pool live 55.56 55.56 55.56 55.56 | window peak 55.56 55.56 55.56 55.56 | pool 83.75 64.42 64.42 64.42 GB per APU; peak/pool 80.2 %; MemAvailable 138.7 GB, Cached 0.7 GB
dbig pool: APU1 VMM remap for a 4.17 GB request: 2 free chunks moved to slot 6 (4.29 GB contiguous) in 0.088 s; free 8.87 GB in 5 extents, live 55.56 GB
dbig pool: APU2 VMM remap for a 4.17 GB request: 2 free chunks moved to slot 6 (4.29 GB contiguous) in 0.078 s; free 8.87 GB in 5 extents, live 55.56 GB
dbig pool: APU3 VMM remap for a 4.17 GB request: 2 free chunks moved to slot 6 (4.29 GB contiguous) in 0.085 s; free 8.87 GB in 5 extents, live 55.56 GB
newton(db) j 1388888890 (k 5555555558): recip cut 0 pieces skipped, 6 formed in the step's two products
live: recip(db) j 1388888890 -> 2777777779 pool live 55.56 55.56 55.56 55.56 | window peak 59.72 59.72 59.72 59.72 | pool 83.75 64.42 64.42 64.42 GB per APU; peak/pool 86.2 %; MemAvailable 138.7 GB, Cached 0.7 GB
   dist_db 5555555560 x 2777777780 limbs: 5 x 3 pieces of 1111111112 + 925925927, 13 formed, 2 skipped (low cut) (low product): 16.167 s (cache 0 slots: 0 hits, 0 misses)
   dist_db 2777777780 x 2777777779 limbs: 2 x 4 pieces of 1388888890 + 694444445, 7 formed, 1 skipped (low cut): 8.532 s (cache 0 slots: 0 hits, 0 misses)
newton(db) j 2777777779 (k 5555555558): recip cut 3 pieces skipped, 20 formed in the step's two products
live: recip(db) j 2777777779 -> 5555555558 pool live 55.56 55.56 55.56 55.56 | window peak 59.72 59.72 59.72 59.72 | pool 83.75 64.42 64.42 64.42 GB per APU; peak/pool 86.2 %; MemAvailable 138.7 GB, Cached 0.7 GB
recip    39.77 s   mu 5555555559 limbs (32 iterations, 0 mdev)   VmRSS 6.9 GB, VmHWM 27.7 GB
mem [recip] device 380.7 GB in use (per APU 90.3..109.7): planes 103.1, regions 0.0, block pool 277.0 (donated 0.0, borrowed 277.0, hipMalloc 0.0; live 133.3, peak live 238.9, free 143.7), tables 0.61, other 0.0
mem [recip] host 6.9 GB RSS (HWM 27.7): staging 0.0 pinned, registered 0.1, X 0.0, digits 0.0, named 0.0, other 6.9
      I3: P, Q residues by kernel 1.35 s (before the reciprocal), S = P + Q on device 0.14 s; no host A
10dP      0.14 s   T 5555555556 limbs, A 11111111116 limbs (0 mdev, 0 splits)   VmRSS 6.9 GB, VmHWM 27.7 GB
RESULT ecalc 10dP s 0.143889
dbig pool: APU1 VMM remap for a 22.22 GB request: 11 free chunks moved to slot 24 (23.62 GB contiguous) in 0.481 s; free 31.09 GB in 4 extents, live 33.33 GB
dbig pool: APU2 VMM remap for a 22.22 GB request: 11 free chunks moved to slot 24 (23.62 GB contiguous) in 0.430 s; free 31.09 GB in 4 extents, live 33.33 GB
dbig pool: APU3 VMM remap for a 22.22 GB request: 11 free chunks moved to slot 24 (23.62 GB contiguous) in 0.462 s; free 31.09 GB in 4 extents, live 33.33 GB
dbig pool: APU1 VMM remap for a 4.07 GB request: 0 free chunks moved + new chunks mapped to slot 6 (4.29 GB contiguous) in 0.383 s; free 13.16 GB in 4 extents, live 55.56 GB
dbig pool: APU1 VMM growth by 2 chunks (4.29 GB) inside the phase
dbig pool: APU2 VMM remap for a 4.07 GB request: 0 free chunks moved + new chunks mapped to slot 6 (4.29 GB contiguous) in 0.378 s; free 13.16 GB in 4 extents, live 55.56 GB
dbig pool: APU2 VMM growth by 2 chunks (4.29 GB) inside the phase
dbig pool: APU3 VMM remap for a 4.07 GB request: 0 free chunks moved + new chunks mapped to slot 6 (4.29 GB contiguous) in 0.372 s; free 13.16 GB in 4 extents, live 55.56 GB
dbig pool: APU3 VMM growth by 2 chunks (4.29 GB) inside the phase
   dist_db 5555555557 x 5555555558 limbs: 5 x 6 pieces of 1111111112 + 925925927, 20 formed, 10 skipped (low cut): 31.295 s (cache 0 slots: 0 hits, 0 misses)
  T2 window@50 ok
  T2 window@1000000 ok
  T2 window@100000000 ok
  T2 window@1000000000 ok
dbig pool: APU1 VMM remap for a 22.22 GB request: 11 free chunks moved to slot 35 (23.62 GB contiguous) in 0.506 s; free 35.39 GB in 4 extents, live 33.33 GB
dbig pool: APU2 VMM remap for a 22.22 GB request: 11 free chunks moved to slot 35 (23.62 GB contiguous) in 0.466 s; free 35.39 GB in 4 extents, live 33.33 GB
dbig pool: APU3 VMM remap for a 22.22 GB request: 11 free chunks moved to slot 35 (23.62 GB contiguous) in 0.498 s; free 35.39 GB in 4 extents, live 33.33 GB
   dist_db 5555555557 x 5555555560 limbs: 5 x 6 pieces of 1111111112 + 925925927, 20 formed, 10 skipped (low product): 27.653 s (cache 0 slots: 0 hits, 0 misses)
live: divmod(dev) end                pool live 33.33 33.33 33.33 33.33 | window peak 59.63 59.63 59.63 59.63 | pool 83.75 68.72 68.72 68.72 GB per APU; peak/pool 82.3 %; MemAvailable 125.3 GB, Cached 0.7 GB
mem [division] device 393.6 GB in use (per APU 94.6..109.7): planes 103.1, regions 0.0, block pool 289.9 (donated 0.0, borrowed 289.9, hipMalloc 0.0; live 44.4, peak live 238.9, free 245.5), tables 0.61, other 0.0
mem [division] host 7.4 GB RSS (HWM 27.7): staging 0.0 pinned, registered 0.1, X 0.0, digits 0.0, named 0.0, other 7.3
dm      104.34 s   X 5555555557 limbs, R 0 limbs (recip 39.8 s; corrections 0/0; 0 mdev); X on the device   VmRSS 7.4 GB, VmHWM 27.7 GB
mem [dm] device 393.6 GB in use (per APU 94.6..109.7): planes 103.1, regions 0.0, block pool 289.9 (donated 0.0, borrowed 289.9, hipMalloc 0.0; live 44.4, peak live 238.9, free 245.5), tables 0.61, other 0.0
mem [dm] host 7.4 GB RSS (HWM 27.7): staging 0.0 pinned, registered 0.1, X 0.0, digits 0.0, named 0.0, other 7.3
RESULT ecalc dm s 104.335
  T1 q0=4611686018427388039: P ok, Q ok, T(P+Q) == XQ+R ok
  T1 q1=4611686018427388073: P ok, Q ok, T(P+Q) == XQ+R ok
  T1 q2=4611686018427388081: P ok, Q ok, T(P+Q) == XQ+R ok
  T1 q3=4611686018427388091: P ok, Q ok, T(P+Q) == XQ+R ok
  T1 q4=4611686018427388093: P ok, Q ok, T(P+Q) == XQ+R ok
  T1 q5=4611686018427388097: P ok, Q ok, T(P+Q) == XQ+R ok
  T1 q6=4611686018427388157: P ok, Q ok, T(P+Q) == XQ+R ok
  T1 q7=4611686018427388181: P ok, Q ok, T(P+Q) == XQ+R ok
T1        0.00 s   ok: T(P+Q) == XQ + R and P, Q mod q for 8 primes (P, Q recurrence overlapped with bs)
      overlapped with bs: P, Q mod q recurrence 11.22 s, block pool pregrown by 0 GB in 0.00 s
RESULT ecalc T1 s 2.088e-05
      VmRSS 7.4 GB before dc
total   199.51 s   (bs 75.4 + 10dP 0.1 + dm 104.3 + T1 0.0 + dc 0.0 + T2 0.0 = 179.9; init 19.4; other 0.2); VmHWM 27.7 GB
RESULT ecalc total s 199.512
RESULT ecalc phases s 179.871
RESULT ecalc other s 0.222617
RESULT ecalc vmhwm GB 27.6743
paper A22 (4e10): 285.7 = bs 112.2 + 10dP 12.6 + dm 46.8 + T1 ~3 + dc 110.3
      patch: X +0 after the formatting started (ECALC_CORR_PATCH): nothing to patch; 0 deferred windows; 0.002 s
  T1 q0: digits == X ok
  T1 q1: digits == X ok
  T1 q2: digits == X ok
  T1 q3: digits == X ok
  T1 q4: digits == X ok
  T1 q5: digits == X ok
  T1 q6: digits == X ok
  T1 q7: digits == X ok
dc        0.01 s   digits [0, 100000000009) of 100000000009 formatted from 5555555557 decimal limbs in 373 chunks (streamed with the low product; joined after total) (residues 0.70, format 0.52, digit residue 3.29, T2 0.28, fetch 1.47, waiting for the writer 0.00)
RESULT ecalc dc s 0.0061252
T2        0.00 s   windows ok (4 checked), digits == X mod q ok (overlapped)
RESULT ecalc T2 s 0
digits: 27182818284590452353602874713526624977572470936999595749669676...37703810896884928977
VERIFY OK
dbig pool: APU0 tail 22.57 GB: 1 large blocks from its back, 1 small blocks spilled into it
dbig pool: APU1 tail 22.57 GB: 1 large blocks from its back, 4 small blocks spilled into it
dbig pool: APU2 tail 22.57 GB: 1 large blocks from its back, 4 small blocks spilled into it
dbig pool: APU3 tail 22.57 GB: 1 large blocks from its back, 4 small blocks spilled into it
mem [end] device 103.7 GB in use (per APU 25.9..25.9): planes 103.1, regions 0.0, block pool 0.0 (donated 0.0, borrowed 0.0, hipMalloc 0.0; live 0.0, peak live 238.9, free 0.0), tables 0.61, other 0.0
mem [end] host 7.0 GB RSS (HWM 27.7): staging 0.0 pinned, registered 0.1, X 0.0, digits 0.0, named 0.0, other 7.0
mem summary: bytes in use at each phase boundary, GB (device: all APUs / largest APU; host: this process)
mem phase           device  maxAPU |  planes regions  pl:don  pl:bor  pl:hip pl:live pl:peak tables |    host staging  regist       X  digits   other     HWM
mem init             377.3   108.1 |   103.1   136.2     0.0   137.4     0.0     0.0     0.0   0.61 |    24.5    21.5     0.0     0.0     0.0     3.1    24.5
mem bs               380.7   109.7 |   103.1     0.0     0.0   277.0     0.0    88.9   150.2   0.61 |     9.1     4.3     0.1     0.0     0.0     4.7    27.7
mem recip            380.7   109.7 |   103.1     0.0     0.0   277.0     0.0   133.3   238.9   0.61 |     6.9     0.0     0.1     0.0     0.0     6.9    27.7
mem division         393.6   109.7 |   103.1     0.0     0.0   289.9     0.0    44.4   238.9   0.61 |     7.4     0.0     0.1     0.0     0.0     7.3    27.7
mem dm               393.6   109.7 |   103.1     0.0     0.0   289.9     0.0    44.4   238.9   0.61 |     7.4     0.0     0.1     0.0     0.0     7.3    27.7
mem end              103.7    25.9 |   103.1     0.0     0.0     0.0     0.0     0.0   238.9   0.61 |     7.0     0.0     0.1     0.0     0.0     7.0    27.7
dbig pool: APU0 VMM arena released (0 remaps of 0 chunks in 0.00 s, 0 growths of 0 chunks)
dbig pool: APU1 VMM arena released (5 remaps of 30 chunks in 1.75 s, 2 growths of 2 chunks)
dbig pool: APU2 VMM arena released (5 remaps of 30 chunks in 1.59 s, 2 growths of 2 chunks)
dbig pool: APU3 VMM arena released (5 remaps of 30 chunks in 1.68 s, 2 growths of 2 chunks)
rns_dist: RNS_STRATEGY=auto form B: C 91 products 80.72 s, B 61 products 3.19 s, B4 0 products 0.00 s; extra plane memory 0.00 GiB/APU (allocations 0.00 s)

real	3m22.150s
user	0m0.005s
sys	0m0.019s
