== MAP run t96: 100000000000 nw, env: ECALC_INIT_TL=1 BS_ARENA_ROOM=0.16 BS_SEED_THREADS=96; job 21659 on ppac-pl1-s24-30, clone at 2add00f, 2026-09-27 21:27:57 CDT
== ecalc: e to 100000000000 digits (decimal limbs, base 10^18) [computed to the next multiple of 18] ==
META bench=ecalc host=ppac-pl1-s24-30 date=2026-09-27T21:27:57 pool_log=31 stg=7 pw_fuse=14 body=1 engine=1 base=10^18
ECALC_PLANE_CAP: 2^31 points (POOL_LOG=31 RNS_PLANES_3Q30=0 DIST_LOGN_TEST=31)
tl    0.00  rns_init begins
rns_init: three primes (ECALC_NP=3): c 2^44 + 1, c = 240, 216, 207; at most 58424467928 terms per product
tl    2.32  staging and contexts done (2.09 s)
tl    6.54  plane pools done (4.22 s)
tl    6.64  seed thread starts (96 threads)
tl    7.09  APU0 arena: mapping chunks 0..19 of 39 (the parity-0 half)
tl    7.33  APU3 arena: mapping chunks 0..13 of 32 (the parity-0 half)
tl    7.33  APU2 arena: mapping chunks 0..14 of 32 (the parity-0 half)
tl    7.65  APU1 arena: mapping chunks 0..14 of 32 (the parity-0 half)
tl    8.07  seed thread: buffers allocated (1.43 s)
tl   12.06  seed thread: 2 chunks computed, waiting for the region pools
tl   12.51  APU2 arena: 15 chunks mapped in 5.18 s (create 1.79, map 2.66, access 0.72, zero 0.01)
dbig pool: APU2 VMM arena 68.72 GB = 32 chunks of 2.00 GiB, the first 15 mapped in 5.43 s (0.168 s/GB), the rest in the background, VA 208.3 GB reserved at 0x7d80df600000
tl   13.44  APU3 arena: 14 chunks mapped in 6.12 s (create 1.93, map 3.48, access 0.69, zero 0.01)
dbig pool: APU3 VMM arena 68.72 GB = 32 chunks of 2.00 GiB, the first 14 mapped in 6.36 s (0.212 s/GB), the rest in the background, VA 208.3 GB reserved at 0x7db35fa00000
tl   15.19  APU1 arena: 15 chunks mapped in 7.54 s (create 3.92, map 2.99, access 0.62, zero 0.01)
dbig pool: APU1 VMM arena 68.72 GB = 32 chunks of 2.00 GiB, the first 15 mapped in 8.11 s (0.252 s/GB), the rest in the background, VA 208.3 GB reserved at 0x7d505f400000
tl   16.96  APU0 arena: 20 chunks mapped in 9.87 s (create 6.24, map 2.85, access 0.77, zero 0.01)
dbig pool: APU0 VMM arena 83.75 GB = 39 chunks of 2.00 GiB, the first 20 mapped in 9.88 s (0.230 s/GB), the rest in the background, VA 253.4 GB reserved at 0x7de3dfc00000
bs: arenas 289.9 GB allocated in 10.09 s (layout pass 0.23 s; dm extra 28.7 GB, tails 90.3 GB)
      init: region pools 10.32 s (inside rns_init, before the plane pools: the seeds stream into them)
tl   16.96  the hook (region arenas, the seed thread started) done
tl   16.96  seed thread: the region pools are there (waited 4.90 s)
tl   17.10  peer access done (0.15 s)
tl   17.10  the background mapping is released
      init: rns_init 17.11 s, region pools 0.00 s, the rest 0.00 s
RESULT ecalc init s 17.1053
tl   17.10  APU1 background mapping starts at chunk 15 of 32 (the parity-1 half ends at chunk 28)
tl   17.10  APU3 background mapping starts at chunk 14 of 32 (the parity-1 half ends at chunk 26)
tl   17.10  APU0 background mapping starts at chunk 20 of 39 (the parity-1 half ends at chunk 38)
tl   17.10  APU2 background mapping starts at chunk 15 of 32 (the parity-1 half ends at chunk 28)
      VmRSS 24.3 GB after init (staging 4.3 GB pinned + device regions 290 GB); init 17.1 s
mem [init] device 393.6 GB in use (per APU 94.6..109.7): planes 103.1, regions 152.5, block pool 137.4 (donated 0.0, borrowed 137.4, hipMalloc 0.0; live 0.0, peak live 0.0, free 0.0), tables 0.61, other 0.0
mem [init] host 24.3 GB RSS (HWM 24.3): staging 21.5 pinned, registered 0.0, X 0.0, digits 0.0, named 0.0, other 2.9
budget: rank 0: peak 418.5 GB (device 393.6, host 24.9), still to take 0.0 GB | node of 1 rank: peaks 418.5 of 480 GB, to take 0.0 of MemAvailable 261.2 GB | rank share 480.0 GB
budget: ECALC_BUDGET_CHECK ok: 1 rank, largest rank peak 418.5 GB, node budget 480 GB
tl   17.41  bs: joining the seed thread
tl   20.63  APU1 background: the parity-1 half is mapped (chunk 28)
tl   22.87  APU3 background: the parity-1 half is mapped (chunk 26)
tl   25.78  APU0 background: the parity-1 half is mapped (chunk 38)
tl   25.78  APU0 background mapping done: 19 chunks in 8.68 s (create 2.07, map 0.01, access 0.82, zero 0.01, queued for the mapper lock 4.75)
tl   28.96  APU2 background: the parity-1 half is mapped (chunk 28)
tl   29.75  APU2 background mapping done: 17 chunks in 12.65 s (create 3.22, map 0.01, access 0.74, zero 0.01, queued for the mapper lock 7.93)
tl   30.41  APU1 background mapping done: 17 chunks in 13.30 s (create 3.18, map 0.01, access 0.87, zero 0.01, queued for the mapper lock 9.12)
tl   31.28  APU3 background mapping done: 18 chunks in 14.18 s (create 2.14, map 0.01, access 0.96, zero 0.01, queued for the mapper lock 10.72)
tl   35.72  seed thread: every span computed (12 chunks, spans 19.94 s)
tl   36.01  seed thread ends (29.37 s)
tl   36.02  bs: the seeds are joined
bs: seeds were computed during init (29.37 s: buffers 1.43 + 0.11, spans 19.94, waited 4.90 for the regions, 0.67 for the DMA, 2.32 issuing it (max 1.16); 12 chunks of 8191 MB, 12 through a buffer, the rest stored into the regions; BI_MUL1_FAST=1)
bs: 10433891470 terms, 45562845 spans of 229, seeds 18.62 s (waiting for the init thread)
dbig pool: APU0 VMM arena: the background thread mapped chunks 0..38 in 8.86 s
tl   36.46  bs: level 1 starts (its pools are there)
bs:   layout 0.883  batch 4.034  add+norm 0.262
tl   41.22  bs: level 1 done (batch, 5.18 s)
bs: level  1 batch  22781422 pairs  max_nl        128  pool  89.34 GB  5.18 s  (batch 3.16: scatter 0.29 ntt 1.48 crt 0.18 merge 0.18)
live: bs level 1 batch               pool live 0.00 0.00 0.00 0.00 | window peak 0.00 0.00 0.00 0.00 | pool 0.00 0.00 0.00 0.00 GB per APU; peak/pool 0.0 %; MemAvailable 121.0 GB, Cached 0.7 GB
tl   41.49  bs: level 2 starts (its pools are there)
bs:   layout 0.547  batch 1.745  add+norm 0.067
tl   43.59  bs: level 2 done (batch, 2.36 s)
bs: level  2 batch  11390711 pairs  max_nl        255  pool  89.11 GB  2.36 s  (batch 1.36: scatter 0.14 ntt 0.69 crt 0.18 merge 0.05)
live: bs level 2 batch               pool live 0.00 0.00 0.00 0.00 | window peak 0.00 0.00 0.00 0.00 | pool 0.00 0.00 0.00 0.00 GB per APU; peak/pool 0.0 %; MemAvailable 122.7 GB, Cached 0.7 GB
tl   43.71  bs: level 3 starts (its pools are there)
bs:   layout 0.282  batch 0.971  add+norm 0.035
tl   44.88  bs: level 3 done (batch, 1.29 s)
bs: level  3 batch   5695356 pairs  max_nl        510  pool  89.00 GB  1.29 s  (batch 0.78: scatter 0.07 ntt 0.35 crt 0.18 merge 0.03)
live: bs level 3 batch               pool live 0.00 0.00 0.00 0.00 | window peak 0.00 0.00 0.00 0.00 | pool 0.00 0.00 0.00 0.00 GB per APU; peak/pool 0.0 %; MemAvailable 123.7 GB, Cached 0.7 GB
bs:   layout 0.082  batch 0.810  add+norm 0.018
bs: level  4 batch   2847678 pairs  max_nl       1020  pool  88.95 GB  0.91 s  (batch 0.71: scatter 0.07 ntt 0.37 crt 0.18 merge 0.01)
live: bs level 4 batch               pool live 0.00 0.00 0.00 0.00 | window peak 0.00 0.00 0.00 0.00 | pool 0.00 0.00 0.00 0.00 GB per APU; peak/pool 0.0 %; MemAvailable 124.1 GB, Cached 0.7 GB
bs:   layout 0.044  batch 0.741  add+norm 0.011
bs: level  5 batch   1423839 pairs  max_nl       2040  pool  88.92 GB  0.80 s  (batch 0.69: scatter 0.07 ntt 0.40 crt 0.17 merge 0.01)
live: bs level 5 batch               pool live 0.00 0.00 0.00 0.00 | window peak 0.00 0.00 0.00 0.00 | pool 0.00 0.00 0.00 0.00 GB per APU; peak/pool 0.0 %; MemAvailable 124.4 GB, Cached 0.7 GB
bs:   layout 0.024  batch 0.851  add+norm 0.007
bs: level  6 batch    711919 pairs  max_nl       4079  pool  88.90 GB  0.88 s  (batch 0.83: scatter 0.07 ntt 0.56 crt 0.17 merge 0.05)
live: bs level 6 batch               pool live 0.00 0.00 0.00 0.00 | window peak 0.00 0.00 0.00 0.00 | pool 0.00 0.00 0.00 0.00 GB per APU; peak/pool 0.0 %; MemAvailable 124.4 GB, Cached 0.7 GB
bs:   layout 0.013  batch 0.752  add+norm 0.004
bs: level  7 batch    355960 pairs  max_nl       8158  pool  88.90 GB  0.77 s  (batch 0.74: scatter 0.06 ntt 0.49 crt 0.17 merge 0.01)
live: bs level 7 batch               pool live 0.00 0.00 0.00 0.00 | window peak 0.00 0.00 0.00 0.00 | pool 0.00 0.00 0.00 0.00 GB per APU; peak/pool 0.0 %; MemAvailable 124.5 GB, Cached 0.7 GB
bs:   layout 0.009  batch 0.770  add+norm 0.001
bs: level  8 batch    177980 pairs  max_nl      16315  pool  88.89 GB  0.78 s  (batch 0.76: scatter 0.06 ntt 0.52 crt 0.17 merge 0.00)
live: bs level 8 batch               pool live 0.00 0.00 0.00 0.00 | window peak 0.00 0.00 0.00 0.00 | pool 0.00 0.00 0.00 0.00 GB per APU; peak/pool 0.0 %; MemAvailable 124.5 GB, Cached 0.7 GB
bs:   layout 0.002  batch 0.770  add+norm 0.001
bs: level  9 batch     88990 pairs  max_nl      32629  pool  88.89 GB  0.77 s  (batch 0.77: scatter 0.06 ntt 0.52 crt 0.18 merge 0.00)
live: bs level 9 batch               pool live 0.00 0.00 0.00 0.00 | window peak 0.00 0.00 0.00 0.00 | pool 0.00 0.00 0.00 0.00 GB per APU; peak/pool 0.0 %; MemAvailable 124.5 GB, Cached 0.7 GB
bs:   layout 0.007  batch 0.738  add+norm 0.000
bs: level 10 batch     44495 pairs  max_nl      65258  pool  88.89 GB  0.75 s  (batch 0.74: scatter 0.06 ntt 0.49 crt 0.19 merge 0.00)
live: bs level 10 batch              pool live 0.00 0.00 0.00 0.00 | window peak 0.00 0.00 0.00 0.00 | pool 0.00 0.00 0.00 0.00 GB per APU; peak/pool 0.0 %; MemAvailable 124.6 GB, Cached 0.7 GB
bs:   layout 0.000  batch 0.770  add+norm 0.000
bs: level 11 batch     22247 pairs  max_nl     130516  pool  88.89 GB  0.77 s  (batch 0.77: scatter 0.06 ntt 0.51 crt 0.20 merge 0.00)
live: bs level 11 batch              pool live 0.00 0.00 0.00 0.00 | window peak 0.00 0.00 0.00 0.00 | pool 0.00 0.00 0.00 0.00 GB per APU; peak/pool 0.0 %; MemAvailable 124.6 GB, Cached 0.7 GB
bs:   layout 0.002  batch 0.789  add+norm 0.000
bs: level 12 batch     11124 pairs  max_nl     261032  pool  88.89 GB  0.79 s  (batch 0.79: scatter 0.06 ntt 0.53 crt 0.20 merge 0.00)
live: bs level 12 batch              pool live 0.00 0.00 0.00 0.00 | window peak 0.00 0.00 0.00 0.00 | pool 0.00 0.00 0.00 0.00 GB per APU; peak/pool 0.0 %; MemAvailable 124.6 GB, Cached 0.7 GB
bs:   layout 0.000  batch 1.004  add+norm 0.000
bs: level 13 batch      5562 pairs  max_nl     522061  pool  88.89 GB  1.00 s  (batch 1.00: scatter 0.06 ntt 0.69 crt 0.25 merge 0.00)
live: bs level 13 batch              pool live 0.00 0.00 0.00 0.00 | window peak 0.00 0.00 0.00 0.00 | pool 0.00 0.00 0.00 0.00 GB per APU; peak/pool 0.0 %; MemAvailable 124.6 GB, Cached 0.7 GB
bs:   layout 0.000  batch 0.987  add+norm 0.000
bs: level 14 batch      2781 pairs  max_nl    1044116  pool  88.89 GB  0.99 s  (batch 0.99: scatter 0.06 ntt 0.72 crt 0.21 merge 0.00)
live: bs level 14 batch              pool live 0.00 0.00 0.00 0.00 | window peak 0.00 0.00 0.00 0.00 | pool 0.00 0.00 0.00 0.00 GB per APU; peak/pool 0.0 %; MemAvailable 124.6 GB, Cached 0.7 GB
bs:   layout 0.000  batch 1.029  add+norm 0.000
bs: level 15 batch      1390 pairs  max_nl    2088208  pool  88.89 GB  1.03 s  (batch 1.03: scatter 0.06 ntt 0.75 crt 0.22 merge 0.00)
live: bs level 15 batch              pool live 0.00 0.00 0.00 0.00 | window peak 0.00 0.00 0.00 0.00 | pool 0.00 0.00 0.00 0.00 GB per APU; peak/pool 0.0 %; MemAvailable 124.6 GB, Cached 0.7 GB
bs:   layout 0.000  batch 0.992  add+norm 0.000
bs: level 16 batch       695 pairs  max_nl    4176382  pool  88.89 GB  0.99 s  (batch 0.99: scatter 0.06 ntt 0.75 crt 0.19 merge 0.00)
live: bs level 16 batch              pool live 0.00 0.00 0.00 0.00 | window peak 0.00 0.00 0.00 0.00 | pool 0.00 0.00 0.00 0.00 GB per APU; peak/pool 0.0 %; MemAvailable 124.7 GB, Cached 0.7 GB
bs:   layout 0.000  batch 1.013  add+norm 0.000
bs: level 17 batch       348 pairs  max_nl    8352633  pool  88.89 GB  1.01 s  (batch 1.01: scatter 0.06 ntt 0.77 crt 0.19 merge 0.00)
live: bs level 17 batch              pool live 0.00 0.00 0.00 0.00 | window peak 0.00 0.00 0.00 0.00 | pool 0.00 0.00 0.00 0.00 GB per APU; peak/pool 0.0 %; MemAvailable 124.7 GB, Cached 0.7 GB
bs:   layout 0.000  batch 0.997  add+norm 0.000
bs: level 18 batch       174 pairs  max_nl   16703700  pool  88.89 GB  1.00 s  (batch 1.00: scatter 0.06 ntt 0.75 crt 0.19 merge 0.00)
live: bs level 18 batch              pool live 0.00 0.00 0.00 0.00 | window peak 0.00 0.00 0.00 0.00 | pool 0.00 0.00 0.00 0.00 GB per APU; peak/pool 0.0 %; MemAvailable 124.7 GB, Cached 0.7 GB
bs:   layout 0.000  batch 1.032  add+norm 0.000
bs: level 19 batch        87 pairs  max_nl   33401115  pool  88.89 GB  1.03 s  (batch 1.03: scatter 0.06 ntt 0.78 crt 0.19 merge 0.00)
live: bs level 19 batch              pool live 0.00 0.00 0.00 0.00 | window peak 0.00 0.00 0.00 0.00 | pool 0.00 0.00 0.00 0.00 GB per APU; peak/pool 0.0 %; MemAvailable 124.7 GB, Cached 0.7 GB
bs:   layout 0.000  batch 1.189  add+norm 0.001
bs: level 20 batch        43 pairs  max_nl   66776918  pool  88.89 GB  1.19 s  (batch 1.19: scatter 0.06 ntt 0.93 crt 0.19 merge 0.01)
live: bs level 20 batch              pool live 0.00 0.00 0.00 0.00 | window peak 0.00 0.00 0.00 0.00 | pool 0.00 0.00 0.00 0.00 GB per APU; peak/pool 0.0 %; MemAvailable 124.7 GB, Cached 0.7 GB
bs:   layout 0.000  batch 1.326  add+norm 0.000
bs: level 21 batch        22 pairs  max_nl  133519754  pool  88.89 GB  1.33 s  (batch 1.33: scatter 0.08 ntt 1.05 crt 0.21 merge 0.01)
live: bs level 21 batch              pool live 0.00 0.00 0.00 0.00 | window peak 0.00 0.00 0.00 0.00 | pool 0.00 0.00 0.00 0.00 GB per APU; peak/pool 0.0 %; MemAvailable 124.7 GB, Cached 0.7 GB
bs:   layout 0.000  batch 1.855  add+norm 0.000
bs: level 22 batch        11 pairs  max_nl  266622276  pool  88.89 GB  1.86 s  (batch 1.86: scatter 0.38 ntt 1.37 crt 0.22 merge 0.01)
live: bs level 22 batch              pool live 0.00 0.00 0.00 0.00 | window peak 0.00 0.00 0.00 0.00 | pool 0.00 0.00 0.00 0.00 GB per APU; peak/pool 0.0 %; MemAvailable 124.7 GB, Cached 0.7 GB
bs:   layout 0.000  batch 2.870  add+norm 0.126
bs: level 23 batch         5 pairs  max_nl  531475219  pool  88.89 GB  3.00 s  (batch 2.87: scatter 0.71 ntt 2.17 crt 0.68 merge 0.02)
live: bs level 23 batch              pool live 0.00 0.00 0.00 0.00 | window peak 0.00 0.00 0.00 0.00 | pool 0.00 0.00 0.00 0.00 GB per APU; peak/pool 0.0 %; MemAvailable 124.7 GB, Cached 0.7 GB
dbig pool: APU1 VMM arena: the background thread mapped chunks 0..31 in 13.42 s
dbig pool: APU2 VMM arena: the background thread mapped chunks 0..31 in 12.79 s
dbig pool: APU3 VMM arena: the background thread mapped chunks 0..31 in 14.18 s
bs: level 24 mdev          3 pairs  max_nl 1060370187  pool  88.89 GB  5.49 s  (batch 0.00: scatter 0.00 ntt 0.00 crt 0.00 merge 0.00)
live: bs level 24 mdev               pool live 22.22 22.22 22.22 22.22 | window peak 22.22 22.22 22.22 22.22 | pool 83.75 68.72 68.72 68.72 GB per APU; peak/pool 30.7 %; MemAvailable 123.4 GB, Cached 0.7 GB
bs: level 25 mdev          1 pairs  max_nl 2081569213  pool  88.89 GB  9.38 s  (batch 0.00: scatter 0.00 ntt 0.00 crt 0.00 merge 0.00)
live: bs level 25 mdev               pool live 22.22 22.22 22.22 22.22 | window peak 34.33 34.33 34.33 34.33 | pool 83.75 68.72 68.72 68.72 GB per APU; peak/pool 47.4 %; MemAvailable 122.9 GB, Cached 0.8 GB
bs: level 26 mdev          1 pairs  max_nl 4034632653  pool  88.89 GB  14.16 s  (batch 0.00: scatter 0.00 ntt 0.00 crt 0.00 merge 0.00)
live: bs level 26 mdev               pool live 22.22 22.22 22.22 22.22 | window peak 37.54 37.54 37.54 37.54 | pool 83.75 68.72 68.72 68.72 GB per APU; peak/pool 51.8 %; MemAvailable 122.9 GB, Cached 0.8 GB
bs       78.24 s   N 10433891470, P 5555555560 limbs, Q 5555555560 limbs (seeds 18.6 school 0.0 batch 30.5 mdev 29.0; pool 99.1 GB; dev pools 0.0 GB)   VmRSS 9.0 GB, VmHWM 27.5 GB
RESULT ecalc bs s 78.2414
mem [bs] device 393.6 GB in use (per APU 94.6..109.7): planes 103.1, regions 0.0, block pool 289.9 (donated 0.0, borrowed 289.9, hipMalloc 0.0; live 88.9, peak live 150.2, free 201.0), tables 0.61, other 0.0
mem [bs] host 9.0 GB RSS (HWM 27.5): staging 4.3 pinned, registered 0.1, X 0.0, digits 0.0, named 0.0, other 4.7
      I3: plane pool tails donated: 0.0 GB
live: recip(db) j 2 -> 3             pool live 55.56 55.56 55.56 55.56 | window peak 55.56 55.56 55.56 55.56 | pool 83.75 68.72 68.72 68.72 GB per APU; peak/pool 76.7 %; MemAvailable 125.0 GB, Cached 0.8 GB
live: recip(db) j 3 -> 6             pool live 55.56 55.56 55.56 55.56 | window peak 55.56 55.56 55.56 55.56 | pool 83.75 68.72 68.72 68.72 GB per APU; peak/pool 76.7 %; MemAvailable 125.0 GB, Cached 0.8 GB
live: recip(db) j 6 -> 11            pool live 55.56 55.56 55.56 55.56 | window peak 55.56 55.56 55.56 55.56 | pool 83.75 68.72 68.72 68.72 GB per APU; peak/pool 76.7 %; MemAvailable 125.0 GB, Cached 0.8 GB
live: recip(db) j 11 -> 21           pool live 55.56 55.56 55.56 55.56 | window peak 55.56 55.56 55.56 55.56 | pool 83.75 68.72 68.72 68.72 GB per APU; peak/pool 76.7 %; MemAvailable 125.0 GB, Cached 0.8 GB
live: recip(db) j 21 -> 42           pool live 55.56 55.56 55.56 55.56 | window peak 55.56 55.56 55.56 55.56 | pool 83.75 68.72 68.72 68.72 GB per APU; peak/pool 76.7 %; MemAvailable 125.0 GB, Cached 0.8 GB
live: recip(db) j 42 -> 83           pool live 55.56 55.56 55.56 55.56 | window peak 55.56 55.56 55.56 55.56 | pool 83.75 68.72 68.72 68.72 GB per APU; peak/pool 76.7 %; MemAvailable 125.0 GB, Cached 0.8 GB
live: recip(db) j 83 -> 166          pool live 55.56 55.56 55.56 55.56 | window peak 55.56 55.56 55.56 55.56 | pool 83.75 68.72 68.72 68.72 GB per APU; peak/pool 76.7 %; MemAvailable 125.0 GB, Cached 0.8 GB
live: recip(db) j 166 -> 332         pool live 55.56 55.56 55.56 55.56 | window peak 55.56 55.56 55.56 55.56 | pool 83.75 68.72 68.72 68.72 GB per APU; peak/pool 76.7 %; MemAvailable 125.0 GB, Cached 0.8 GB
live: recip(db) j 332 -> 663         pool live 55.56 55.56 55.56 55.56 | window peak 55.56 55.56 55.56 55.56 | pool 83.75 68.72 68.72 68.72 GB per APU; peak/pool 76.7 %; MemAvailable 125.0 GB, Cached 0.8 GB
live: recip(db) j 663 -> 1325        pool live 55.56 55.56 55.56 55.56 | window peak 55.56 55.56 55.56 55.56 | pool 83.75 68.72 68.72 68.72 GB per APU; peak/pool 76.7 %; MemAvailable 125.0 GB, Cached 0.8 GB
live: recip(db) j 1325 -> 2650       pool live 55.56 55.56 55.56 55.56 | window peak 55.56 55.56 55.56 55.56 | pool 83.75 68.72 68.72 68.72 GB per APU; peak/pool 76.7 %; MemAvailable 125.0 GB, Cached 0.8 GB
live: recip(db) j 2650 -> 5299       pool live 55.56 55.56 55.56 55.56 | window peak 55.56 55.56 55.56 55.56 | pool 83.75 68.72 68.72 68.72 GB per APU; peak/pool 76.7 %; MemAvailable 125.0 GB, Cached 0.8 GB
live: recip(db) j 5299 -> 10597      pool live 55.56 55.56 55.56 55.56 | window peak 55.56 55.56 55.56 55.56 | pool 83.75 68.72 68.72 68.72 GB per APU; peak/pool 76.7 %; MemAvailable 125.0 GB, Cached 0.8 GB
live: recip(db) j 10597 -> 21193     pool live 55.56 55.56 55.56 55.56 | window peak 55.56 55.56 55.56 55.56 | pool 83.75 68.72 68.72 68.72 GB per APU; peak/pool 76.7 %; MemAvailable 125.0 GB, Cached 0.8 GB
live: recip(db) j 21193 -> 42386     pool live 55.56 55.56 55.56 55.56 | window peak 55.56 55.56 55.56 55.56 | pool 83.75 68.72 68.72 68.72 GB per APU; peak/pool 76.7 %; MemAvailable 125.0 GB, Cached 0.8 GB
live: recip(db) j 42386 -> 84772     pool live 55.56 55.56 55.56 55.56 | window peak 55.56 55.56 55.56 55.56 | pool 83.75 68.72 68.72 68.72 GB per APU; peak/pool 76.7 %; MemAvailable 125.0 GB, Cached 0.8 GB
live: recip(db) j 84772 -> 169543    pool live 55.56 55.56 55.56 55.56 | window peak 55.56 55.56 55.56 55.56 | pool 83.75 68.72 68.72 68.72 GB per APU; peak/pool 76.7 %; MemAvailable 125.0 GB, Cached 0.8 GB
live: recip(db) j 169543 -> 339085   pool live 55.56 55.56 55.56 55.56 | window peak 55.56 55.56 55.56 55.56 | pool 83.75 68.72 68.72 68.72 GB per APU; peak/pool 76.7 %; MemAvailable 125.0 GB, Cached 0.8 GB
live: recip(db) j 339085 -> 678169   pool live 55.56 55.56 55.56 55.56 | window peak 55.56 55.56 55.56 55.56 | pool 83.75 68.72 68.72 68.72 GB per APU; peak/pool 76.7 %; MemAvailable 125.0 GB, Cached 0.8 GB
live: recip(db) j 678169 -> 1356337  pool live 55.56 55.56 55.56 55.56 | window peak 55.56 55.56 55.56 55.56 | pool 83.75 68.72 68.72 68.72 GB per APU; peak/pool 76.7 %; MemAvailable 125.0 GB, Cached 0.8 GB
live: recip(db) j 1356337 -> 2712674 pool live 55.56 55.56 55.56 55.56 | window peak 55.56 55.56 55.56 55.56 | pool 83.75 68.72 68.72 68.72 GB per APU; peak/pool 76.7 %; MemAvailable 125.0 GB, Cached 0.8 GB
live: recip(db) j 2712674 -> 5425348 pool live 55.56 55.56 55.56 55.56 | window peak 55.56 55.56 55.56 55.56 | pool 83.75 68.72 68.72 68.72 GB per APU; peak/pool 76.7 %; MemAvailable 125.0 GB, Cached 0.8 GB
live: recip(db) j 5425348 -> 10850695 pool live 55.56 55.56 55.56 55.56 | window peak 55.56 55.56 55.56 55.56 | pool 83.75 68.72 68.72 68.72 GB per APU; peak/pool 76.7 %; MemAvailable 125.0 GB, Cached 0.8 GB
live: recip(db) j 10850695 -> 21701389 pool live 55.56 55.56 55.56 55.56 | window peak 55.56 55.56 55.56 55.56 | pool 83.75 68.72 68.72 68.72 GB per APU; peak/pool 76.7 %; MemAvailable 125.0 GB, Cached 0.8 GB
live: recip(db) j 21701389 -> 43402778 pool live 55.56 55.56 55.56 55.56 | window peak 55.56 55.56 55.56 55.56 | pool 83.75 68.72 68.72 68.72 GB per APU; peak/pool 76.7 %; MemAvailable 125.0 GB, Cached 0.8 GB
live: recip(db) j 43402778 -> 86805556 pool live 55.56 55.56 55.56 55.56 | window peak 55.56 55.56 55.56 55.56 | pool 83.75 68.72 68.72 68.72 GB per APU; peak/pool 76.7 %; MemAvailable 125.0 GB, Cached 0.8 GB
live: recip(db) j 86805556 -> 173611112 pool live 55.56 55.56 55.56 55.56 | window peak 55.56 55.56 55.56 55.56 | pool 83.75 68.72 68.72 68.72 GB per APU; peak/pool 76.7 %; MemAvailable 125.0 GB, Cached 0.8 GB
live: recip(db) j 173611112 -> 347222223 pool live 55.56 55.56 55.56 55.56 | window peak 55.56 55.56 55.56 55.56 | pool 83.75 68.72 68.72 68.72 GB per APU; peak/pool 76.7 %; MemAvailable 125.0 GB, Cached 0.8 GB
live: recip(db) j 347222223 -> 694444445 pool live 55.56 55.56 55.56 55.56 | window peak 55.56 55.56 55.56 55.56 | pool 83.75 68.72 68.72 68.72 GB per APU; peak/pool 76.7 %; MemAvailable 125.0 GB, Cached 0.8 GB
live: recip(db) j 694444445 -> 1388888890 pool live 55.56 55.56 55.56 55.56 | window peak 55.56 55.56 55.56 55.56 | pool 83.75 68.72 68.72 68.72 GB per APU; peak/pool 76.7 %; MemAvailable 125.0 GB, Cached 0.8 GB
newton(db) j 1388888890 (k 5555555558): recip cut 0 pieces skipped, 6 formed in the step's two products
live: recip(db) j 1388888890 -> 2777777779 pool live 55.56 55.56 55.56 55.56 | window peak 59.72 59.72 59.72 59.72 | pool 83.75 68.72 68.72 68.72 GB per APU; peak/pool 82.4 %; MemAvailable 125.1 GB, Cached 0.8 GB
   dist_db 5555555560 x 2777777780 limbs: 5 x 3 pieces of 1111111112 + 925925927, 13 formed, 2 skipped (low cut) (low product): 16.102 s (cache 0 slots: 0 hits, 0 misses)
   dist_db 2777777780 x 2777777779 limbs: 2 x 4 pieces of 1388888890 + 694444445, 7 formed, 1 skipped (low cut): 8.502 s (cache 0 slots: 0 hits, 0 misses)
newton(db) j 2777777779 (k 5555555558): recip cut 3 pieces skipped, 20 formed in the step's two products
live: recip(db) j 2777777779 -> 5555555558 pool live 55.56 55.56 55.56 55.56 | window peak 59.72 59.72 59.72 59.72 | pool 83.75 68.72 68.72 68.72 GB per APU; peak/pool 82.4 %; MemAvailable 125.3 GB, Cached 0.8 GB
recip    38.64 s   mu 5555555559 limbs (32 iterations, 0 mdev)   VmRSS 6.9 GB, VmHWM 27.5 GB
mem [recip] device 393.6 GB in use (per APU 94.6..109.7): planes 103.1, regions 0.0, block pool 289.9 (donated 0.0, borrowed 289.9, hipMalloc 0.0; live 133.3, peak live 238.9, free 156.6), tables 0.61, other 0.0
mem [recip] host 6.9 GB RSS (HWM 27.5): staging 0.0 pinned, registered 0.1, X 0.0, digits 0.0, named 0.0, other 6.8
      I3: P, Q residues by kernel 1.35 s (before the reciprocal), S = P + Q on device 0.15 s; no host A
10dP      0.15 s   T 5555555556 limbs, A 11111111116 limbs (0 mdev, 0 splits)   VmRSS 6.9 GB, VmHWM 27.5 GB
RESULT ecalc 10dP s 0.145717
   dist_db 5555555557 x 5555555558 limbs: 5 x 6 pieces of 1111111112 + 925925927, 20 formed, 10 skipped (low cut): 26.075 s (cache 0 slots: 0 hits, 0 misses)
  T2 window@50 ok
  T2 window@1000000 ok
  T2 window@100000000 ok
  T2 window@1000000000 ok
   dist_db 5555555557 x 5555555560 limbs: 5 x 6 pieces of 1111111112 + 925925927, 20 formed, 10 skipped (low product): 26.140 s (cache 0 slots: 0 hits, 0 misses)
live: divmod(dev) end                pool live 33.33 33.33 33.33 33.33 | window peak 59.63 59.63 59.63 59.63 | pool 83.75 68.72 68.72 68.72 GB per APU; peak/pool 82.3 %; MemAvailable 125.0 GB, Cached 0.8 GB
mem [division] device 393.6 GB in use (per APU 94.6..109.7): planes 103.1, regions 0.0, block pool 289.9 (donated 0.0, borrowed 289.9, hipMalloc 0.0; live 44.4, peak live 238.9, free 245.5), tables 0.61, other 0.0
mem [division] host 7.3 GB RSS (HWM 27.5): staging 0.0 pinned, registered 0.1, X 0.0, digits 0.0, named 0.0, other 7.2
dm       93.58 s   X 5555555557 limbs, R 0 limbs (recip 38.6 s; corrections 0/0; 0 mdev); X on the device   VmRSS 7.3 GB, VmHWM 27.5 GB
mem [dm] device 393.6 GB in use (per APU 94.6..109.7): planes 103.1, regions 0.0, block pool 289.9 (donated 0.0, borrowed 289.9, hipMalloc 0.0; live 44.4, peak live 238.9, free 245.5), tables 0.61, other 0.0
mem [dm] host 7.3 GB RSS (HWM 27.5): staging 0.0 pinned, registered 0.1, X 0.0, digits 0.0, named 0.0, other 7.2
RESULT ecalc dm s 93.5772
  T1 q0=4611686018427388039: P ok, Q ok, T(P+Q) == XQ+R ok
  T1 q1=4611686018427388073: P ok, Q ok, T(P+Q) == XQ+R ok
  T1 q2=4611686018427388081: P ok, Q ok, T(P+Q) == XQ+R ok
  T1 q3=4611686018427388091: P ok, Q ok, T(P+Q) == XQ+R ok
  T1 q4=4611686018427388093: P ok, Q ok, T(P+Q) == XQ+R ok
  T1 q5=4611686018427388097: P ok, Q ok, T(P+Q) == XQ+R ok
  T1 q6=4611686018427388157: P ok, Q ok, T(P+Q) == XQ+R ok
  T1 q7=4611686018427388181: P ok, Q ok, T(P+Q) == XQ+R ok
T1        0.00 s   ok: T(P+Q) == XQ + R and P, Q mod q for 8 primes (P, Q recurrence overlapped with bs)
      overlapped with bs: P, Q mod q recurrence 11.10 s, block pool pregrown by 0 GB in 0.00 s
RESULT ecalc T1 s 2.721e-05
      VmRSS 7.3 GB before dc
total   189.29 s   (bs 78.2 + 10dP 0.1 + dm 93.6 + T1 0.0 + dc 0.0 + T2 0.0 = 172.0; init 17.1; other 0.2); VmHWM 27.5 GB
RESULT ecalc total s 189.286
RESULT ecalc phases s 171.964
RESULT ecalc other s 0.216757
RESULT ecalc vmhwm GB 27.4598
paper A22 (4e10): 285.7 = bs 112.2 + 10dP 12.6 + dm 46.8 + T1 ~3 + dc 110.3
      patch: X +0 after the formatting started (ECALC_CORR_PATCH): nothing to patch; 0 deferred windows; 0.003 s
  T1 q0: digits == X ok
  T1 q1: digits == X ok
  T1 q2: digits == X ok
  T1 q3: digits == X ok
  T1 q4: digits == X ok
  T1 q5: digits == X ok
  T1 q6: digits == X ok
  T1 q7: digits == X ok
dc        0.01 s   digits [0, 100000000009) of 100000000009 formatted from 5555555557 decimal limbs in 373 chunks (streamed with the low product; joined after total) (residues 0.72, format 0.60, digit residue 3.22, T2 0.30, fetch 1.54, waiting for the writer 0.00)
RESULT ecalc dc s 0.00696663
T2        0.00 s   windows ok (4 checked), digits == X mod q ok (overlapped)
RESULT ecalc T2 s 0
digits: 27182818284590452353602874713526624977572470936999595749669676...37703810896884928977
VERIFY OK
dbig pool: APU0 tail 22.57 GB: 3 large blocks from its back, 0 small blocks spilled into it
dbig pool: APU1 tail 22.57 GB: 0 large blocks from its back, 1 small blocks spilled into it
dbig pool: APU2 tail 22.57 GB: 0 large blocks from its back, 1 small blocks spilled into it
dbig pool: APU3 tail 22.57 GB: 0 large blocks from its back, 1 small blocks spilled into it
mem [end] device 103.7 GB in use (per APU 25.9..25.9): planes 103.1, regions 0.0, block pool 0.0 (donated 0.0, borrowed 0.0, hipMalloc 0.0; live 0.0, peak live 238.9, free 0.0), tables 0.61, other 0.0
mem [end] host 6.9 GB RSS (HWM 27.5): staging 0.0 pinned, registered 0.1, X 0.0, digits 0.0, named 0.0, other 6.9
mem summary: bytes in use at each phase boundary, GB (device: all APUs / largest APU; host: this process)
mem phase           device  maxAPU |  planes regions  pl:don  pl:bor  pl:hip pl:live pl:peak tables |    host staging  regist       X  digits   other     HWM
mem init             393.6   109.7 |   103.1   152.5     0.0   137.4     0.0     0.0     0.0   0.61 |    24.3    21.5     0.0     0.0     0.0     2.9    24.3
mem bs               393.6   109.7 |   103.1     0.0     0.0   289.9     0.0    88.9   150.2   0.61 |     9.0     4.3     0.1     0.0     0.0     4.7    27.5
mem recip            393.6   109.7 |   103.1     0.0     0.0   289.9     0.0   133.3   238.9   0.61 |     6.9     0.0     0.1     0.0     0.0     6.8    27.5
mem division         393.6   109.7 |   103.1     0.0     0.0   289.9     0.0    44.4   238.9   0.61 |     7.3     0.0     0.1     0.0     0.0     7.2    27.5
mem dm               393.6   109.7 |   103.1     0.0     0.0   289.9     0.0    44.4   238.9   0.61 |     7.3     0.0     0.1     0.0     0.0     7.2    27.5
mem end              103.7    25.9 |   103.1     0.0     0.0     0.0     0.0     0.0   238.9   0.61 |     6.9     0.0     0.1     0.0     0.0     6.9    27.5
dbig pool: APU0 VMM arena released (0 remaps of 0 chunks in 0.00 s, 0 growths of 0 chunks)
dbig pool: APU1 VMM arena released (0 remaps of 0 chunks in 0.00 s, 0 growths of 0 chunks)
dbig pool: APU2 VMM arena released (0 remaps of 0 chunks in 0.00 s, 0 growths of 0 chunks)
dbig pool: APU3 VMM arena released (0 remaps of 0 chunks in 0.00 s, 0 growths of 0 chunks)
rns_dist: RNS_STRATEGY=auto form B: C 91 products 78.03 s, B 61 products 3.21 s, B4 0 products 0.00 s; extra plane memory 0.00 GiB/APU (allocations 0.00 s)

real	3m11.608s
user	0m0.011s
sys	0m0.013s
