== ecalc: e to 10000000000 digits (decimal limbs, base 10^18) [computed to the next multiple of 18] ==
META bench=ecalc host=ppac-pl1-s24-16 date=2026-09-28T10:50:37 pool_log=31 stg=7 pw_fuse=14 body=1 engine=1 base=10^18
== ecalc: e to 10000000000 digits (decimal limbs, base 10^18) [computed to the next multiple of 18] ==
META bench=ecalc host=ppac-pl1-s24-16 date=2026-09-28T10:50:37 pool_log=31 stg=7 pw_fuse=14 body=1 engine=1 base=10^18
== ecalc: e to 10000000000 digits (decimal limbs, base 10^18) [computed to the next multiple of 18] ==
META bench=ecalc host=ppac-pl1-s24-16 date=2026-09-28T10:50:37 pool_log=31 stg=7 pw_fuse=14 body=1 engine=1 base=10^18
== ecalc: e to 10000000000 digits (decimal limbs, base 10^18) [computed to the next multiple of 18] ==
META bench=ecalc host=ppac-pl1-s24-16 date=2026-09-28T10:50:37 pool_log=31 stg=7 pw_fuse=14 body=1 engine=1 base=10^18
mn: node 0 of 4, four meshes of 4 ranks on ppac-pl1-s24-16,ppac-pl1-s24-16,ppac-pl1-s24-16,ppac-pl1-s24-16 (port base 22176): connected in 0.71 s
mn: node 1 of 4, four meshes of 4 ranks on ppac-pl1-s24-16,ppac-pl1-s24-16,ppac-pl1-s24-16,ppac-pl1-s24-16 (port base 22176): connected in 0.09 s
mn: node 2 of 4, four meshes of 4 ranks on ppac-pl1-s24-16,ppac-pl1-s24-16,ppac-pl1-s24-16,ppac-pl1-s24-16 (port base 22176): connected in 0.63 s
mn: node 3 of 4, four meshes of 4 ranks on ppac-pl1-s24-16,ppac-pl1-s24-16,ppac-pl1-s24-16,ppac-pl1-s24-16 (port base 22176): connected in 0.14 s
mn: self-test, four meshes over 4 nodes at 2^22 points: ok (1.49 s)
mn: node 0: level 2 group [0, 4) (transform nodes 4): meshes connected in 0.00 s
mn: self-test, four meshes over 4 nodes at 2^22 points: ok (1.49 s)
mn: node 2: level 2 group [0, 4) (transform nodes 4): meshes connected in 0.00 s
mn: self-test, four meshes over 4 nodes at 2^22 points: ok (1.50 s)
mn: node 1: level 2 group [0, 4) (transform nodes 4): meshes connected in 0.00 s
mn: self-test, four meshes over 4 nodes at 2^22 points: ok (1.50 s)
mn: node 3: level 2 group [0, 4) (transform nodes 4): meshes connected in 0.00 s
mn: layered self-test, 4 x 4 ranks at 2^22 points: ok (0.26 s)
mn: node 1 computes terms [289696897, 579393793) of 1158787585
RESULT ecalc init s 6.0594
      VmRSS 9.9 GB after init (staging 4.3 GB pinned + device regions 13 GB); init 6.1 s
mem[1] [init] device 26.1 GB in use (per APU 6.0..8.1): planes 4.3, regions 0.0, block pool 19.3 (donated 0.0, borrowed 19.3, hipMalloc 0.0; live 0.0, peak live 0.0, free 5.9), tables 2.47, other 0.0
mem[1] [init] host 9.9 GB RSS (HWM 10.3): staging 5.5 pinned, registered 0.0, X 0.0, digits 0.0, named 0.0, other 4.4
mem[1] [init]   APU0: in use 8.1 GB: planes 1.07 pool:borrowed 6.44 pool:free 0.83 tables 0.61  (driver: 30.8 of 137.4 GB used)
mem[1] [init]   APU1: in use 6.0 GB: planes 1.07 pool:borrowed 4.29 pool:free 1.63 tables 0.63  (driver: 22.2 of 137.4 GB used)
mem[1] [init]   APU2: in use 6.0 GB: planes 1.07 pool:borrowed 4.29 pool:free 1.70 tables 0.62  (driver: 22.2 of 137.4 GB used)
mem[1] [init]   APU3: in use 6.0 GB: planes 1.07 pool:borrowed 4.29 pool:free 1.70 tables 0.62  (driver: 22.2 of 137.4 GB used)
mn: layered self-test, 4 x 4 ranks at 2^22 points: ok (0.27 s)
mn: node 0 computes terms [1, 289696897) of 1158787585
RESULT ecalc init s 6.06219
      VmRSS 8.7 GB after init (staging 4.3 GB pinned + device regions 14 GB); init 6.1 s
mem[0] [init] device 26.1 GB in use (per APU 6.0..8.1): planes 4.3, regions 0.0, block pool 19.3 (donated 0.0, borrowed 19.3, hipMalloc 0.0; live 0.0, peak live 0.0, free 5.7), tables 2.46, other 0.0
mem[0] [init] host 8.7 GB RSS (HWM 10.3): staging 4.3 pinned, registered 0.0, X 0.0, digits 0.0, named 0.0, other 4.4
mem[0] [init]   APU0: in use 8.1 GB: planes 1.07 pool:borrowed 6.44 pool:free 0.81 tables 0.62  (driver: 30.8 of 137.4 GB used)
mem[0] [init]   APU1: in use 6.0 GB: planes 1.07 pool:borrowed 4.29 pool:free 1.52 tables 0.61  (driver: 22.2 of 137.4 GB used)
mem[0] [init]   APU2: in use 6.0 GB: planes 1.07 pool:borrowed 4.29 pool:free 1.70 tables 0.61  (driver: 22.2 of 137.4 GB used)
mem[0] [init]   APU3: in use 6.0 GB: planes 1.07 pool:borrowed 4.29 pool:free 1.70 tables 0.62  (driver: 22.2 of 137.4 GB used)
mn: layered self-test, 4 x 4 ranks at 2^22 points: ok (0.26 s)
mn: node 3 computes terms [869090689, 1158787586) of 1158787585
RESULT ecalc init s 6.06661
      VmRSS 8.7 GB after init (staging 4.3 GB pinned + device regions 13 GB); init 6.1 s
mem[3] [init] device 26.1 GB in use (per APU 6.0..8.1): planes 4.3, regions 0.0, block pool 19.3 (donated 0.0, borrowed 19.3, hipMalloc 0.0; live 0.0, peak live 0.0, free 5.9), tables 2.46, other 0.0
mem[3] [init] host 8.7 GB RSS (HWM 10.3): staging 4.3 pinned, registered 0.0, X 0.0, digits 0.0, named 0.0, other 4.4
mem[3] [init]   APU0: in use 8.1 GB: planes 1.07 pool:borrowed 6.44 pool:free 0.81 tables 0.61  (driver: 30.8 of 137.4 GB used)
mem[3] [init]   APU1: in use 6.0 GB: planes 1.07 pool:borrowed 4.29 pool:free 1.70 tables 0.62  (driver: 22.2 of 137.4 GB used)
mem[3] [init]   APU2: in use 6.0 GB: planes 1.07 pool:borrowed 4.29 pool:free 1.70 tables 0.62  (driver: 22.2 of 137.4 GB used)
mem[3] [init]   APU3: in use 6.0 GB: planes 1.07 pool:borrowed 4.29 pool:free 1.70 tables 0.62  (driver: 22.2 of 137.4 GB used)
mn: layered self-test, 4 x 4 ranks at 2^22 points: ok (0.29 s)
mn: node 2 computes terms [579393793, 869090689) of 1158787585
RESULT ecalc init s 6.07344
      VmRSS 8.7 GB after init (staging 4.3 GB pinned + device regions 13 GB); init 6.1 s
mem[2] [init] device 26.1 GB in use (per APU 6.0..8.1): planes 4.3, regions 0.0, block pool 19.3 (donated 0.0, borrowed 19.3, hipMalloc 0.0; live 0.0, peak live 0.0, free 5.9), tables 2.45, other 0.0
mem[2] [init] host 8.7 GB RSS (HWM 10.3): staging 4.3 pinned, registered 0.0, X 0.0, digits 0.0, named 0.0, other 4.4
mem[2] [init]   APU0: in use 8.1 GB: planes 1.07 pool:borrowed 6.44 pool:free 0.80 tables 0.62  (driver: 30.8 of 137.4 GB used)
mem[2] [init]   APU1: in use 6.0 GB: planes 1.07 pool:borrowed 4.29 pool:free 1.67 tables 0.61  (driver: 22.2 of 137.4 GB used)
mem[2] [init]   APU2: in use 6.0 GB: planes 1.07 pool:borrowed 4.29 pool:free 1.70 tables 0.61  (driver: 22.2 of 137.4 GB used)
mem[2] [init]   APU3: in use 6.0 GB: planes 1.07 pool:borrowed 4.29 pool:free 1.70 tables 0.61  (driver: 22.2 of 137.4 GB used)
budget: ECALC_BUDGET_CHECK ok: 4 ranks, largest rank peak 104.5 GB, node budget 480 GB
mn: node 0 leaf P 129199173 limbs, Q 129199173 limbs (device)
mn: MN_TREE_EARLY_FREE: the tree levels free P_i, P_run between their two products
mn: node 1 leaf P 138888890 limbs, Q 138888890 limbs (device)
mn: node 0: level 1 group [0, 2) (transform nodes 2): meshes connected in 1.10 s
mn: node 1: level 1 group [0, 2) (transform nodes 2): meshes connected in 0.02 s
mn: node 3 leaf P 144921284 limbs, Q 144921285 limbs (device)
mn: node 2 leaf P 142546213 limbs, Q 142546213 limbs (device)
mn: node 2: level 1 group [2, 4) (transform nodes 2): meshes connected in 0.00 s
mn: node 3: level 1 group [2, 4) (transform nodes 2): meshes connected in 0.01 s
   transform cache: 1 of 1 slots of 0.5 GiB per APU allocated in 0.33 s (margin 24 GB) [RNS_DIST_CACHE_FIT: slot 2^24 limbs x 4 primes, 4 node-processes on the node, budget room 15.6 GB less the reserve 0.0 -> at most 7 slots] = 2.15 GB per node-process
   transform cache: 1 of 1 slots of 0.5 GiB per APU allocated in 0.34 s (margin 24 GB) [RNS_DIST_CACHE_FIT: slot 2^24 limbs x 4 primes, 4 node-processes on the node, budget room 15.5 GB less the reserve 0.0 -> at most 7 slots] = 2.15 GB per node-process
   transform cache: 1 of 1 slots of 0.5 GiB per APU allocated in 0.20 s (margin 24 GB) [RNS_DIST_CACHE_FIT: slot 2^24 limbs x 4 primes, 4 node-processes on the node, budget room 15.6 GB less the reserve 0.0 -> at most 7 slots] = 2.15 GB per node-process
   transform cache: 1 of 1 slots of 0.5 GiB per APU allocated in 0.20 s (margin 24 GB) [RNS_DIST_CACHE_FIT: slot 2^24 limbs x 4 primes, 4 node-processes on the node, budget room 15.7 GB less the reserve 0.0 -> at most 7 slots] = 2.15 GB per node-process
cache_trace node 0: piece (0, 0) of 2 x 2, 64599587 + 69444445 limbs at 0, slots 1: A - B cached | 2.566 s: redistribute 0.364 ntt 1.827 crt 0.005 out 0.462 carry 0.006
cache_trace node 1: piece (0, 0) of 2 x 2, 64599587 + 69444445 limbs at 0, slots 1: A - B cached | 2.566 s: redistribute 0.375 ntt 1.828 crt 0.004 out 0.467 carry 0.007
cache_trace node 2: piece (0, 0) of 2 x 3, 71273107 + 48307095 limbs at 0, slots 1: A - B cached | 2.475 s: redistribute 0.350 ntt 1.861 crt 0.004 out 0.350 carry 0.006
cache_trace node 3: piece (0, 0) of 2 x 3, 71273107 + 48307095 limbs at 0, slots 1: A - B cached | 2.475 s: redistribute 0.353 ntt 1.832 crt 0.005 out 0.380 carry 0.006
cache_trace node 0: piece (1, 0) of 2 x 2, 64599586 + 69444445 limbs at 64599587, slots 1: A - B HIT | 1.376 s: redistribute 0.045 ntt 1.142 crt 0.003 out 0.111 carry 0.076
cache_trace node 1: piece (1, 0) of 2 x 2, 64599586 + 69444445 limbs at 64599587, slots 1: A - B HIT | 1.376 s: redistribute 0.045 ntt 1.138 crt 0.003 out 0.116 carry 0.077
cache_trace node 2: piece (1, 0) of 2 x 3, 71273106 + 48307095 limbs at 71273107, slots 1: A - B HIT | 1.442 s: redistribute 0.073 ntt 1.201 crt 0.002 out 0.147 carry 0.065
cache_trace node 3: piece (1, 0) of 2 x 3, 71273106 + 48307095 limbs at 71273107, slots 1: A - B HIT | 1.442 s: redistribute 0.075 ntt 1.208 crt 0.003 out 0.144 carry 0.065
cache_trace node 0: piece (0, 1) of 2 x 2, 64599587 + 69444445 limbs at 69444445, slots 1: A - B cached | 2.132 s: redistribute 0.135 ntt 1.756 crt 0.005 out 0.182 carry 0.085
cache_trace node 1: piece (0, 1) of 2 x 2, 64599587 + 69444445 limbs at 69444445, slots 1: A - B cached | 2.132 s: redistribute 0.134 ntt 1.758 crt 0.005 out 0.186 carry 0.085
cache_trace node 2: piece (0, 1) of 2 x 3, 71273107 + 48307095 limbs at 48307095, slots 1: A - B cached | 2.042 s: redistribute 0.106 ntt 1.811 crt 0.005 out 0.114 carry 0.043
cache_trace node 3: piece (0, 1) of 2 x 3, 71273107 + 48307095 limbs at 48307095, slots 1: A - B cached | 2.042 s: redistribute 0.104 ntt 1.812 crt 0.005 out 0.117 carry 0.042
cache_trace node 2: piece (1, 1) of 2 x 3, 71273106 + 48307095 limbs at 119580202, slots 1: A - B HIT | 1.636 s: redistribute 0.050 ntt 1.229 crt 0.003 out 0.314 carry 0.051
cache_trace node 3: piece (1, 1) of 2 x 3, 71273106 + 48307095 limbs at 119580202, slots 1: A - B HIT | 1.636 s: redistribute 0.051 ntt 1.247 crt 0.002 out 0.290 carry 0.050
cache_trace node 0: piece (1, 1) of 2 x 2, 64599586 + 69444445 limbs at 134044032, slots 1: A - B HIT | 1.692 s: redistribute 0.053 ntt 1.224 crt 0.003 out 0.409 carry 0.010
cache_trace node 1: piece (1, 1) of 2 x 2, 64599586 + 69444445 limbs at 134044032, slots 1: A - B HIT | 1.692 s: redistribute 0.057 ntt 1.262 crt 0.003 out 0.369 carry 0.009
dist_mn node 0: 129199173 x 138888890 limbs over 2 x 4 ranks (cap 2^27): 2 x 2 pieces, 4 formed, 0 skipped (cache 1 slots: 2 hits, 2 misses)
dist_mn node 1: 129199173 x 138888890 limbs over 2 x 4 ranks (cap 2^27): 2 x 2 pieces, 4 formed, 0 skipped (cache 1 slots: 2 hits, 2 misses)
cache_trace node 2: piece (0, 2) of 2 x 3, 71273107 + 48307095 limbs at 96614190, slots 1: A - B cached | 2.044 s: redistribute 0.084 ntt 1.832 crt 0.005 out 0.088 carry 0.053
cache_trace node 3: piece (0, 2) of 2 x 3, 71273107 + 48307095 limbs at 96614190, slots 1: A - B cached | 2.044 s: redistribute 0.083 ntt 1.834 crt 0.005 out 0.093 carry 0.053
cache_trace node 0: piece (0, 0) of 2 x 2, 64599587 + 69444445 limbs at 0, slots 1: A - B cached | 2.063 s: redistribute 0.105 ntt 1.856 crt 0.002 out 0.098 carry 0.002
cache_trace node 1: piece (0, 0) of 2 x 2, 64599587 + 69444445 limbs at 0, slots 1: A - B cached | 2.063 s: redistribute 0.103 ntt 1.867 crt 0.002 out 0.090 carry 0.002
cache_trace node 2: piece (1, 2) of 2 x 3, 71273106 + 48307095 limbs at 167887297, slots 1: A - B HIT | 1.736 s: redistribute 0.055 ntt 1.181 crt 0.002 out 0.481 carry 0.034
cache_trace node 3: piece (1, 2) of 2 x 3, 71273106 + 48307095 limbs at 167887297, slots 1: A - B HIT | 1.736 s: redistribute 0.055 ntt 1.222 crt 0.002 out 0.440 carry 0.034
cache_trace node 0: piece (1, 0) of 2 x 2, 64599586 + 69444445 limbs at 64599587, slots 1: A - B HIT | 1.497 s: redistribute 0.059 ntt 1.300 crt 0.005 out 0.101 carry 0.056
cache_trace node 1: piece (1, 0) of 2 x 2, 64599586 + 69444445 limbs at 64599587, slots 1: A - B HIT | 1.497 s: redistribute 0.059 ntt 1.297 crt 0.004 out 0.098 carry 0.056
dist_mn node 2: 142546213 x 144921285 limbs over 2 x 4 ranks (cap 2^27): 2 x 3 pieces, 6 formed, 0 skipped (cache 1 slots: 3 hits, 3 misses)
dist_mn node 3: 142546213 x 144921285 limbs over 2 x 4 ranks (cap 2^27): 2 x 3 pieces, 6 formed, 0 skipped (cache 1 slots: 3 hits, 3 misses)
cache_trace node 0: piece (0, 1) of 2 x 2, 64599587 + 69444445 limbs at 69444445, slots 1: A - B cached | 2.187 s: redistribute 0.107 ntt 1.937 crt 0.005 out 0.111 carry 0.052
cache_trace node 1: piece (0, 1) of 2 x 2, 64599587 + 69444445 limbs at 69444445, slots 1: A - B cached | 2.187 s: redistribute 0.105 ntt 1.939 crt 0.005 out 0.109 carry 0.052
cache_trace node 2: piece (0, 0) of 2 x 3, 71273107 + 48307095 limbs at 0, slots 1: A - B cached | 1.975 s: redistribute 0.102 ntt 1.814 crt 0.005 out 0.104 carry 0.002
cache_trace node 3: piece (0, 0) of 2 x 3, 71273107 + 48307095 limbs at 0, slots 1: A - B cached | 1.975 s: redistribute 0.101 ntt 1.814 crt 0.005 out 0.113 carry 0.003
cache_trace node 0: piece (1, 1) of 2 x 2, 64599586 + 69444445 limbs at 134044032, slots 1: A - B HIT | 1.431 s: redistribute 0.060 ntt 1.290 crt 0.004 out 0.093 carry 0.006
dist_mn node 0: 129199173 x 138888890 limbs over 2 x 4 ranks (cap 2^27): 2 x 2 pieces, 4 formed, 0 skipped (cache 1 slots: 4 hits, 4 misses)
cache_trace node 1: piece (1, 1) of 2 x 2, 64599586 + 69444445 limbs at 134044032, slots 1: A - B HIT | 1.431 s: redistribute 0.074 ntt 1.273 crt 0.005 out 0.097 carry 0.006
dist_mn node 1: 129199173 x 138888890 limbs over 2 x 4 ranks (cap 2^27): 2 x 2 pieces, 4 formed, 0 skipped (cache 1 slots: 4 hits, 4 misses)
mn: node 0 level 1 [0, 2): P 268088063 limbs, Q 268088063 limbs (my share of P [0, 134044032)) in 16.89 s
mn: node 1 level 1 [0, 2): P 268088063 limbs, Q 268088063 limbs (my share of P [134044032, 268088064)) in 15.81 s
cache_trace node 2: piece (1, 0) of 2 x 3, 71273106 + 48307095 limbs at 71273107, slots 1: A - B HIT | 1.416 s: redistribute 0.065 ntt 1.203 crt 0.003 out 0.103 carry 0.058
cache_trace node 3: piece (1, 0) of 2 x 3, 71273106 + 48307095 limbs at 71273107, slots 1: A - B HIT | 1.416 s: redistribute 0.067 ntt 1.198 crt 0.002 out 0.107 carry 0.058
cache_trace node 2: piece (0, 1) of 2 x 3, 71273107 + 48307095 limbs at 48307095, slots 1: A - B cached | 2.338 s: redistribute 0.087 ntt 2.135 crt 0.003 out 0.096 carry 0.051
cache_trace node 3: piece (0, 1) of 2 x 3, 71273107 + 48307095 limbs at 48307095, slots 1: A - B cached | 2.338 s: redistribute 0.086 ntt 2.140 crt 0.002 out 0.098 carry 0.051
cache_trace node 2: piece (1, 1) of 2 x 3, 71273106 + 48307095 limbs at 119580202, slots 1: A - B HIT | 1.631 s: redistribute 0.059 ntt 1.450 crt 0.005 out 0.108 carry 0.051
cache_trace node 3: piece (1, 1) of 2 x 3, 71273106 + 48307095 limbs at 119580202, slots 1: A - B HIT | 1.631 s: redistribute 0.061 ntt 1.449 crt 0.005 out 0.111 carry 0.051
cache_trace node 2: piece (0, 2) of 2 x 3, 71273107 + 48307095 limbs at 96614190, slots 1: A - B cached | 2.413 s: redistribute 0.118 ntt 2.187 crt 0.002 out 0.115 carry 0.058
cache_trace node 3: piece (0, 2) of 2 x 3, 71273107 + 48307095 limbs at 96614190, slots 1: A - B cached | 2.413 s: redistribute 0.103 ntt 2.202 crt 0.002 out 0.111 carry 0.058
cache_trace node 2: piece (1, 2) of 2 x 3, 71273106 + 48307095 limbs at 167887297, slots 1: A - B HIT | 1.630 s: redistribute 0.066 ntt 1.473 crt 0.002 out 0.076 carry 0.040
dist_mn node 2: 142546213 x 144921285 limbs over 2 x 4 ranks (cap 2^27): 2 x 3 pieces, 6 formed, 0 skipped (cache 1 slots: 6 hits, 6 misses)
cache_trace node 3: piece (1, 2) of 2 x 3, 71273106 + 48307095 limbs at 167887297, slots 1: A - B HIT | 1.630 s: redistribute 0.089 ntt 1.478 crt 0.003 out 0.079 carry 0.040
dist_mn node 3: 142546213 x 144921285 limbs over 2 x 4 ranks (cap 2^27): 2 x 3 pieces, 6 formed, 0 skipped (cache 1 slots: 6 hits, 6 misses)
mn: node 2 level 1 [2, 4): P 287467497 limbs, Q 287467497 limbs (my share of P [0, 143733749)) in 23.60 s
mn: node 3 level 1 [2, 4): P 287467497 limbs, Q 287467497 limbs (my share of P [143733749, 287467499)) in 23.61 s
cache_trace node 0: piece (0, 0) of 2 x 3, 134044032 + 95822499 limbs at 0, slots 1: A - B cached | 2.814 s: redistribute 0.388 ntt 1.529 crt 0.007 out 0.894 carry 0.007
cache_trace node 1: piece (0, 0) of 2 x 3, 134044032 + 95822499 limbs at 0, slots 1: A - B cached | 2.814 s: redistribute 0.492 ntt 1.556 crt 0.006 out 0.899 carry 0.007
cache_trace node 2: piece (0, 0) of 2 x 3, 134044032 + 95822499 limbs at 0, slots 1: A - B cached | 2.814 s: redistribute 0.476 ntt 1.515 crt 0.006 out 0.904 carry 0.008
cache_trace node 3: piece (0, 0) of 2 x 3, 134044032 + 95822499 limbs at 0, slots 1: A - B cached | 2.814 s: redistribute 0.487 ntt 1.548 crt 0.005 out 0.894 carry 0.007
cache_trace node 0: piece (1, 0) of 2 x 3, 134044031 + 95822499 limbs at 134044032, slots 1: A - B HIT | 1.886 s: redistribute 0.442 ntt 1.167 crt 0.005 out 0.533 carry 0.045
cache_trace node 1: piece (1, 0) of 2 x 3, 134044031 + 95822499 limbs at 134044032, slots 1: A - B HIT | 1.886 s: redistribute 0.441 ntt 1.158 crt 0.005 out 0.468 carry 0.045
cache_trace node 2: piece (1, 0) of 2 x 3, 134044031 + 95822499 limbs at 134044032, slots 1: A - B HIT | 1.886 s: redistribute 0.439 ntt 1.162 crt 0.005 out 0.530 carry 0.045
cache_trace node 3: piece (1, 0) of 2 x 3, 134044031 + 95822499 limbs at 134044032, slots 1: A - B HIT | 1.886 s: redistribute 0.421 ntt 1.170 crt 0.005 out 0.538 carry 0.045
cache_trace node 0: piece (0, 1) of 2 x 3, 134044032 + 95822499 limbs at 95822499, slots 1: A - B cached | 1.645 s: redistribute 0.109 ntt 1.278 crt 0.005 out 0.237 carry 0.050
cache_trace node 1: piece (0, 1) of 2 x 3, 134044032 + 95822499 limbs at 95822499, slots 1: A - B cached | 1.645 s: redistribute 0.111 ntt 1.276 crt 0.005 out 0.229 carry 0.050
cache_trace node 2: piece (0, 1) of 2 x 3, 134044032 + 95822499 limbs at 95822499, slots 1: A - B cached | 1.645 s: redistribute 0.111 ntt 1.273 crt 0.004 out 0.238 carry 0.050
cache_trace node 3: piece (0, 1) of 2 x 3, 134044032 + 95822499 limbs at 95822499, slots 1: A - B cached | 1.645 s: redistribute 0.108 ntt 1.263 crt 0.004 out 0.242 carry 0.050
cache_trace node 0: piece (1, 1) of 2 x 3, 134044031 + 95822499 limbs at 229866531, slots 1: A - B HIT | 1.368 s: redistribute 0.066 ntt 0.812 crt 0.004 out 0.452 carry 0.042
cache_trace node 1: piece (1, 1) of 2 x 3, 134044031 + 95822499 limbs at 229866531, slots 1: A - B HIT | 1.368 s: redistribute 0.067 ntt 0.814 crt 0.004 out 0.447 carry 0.041
cache_trace node 2: piece (1, 1) of 2 x 3, 134044031 + 95822499 limbs at 229866531, slots 1: A - B HIT | 1.368 s: redistribute 0.067 ntt 0.816 crt 0.005 out 0.447 carry 0.041
cache_trace node 3: piece (1, 1) of 2 x 3, 134044031 + 95822499 limbs at 229866531, slots 1: A - B HIT | 1.368 s: redistribute 0.069 ntt 0.821 crt 0.005 out 0.445 carry 0.041
cache_trace node 0: piece (0, 2) of 2 x 3, 134044032 + 95822499 limbs at 191644998, slots 1: A - B cached | 1.824 s: redistribute 0.396 ntt 1.401 crt 0.007 out 0.175 carry 0.049
cache_trace node 1: piece (0, 2) of 2 x 3, 134044032 + 95822499 limbs at 191644998, slots 1: A - B cached | 1.824 s: redistribute 0.378 ntt 1.415 crt 0.007 out 0.176 carry 0.049
cache_trace node 2: piece (0, 2) of 2 x 3, 134044032 + 95822499 limbs at 191644998, slots 1: A - B cached | 1.824 s: redistribute 0.380 ntt 1.397 crt 0.003 out 0.174 carry 0.049
cache_trace node 3: piece (0, 2) of 2 x 3, 134044032 + 95822499 limbs at 191644998, slots 1: A - B cached | 1.824 s: redistribute 0.394 ntt 1.410 crt 0.007 out 0.177 carry 0.049
cache_trace node 0: piece (1, 2) of 2 x 3, 134044031 + 95822499 limbs at 325689030, slots 1: A - B HIT | 1.396 s: redistribute 0.074 ntt 0.809 crt 0.005 out 0.471 carry 0.049
cache_trace node 1: piece (1, 2) of 2 x 3, 134044031 + 95822499 limbs at 325689030, slots 1: A - B HIT | 1.396 s: redistribute 0.073 ntt 0.813 crt 0.005 out 0.466 carry 0.049
cache_trace node 2: piece (1, 2) of 2 x 3, 134044031 + 95822499 limbs at 325689030, slots 1: A - B HIT | 1.396 s: redistribute 0.066 ntt 0.820 crt 0.005 out 0.472 carry 0.048
cache_trace node 3: piece (1, 2) of 2 x 3, 134044031 + 95822499 limbs at 325689030, slots 1: A - B HIT | 1.396 s: redistribute 0.070 ntt 0.858 crt 0.005 out 0.467 carry 0.048
dist_mn node 0: 268088063 x 287467497 limbs over 4 x 4 ranks (cap 2^28): 2 x 3 pieces, 6 formed, 0 skipped (cache 1 slots: 7 hits, 7 misses)
dist_mn node 1: 268088063 x 287467497 limbs over 4 x 4 ranks (cap 2^28): 2 x 3 pieces, 6 formed, 0 skipped (cache 1 slots: 7 hits, 7 misses)
dist_mn node 2: 268088063 x 287467497 limbs over 4 x 4 ranks (cap 2^28): 2 x 3 pieces, 6 formed, 0 skipped (cache 1 slots: 9 hits, 9 misses)
dist_mn node 3: 268088063 x 287467497 limbs over 4 x 4 ranks (cap 2^28): 2 x 3 pieces, 6 formed, 0 skipped (cache 1 slots: 9 hits, 9 misses)
cache_trace node 0: piece (0, 0) of 2 x 3, 134044032 + 95822499 limbs at 0, slots 1: A - B cached | 1.703 s: redistribute 0.129 ntt 1.251 crt 0.005 out 0.345 carry 0.003
cache_trace node 1: piece (0, 0) of 2 x 3, 134044032 + 95822499 limbs at 0, slots 1: A - B cached | 1.703 s: redistribute 0.114 ntt 1.281 crt 0.003 out 0.342 carry 0.003
cache_trace node 2: piece (0, 0) of 2 x 3, 134044032 + 95822499 limbs at 0, slots 1: A - B cached | 1.703 s: redistribute 0.129 ntt 1.264 crt 0.003 out 0.347 carry 0.003
cache_trace node 3: piece (0, 0) of 2 x 3, 134044032 + 95822499 limbs at 0, slots 1: A - B cached | 1.703 s: redistribute 0.116 ntt 1.268 crt 0.003 out 0.350 carry 0.003
cache_trace node 0: piece (1, 0) of 2 x 3, 134044031 + 95822499 limbs at 134044032, slots 1: A - B HIT | 1.024 s: redistribute 0.062 ntt 0.782 crt 0.008 out 0.137 carry 0.043
cache_trace node 1: piece (1, 0) of 2 x 3, 134044031 + 95822499 limbs at 134044032, slots 1: A - B HIT | 1.024 s: redistribute 0.070 ntt 0.775 crt 0.007 out 0.134 carry 0.043
cache_trace node 2: piece (1, 0) of 2 x 3, 134044031 + 95822499 limbs at 134044032, slots 1: A - B HIT | 1.024 s: redistribute 0.070 ntt 0.783 crt 0.005 out 0.137 carry 0.043
cache_trace node 3: piece (1, 0) of 2 x 3, 134044031 + 95822499 limbs at 134044032, slots 1: A - B HIT | 1.024 s: redistribute 0.070 ntt 0.791 crt 0.007 out 0.130 carry 0.043
cache_trace node 0: piece (0, 1) of 2 x 3, 134044032 + 95822499 limbs at 95822499, slots 1: A - B cached | 1.667 s: redistribute 0.294 ntt 1.399 crt 0.005 out 0.126 carry 0.045
cache_trace node 1: piece (0, 1) of 2 x 3, 134044032 + 95822499 limbs at 95822499, slots 1: A - B cached | 1.667 s: redistribute 0.111 ntt 1.404 crt 0.005 out 0.121 carry 0.045
cache_trace node 2: piece (0, 1) of 2 x 3, 134044032 + 95822499 limbs at 95822499, slots 1: A - B cached | 1.667 s: redistribute 0.111 ntt 1.403 crt 0.005 out 0.122 carry 0.045
cache_trace node 3: piece (0, 1) of 2 x 3, 134044032 + 95822499 limbs at 95822499, slots 1: A - B cached | 1.667 s: redistribute 0.106 ntt 1.403 crt 0.005 out 0.127 carry 0.045
cache_trace node 0: piece (1, 1) of 2 x 3, 134044031 + 95822499 limbs at 229866531, slots 1: A - B HIT | 1.108 s: redistribute 0.068 ntt 0.880 crt 0.007 out 0.120 carry 0.043
cache_trace node 1: piece (1, 1) of 2 x 3, 134044031 + 95822499 limbs at 229866531, slots 1: A - B HIT | 1.108 s: redistribute 0.076 ntt 0.881 crt 0.006 out 0.128 carry 0.043
cache_trace node 2: piece (1, 1) of 2 x 3, 134044031 + 95822499 limbs at 229866531, slots 1: A - B HIT | 1.108 s: redistribute 0.077 ntt 0.875 crt 0.003 out 0.125 carry 0.043
cache_trace node 3: piece (1, 1) of 2 x 3, 134044031 + 95822499 limbs at 229866531, slots 1: A - B HIT | 1.108 s: redistribute 0.066 ntt 0.896 crt 0.007 out 0.121 carry 0.043
cache_trace node 0: piece (0, 2) of 2 x 3, 134044032 + 95822499 limbs at 191644998, slots 1: A - B cached | 1.536 s: redistribute 0.112 ntt 1.251 crt 0.004 out 0.131 carry 0.048
cache_trace node 1: piece (0, 2) of 2 x 3, 134044032 + 95822499 limbs at 191644998, slots 1: A - B cached | 1.536 s: redistribute 0.116 ntt 1.254 crt 0.006 out 0.133 carry 0.048
cache_trace node 2: piece (0, 2) of 2 x 3, 134044032 + 95822499 limbs at 191644998, slots 1: A - B cached | 1.536 s: redistribute 0.114 ntt 1.251 crt 0.005 out 0.125 carry 0.047
cache_trace node 3: piece (0, 2) of 2 x 3, 134044032 + 95822499 limbs at 191644998, slots 1: A - B cached | 1.536 s: redistribute 0.113 ntt 1.256 crt 0.007 out 0.128 carry 0.048
cache_trace node 0: piece (1, 2) of 2 x 3, 134044031 + 95822499 limbs at 325689030, slots 1: A - B HIT | 1.030 s: redistribute 0.073 ntt 0.795 crt 0.005 out 0.132 carry 0.047
dist_mn node 0: 268088063 x 287467497 limbs over 4 x 4 ranks (cap 2^28): 2 x 3 pieces, 6 formed, 0 skipped (cache 1 slots: 10 hits, 10 misses)
cache_trace node 1: piece (1, 2) of 2 x 3, 134044031 + 95822499 limbs at 325689030, slots 1: A - B HIT | 1.030 s: redistribute 0.072 ntt 0.787 crt 0.005 out 0.135 carry 0.047
dist_mn node 1: 268088063 x 287467497 limbs over 4 x 4 ranks (cap 2^28): 2 x 3 pieces, 6 formed, 0 skipped (cache 1 slots: 10 hits, 10 misses)
cache_trace node 2: piece (1, 2) of 2 x 3, 134044031 + 95822499 limbs at 325689030, slots 1: A - B HIT | 1.030 s: redistribute 0.072 ntt 0.784 crt 0.004 out 0.140 carry 0.047
dist_mn node 2: 268088063 x 287467497 limbs over 4 x 4 ranks (cap 2^28): 2 x 3 pieces, 6 formed, 0 skipped (cache 1 slots: 12 hits, 12 misses)
cache_trace node 3: piece (1, 2) of 2 x 3, 134044031 + 95822499 limbs at 325689030, slots 1: A - B HIT | 1.030 s: redistribute 0.063 ntt 0.803 crt 0.005 out 0.135 carry 0.046
dist_mn node 3: 268088063 x 287467497 limbs over 4 x 4 ranks (cap 2^28): 2 x 3 pieces, 6 formed, 0 skipped (cache 1 slots: 12 hits, 12 misses)
mn: node 0 level 2 [0, 4): P 555555560 limbs, Q 555555560 limbs (my share of P [0, 138888890)) in 27.56 s
mn: node 0: tree levels 44.45 s: P 555555560 limbs, Q 555555560 limbs
mn: node 1 level 2 [0, 4): P 555555560 limbs, Q 555555560 limbs (my share of P [138888890, 277777780)) in 27.56 s
mn: node 1: tree levels 43.37 s: P 555555560 limbs, Q 555555560 limbs
mn: node 2 level 2 [0, 4): P 555555560 limbs, Q 555555560 limbs (my share of P [277777780, 416666670)) in 19.49 s
mn: node 2: tree levels 43.08 s: P 555555560 limbs, Q 555555560 limbs
mn: node 3 level 2 [0, 4): P 555555560 limbs, Q 555555560 limbs (my share of P [416666670, 555555561)) in 19.49 s
mn: node 3: tree levels 43.09 s: P 555555560 limbs, Q 555555560 limbs
mem[0] [tree] device 32.5 GB in use (per APU 7.6..9.7): planes 8.6, regions 0.0, block pool 19.3 (donated 0.0, borrowed 19.3, hipMalloc 0.0; live 2.2, peak live 5.5, free 17.1), tables 2.46, other 2.1
mem[0] [tree] host 13.1 GB RSS (HWM 13.1): staging 4.3 pinned, registered 0.0, X 0.0, digits 0.0, named 0.0, other 8.8
mem[1] [tree] device 41.1 GB in use (per APU 9.7..11.9): planes 17.2, regions 0.0, block pool 19.3 (donated 0.0, borrowed 19.3, hipMalloc 0.0; live 2.2, peak live 6.3, free 17.1), tables 2.47, other 2.1
mem[1] [tree] host 13.2 GB RSS (HWM 13.2): staging 4.3 pinned, registered 0.0, X 0.0, digits 0.0, named 0.0, other 8.9
mem[1] [tree]   APU0: in use 11.9 GB: planes 4.29 pool:borrowed 6.44 pool:live 0.56 pool:free 5.89 pool:peak-live 1.57 tables 0.61 other 0.54  (driver: 44.2 of 137.4 GB used)
mem[2] [tree] device 41.1 GB in use (per APU 9.7..11.9): planes 17.2, regions 0.0, block pool 19.3 (donated 0.0, borrowed 19.3, hipMalloc 0.0; live 2.2, peak live 6.2, free 17.1), tables 2.45, other 2.1
mem[2] [tree] host 13.3 GB RSS (HWM 13.3): staging 4.3 pinned, registered 0.0, X 0.0, digits 0.0, named 0.0, other 9.0
mem[2] [tree]   APU0: in use 11.9 GB: planes 4.29 pool:borrowed 6.44 pool:live 0.56 pool:free 5.89 pool:peak-live 1.54 tables 0.62 other 0.54  (driver: 44.2 of 137.4 GB used)
mem[2] [tree]   APU1: in use 9.7 GB: planes 4.29 pool:borrowed 4.29 pool:live 0.56 pool:free 3.74 pool:peak-live 1.54 tables 0.61 other 0.54  (driver: 35.6 of 137.4 GB used)
mem[3] [tree] device 41.1 GB in use (per APU 9.7..11.9): planes 17.2, regions 0.0, block pool 19.3 (donated 0.0, borrowed 19.3, hipMalloc 0.0; live 2.2, peak live 6.2, free 17.1), tables 2.46, other 2.1
mem[3] [tree] host 13.4 GB RSS (HWM 13.4): staging 4.3 pinned, registered 0.0, X 0.0, digits 0.0, named 0.0, other 9.1
mem[3] [tree]   APU0: in use 11.9 GB: planes 4.29 pool:borrowed 6.44 pool:live 0.56 pool:free 5.89 pool:peak-live 1.54 tables 0.61 other 0.54  (driver: 44.2 of 137.4 GB used)
mem[3] [tree]   APU1: in use 9.7 GB: planes 4.29 pool:borrowed 4.29 pool:live 0.56 pool:free 3.74 pool:peak-live 1.54 tables 0.62 other 0.54  (driver: 35.6 of 137.4 GB used)
mem[3] [tree]   APU2: in use 9.7 GB: planes 4.29 pool:borrowed 4.29 pool:live 0.56 pool:free 3.74 pool:peak-live 1.54 tables 0.62 other 0.54  (driver: 35.6 of 137.4 GB used)
mem[3] [tree]   APU3: in use 9.7 GB: planes 4.29 pool:borrowed 4.29 pool:live 0.56 pool:free 3.74 pool:peak-live 1.54 tables 0.62 other 0.54  (driver: 35.6 of 137.4 GB used)
mem[0] [tree]   APU0: in use 9.7 GB: planes 2.15 pool:borrowed 6.44 pool:live 0.56 pool:free 5.89 pool:peak-live 1.38 tables 0.62 other 0.54  (driver: 44.2 of 137.4 GB used)
mem[0] [tree]   APU1: in use 7.6 GB: planes 2.15 pool:borrowed 4.29 pool:live 0.56 pool:free 3.74 pool:peak-live 1.38 tables 0.61 other 0.54  (driver: 35.6 of 137.4 GB used)
mem[0] [tree]   APU2: in use 7.6 GB: planes 2.15 pool:borrowed 4.29 pool:live 0.56 pool:free 3.74 pool:peak-live 1.38 tables 0.61 other 0.54  (driver: 35.6 of 137.4 GB used)
mem[0] [tree]   APU3: in use 7.6 GB: planes 2.15 pool:borrowed 4.29 pool:live 0.56 pool:free 3.74 pool:peak-live 1.38 tables 0.62 other 0.54  (driver: 35.6 of 137.4 GB used)
mem[1] [tree]   APU1: in use 9.8 GB: planes 4.29 pool:borrowed 4.29 pool:live 0.56 pool:free 3.74 pool:peak-live 1.57 tables 0.63 other 0.54  (driver: 35.6 of 137.4 GB used)
mem[1] [tree]   APU2: in use 9.7 GB: planes 4.29 pool:borrowed 4.29 pool:live 0.56 pool:free 3.74 pool:peak-live 1.57 tables 0.62 other 0.54  (driver: 35.6 of 137.4 GB used)
mem[1] [tree]   APU3: in use 9.7 GB: planes 4.29 pool:borrowed 4.29 pool:live 0.56 pool:free 3.74 pool:peak-live 1.57 tables 0.62 other 0.54  (driver: 35.6 of 137.4 GB used)
mem[2] [tree]   APU2: in use 9.7 GB: planes 4.29 pool:borrowed 4.29 pool:live 0.56 pool:free 3.74 pool:peak-live 1.54 tables 0.61 other 0.54  (driver: 35.6 of 137.4 GB used)
mem[2] [tree]   APU3: in use 9.7 GB: planes 4.29 pool:borrowed 4.29 pool:live 0.56 pool:free 3.74 pool:peak-live 1.54 tables 0.61 other 0.54  (driver: 35.6 of 137.4 GB used)
recip(mn): the single-node chain to 33909 limbs (1.19 s), then the sharded steps to 555555558 over 4 nodes
cache_trace node 0: piece (0, 0) of 3 x 1, 92592594 + 138888891 limbs at 0, slots 1: A - B cached | 1.608 s: redistribute 0.096 ntt 1.441 crt 0.005 out 0.096 carry 0.003
cache_trace node 1: piece (0, 0) of 3 x 1, 92592594 + 138888891 limbs at 0, slots 1: A - B cached | 1.608 s: redistribute 0.093 ntt 1.434 crt 0.005 out 0.095 carry 0.003
cache_trace node 2: piece (0, 0) of 3 x 1, 92592594 + 138888891 limbs at 0, slots 1: A - B cached | 1.608 s: redistribute 0.092 ntt 1.423 crt 0.007 out 0.092 carry 0.003
cache_trace node 3: piece (0, 0) of 3 x 1, 92592594 + 138888891 limbs at 0, slots 1: A - B cached | 1.608 s: redistribute 0.274 ntt 1.425 crt 0.007 out 0.100 carry 0.003
cache_trace node 0: piece (1, 0) of 3 x 1, 92592594 + 138888891 limbs at 92592594, slots 1: A - B HIT | 1.185 s: redistribute 0.051 ntt 1.032 crt 0.006 out 0.085 carry 0.029
cache_trace node 1: piece (1, 0) of 3 x 1, 92592594 + 138888891 limbs at 92592594, slots 1: A - B HIT | 1.185 s: redistribute 0.047 ntt 1.033 crt 0.002 out 0.092 carry 0.029
cache_trace node 2: piece (1, 0) of 3 x 1, 92592594 + 138888891 limbs at 92592594, slots 1: A - B HIT | 1.185 s: redistribute 0.051 ntt 1.025 crt 0.004 out 0.089 carry 0.029
cache_trace node 3: piece (1, 0) of 3 x 1, 92592594 + 138888891 limbs at 92592594, slots 1: A - B HIT | 1.185 s: redistribute 0.264 ntt 1.037 crt 0.007 out 0.085 carry 0.028
cache_trace node 0: piece (2, 0) of 3 x 1, 92592594 + 138888891 limbs at 185185188, slots 1: A - B HIT | 0.955 s: redistribute 0.053 ntt 0.822 crt 0.005 out 0.079 carry 0.017
dist_mn node 0: 277777782 x 138888891 limbs over 4 x 4 ranks (cap 2^28): 3 x 1 pieces, 3 formed, 0 skipped (low product) (low cut) (cache 1 slots: 12 hits, 11 misses)
cache_trace node 1: piece (2, 0) of 3 x 1, 92592594 + 138888891 limbs at 185185188, slots 1: A - B HIT | 0.955 s: redistribute 0.044 ntt 0.831 crt 0.004 out 0.072 carry 0.017
dist_mn node 1: 277777782 x 138888891 limbs over 4 x 4 ranks (cap 2^28): 3 x 1 pieces, 3 formed, 0 skipped (low product) (low cut) (cache 1 slots: 12 hits, 11 misses)
cache_trace node 2: piece (2, 0) of 3 x 1, 92592594 + 138888891 limbs at 185185188, slots 1: A - B HIT | 0.955 s: redistribute 0.042 ntt 0.838 crt 0.005 out 0.074 carry 0.017
dist_mn node 2: 277777782 x 138888891 limbs over 4 x 4 ranks (cap 2^28): 3 x 1 pieces, 3 formed, 0 skipped (low product) (low cut) (cache 1 slots: 14 hits, 13 misses)
cache_trace node 3: piece (2, 0) of 3 x 1, 92592594 + 138888891 limbs at 185185188, slots 1: A - B HIT | 0.955 s: redistribute 0.060 ntt 0.828 crt 0.005 out 0.076 carry 0.017
dist_mn node 3: 277777782 x 138888891 limbs over 4 x 4 ranks (cap 2^28): 3 x 1 pieces, 3 formed, 0 skipped (low product) (low cut) (cache 1 slots: 14 hits, 13 misses)
cache_trace node 0: piece (0, 0) of 1 x 2, 138888891 + 69444445 limbs at 0, slots 1: A - B cached | 1.436 s: redistribute 0.085 ntt 1.267 crt 0.004 out 0.095 carry 0.003
cache_trace node 1: piece (0, 0) of 1 x 2, 138888891 + 69444445 limbs at 0, slots 1: A - B cached | 1.436 s: redistribute 0.087 ntt 1.261 crt 0.004 out 0.088 carry 0.003
cache_trace node 2: piece (0, 0) of 1 x 2, 138888891 + 69444445 limbs at 0, slots 1: A - B cached | 1.436 s: redistribute 0.086 ntt 1.275 crt 0.003 out 0.092 carry 0.003
cache_trace node 3: piece (0, 0) of 1 x 2, 138888891 + 69444445 limbs at 0, slots 1: A - B cached | 1.436 s: redistribute 0.093 ntt 1.267 crt 0.003 out 0.089 carry 0.003
cache_trace node 0: piece (0, 1) of 1 x 2, 138888891 + 69444445 limbs at 69444445, slots 1: A - B cached | 1.388 s: redistribute 0.102 ntt 1.222 crt 0.005 out 0.089 carry 0.010
dist_mn node 0: 138888891 x 138888890 limbs over 4 x 4 ranks (cap 2^28): 1 x 2 pieces, 2 formed, 0 skipped (low cut) (cache 1 slots: 12 hits, 13 misses)
cache_trace node 1: piece (0, 1) of 1 x 2, 138888891 + 69444445 limbs at 69444445, slots 1: A - B cached | 1.388 s: redistribute 0.102 ntt 1.224 crt 0.006 out 0.087 carry 0.009
dist_mn node 1: 138888891 x 138888890 limbs over 4 x 4 ranks (cap 2^28): 1 x 2 pieces, 2 formed, 0 skipped (low cut) (cache 1 slots: 12 hits, 13 misses)
cache_trace node 2: piece (0, 1) of 1 x 2, 138888891 + 69444445 limbs at 69444445, slots 1: A - B cached | 1.388 s: redistribute 0.107 ntt 1.217 crt 0.006 out 0.083 carry 0.009
dist_mn node 2: 138888891 x 138888890 limbs over 4 x 4 ranks (cap 2^28): 1 x 2 pieces, 2 formed, 0 skipped (low cut) (cache 1 slots: 14 hits, 15 misses)
cache_trace node 3: piece (0, 1) of 1 x 2, 138888891 + 69444445 limbs at 69444445, slots 1: A - B cached | 1.388 s: redistribute 0.104 ntt 1.211 crt 0.005 out 0.090 carry 0.009
dist_mn node 3: 138888891 x 138888890 limbs over 4 x 4 ranks (cap 2^28): 1 x 2 pieces, 2 formed, 0 skipped (low cut) (cache 1 slots: 14 hits, 15 misses)
cache_trace node 0: piece (1, 0) of 5 x 2, 111111112 + 138888890 limbs at 111111112, slots 1: A - B cached | 1.694 s: redistribute 0.122 ntt 1.220 crt 0.007 out 0.325 carry 0.051
cache_trace node 1: piece (1, 0) of 5 x 2, 111111112 + 138888890 limbs at 111111112, slots 1: A - B cached | 1.694 s: redistribute 0.123 ntt 1.215 crt 0.006 out 0.321 carry 0.051
cache_trace node 2: piece (1, 0) of 5 x 2, 111111112 + 138888890 limbs at 111111112, slots 1: A - B cached | 1.694 s: redistribute 0.108 ntt 1.221 crt 0.007 out 0.319 carry 0.051
cache_trace node 3: piece (1, 0) of 5 x 2, 111111112 + 138888890 limbs at 111111112, slots 1: A - B cached | 1.694 s: redistribute 0.107 ntt 1.219 crt 0.004 out 0.316 carry 0.051
cache_trace node 1: piece (2, 0) of 5 x 2, 111111112 + 138888890 limbs at 222222224, slots 1: A - B HIT | 1.092 s: redistribute 0.055 ntt 0.833 crt 0.006 out 0.163 carry 0.053
cache_trace node 2: piece (2, 0) of 5 x 2, 111111112 + 138888890 limbs at 222222224, slots 1: A - B HIT | 1.092 s: redistribute 0.052 ntt 0.863 crt 0.005 out 0.158 carry 0.052
cache_trace node 0: piece (2, 0) of 5 x 2, 111111112 + 138888890 limbs at 222222224, slots 1: A - B HIT | 1.092 s: redistribute 0.057 ntt 0.839 crt 0.005 out 0.158 carry 0.053
cache_trace node 3: piece (2, 0) of 5 x 2, 111111112 + 138888890 limbs at 222222224, slots 1: A - B HIT | 1.092 s: redistribute 0.053 ntt 0.840 crt 0.002 out 0.166 carry 0.053
cache_trace node 0: piece (3, 0) of 5 x 2, 111111112 + 138888890 limbs at 333333336, slots 1: A - B HIT | 1.072 s: redistribute 0.065 ntt 0.827 crt 0.006 out 0.143 carry 0.049
cache_trace node 1: piece (3, 0) of 5 x 2, 111111112 + 138888890 limbs at 333333336, slots 1: A - B HIT | 1.073 s: redistribute 0.061 ntt 0.831 crt 0.006 out 0.146 carry 0.049
cache_trace node 2: piece (3, 0) of 5 x 2, 111111112 + 138888890 limbs at 333333336, slots 1: A - B HIT | 1.073 s: redistribute 0.065 ntt 0.821 crt 0.005 out 0.141 carry 0.049
cache_trace node 3: piece (3, 0) of 5 x 2, 111111112 + 138888890 limbs at 333333336, slots 1: A - B HIT | 1.072 s: redistribute 0.059 ntt 0.841 crt 0.005 out 0.150 carry 0.049
cache_trace node 0: piece (4, 0) of 5 x 2, 111111112 + 138888890 limbs at 444444448, slots 1: A - B HIT | 1.015 s: redistribute 0.067 ntt 0.810 crt 0.006 out 0.109 carry 0.044
cache_trace node 1: piece (4, 0) of 5 x 2, 111111112 + 138888890 limbs at 444444448, slots 1: A - B HIT | 1.015 s: redistribute 0.054 ntt 0.815 crt 0.006 out 0.111 carry 0.044
cache_trace node 2: piece (4, 0) of 5 x 2, 111111112 + 138888890 limbs at 444444448, slots 1: A - B HIT | 1.015 s: redistribute 0.063 ntt 0.805 crt 0.006 out 0.109 carry 0.044
cache_trace node 3: piece (4, 0) of 5 x 2, 111111112 + 138888890 limbs at 444444448, slots 1: A - B HIT | 1.015 s: redistribute 0.066 ntt 0.812 crt 0.005 out 0.110 carry 0.044
cache_trace node 0: piece (0, 1) of 5 x 2, 111111112 + 138888890 limbs at 138888890, slots 1: A - B cached | 1.543 s: redistribute 0.108 ntt 1.210 crt 0.004 out 0.187 carry 0.039
cache_trace node 1: piece (0, 1) of 5 x 2, 111111112 + 138888890 limbs at 138888890, slots 1: A - B cached | 1.543 s: redistribute 0.111 ntt 1.218 crt 0.004 out 0.182 carry 0.039
cache_trace node 2: piece (0, 1) of 5 x 2, 111111112 + 138888890 limbs at 138888890, slots 1: A - B cached | 1.543 s: redistribute 0.111 ntt 1.211 crt 0.005 out 0.190 carry 0.039
cache_trace node 3: piece (0, 1) of 5 x 2, 111111112 + 138888890 limbs at 138888890, slots 1: A - B cached | 1.543 s: redistribute 0.111 ntt 1.210 crt 0.005 out 0.185 carry 0.039
cache_trace node 0: piece (1, 1) of 5 x 2, 111111112 + 138888890 limbs at 250000002, slots 1: A - B HIT | 1.138 s: redistribute 0.048 ntt 0.837 crt 0.006 out 0.208 carry 0.051
cache_trace node 1: piece (1, 1) of 5 x 2, 111111112 + 138888890 limbs at 250000002, slots 1: A - B HIT | 1.138 s: redistribute 0.052 ntt 0.828 crt 0.004 out 0.204 carry 0.051
cache_trace node 2: piece (1, 1) of 5 x 2, 111111112 + 138888890 limbs at 250000002, slots 1: A - B HIT | 1.138 s: redistribute 0.050 ntt 0.839 crt 0.007 out 0.206 carry 0.051
cache_trace node 3: piece (1, 1) of 5 x 2, 111111112 + 138888890 limbs at 250000002, slots 1: A - B HIT | 1.138 s: redistribute 0.049 ntt 0.842 crt 0.005 out 0.209 carry 0.051
cache_trace node 0: piece (2, 1) of 5 x 2, 111111112 + 138888890 limbs at 361111114, slots 1: A - B HIT | 1.008 s: redistribute 0.052 ntt 0.798 crt 0.008 out 0.123 carry 0.036
cache_trace node 1: piece (2, 1) of 5 x 2, 111111112 + 138888890 limbs at 361111114, slots 1: A - B HIT | 1.008 s: redistribute 0.054 ntt 0.797 crt 0.005 out 0.125 carry 0.036
cache_trace node 2: piece (2, 1) of 5 x 2, 111111112 + 138888890 limbs at 361111114, slots 1: A - B HIT | 1.008 s: redistribute 0.053 ntt 0.796 crt 0.007 out 0.126 carry 0.036
cache_trace node 3: piece (2, 1) of 5 x 2, 111111112 + 138888890 limbs at 361111114, slots 1: A - B HIT | 1.008 s: redistribute 0.054 ntt 0.806 crt 0.007 out 0.129 carry 0.036
cache_trace node 0: piece (3, 1) of 5 x 2, 111111112 + 138888890 limbs at 472222226, slots 1: A - B HIT | 1.016 s: redistribute 0.054 ntt 0.823 crt 0.007 out 0.089 carry 0.049
dist_mn node 0: 555555560 x 277777780 limbs over 4 x 4 ranks (cap 2^28): 5 x 2 pieces, 8 formed, 2 skipped (low product) (low cut) (cache 1 slots: 18 hits, 15 misses)
cache_trace node 1: piece (3, 1) of 5 x 2, 111111112 + 138888890 limbs at 472222226, slots 1: A - B HIT | 1.016 s: redistribute 0.054 ntt 0.825 crt 0.007 out 0.089 carry 0.049
dist_mn node 1: 555555560 x 277777780 limbs over 4 x 4 ranks (cap 2^28): 5 x 2 pieces, 8 formed, 2 skipped (low product) (low cut) (cache 1 slots: 18 hits, 15 misses)
cache_trace node 2: piece (3, 1) of 5 x 2, 111111112 + 138888890 limbs at 472222226, slots 1: A - B HIT | 1.016 s: redistribute 0.054 ntt 0.829 crt 0.007 out 0.095 carry 0.049
dist_mn node 2: 555555560 x 277777780 limbs over 4 x 4 ranks (cap 2^28): 5 x 2 pieces, 8 formed, 2 skipped (low product) (low cut) (cache 1 slots: 20 hits, 17 misses)
cache_trace node 3: piece (3, 1) of 5 x 2, 111111112 + 138888890 limbs at 472222226, slots 1: A - B HIT | 1.016 s: redistribute 0.048 ntt 0.842 crt 0.002 out 0.082 carry 0.049
dist_mn node 3: 555555560 x 277777780 limbs over 4 x 4 ranks (cap 2^28): 5 x 2 pieces, 8 formed, 2 skipped (low product) (low cut) (cache 1 slots: 20 hits, 17 misses)
cache_trace node 0: piece (1, 0) of 2 x 3, 138888890 + 92592593 limbs at 138888890, slots 1: A - B cached | 1.500 s: redistribute 0.106 ntt 1.227 crt 0.005 out 0.137 carry 0.050
cache_trace node 1: piece (1, 0) of 2 x 3, 138888890 + 92592593 limbs at 138888890, slots 1: A - B cached | 1.500 s: redistribute 0.106 ntt 1.224 crt 0.003 out 0.142 carry 0.049
cache_trace node 2: piece (1, 0) of 2 x 3, 138888890 + 92592593 limbs at 138888890, slots 1: A - B cached | 1.500 s: redistribute 0.103 ntt 1.223 crt 0.005 out 0.135 carry 0.049
cache_trace node 3: piece (1, 0) of 2 x 3, 138888890 + 92592593 limbs at 138888890, slots 1: A - B cached | 1.500 s: redistribute 0.105 ntt 1.231 crt 0.005 out 0.137 carry 0.049
cache_trace node 0: piece (0, 1) of 2 x 3, 138888890 + 92592593 limbs at 92592593, slots 1: A - B cached | 1.430 s: redistribute 0.103 ntt 1.160 crt 0.007 out 0.127 carry 0.045
cache_trace node 1: piece (0, 1) of 2 x 3, 138888890 + 92592593 limbs at 92592593, slots 1: A - B cached | 1.430 s: redistribute 0.103 ntt 1.168 crt 0.007 out 0.120 carry 0.045
cache_trace node 2: piece (0, 1) of 2 x 3, 138888890 + 92592593 limbs at 92592593, slots 1: A - B cached | 1.430 s: redistribute 0.101 ntt 1.168 crt 0.007 out 0.126 carry 0.045
cache_trace node 3: piece (0, 1) of 2 x 3, 138888890 + 92592593 limbs at 92592593, slots 1: A - B cached | 1.430 s: redistribute 0.103 ntt 1.169 crt 0.002 out 0.128 carry 0.045
cache_trace node 0: piece (1, 1) of 2 x 3, 138888890 + 92592593 limbs at 231481483, slots 1: A - B HIT | 1.246 s: redistribute 0.072 ntt 0.954 crt 0.007 out 0.187 carry 0.046
cache_trace node 1: piece (1, 1) of 2 x 3, 138888890 + 92592593 limbs at 231481483, slots 1: A - B HIT | 1.246 s: redistribute 0.062 ntt 0.963 crt 0.007 out 0.187 carry 0.045
cache_trace node 2: piece (1, 1) of 2 x 3, 138888890 + 92592593 limbs at 231481483, slots 1: A - B HIT | 1.246 s: redistribute 0.234 ntt 0.955 crt 0.005 out 0.195 carry 0.045
cache_trace node 3: piece (1, 1) of 2 x 3, 138888890 + 92592593 limbs at 231481483, slots 1: A - B HIT | 1.246 s: redistribute 0.237 ntt 0.946 crt 0.007 out 0.187 carry 0.045
cache_trace node 0: piece (0, 2) of 2 x 3, 138888890 + 92592593 limbs at 185185186, slots 1: A - B cached | 1.579 s: redistribute 0.107 ntt 1.267 crt 0.007 out 0.153 carry 0.054
cache_trace node 1: piece (0, 2) of 2 x 3, 138888890 + 92592593 limbs at 185185186, slots 1: A - B cached | 1.579 s: redistribute 0.102 ntt 1.281 crt 0.007 out 0.143 carry 0.053
cache_trace node 2: piece (0, 2) of 2 x 3, 138888890 + 92592593 limbs at 185185186, slots 1: A - B cached | 1.579 s: redistribute 0.109 ntt 1.275 crt 0.006 out 0.158 carry 0.053
cache_trace node 3: piece (0, 2) of 2 x 3, 138888890 + 92592593 limbs at 185185186, slots 1: A - B cached | 1.579 s: redistribute 0.113 ntt 1.270 crt 0.003 out 0.161 carry 0.053
cache_trace node 0: piece (1, 2) of 2 x 3, 138888890 + 92592593 limbs at 324074076, slots 1: A - B HIT | 1.060 s: redistribute 0.063 ntt 0.820 crt 0.007 out 0.128 carry 0.049
dist_mn node 0: 277777780 x 277777779 limbs over 4 x 4 ranks (cap 2^28): 2 x 3 pieces, 5 formed, 1 skipped (low cut) (cache 1 slots: 20 hits, 18 misses)
cache_trace node 1: piece (1, 2) of 2 x 3, 138888890 + 92592593 limbs at 324074076, slots 1: A - B HIT | 1.060 s: redistribute 0.062 ntt 0.829 crt 0.007 out 0.126 carry 0.049
dist_mn node 1: 277777780 x 277777779 limbs over 4 x 4 ranks (cap 2^28): 2 x 3 pieces, 5 formed, 1 skipped (low cut) (cache 1 slots: 20 hits, 18 misses)
cache_trace node 2: piece (1, 2) of 2 x 3, 138888890 + 92592593 limbs at 324074076, slots 1: A - B HIT | 1.060 s: redistribute 0.061 ntt 0.822 crt 0.007 out 0.131 carry 0.049
dist_mn node 2: 277777780 x 277777779 limbs over 4 x 4 ranks (cap 2^28): 2 x 3 pieces, 5 formed, 1 skipped (low cut) (cache 1 slots: 22 hits, 20 misses)
cache_trace node 3: piece (1, 2) of 2 x 3, 138888890 + 92592593 limbs at 324074076, slots 1: A - B HIT | 1.060 s: redistribute 0.062 ntt 0.821 crt 0.005 out 0.131 carry 0.049
dist_mn node 3: 277777780 x 277777779 limbs over 4 x 4 ranks (cap 2^28): 2 x 3 pieces, 5 formed, 1 skipped (low cut) (cache 1 slots: 22 hits, 20 misses)
cache_trace node 0: piece (3, 0) of 4 x 5, 138888887 + 111111112 limbs at 416666670, slots 1: A - B cached | 1.561 s: redistribute 0.167 ntt 1.208 crt 0.008 out 0.148 carry 0.091
cache_trace node 1: piece (3, 0) of 4 x 5, 138888887 + 111111112 limbs at 416666670, slots 1: A - B cached | 1.561 s: redistribute 0.170 ntt 1.224 crt 0.008 out 0.144 carry 0.091
cache_trace node 2: piece (3, 0) of 4 x 5, 138888887 + 111111112 limbs at 416666670, slots 1: A - B cached | 1.561 s: redistribute 0.169 ntt 1.226 crt 0.008 out 0.144 carry 0.091
cache_trace node 3: piece (3, 0) of 4 x 5, 138888887 + 111111112 limbs at 416666670, slots 1: A - B cached | 1.561 s: redistribute 0.167 ntt 1.205 crt 0.008 out 0.152 carry 0.091
cache_trace node 0: piece (2, 1) of 4 x 5, 138888890 + 111111112 limbs at 388888892, slots 1: A - B cached | 1.904 s: redistribute 0.116 ntt 1.212 crt 0.005 out 0.496 carry 0.083
cache_trace node 1: piece (2, 1) of 4 x 5, 138888890 + 111111112 limbs at 388888892, slots 1: A - B cached | 1.904 s: redistribute 0.120 ntt 1.206 crt 0.011 out 0.494 carry 0.082
cache_trace node 2: piece (2, 1) of 4 x 5, 138888890 + 111111112 limbs at 388888892, slots 1: A - B cached | 1.904 s: redistribute 0.116 ntt 1.207 crt 0.006 out 0.500 carry 0.083
cache_trace node 3: piece (2, 1) of 4 x 5, 138888890 + 111111112 limbs at 388888892, slots 1: A - B cached | 1.904 s: redistribute 0.116 ntt 1.220 crt 0.006 out 0.493 carry 0.083
cache_trace node 0: piece (3, 1) of 4 x 5, 138888887 + 111111112 limbs at 527777782, slots 1: A - B HIT | 1.618 s: redistribute 0.070 ntt 0.800 crt 0.004 out 0.667 carry 0.078
cache_trace node 1: piece (3, 1) of 4 x 5, 138888887 + 111111112 limbs at 527777782, slots 1: A - B HIT | 1.618 s: redistribute 0.061 ntt 0.812 crt 0.003 out 0.669 carry 0.078
cache_trace node 2: piece (3, 1) of 4 x 5, 138888887 + 111111112 limbs at 527777782, slots 1: A - B HIT | 1.618 s: redistribute 0.071 ntt 0.880 crt 0.005 out 0.608 carry 0.077
cache_trace node 3: piece (3, 1) of 4 x 5, 138888887 + 111111112 limbs at 527777782, slots 1: A - B HIT | 1.618 s: redistribute 0.070 ntt 0.810 crt 0.004 out 0.661 carry 0.078
cache_trace node 0: piece (1, 2) of 4 x 5, 138888890 + 111111112 limbs at 361111114, slots 1: A - B cached | 1.955 s: redistribute 0.123 ntt 1.198 crt 0.007 out 0.561 carry 0.081
cache_trace node 1: piece (1, 2) of 4 x 5, 138888890 + 111111112 limbs at 361111114, slots 1: A - B cached | 1.955 s: redistribute 0.120 ntt 1.197 crt 0.007 out 0.563 carry 0.079
cache_trace node 2: piece (1, 2) of 4 x 5, 138888890 + 111111112 limbs at 361111114, slots 1: A - B cached | 1.955 s: redistribute 0.120 ntt 1.195 crt 0.007 out 0.562 carry 0.081
cache_trace node 3: piece (1, 2) of 4 x 5, 138888890 + 111111112 limbs at 361111114, slots 1: A - B cached | 1.955 s: redistribute 0.114 ntt 1.200 crt 0.006 out 0.569 carry 0.081
cache_trace node 0: piece (2, 2) of 4 x 5, 138888890 + 111111112 limbs at 500000004, slots 1: A - B HIT | 1.112 s: redistribute 0.069 ntt 0.815 crt 0.005 out 0.150 carry 0.081
cache_trace node 1: piece (2, 2) of 4 x 5, 138888890 + 111111112 limbs at 500000004, slots 1: A - B HIT | 1.112 s: redistribute 0.072 ntt 0.820 crt 0.005 out 0.150 carry 0.081
cache_trace node 2: piece (2, 2) of 4 x 5, 138888890 + 111111112 limbs at 500000004, slots 1: A - B HIT | 1.112 s: redistribute 0.070 ntt 0.808 crt 0.002 out 0.159 carry 0.081
cache_trace node 3: piece (2, 2) of 4 x 5, 138888890 + 111111112 limbs at 500000004, slots 1: A - B HIT | 1.112 s: redistribute 0.070 ntt 0.815 crt 0.005 out 0.155 carry 0.081
cache_trace node 0: piece (3, 2) of 4 x 5, 138888887 + 111111112 limbs at 638888894, slots 1: A - B HIT | 1.130 s: redistribute 0.071 ntt 0.789 crt 0.006 out 0.174 carry 0.098
cache_trace node 2: piece (3, 2) of 4 x 5, 138888887 + 111111112 limbs at 638888894, slots 1: A - B HIT | 1.130 s: redistribute 0.071 ntt 0.798 crt 0.005 out 0.171 carry 0.098
cache_trace node 1: piece (3, 2) of 4 x 5, 138888887 + 111111112 limbs at 638888894, slots 1: A - B HIT | 1.130 s: redistribute 0.067 ntt 0.795 crt 0.004 out 0.173 carry 0.098
cache_trace node 3: piece (3, 2) of 4 x 5, 138888887 + 111111112 limbs at 638888894, slots 1: A - B HIT | 1.131 s: redistribute 0.070 ntt 0.795 crt 0.005 out 0.177 carry 0.098
cache_trace node 0: piece (0, 3) of 4 x 5, 138888890 + 111111112 limbs at 333333336, slots 1: A - B cached | 2.077 s: redistribute 0.122 ntt 1.173 crt 0.005 out 0.721 carry 0.071
cache_trace node 1: piece (0, 3) of 4 x 5, 138888890 + 111111112 limbs at 333333336, slots 1: A - B cached | 2.077 s: redistribute 0.119 ntt 1.170 crt 0.006 out 0.716 carry 0.071
cache_trace node 2: piece (0, 3) of 4 x 5, 138888890 + 111111112 limbs at 333333336, slots 1: A - B cached | 2.077 s: redistribute 0.122 ntt 1.172 crt 0.005 out 0.721 carry 0.071
cache_trace node 3: piece (0, 3) of 4 x 5, 138888890 + 111111112 limbs at 333333336, slots 1: A - B cached | 2.076 s: redistribute 0.117 ntt 1.184 crt 0.004 out 0.717 carry 0.071
cache_trace node 0: piece (1, 3) of 4 x 5, 138888890 + 111111112 limbs at 472222226, slots 1: A - B HIT | 1.065 s: redistribute 0.074 ntt 0.782 crt 0.004 out 0.137 carry 0.086
cache_trace node 1: piece (1, 3) of 4 x 5, 138888890 + 111111112 limbs at 472222226, slots 1: A - B HIT | 1.065 s: redistribute 0.073 ntt 0.779 crt 0.005 out 0.137 carry 0.086
cache_trace node 2: piece (1, 3) of 4 x 5, 138888890 + 111111112 limbs at 472222226, slots 1: A - B HIT | 1.065 s: redistribute 0.066 ntt 0.784 crt 0.005 out 0.138 carry 0.086
cache_trace node 3: piece (1, 3) of 4 x 5, 138888890 + 111111112 limbs at 472222226, slots 1: A - B HIT | 1.065 s: redistribute 0.069 ntt 0.801 crt 0.005 out 0.136 carry 0.086
cache_trace node 0: piece (2, 3) of 4 x 5, 138888890 + 111111112 limbs at 611111116, slots 1: A - B HIT | 1.341 s: redistribute 0.070 ntt 0.768 crt 0.005 out 0.430 carry 0.075
cache_trace node 1: piece (2, 3) of 4 x 5, 138888890 + 111111112 limbs at 611111116, slots 1: A - B HIT | 1.341 s: redistribute 0.067 ntt 0.771 crt 0.005 out 0.432 carry 0.075
cache_trace node 2: piece (2, 3) of 4 x 5, 138888890 + 111111112 limbs at 611111116, slots 1: A - B HIT | 1.341 s: redistribute 0.069 ntt 0.769 crt 0.005 out 0.425 carry 0.074
cache_trace node 3: piece (2, 3) of 4 x 5, 138888890 + 111111112 limbs at 611111116, slots 1: A - B HIT | 1.341 s: redistribute 0.065 ntt 0.776 crt 0.004 out 0.423 carry 0.075
cache_trace node 0: piece (3, 3) of 4 x 5, 138888887 + 111111112 limbs at 750000006, slots 1: A - B HIT | 1.510 s: redistribute 0.074 ntt 0.830 crt 0.004 out 0.541 carry 0.078
cache_trace node 2: piece (3, 3) of 4 x 5, 138888887 + 111111112 limbs at 750000006, slots 1: A - B HIT | 1.510 s: redistribute 0.075 ntt 0.824 crt 0.005 out 0.544 carry 0.078
cache_trace node 3: piece (3, 3) of 4 x 5, 138888887 + 111111112 limbs at 750000006, slots 1: A - B HIT | 1.510 s: redistribute 0.074 ntt 0.825 crt 0.005 out 0.539 carry 0.077
cache_trace node 1: piece (3, 3) of 4 x 5, 138888887 + 111111112 limbs at 750000006, slots 1: A - B HIT | 1.510 s: redistribute 0.069 ntt 0.829 crt 0.005 out 0.546 carry 0.078
cache_trace node 0: piece (0, 4) of 4 x 5, 138888890 + 111111110 limbs at 444444448, slots 1: A - B cached | 1.537 s: redistribute 0.125 ntt 1.191 crt 0.006 out 0.143 carry 0.089
cache_trace node 1: piece (0, 4) of 4 x 5, 138888890 + 111111110 limbs at 444444448, slots 1: A - B cached | 1.537 s: redistribute 0.121 ntt 1.200 crt 0.007 out 0.140 carry 0.089
cache_trace node 2: piece (0, 4) of 4 x 5, 138888890 + 111111110 limbs at 444444448, slots 1: A - B cached | 1.537 s: redistribute 0.123 ntt 1.202 crt 0.006 out 0.143 carry 0.089
cache_trace node 3: piece (0, 4) of 4 x 5, 138888890 + 111111110 limbs at 444444448, slots 1: A - B cached | 1.537 s: redistribute 0.123 ntt 1.192 crt 0.008 out 0.139 carry 0.089
cache_trace node 0: piece (1, 4) of 4 x 5, 138888890 + 111111110 limbs at 583333338, slots 1: A - B HIT | 1.631 s: redistribute 0.069 ntt 0.782 crt 0.007 out 0.740 carry 0.049
cache_trace node 1: piece (1, 4) of 4 x 5, 138888890 + 111111110 limbs at 583333338, slots 1: A - B HIT | 1.631 s: redistribute 0.069 ntt 0.784 crt 0.005 out 0.735 carry 0.049
cache_trace node 2: piece (1, 4) of 4 x 5, 138888890 + 111111110 limbs at 583333338, slots 1: A - B HIT | 1.631 s: redistribute 0.067 ntt 0.885 crt 0.007 out 0.653 carry 0.048
cache_trace node 3: piece (1, 4) of 4 x 5, 138888890 + 111111110 limbs at 583333338, slots 1: A - B HIT | 1.631 s: redistribute 0.068 ntt 0.788 crt 0.006 out 0.735 carry 0.049
cache_trace node 0: piece (2, 4) of 4 x 5, 138888890 + 111111110 limbs at 722222228, slots 1: A - B HIT | 1.150 s: redistribute 0.084 ntt 0.829 crt 0.004 out 0.144 carry 0.102
cache_trace node 1: piece (2, 4) of 4 x 5, 138888890 + 111111110 limbs at 722222228, slots 1: A - B HIT | 1.150 s: redistribute 0.061 ntt 0.839 crt 0.005 out 0.147 carry 0.102
cache_trace node 2: piece (2, 4) of 4 x 5, 138888890 + 111111110 limbs at 722222228, slots 1: A - B HIT | 1.150 s: redistribute 0.082 ntt 0.829 crt 0.005 out 0.155 carry 0.102
cache_trace node 3: piece (2, 4) of 4 x 5, 138888890 + 111111110 limbs at 722222228, slots 1: A - B HIT | 1.150 s: redistribute 0.061 ntt 0.839 crt 0.003 out 0.150 carry 0.102
cache_trace node 0: piece (3, 4) of 4 x 5, 138888887 + 111111110 limbs at 861111118, slots 1: A - B HIT | 1.687 s: redistribute 0.068 ntt 0.811 crt 0.004 out 0.766 carry 0.050
dist_mn node 0: 555555557 x 555555558 limbs over 4 x 4 ranks (cap 2^28): 4 x 5 pieces, 14 formed, 6 skipped (low cut) (cache 1 slots: 29 hits, 23 misses)
cache_trace node 1: piece (3, 4) of 4 x 5, 138888887 + 111111110 limbs at 861111118, slots 1: A - B HIT | 1.687 s: redistribute 0.069 ntt 0.806 crt 0.006 out 0.762 carry 0.050
dist_mn node 1: 555555557 x 555555558 limbs over 4 x 4 ranks (cap 2^28): 4 x 5 pieces, 14 formed, 6 skipped (low cut) (cache 1 slots: 29 hits, 23 misses)
cache_trace node 2: piece (3, 4) of 4 x 5, 138888887 + 111111110 limbs at 861111118, slots 1: A - B HIT | 1.687 s: redistribute 0.072 ntt 0.816 crt 0.007 out 0.774 carry 0.050
dist_mn node 2: 555555557 x 555555558 limbs over 4 x 4 ranks (cap 2^28): 4 x 5 pieces, 14 formed, 6 skipped (low cut) (cache 1 slots: 31 hits, 25 misses)
cache_trace node 3: piece (3, 4) of 4 x 5, 138888887 + 111111110 limbs at 861111118, slots 1: A - B HIT | 1.687 s: redistribute 0.071 ntt 0.803 crt 0.005 out 0.766 carry 0.049
dist_mn node 3: 555555557 x 555555558 limbs over 4 x 4 ranks (cap 2^28): 4 x 5 pieces, 14 formed, 6 skipped (low cut) (cache 1 slots: 31 hits, 25 misses)
mn_out: /tmp/cx15/f1_r2.txt.part0003: O_DIRECT, packed form, 8 write threads, file system local
cache_trace node 0: piece (0, 0) of 4 x 5, 138888890 + 111111112 limbs at 0, slots 1: A - B cached | 1.810 s: redistribute 0.205 ntt 1.466 crt 0.005 out 0.154 carry 0.003
cache_trace node 1: piece (0, 0) of 4 x 5, 138888890 + 111111112 limbs at 0, slots 1: A - B cached | 1.810 s: redistribute 0.202 ntt 1.486 crt 0.008 out 0.151 carry 0.003
cache_trace node 2: piece (0, 0) of 4 x 5, 138888890 + 111111112 limbs at 0, slots 1: A - B cached | 1.810 s: redistribute 0.206 ntt 1.482 crt 0.007 out 0.156 carry 0.004
cache_trace node 3: piece (0, 0) of 4 x 5, 138888890 + 111111112 limbs at 0, slots 1: A - B cached | 1.810 s: redistribute 0.202 ntt 1.498 crt 0.007 out 0.157 carry 0.003
cache_trace node 0: piece (1, 0) of 4 x 5, 138888890 + 111111112 limbs at 138888890, slots 1: A - B HIT | 0.998 s: redistribute 0.074 ntt 0.748 crt 0.005 out 0.139 carry 0.041
cache_trace node 1: piece (1, 0) of 4 x 5, 138888890 + 111111112 limbs at 138888890, slots 1: A - B HIT | 0.998 s: redistribute 0.072 ntt 0.753 crt 0.003 out 0.139 carry 0.041
cache_trace node 2: piece (1, 0) of 4 x 5, 138888890 + 111111112 limbs at 138888890, slots 1: A - B HIT | 0.998 s: redistribute 0.069 ntt 0.762 crt 0.005 out 0.142 carry 0.041
cache_trace node 3: piece (1, 0) of 4 x 5, 138888890 + 111111112 limbs at 138888890, slots 1: A - B HIT | 0.998 s: redistribute 0.067 ntt 0.757 crt 0.005 out 0.144 carry 0.041
cache_trace node 0: piece (2, 0) of 4 x 5, 138888890 + 111111112 limbs at 277777780, slots 1: A - B HIT | 1.089 s: redistribute 0.067 ntt 0.829 crt 0.005 out 0.146 carry 0.042
cache_trace node 1: piece (2, 0) of 4 x 5, 138888890 + 111111112 limbs at 277777780, slots 1: A - B HIT | 1.089 s: redistribute 0.069 ntt 0.838 crt 0.005 out 0.148 carry 0.043
cache_trace node 2: piece (2, 0) of 4 x 5, 138888890 + 111111112 limbs at 277777780, slots 1: A - B HIT | 1.089 s: redistribute 0.068 ntt 0.831 crt 0.005 out 0.144 carry 0.042
cache_trace node 3: piece (2, 0) of 4 x 5, 138888890 + 111111112 limbs at 277777780, slots 1: A - B HIT | 1.089 s: redistribute 0.069 ntt 0.837 crt 0.004 out 0.142 carry 0.042
cache_trace node 0: piece (3, 0) of 4 x 5, 138888887 + 111111112 limbs at 416666670, slots 1: A - B HIT | 1.035 s: redistribute 0.067 ntt 0.848 crt 0.007 out 0.126 carry 0.008
cache_trace node 1: piece (3, 0) of 4 x 5, 138888887 + 111111112 limbs at 416666670, slots 1: A - B HIT | 1.035 s: redistribute 0.067 ntt 0.849 crt 0.007 out 0.123 carry 0.008
cache_trace node 2: piece (3, 0) of 4 x 5, 138888887 + 111111112 limbs at 416666670, slots 1: A - B HIT | 1.035 s: redistribute 0.061 ntt 0.853 crt 0.005 out 0.130 carry 0.008
cache_trace node 3: piece (3, 0) of 4 x 5, 138888887 + 111111112 limbs at 416666670, slots 1: A - B HIT | 1.035 s: redistribute 0.065 ntt 0.853 crt 0.007 out 0.121 carry 0.008
cache_trace node 0: piece (0, 1) of 4 x 5, 138888890 + 111111112 limbs at 111111112, slots 1: A - B cached | 1.501 s: redistribute 0.117 ntt 1.209 crt 0.005 out 0.129 carry 0.052
cache_trace node 1: piece (0, 1) of 4 x 5, 138888890 + 111111112 limbs at 111111112, slots 1: A - B cached | 1.501 s: redistribute 0.122 ntt 1.204 crt 0.005 out 0.127 carry 0.052
cache_trace node 2: piece (0, 1) of 4 x 5, 138888890 + 111111112 limbs at 111111112, slots 1: A - B cached | 1.501 s: redistribute 0.122 ntt 1.213 crt 0.005 out 0.133 carry 0.052
cache_trace node 3: piece (0, 1) of 4 x 5, 138888890 + 111111112 limbs at 111111112, slots 1: A - B cached | 1.501 s: redistribute 0.116 ntt 1.225 crt 0.004 out 0.129 carry 0.052
cache_trace node 0: piece (1, 1) of 4 x 5, 138888890 + 111111112 limbs at 250000002, slots 1: A - B HIT | 1.119 s: redistribute 0.071 ntt 0.876 crt 0.005 out 0.137 carry 0.050
cache_trace node 1: piece (1, 1) of 4 x 5, 138888890 + 111111112 limbs at 250000002, slots 1: A - B HIT | 1.119 s: redistribute 0.070 ntt 0.870 crt 0.004 out 0.137 carry 0.050
cache_trace node 2: piece (1, 1) of 4 x 5, 138888890 + 111111112 limbs at 250000002, slots 1: A - B HIT | 1.119 s: redistribute 0.071 ntt 0.881 crt 0.006 out 0.130 carry 0.050
cache_trace node 3: piece (1, 1) of 4 x 5, 138888890 + 111111112 limbs at 250000002, slots 1: A - B HIT | 1.119 s: redistribute 0.067 ntt 0.877 crt 0.006 out 0.131 carry 0.050
cache_trace node 0: piece (2, 1) of 4 x 5, 138888890 + 111111112 limbs at 388888892, slots 1: A - B HIT | 1.061 s: redistribute 0.072 ntt 0.860 crt 0.007 out 0.117 carry 0.026
cache_trace node 1: piece (2, 1) of 4 x 5, 138888890 + 111111112 limbs at 388888892, slots 1: A - B HIT | 1.061 s: redistribute 0.071 ntt 0.863 crt 0.006 out 0.115 carry 0.026
cache_trace node 2: piece (2, 1) of 4 x 5, 138888890 + 111111112 limbs at 388888892, slots 1: A - B HIT | 1.061 s: redistribute 0.071 ntt 0.859 crt 0.005 out 0.123 carry 0.026
cache_trace node 3: piece (2, 1) of 4 x 5, 138888890 + 111111112 limbs at 388888892, slots 1: A - B HIT | 1.061 s: redistribute 0.081 ntt 0.857 crt 0.007 out 0.120 carry 0.025
cache_trace node 0: piece (3, 1) of 4 x 5, 138888887 + 111111112 limbs at 527777782, slots 1: A - B HIT | 0.966 s: redistribute 0.072 ntt 0.838 crt 0.005 out 0.047 carry 0.023
cache_trace node 1: piece (3, 1) of 4 x 5, 138888887 + 111111112 limbs at 527777782, slots 1: A - B HIT | 0.966 s: redistribute 0.070 ntt 0.835 crt 0.005 out 0.044 carry 0.023
cache_trace node 2: piece (3, 1) of 4 x 5, 138888887 + 111111112 limbs at 527777782, slots 1: A - B HIT | 0.966 s: redistribute 0.070 ntt 0.848 crt 0.005 out 0.041 carry 0.023
cache_trace node 3: piece (3, 1) of 4 x 5, 138888887 + 111111112 limbs at 527777782, slots 1: A - B HIT | 0.966 s: redistribute 0.071 ntt 0.831 crt 0.004 out 0.040 carry 0.023
cache_trace node 0: piece (0, 2) of 4 x 5, 138888890 + 111111112 limbs at 222222224, slots 1: A - B cached | 1.516 s: redistribute 0.116 ntt 1.219 crt 0.004 out 0.129 carry 0.054
cache_trace node 1: piece (0, 2) of 4 x 5, 138888890 + 111111112 limbs at 222222224, slots 1: A - B cached | 1.516 s: redistribute 0.115 ntt 1.223 crt 0.005 out 0.131 carry 0.054
cache_trace node 2: piece (0, 2) of 4 x 5, 138888890 + 111111112 limbs at 222222224, slots 1: A - B cached | 1.516 s: redistribute 0.114 ntt 1.215 crt 0.005 out 0.133 carry 0.053
cache_trace node 3: piece (0, 2) of 4 x 5, 138888890 + 111111112 limbs at 222222224, slots 1: A - B cached | 1.516 s: redistribute 0.113 ntt 1.223 crt 0.005 out 0.137 carry 0.054
cache_trace node 0: piece (1, 2) of 4 x 5, 138888890 + 111111112 limbs at 361111114, slots 1: A - B HIT | 1.060 s: redistribute 0.076 ntt 0.826 crt 0.007 out 0.125 carry 0.039
cache_trace node 1: piece (1, 2) of 4 x 5, 138888890 + 111111112 limbs at 361111114, slots 1: A - B HIT | 1.060 s: redistribute 0.074 ntt 0.835 crt 0.005 out 0.117 carry 0.038
cache_trace node 2: piece (1, 2) of 4 x 5, 138888890 + 111111112 limbs at 361111114, slots 1: A - B HIT | 1.060 s: redistribute 0.071 ntt 0.840 crt 0.007 out 0.122 carry 0.038
cache_trace node 3: piece (1, 2) of 4 x 5, 138888890 + 111111112 limbs at 361111114, slots 1: A - B HIT | 1.060 s: redistribute 0.073 ntt 0.847 crt 0.007 out 0.125 carry 0.038
cache_trace node 0: piece (2, 2) of 4 x 5, 138888890 + 111111112 limbs at 500000004, slots 1: A - B HIT | 1.013 s: redistribute 0.070 ntt 0.864 crt 0.008 out 0.058 carry 0.034
cache_trace node 1: piece (2, 2) of 4 x 5, 138888890 + 111111112 limbs at 500000004, slots 1: A - B HIT | 1.013 s: redistribute 0.067 ntt 0.870 crt 0.003 out 0.059 carry 0.034
cache_trace node 2: piece (2, 2) of 4 x 5, 138888890 + 111111112 limbs at 500000004, slots 1: A - B HIT | 1.013 s: redistribute 0.069 ntt 0.858 crt 0.007 out 0.061 carry 0.034
cache_trace node 3: piece (2, 2) of 4 x 5, 138888890 + 111111112 limbs at 500000004, slots 1: A - B HIT | 1.013 s: redistribute 0.065 ntt 0.877 crt 0.007 out 0.055 carry 0.034
cache_trace node 0: piece (0, 3) of 4 x 5, 138888890 + 111111112 limbs at 333333336, slots 1: A - B cached | 1.534 s: redistribute 0.123 ntt 1.246 crt 0.007 out 0.144 carry 0.044
cache_trace node 1: piece (0, 3) of 4 x 5, 138888890 + 111111112 limbs at 333333336, slots 1: A - B cached | 1.534 s: redistribute 0.128 ntt 1.246 crt 0.007 out 0.142 carry 0.044
cache_trace node 2: piece (0, 3) of 4 x 5, 138888890 + 111111112 limbs at 333333336, slots 1: A - B cached | 1.534 s: redistribute 0.124 ntt 1.244 crt 0.004 out 0.138 carry 0.044
cache_trace node 3: piece (0, 3) of 4 x 5, 138888890 + 111111112 limbs at 333333336, slots 1: A - B cached | 1.534 s: redistribute 0.111 ntt 1.252 crt 0.007 out 0.140 carry 0.044
cache_trace node 0: piece (1, 3) of 4 x 5, 138888890 + 111111112 limbs at 472222226, slots 1: A - B HIT | 1.047 s: redistribute 0.082 ntt 0.857 crt 0.003 out 0.081 carry 0.050
cache_trace node 1: piece (1, 3) of 4 x 5, 138888890 + 111111112 limbs at 472222226, slots 1: A - B HIT | 1.047 s: redistribute 0.080 ntt 0.853 crt 0.005 out 0.084 carry 0.049
cache_trace node 2: piece (1, 3) of 4 x 5, 138888890 + 111111112 limbs at 472222226, slots 1: A - B HIT | 1.047 s: redistribute 0.065 ntt 0.869 crt 0.005 out 0.087 carry 0.049
cache_trace node 3: piece (1, 3) of 4 x 5, 138888890 + 111111112 limbs at 472222226, slots 1: A - B HIT | 1.047 s: redistribute 0.060 ntt 0.875 crt 0.004 out 0.079 carry 0.049
cache_trace node 0: piece (0, 4) of 4 x 5, 138888890 + 111111112 limbs at 444444448, slots 1: A - B cached | 1.510 s: redistribute 0.118 ntt 1.260 crt 0.005 out 0.101 carry 0.046
dist_mn node 0: 555555557 x 555555560 limbs over 4 x 4 ranks (cap 2^28): 4 x 5 pieces, 14 formed, 6 skipped (low product) (cache 1 slots: 38 hits, 28 misses)
cache_trace node 1: piece (0, 4) of 4 x 5, 138888890 + 111111112 limbs at 444444448, slots 1: A - B cached | 1.510 s: redistribute 0.120 ntt 1.255 crt 0.005 out 0.103 carry 0.046
dist_mn node 1: 555555557 x 555555560 limbs over 4 x 4 ranks (cap 2^28): 4 x 5 pieces, 14 formed, 6 skipped (low product) (cache 1 slots: 38 hits, 28 misses)
cache_trace node 2: piece (0, 4) of 4 x 5, 138888890 + 111111112 limbs at 444444448, slots 1: A - B cached | 1.510 s: redistribute 0.115 ntt 1.268 crt 0.003 out 0.096 carry 0.045
dist_mn node 2: 555555557 x 555555560 limbs over 4 x 4 ranks (cap 2^28): 4 x 5 pieces, 14 formed, 6 skipped (low product) (cache 1 slots: 40 hits, 30 misses)
cache_trace node 3: piece (0, 4) of 4 x 5, 138888890 + 111111112 limbs at 444444448, slots 1: A - B cached | 1.510 s: redistribute 0.116 ntt 1.263 crt 0.005 out 0.102 carry 0.044
dist_mn node 3: 555555557 x 555555560 limbs over 4 x 4 ranks (cap 2^28): 4 x 5 pieces, 14 formed, 6 skipped (low product) (cache 1 slots: 40 hits, 30 misses)
divmod(mn) 74.07 s: reciprocal 34.36 (products 31.38), S = P + Q 0.03, A mu + shift 22.28, X Q + window 17.30, corrections 0.03 (0), R residues 0.07; division products 38.57 s; shifts 69/2.31 s, addsub 24/0.32 s
scratch(mn): mdb_shift slabs 2.222 GB per node-process at most (MDB_SHIFT_CHUNK_MB=1024), window temporaries T + rbO 2.222 GB (MN_T_CHUNK_MB=1024)
mn: node 0: dm over 4 nodes 74.07 s (reciprocal 34.36), X 555555557 limbs, sharded
mn: node 1: dm over 4 nodes 74.07 s (reciprocal 34.36), X 555555557 limbs, sharded; to the output stage
mn: node 2: dm over 4 nodes 74.07 s (reciprocal 34.36), X 555555557 limbs, sharded; to the output stage
mn: node 3: dm over 4 nodes 74.07 s (reciprocal 34.36), X 555555557 limbs, sharded; to the output stage
bs       48.15 s   N 1158787585, P 555555560 limbs, Q 555555560 limbs (seeds 0.0 school 0.0 batch 3.7 mdev 0.0; pool 2.5 GB; dev pools 0.0 GB)   VmRSS 22.2 GB, VmHWM 22.2 GB
RESULT ecalc bs s 48.1525
mem[0] [bs] device 30.4 GB in use (per APU 7.1..9.2): planes 8.6, regions 0.0, block pool 19.3 (donated 0.0, borrowed 19.3, hipMalloc 0.0; live 1.1, peak live 8.6, free 18.2), tables 2.46, other 0.0
mem[0] [bs] host 22.2 GB RSS (HWM 22.2): staging 4.3 pinned, registered 0.0, X 0.0, digits 0.0, named 0.0, other 17.9
mem[0] [bs]   APU0: in use 9.2 GB: planes 2.15 pool:borrowed 6.44 pool:live 0.28 pool:free 6.16 pool:peak-live 2.15 tables 0.62  (driver: 42.3 of 137.4 GB used)
mem[0] [bs]   APU1: in use 7.1 GB: planes 2.15 pool:borrowed 4.29 pool:live 0.28 pool:free 4.02 pool:peak-live 2.15 tables 0.61  (driver: 33.7 of 137.4 GB used)
mem[0] [bs]   APU2: in use 7.1 GB: planes 2.15 pool:borrowed 4.29 pool:live 0.28 pool:free 4.02 pool:peak-live 2.15 tables 0.61  (driver: 33.7 of 137.4 GB used)
mem[0] [bs]   APU3: in use 7.1 GB: planes 2.15 pool:borrowed 4.29 pool:live 0.28 pool:free 4.02 pool:peak-live 2.15 tables 0.62  (driver: 33.7 of 137.4 GB used)
recip    34.36 s   (over 4 nodes; 29 iterations)
10dP      0.00 s   (S = P + Q over shares, inside dm)
RESULT ecalc 10dP s 0
dm       74.07 s   X 555555557 limbs (recip 34.4 s; corrections 0/0; over 4 nodes)   VmRSS 22.2 GB, VmHWM 22.2 GB
RESULT ecalc dm s 74.0686
mn: node 0: X share [0, 138888889) of 555555557 limbs on the device (the distributed division's)
mn: node 1: X share [138888889, 277777778) of 555555557 limbs on the device (the distributed division's)
mn: node 2: X share [277777778, 416666667) of 555555557 limbs on the device (the distributed division's)
mn: node 3: X share [416666667, 555555557) of 555555557 limbs on the device (the distributed division's)
mn: node 0: T1        0.07 s   ok: T(P+Q) == XQ + R and P, Q mod q for 8 primes (P, Q recurrence over this node's terms, overlapped with bs; joined over the nodes)
mn: node 0:       overlapped with bs: P, Q mod q recurrence 0.85 s, block pool pregrown by 0 GB in 0.00 s
mn: node 1: T1        0.07 s   ok: T(P+Q) == XQ + R and P, Q mod q for 8 primes (P, Q recurrence over this node's terms, overlapped with bs; joined over the nodes)
mn: node 1:       overlapped with bs: P, Q mod q recurrence 0.82 s, block pool pregrown by 0 GB in 0.00 s
mn: node 2: T1        0.07 s   ok: T(P+Q) == XQ + R and P, Q mod q for 8 primes (P, Q recurrence over this node's terms, overlapped with bs; joined over the nodes)
mn: node 2:       overlapped with bs: P, Q mod q recurrence 0.86 s, block pool pregrown by 0 GB in 0.00 s
mn: node 3: T1        0.07 s   ok: T(P+Q) == XQ + R and P, Q mod q for 8 primes (P, Q recurrence over this node's terms, overlapped with bs; joined over the nodes)
mn: node 3:       overlapped with bs: P, Q mod q recurrence 0.79 s, block pool pregrown by 0 GB in 0.00 s
mn: node 0:       VmRSS 22.2 GB before dc
mn: node 2:       VmRSS 24.6 GB before dc
mn: node 0:       the part file started in the division (MN_OUT_EARLY): its writer ran 0.79 s, joined after 0.00 s here
mn: node 1:       VmRSS 23.6 GB before dc
mn: node 3:       VmRSS 24.8 GB before dc
mn: node 2:       the part file started in the division (MN_OUT_EARLY): its writer ran 0.82 s, joined after 0.00 s here
mn: node 3:       the part file started in the division (MN_OUT_EARLY): its writer ran 1.04 s, joined after 0.00 s here
mn: node 1:       the part file started in the division (MN_OUT_EARLY): its writer ran 0.87 s, joined after 0.00 s here
mn: node 0:       patch: X +0 after the formatting started (ECALC_CORR_PATCH): nothing to patch; 0 deferred windows; 0.001 s
mn: node 1:       patch: X +0 after the formatting started (ECALC_CORR_PATCH): nothing to patch; 0 deferred windows; 0.001 s
mn: node 2:       patch: X +0 after the formatting started (ECALC_CORR_PATCH): nothing to patch; 0 deferred windows; 0.001 s
mn: node 3:       patch: X +0 after the formatting started (ECALC_CORR_PATCH): nothing to patch; 0 deferred windows; 0.001 s
mn: node 1: dc        0.02 s   digits [5000000005, 7500000007) of 10000000009 formatted from 138888889 decimal limbs in 10 chunks (residues 0.00, format 0.06, digit residue 0.27, T2 0.00, fetch 0.04, waiting for the writer 0.47)
mn: node 1: T2        0.00 s   windows ok (0 checked on this node), digits == X mod q ok
mn: node 1: digits: 47329977426968671005186835658995918489734436742905921433796789... (this node's range)
mn: node 1: wrote /tmp/cx15/f1_r2.txt.part0002 (1.11 GB; write 0.82 s in the writer thread, 0.00 s after the checks)
mn: node 1: VERIFY OK
mn: node 2: dc        0.02 s   digits [2500000003, 5000000005) of 10000000009 formatted from 138888889 decimal limbs in 10 chunks (residues 0.00, format 0.07, digit residue 0.24, T2 0.00, fetch 0.04, waiting for the writer 0.44)
mn: node 2: T2        0.00 s   windows ok (0 checked on this node), digits == X mod q ok
mn: node 2: digits: 00760438624171832318328099156256651067551569519334784231807484... (this node's range)
mn: node 2: wrote /tmp/cx15/f1_r2.txt.part0001 (1.11 GB; write 0.81 s in the writer thread, 0.00 s after the checks)
mn: node 2: VERIFY OK
mn: node 3: dc        0.02 s   digits [0, 2500000003) of 10000000009 formatted from 138888890 decimal limbs in 10 chunks (residues 0.00, format 0.06, digit residue 0.30, T2 0.40, fetch 0.03, waiting for the writer 0.22)
mn: node 3: T2        0.00 s   windows ok (4 checked on this node), digits == X mod q ok
mn: node 3: digits: 27182818284590452353602874713526624977572470936999595749669676... (this node's range)
mn: node 3: wrote /tmp/cx15/f1_r2.txt.part0000 (1.11 GB; write 0.58 s in the writer thread, 0.00 s after the checks)
mn: node 3: VERIFY OK
mn: node 0: dc        0.02 s   digits [7500000007, 10000000009) of 10000000009 formatted from 138888889 decimal limbs in 10 chunks (residues 0.00, format 0.05, digit residue 0.30, T2 0.00, fetch 0.04, waiting for the writer 0.37)
mn: node 0: T2        0.00 s   windows ok (0 checked on this node), digits == X mod q ok
mn: node 0: digits: 27744030146664906058655122294693568747546354411952810257596683...56994816931502679526 (this node's range)
total   128.39 s   (bs 48.2 + 10dP 0.0 + dm 74.1 + T1 0.1 + dc 0.0 + T2 0.0 = 122.3; init 6.1; other 0.0); VmHWM 22.2 GB
RESULT ecalc total s 128.393
RESULT ecalc phases s 122.311
RESULT ecalc other s 0.0193789
RESULT ecalc vmhwm GB 22.2106
paper A22 (4e10): 285.7 = bs 112.2 + 10dP 12.6 + dm 46.8 + T1 ~3 + dc 110.3
mn: node 0: wrote /tmp/cx15/f1_r2.txt.part0003 (1.11 GB; write 0.79 s in the writer thread, 0.00 s after the checks)
mn: node 0: VERIFY OK
mn: all 4 nodes: VERIFY OK
mem[0] [end] device 11.0 GB in use (per APU 2.8..2.8): planes 8.6, regions 0.0, block pool 0.0 (donated 0.0, borrowed 0.0, hipMalloc 0.0; live 0.0, peak live 8.6, free 0.0), tables 2.46, other 0.0
mem[0] [end] host 21.8 GB RSS (HWM 22.2): staging 4.3 pinned, registered 0.0, X 0.0, digits 0.0, named 0.0, other 17.4
mem[0] [end]   APU0: in use 2.8 GB: planes 2.15 pool:peak-live 2.15 tables 0.62  (driver: 42.3 of 137.4 GB used)
mem[0] [end]   APU1: in use 2.8 GB: planes 2.15 pool:peak-live 2.15 tables 0.61  (driver: 33.7 of 137.4 GB used)
mem[0] [end]   APU2: in use 2.8 GB: planes 2.15 pool:peak-live 2.15 tables 0.61  (driver: 33.7 of 137.4 GB used)
mem[0] [end]   APU3: in use 2.8 GB: planes 2.15 pool:peak-live 2.15 tables 0.62  (driver: 33.7 of 137.4 GB used)
mem[0] summary: bytes in use at each phase boundary, GB (device: all APUs / largest APU; host: this process)
mem[0] phase           device  maxAPU |  planes regions  pl:don  pl:bor  pl:hip pl:live pl:peak tables |    host staging  regist       X  digits   other     HWM
mem[0] init              26.1     8.1 |     4.3     0.0     0.0    19.3     0.0     0.0     0.0   2.46 |     8.7     4.3     0.0     0.0     0.0     4.4    10.3
mem[0] tree              32.5     9.7 |     8.6     0.0     0.0    19.3     0.0     2.2     5.5   2.46 |    13.1     4.3     0.0     0.0     0.0     8.8    13.1
mem[0] bs                30.4     9.2 |     8.6     0.0     0.0    19.3     0.0     1.1     8.6   2.46 |    22.2     4.3     0.0     0.0     0.0    17.9    22.2
mem[0] end               11.0     2.8 |     8.6     0.0     0.0     0.0     0.0     0.0     8.6   2.46 |    21.8     4.3     0.0     0.0     0.0    17.4    22.2
mem[3] [released] device 2.5 GB in use (per APU 0.6..0.6): planes 0.0, regions 0.0, block pool 0.0 (donated 0.0, borrowed 0.0, hipMalloc 0.0; live 0.0, peak live 11.2, free 0.0), tables 2.46, other 0.0
mem[3] [released] host 20.0 GB RSS (HWM 24.8): staging 0.0 pinned, registered 0.0, X 0.0, digits 0.0, named 0.0, other 20.0
mem[3] [released]   APU0: in use 0.6 GB: pool:peak-live 2.80 tables 0.61  (driver: 10.1 of 137.4 GB used)
mem[3] [released]   APU1: in use 0.6 GB: pool:peak-live 2.80 tables 0.62  (driver: 7.9 of 137.4 GB used)
mem[3] [released]   APU2: in use 0.6 GB: pool:peak-live 2.80 tables 0.62  (driver: 8.0 of 137.4 GB used)
mem[3] [released]   APU3: in use 0.6 GB: pool:peak-live 2.80 tables 0.62  (driver: 12.3 of 137.4 GB used)
mem[3] summary: bytes in use at each phase boundary, GB (device: all APUs / largest APU; host: this process)
mem[3] phase           device  maxAPU |  planes regions  pl:don  pl:bor  pl:hip pl:live pl:peak tables |    host staging  regist       X  digits   other     HWM
mem[3] init              26.1     8.1 |     4.3     0.0     0.0    19.3     0.0     0.0     0.0   2.46 |     8.7     4.3     0.0     0.0     0.0     4.4    10.3
mem[3] tree              41.1    11.9 |    17.2     0.0     0.0    19.3     0.0     2.2     6.2   2.46 |    13.4     4.3     0.0     0.0     0.0     9.1    13.4
mem[3] released           2.5     0.6 |     0.0     0.0     0.0     0.0     0.0     0.0    11.2   2.46 |    20.0     0.0     0.0     0.0     0.0    20.0    24.8
mem[1] [released] device 2.5 GB in use (per APU 0.6..0.6): planes 0.0, regions 0.0, block pool 0.0 (donated 0.0, borrowed 0.0, hipMalloc 0.0; live 0.0, peak live 10.8, free 0.0), tables 2.47, other 0.0
mem[1] [released] host 18.8 GB RSS (HWM 23.6): staging 0.0 pinned, registered 0.0, X 0.0, digits 0.0, named 0.0, other 18.8
mem[1] [released]   APU0: in use 0.6 GB: pool:peak-live 2.69 tables 0.61  (driver: 10.1 of 137.4 GB used)
mem[1] [released]   APU1: in use 0.6 GB: pool:peak-live 2.69 tables 0.63  (driver: 7.9 of 137.4 GB used)
mem[1] [released]   APU2: in use 0.6 GB: pool:peak-live 2.69 tables 0.62  (driver: 8.0 of 137.4 GB used)
mem[1] [released]   APU3: in use 0.6 GB: pool:peak-live 2.69 tables 0.62  (driver: 12.3 of 137.4 GB used)
mem[1] summary: bytes in use at each phase boundary, GB (device: all APUs / largest APU; host: this process)
mem[1] phase           device  maxAPU |  planes regions  pl:don  pl:bor  pl:hip pl:live pl:peak tables |    host staging  regist       X  digits   other     HWM
mem[1] init              26.1     8.1 |     4.3     0.0     0.0    19.3     0.0     0.0     0.0   2.47 |     9.9     5.5     0.0     0.0     0.0     4.4    10.3
mem[1] tree              41.1    11.9 |    17.2     0.0     0.0    19.3     0.0     2.2     6.3   2.47 |    13.2     4.3     0.0     0.0     0.0     8.9    13.2
mem[1] released           2.5     0.6 |     0.0     0.0     0.0     0.0     0.0     0.0    10.8   2.47 |    18.8     0.0     0.0     0.0     0.0    18.8    23.6
mem[2] [released] device 2.4 GB in use (per APU 0.6..0.6): planes 0.0, regions 0.0, block pool 0.0 (donated 0.0, borrowed 0.0, hipMalloc 0.0; live 0.0, peak live 11.2, free 0.0), tables 2.45, other 0.0
mem[2] [released] host 19.8 GB RSS (HWM 24.6): staging 0.0 pinned, registered 0.0, X 0.0, digits 0.0, named 0.0, other 19.8
mem[2] [released]   APU0: in use 0.6 GB: pool:peak-live 2.80 tables 0.62  (driver: 10.1 of 137.4 GB used)
mem[2] [released]   APU1: in use 0.6 GB: pool:peak-live 2.80 tables 0.61  (driver: 8.0 of 137.4 GB used)
mem[2] [released]   APU2: in use 0.6 GB: pool:peak-live 2.80 tables 0.61  (driver: 8.0 of 137.4 GB used)
mem[2] [released]   APU3: in use 0.6 GB: pool:peak-live 2.80 tables 0.61  (driver: 8.0 of 137.4 GB used)
mem[2] summary: bytes in use at each phase boundary, GB (device: all APUs / largest APU; host: this process)
mem[2] phase           device  maxAPU |  planes regions  pl:don  pl:bor  pl:hip pl:live pl:peak tables |    host staging  regist       X  digits   other     HWM
mem[2] init              26.1     8.1 |     4.3     0.0     0.0    19.3     0.0     0.0     0.0   2.45 |     8.7     4.3     0.0     0.0     0.0     4.4    10.3
mem[2] tree              41.1    11.9 |    17.2     0.0     0.0    19.3     0.0     2.2     6.2   2.45 |    13.3     4.3     0.0     0.0     0.0     9.0    13.3
mem[2] released           2.4     0.6 |     0.0     0.0     0.0     0.0     0.0     0.0    11.2   2.45 |    19.8     0.0     0.0     0.0     0.0    19.8    24.6
rns_dist: RNS_STRATEGY=auto form B: C 0 products 0.00 s, B 30 products 0.05 s, B4 0 products 0.00 s; extra plane memory 0.00 GiB/APU (allocations 0.00 s)
rns_dist: RNS_STRATEGY=auto form B: C 0 products 0.00 s, B 30 products 0.03 s, B4 0 products 0.00 s; extra plane memory 0.00 GiB/APU (allocations 0.00 s)
rns_dist: RNS_STRATEGY=auto form B: C 0 products 0.00 s, B 30 products 0.03 s, B4 0 products 0.00 s; extra plane memory 0.00 GiB/APU (allocations 0.00 s)
rns_dist: RNS_STRATEGY=auto form B: C 0 products 0.00 s, B 30 products 0.05 s, B4 0 products 0.00 s; extra plane memory 0.00 GiB/APU (allocations 0.00 s)
