== ecalc: e to 10000000000 digits (decimal limbs, base 10^18) [computed to the next multiple of 18] ==
META bench=ecalc host=ppac-pl1-s24-16 date=2026-09-28T10:43:29 pool_log=31 stg=7 pw_fuse=14 body=1 engine=1 base=10^18
== ecalc: e to 10000000000 digits (decimal limbs, base 10^18) [computed to the next multiple of 18] ==
META bench=ecalc host=ppac-pl1-s24-16 date=2026-09-28T10:43:29 pool_log=31 stg=7 pw_fuse=14 body=1 engine=1 base=10^18
== ecalc: e to 10000000000 digits (decimal limbs, base 10^18) [computed to the next multiple of 18] ==
META bench=ecalc host=ppac-pl1-s24-16 date=2026-09-28T10:43:29 pool_log=31 stg=7 pw_fuse=14 body=1 engine=1 base=10^18
== ecalc: e to 10000000000 digits (decimal limbs, base 10^18) [computed to the next multiple of 18] ==
META bench=ecalc host=ppac-pl1-s24-16 date=2026-09-28T10:43:29 pool_log=31 stg=7 pw_fuse=14 body=1 engine=1 base=10^18
mn: node 0 of 4, four meshes of 4 ranks on ppac-pl1-s24-16,ppac-pl1-s24-16,ppac-pl1-s24-16,ppac-pl1-s24-16 (port base 20106): connected in 0.31 s
mn: node 1 of 4, four meshes of 4 ranks on ppac-pl1-s24-16,ppac-pl1-s24-16,ppac-pl1-s24-16,ppac-pl1-s24-16 (port base 20106): connected in 0.10 s
mn: node 2 of 4, four meshes of 4 ranks on ppac-pl1-s24-16,ppac-pl1-s24-16,ppac-pl1-s24-16,ppac-pl1-s24-16 (port base 20106): connected in 0.20 s
mn: node 3 of 4, four meshes of 4 ranks on ppac-pl1-s24-16,ppac-pl1-s24-16,ppac-pl1-s24-16,ppac-pl1-s24-16 (port base 20106): connected in 0.07 s
mn: self-test, four meshes over 4 nodes at 2^22 points: ok (1.70 s)
mn: node 1: level 2 group [0, 4) (transform nodes 4): meshes connected in 0.00 s
mn: self-test, four meshes over 4 nodes at 2^22 points: ok (1.71 s)
mn: node 0: level 2 group [0, 4) (transform nodes 4): meshes connected in 0.00 s
mn: self-test, four meshes over 4 nodes at 2^22 points: ok (1.70 s)
mn: node 3: level 2 group [0, 4) (transform nodes 4): meshes connected in 0.00 s
mn: self-test, four meshes over 4 nodes at 2^22 points: ok (1.70 s)
mn: node 2: level 2 group [0, 4) (transform nodes 4): meshes connected in 0.00 s
mn: layered self-test, 4 x 4 ranks at 2^22 points: ok (0.34 s)
mn: node 3 computes terms [869090689, 1158787586) of 1158787585
RESULT ecalc init s 5.84463
      VmRSS 8.7 GB after init (staging 4.3 GB pinned + device regions 13 GB); init 5.8 s
mem[3] [init] device 25.9 GB in use (per APU 6.0..8.0): planes 4.3, regions 0.0, block pool 19.3 (donated 0.0, borrowed 19.3, hipMalloc 0.0; live 0.0, peak live 0.0, free 5.9), tables 2.32, other 0.0
mem[3] [init] host 8.7 GB RSS (HWM 10.3): staging 4.3 pinned, registered 0.0, X 0.0, digits 0.0, named 0.0, other 4.4
mem[3] [init]   APU0: in use 8.0 GB: planes 1.07 pool:borrowed 6.44 pool:free 0.81 tables 0.46  (driver: 30.9 of 137.4 GB used)
mem[3] [init]   APU1: in use 6.0 GB: planes 1.07 pool:borrowed 4.29 pool:free 1.70 tables 0.62  (driver: 22.2 of 137.4 GB used)
mem[3] [init]   APU2: in use 6.0 GB: planes 1.07 pool:borrowed 4.29 pool:free 1.70 tables 0.62  (driver: 22.2 of 137.4 GB used)
mem[3] [init]   APU3: in use 6.0 GB: planes 1.07 pool:borrowed 4.29 pool:free 1.70 tables 0.61  (driver: 22.2 of 137.4 GB used)
mn: layered self-test, 4 x 4 ranks at 2^22 points: ok (0.35 s)
mn: node 0 computes terms [1, 289696897) of 1158787585
RESULT ecalc init s 5.84622
      VmRSS 8.7 GB after init (staging 4.3 GB pinned + device regions 14 GB); init 5.8 s
mem[0] [init] device 25.9 GB in use (per APU 6.0..8.0): planes 4.3, regions 0.0, block pool 19.3 (donated 0.0, borrowed 19.3, hipMalloc 0.0; live 0.0, peak live 0.0, free 5.7), tables 2.31, other 0.0
mem[0] [init] host 8.7 GB RSS (HWM 10.3): staging 4.3 pinned, registered 0.0, X 0.0, digits 0.0, named 0.0, other 4.4
mem[0] [init]   APU0: in use 8.0 GB: planes 1.07 pool:borrowed 6.44 pool:free 0.81 tables 0.46  (driver: 30.9 of 137.4 GB used)
mem[0] [init]   APU1: in use 6.0 GB: planes 1.07 pool:borrowed 4.29 pool:free 1.52 tables 0.61  (driver: 22.2 of 137.4 GB used)
mem[0] [init]   APU2: in use 6.0 GB: planes 1.07 pool:borrowed 4.29 pool:free 1.70 tables 0.62  (driver: 22.2 of 137.4 GB used)
mem[0] [init]   APU3: in use 6.0 GB: planes 1.07 pool:borrowed 4.29 pool:free 1.70 tables 0.62  (driver: 22.2 of 137.4 GB used)
mn: layered self-test, 4 x 4 ranks at 2^22 points: ok (0.33 s)
mn: node 2 computes terms [579393793, 869090689) of 1158787585
RESULT ecalc init s 5.84922
      VmRSS 8.7 GB after init (staging 4.3 GB pinned + device regions 13 GB); init 5.8 s
mem[2] [init] device 26.1 GB in use (per APU 6.0..8.1): planes 4.3, regions 0.0, block pool 19.3 (donated 0.0, borrowed 19.3, hipMalloc 0.0; live 0.0, peak live 0.0, free 5.9), tables 2.46, other 0.0
mem[2] [init] host 8.7 GB RSS (HWM 10.3): staging 4.3 pinned, registered 0.0, X 0.0, digits 0.0, named 0.0, other 4.4
mem[2] [init]   APU0: in use 8.1 GB: planes 1.07 pool:borrowed 6.44 pool:free 0.80 tables 0.61  (driver: 30.8 of 137.4 GB used)
mem[2] [init]   APU1: in use 6.0 GB: planes 1.07 pool:borrowed 4.29 pool:free 1.67 tables 0.62  (driver: 22.2 of 137.4 GB used)
mem[2] [init]   APU2: in use 6.0 GB: planes 1.07 pool:borrowed 4.29 pool:free 1.70 tables 0.61  (driver: 22.2 of 137.4 GB used)
mem[2] [init]   APU3: in use 6.0 GB: planes 1.07 pool:borrowed 4.29 pool:free 1.70 tables 0.61  (driver: 22.2 of 137.4 GB used)
mn: layered self-test, 4 x 4 ranks at 2^22 points: ok (0.38 s)
mn: node 1 computes terms [289696897, 579393793) of 1158787585
RESULT ecalc init s 5.85582
      VmRSS 9.9 GB after init (staging 4.3 GB pinned + device regions 13 GB); init 5.9 s
mem[1] [init] device 25.9 GB in use (per APU 6.0..8.0): planes 4.3, regions 0.0, block pool 19.3 (donated 0.0, borrowed 19.3, hipMalloc 0.0; live 0.0, peak live 0.0, free 5.9), tables 2.29, other 0.0
mem[1] [init] host 9.9 GB RSS (HWM 10.3): staging 5.5 pinned, registered 0.0, X 0.0, digits 0.0, named 0.0, other 4.4
mem[1] [init]   APU0: in use 8.0 GB: planes 1.07 pool:borrowed 6.44 pool:free 0.83 tables 0.47  (driver: 30.8 of 137.4 GB used)
mem[1] [init]   APU1: in use 6.0 GB: planes 1.07 pool:borrowed 4.29 pool:free 1.63 tables 0.61  (driver: 22.2 of 137.4 GB used)
mem[1] [init]   APU2: in use 6.0 GB: planes 1.07 pool:borrowed 4.29 pool:free 1.70 tables 0.61  (driver: 22.2 of 137.4 GB used)
mem[1] [init]   APU3: in use 6.0 GB: planes 1.07 pool:borrowed 4.29 pool:free 1.70 tables 0.61  (driver: 22.2 of 137.4 GB used)
budget: ECALC_BUDGET_CHECK ok: 4 ranks, largest rank peak 104.5 GB, node budget 480 GB
mn: node 0 leaf P 129199173 limbs, Q 129199173 limbs (device)
mn: MN_TREE_EARLY_FREE: the tree levels free P_i, P_run between their two products
mn: node 1 leaf P 138888890 limbs, Q 138888890 limbs (device)
mn: node 2 leaf P 142546213 limbs, Q 142546213 limbs (device)
mn: node 0: level 1 group [0, 2) (transform nodes 2): meshes connected in 1.40 s
mn: node 1: level 1 group [0, 2) (transform nodes 2): meshes connected in 0.09 s
mn: node 3 leaf P 144921284 limbs, Q 144921285 limbs (device)
   transform cache: 1 of 1 slots of 0.5 GiB per APU allocated in 0.18 s (margin 24 GB) [RNS_DIST_CACHE_FIT: slot 2^24 limbs x 4 primes, 4 node-processes on the node, budget room 15.5 GB less the reserve 0.0 -> at most 7 slots] = 2.15 GB per node-process
   transform cache: 1 of 1 slots of 0.5 GiB per APU allocated in 0.19 s (margin 24 GB) [RNS_DIST_CACHE_FIT: slot 2^24 limbs x 4 primes, 4 node-processes on the node, budget room 15.6 GB less the reserve 0.0 -> at most 7 slots] = 2.15 GB per node-process
mn: node 2: level 1 group [2, 4) (transform nodes 2): meshes connected in 0.30 s
mn: node 3: level 1 group [2, 4) (transform nodes 2): meshes connected in 0.09 s
   transform cache: 1 of 1 slots of 0.5 GiB per APU allocated in 0.16 s (margin 24 GB) [RNS_DIST_CACHE_FIT: slot 2^24 limbs x 4 primes, 4 node-processes on the node, budget room 15.7 GB less the reserve 0.0 -> at most 7 slots] = 2.15 GB per node-process
   transform cache: 1 of 1 slots of 0.5 GiB per APU allocated in 0.16 s (margin 24 GB) [RNS_DIST_CACHE_FIT: slot 2^24 limbs x 4 primes, 4 node-processes on the node, budget room 15.6 GB less the reserve 0.0 -> at most 7 slots] = 2.15 GB per node-process
cache_trace node 0: piece (0, 0) of 2 x 2, 64599587 + 69444445 limbs at 0, slots 1: A - B cached | 2.667 s: redistribute 0.450 ntt 1.974 crt 0.006 out 0.385 carry 0.007
cache_trace node 1: piece (0, 0) of 2 x 2, 64599587 + 69444445 limbs at 0, slots 1: A - B cached | 2.667 s: redistribute 0.459 ntt 1.919 crt 0.002 out 0.402 carry 0.007
cache_trace node 2: piece (0, 0) of 2 x 3, 71273107 + 48307095 limbs at 0, slots 1: A - B cached | 2.550 s: redistribute 0.395 ntt 1.871 crt 0.002 out 0.368 carry 0.007
cache_trace node 3: piece (0, 0) of 2 x 3, 71273107 + 48307095 limbs at 0, slots 1: A - B cached | 2.550 s: redistribute 0.374 ntt 1.879 crt 0.002 out 0.401 carry 0.007
cache_trace node 0: piece (1, 0) of 2 x 2, 64599586 + 69444445 limbs at 64599587, slots 1: A - B HIT | 1.415 s: redistribute 0.045 ntt 1.197 crt 0.002 out 0.104 carry 0.080
cache_trace node 1: piece (1, 0) of 2 x 2, 64599586 + 69444445 limbs at 64599587, slots 1: A - B HIT | 1.415 s: redistribute 0.046 ntt 1.197 crt 0.003 out 0.100 carry 0.080
cache_trace node 2: piece (1, 0) of 2 x 3, 71273106 + 48307095 limbs at 71273107, slots 1: A - B HIT | 1.394 s: redistribute 0.052 ntt 1.188 crt 0.004 out 0.135 carry 0.052
cache_trace node 3: piece (1, 0) of 2 x 3, 71273106 + 48307095 limbs at 71273107, slots 1: A - B HIT | 1.394 s: redistribute 0.052 ntt 1.173 crt 0.004 out 0.130 carry 0.052
cache_trace node 2: piece (0, 1) of 2 x 3, 71273107 + 48307095 limbs at 48307095, slots 1: A - B cached | 2.118 s: redistribute 0.100 ntt 1.904 crt 0.005 out 0.091 carry 0.049
cache_trace node 3: piece (0, 1) of 2 x 3, 71273107 + 48307095 limbs at 48307095, slots 1: A - B cached | 2.118 s: redistribute 0.099 ntt 1.908 crt 0.004 out 0.083 carry 0.049
cache_trace node 0: piece (0, 1) of 2 x 2, 64599587 + 69444445 limbs at 69444445, slots 1: A - B cached | 2.328 s: redistribute 0.130 ntt 1.976 crt 0.002 out 0.196 carry 0.054
cache_trace node 1: piece (0, 1) of 2 x 2, 64599587 + 69444445 limbs at 69444445, slots 1: A - B cached | 2.328 s: redistribute 0.128 ntt 1.985 crt 0.002 out 0.169 carry 0.054
cache_trace node 2: piece (1, 1) of 2 x 3, 71273106 + 48307095 limbs at 119580202, slots 1: A - B HIT | 1.777 s: redistribute 0.046 ntt 1.331 crt 0.002 out 0.348 carry 0.050
cache_trace node 3: piece (1, 1) of 2 x 3, 71273106 + 48307095 limbs at 119580202, slots 1: A - B HIT | 1.777 s: redistribute 0.047 ntt 1.352 crt 0.005 out 0.370 carry 0.050
cache_trace node 0: piece (1, 1) of 2 x 2, 64599586 + 69444445 limbs at 134044032, slots 1: A - B HIT | 1.801 s: redistribute 0.053 ntt 1.283 crt 0.002 out 0.474 carry 0.006
cache_trace node 1: piece (1, 1) of 2 x 2, 64599586 + 69444445 limbs at 134044032, slots 1: A - B HIT | 1.801 s: redistribute 0.054 ntt 1.320 crt 0.002 out 0.429 carry 0.005
dist_mn node 0: 129199173 x 138888890 limbs over 2 x 4 ranks (cap 2^27): 2 x 2 pieces, 4 formed, 0 skipped (cache 1 slots: 2 hits, 2 misses)
dist_mn node 1: 129199173 x 138888890 limbs over 2 x 4 ranks (cap 2^27): 2 x 2 pieces, 4 formed, 0 skipped (cache 1 slots: 2 hits, 2 misses)
cache_trace node 2: piece (0, 2) of 2 x 3, 71273107 + 48307095 limbs at 96614190, slots 1: A - B cached | 2.205 s: redistribute 0.096 ntt 1.987 crt 0.005 out 0.091 carry 0.048
cache_trace node 3: piece (0, 2) of 2 x 3, 71273107 + 48307095 limbs at 96614190, slots 1: A - B cached | 2.205 s: redistribute 0.095 ntt 1.988 crt 0.005 out 0.090 carry 0.048
cache_trace node 0: piece (0, 0) of 2 x 2, 64599587 + 69444445 limbs at 0, slots 1: A - B cached | 2.166 s: redistribute 0.116 ntt 1.981 crt 0.005 out 0.088 carry 0.002
cache_trace node 1: piece (0, 0) of 2 x 2, 64599587 + 69444445 limbs at 0, slots 1: A - B cached | 2.166 s: redistribute 0.115 ntt 1.982 crt 0.005 out 0.088 carry 0.003
cache_trace node 2: piece (1, 2) of 2 x 3, 71273106 + 48307095 limbs at 167887297, slots 1: A - B HIT | 1.788 s: redistribute 0.056 ntt 1.252 crt 0.005 out 0.438 carry 0.040
cache_trace node 3: piece (1, 2) of 2 x 3, 71273106 + 48307095 limbs at 167887297, slots 1: A - B HIT | 1.788 s: redistribute 0.060 ntt 1.296 crt 0.005 out 0.392 carry 0.040
cache_trace node 0: piece (1, 0) of 2 x 2, 64599586 + 69444445 limbs at 64599587, slots 1: A - B HIT | 1.487 s: redistribute 0.055 ntt 1.287 crt 0.005 out 0.101 carry 0.060
cache_trace node 1: piece (1, 0) of 2 x 2, 64599586 + 69444445 limbs at 64599587, slots 1: A - B HIT | 1.487 s: redistribute 0.056 ntt 1.292 crt 0.003 out 0.100 carry 0.060
dist_mn node 2: 142546213 x 144921285 limbs over 2 x 4 ranks (cap 2^27): 2 x 3 pieces, 6 formed, 0 skipped (cache 1 slots: 3 hits, 3 misses)
dist_mn node 3: 142546213 x 144921285 limbs over 2 x 4 ranks (cap 2^27): 2 x 3 pieces, 6 formed, 0 skipped (cache 1 slots: 3 hits, 3 misses)
cache_trace node 0: piece (0, 1) of 2 x 2, 64599587 + 69444445 limbs at 69444445, slots 1: A - B cached | 2.180 s: redistribute 0.101 ntt 1.935 crt 0.005 out 0.102 carry 0.046
cache_trace node 1: piece (0, 1) of 2 x 2, 64599587 + 69444445 limbs at 69444445, slots 1: A - B cached | 2.180 s: redistribute 0.099 ntt 1.936 crt 0.005 out 0.102 carry 0.046
cache_trace node 2: piece (0, 0) of 2 x 3, 71273107 + 48307095 limbs at 0, slots 1: A - B cached | 2.090 s: redistribute 0.090 ntt 1.917 crt 0.005 out 0.091 carry 0.002
cache_trace node 3: piece (0, 0) of 2 x 3, 71273107 + 48307095 limbs at 0, slots 1: A - B cached | 2.090 s: redistribute 0.088 ntt 1.916 crt 0.005 out 0.094 carry 0.002
cache_trace node 0: piece (1, 1) of 2 x 2, 64599586 + 69444445 limbs at 134044032, slots 1: A - B HIT | 1.368 s: redistribute 0.053 ntt 1.223 crt 0.005 out 0.108 carry 0.005
dist_mn node 0: 129199173 x 138888890 limbs over 2 x 4 ranks (cap 2^27): 2 x 2 pieces, 4 formed, 0 skipped (cache 1 slots: 4 hits, 4 misses)
cache_trace node 1: piece (1, 1) of 2 x 2, 64599586 + 69444445 limbs at 134044032, slots 1: A - B HIT | 1.368 s: redistribute 0.061 ntt 1.223 crt 0.005 out 0.097 carry 0.005
dist_mn node 1: 129199173 x 138888890 limbs over 2 x 4 ranks (cap 2^27): 2 x 2 pieces, 4 formed, 0 skipped (cache 1 slots: 4 hits, 4 misses)
mn: node 0 level 1 [0, 2): P 268088063 limbs, Q 268088063 limbs (my share of P [0, 134044032)) in 17.60 s
mn: node 1 level 1 [0, 2): P 268088063 limbs, Q 268088063 limbs (my share of P [134044032, 268088064)) in 16.28 s
cache_trace node 2: piece (1, 0) of 2 x 3, 71273106 + 48307095 limbs at 71273107, slots 1: A - B HIT | 1.385 s: redistribute 0.049 ntt 1.197 crt 0.002 out 0.098 carry 0.058
cache_trace node 3: piece (1, 0) of 2 x 3, 71273106 + 48307095 limbs at 71273107, slots 1: A - B HIT | 1.385 s: redistribute 0.051 ntt 1.190 crt 0.003 out 0.095 carry 0.058
cache_trace node 2: piece (0, 1) of 2 x 3, 71273107 + 48307095 limbs at 48307095, slots 1: A - B cached | 2.172 s: redistribute 0.081 ntt 1.960 crt 0.004 out 0.084 carry 0.048
cache_trace node 3: piece (0, 1) of 2 x 3, 71273107 + 48307095 limbs at 48307095, slots 1: A - B cached | 2.172 s: redistribute 0.080 ntt 1.959 crt 0.005 out 0.092 carry 0.048
cache_trace node 2: piece (1, 1) of 2 x 3, 71273106 + 48307095 limbs at 119580202, slots 1: A - B HIT | 1.529 s: redistribute 0.057 ntt 1.355 crt 0.005 out 0.088 carry 0.050
cache_trace node 3: piece (1, 1) of 2 x 3, 71273106 + 48307095 limbs at 119580202, slots 1: A - B HIT | 1.529 s: redistribute 0.058 ntt 1.353 crt 0.005 out 0.093 carry 0.050
cache_trace node 2: piece (0, 2) of 2 x 3, 71273107 + 48307095 limbs at 96614190, slots 1: A - B cached | 2.366 s: redistribute 0.101 ntt 2.128 crt 0.002 out 0.102 carry 0.051
cache_trace node 3: piece (0, 2) of 2 x 3, 71273107 + 48307095 limbs at 96614190, slots 1: A - B cached | 2.366 s: redistribute 0.100 ntt 2.136 crt 0.002 out 0.105 carry 0.051
cache_trace node 2: piece (1, 2) of 2 x 3, 71273106 + 48307095 limbs at 167887297, slots 1: A - B HIT | 1.598 s: redistribute 0.056 ntt 1.442 crt 0.004 out 0.090 carry 0.041
dist_mn node 2: 142546213 x 144921285 limbs over 2 x 4 ranks (cap 2^27): 2 x 3 pieces, 6 formed, 0 skipped (cache 1 slots: 6 hits, 6 misses)
cache_trace node 3: piece (1, 2) of 2 x 3, 71273106 + 48307095 limbs at 167887297, slots 1: A - B HIT | 1.598 s: redistribute 0.064 ntt 1.435 crt 0.003 out 0.075 carry 0.040
dist_mn node 3: 142546213 x 144921285 limbs over 2 x 4 ranks (cap 2^27): 2 x 3 pieces, 6 formed, 0 skipped (cache 1 slots: 6 hits, 6 misses)
mn: node 2 level 1 [2, 4): P 287467497 limbs, Q 287467497 limbs (my share of P [0, 143733749)) in 24.05 s
mn: node 3 level 1 [2, 4): P 287467497 limbs, Q 287467497 limbs (my share of P [143733749, 287467499)) in 23.84 s
cache_trace node 0: piece (0, 0) of 2 x 3, 134044032 + 95822499 limbs at 0, slots 1: A - B cached | 2.488 s: redistribute 0.571 ntt 1.630 crt 0.005 out 0.521 carry 0.007
cache_trace node 1: piece (0, 0) of 2 x 3, 134044032 + 95822499 limbs at 0, slots 1: A - B cached | 2.488 s: redistribute 0.604 ntt 1.625 crt 0.005 out 0.521 carry 0.007
cache_trace node 2: piece (0, 0) of 2 x 3, 134044032 + 95822499 limbs at 0, slots 1: A - B cached | 2.488 s: redistribute 0.519 ntt 1.622 crt 0.002 out 0.526 carry 0.007
cache_trace node 3: piece (0, 0) of 2 x 3, 134044032 + 95822499 limbs at 0, slots 1: A - B cached | 2.488 s: redistribute 0.588 ntt 1.623 crt 0.003 out 0.531 carry 0.007
cache_trace node 0: piece (1, 0) of 2 x 3, 134044031 + 95822499 limbs at 134044032, slots 1: A - B HIT | 1.841 s: redistribute 0.403 ntt 1.144 crt 0.004 out 0.497 carry 0.045
cache_trace node 1: piece (1, 0) of 2 x 3, 134044031 + 95822499 limbs at 134044032, slots 1: A - B HIT | 1.841 s: redistribute 0.411 ntt 1.156 crt 0.004 out 0.487 carry 0.044
cache_trace node 2: piece (1, 0) of 2 x 3, 134044031 + 95822499 limbs at 134044032, slots 1: A - B HIT | 1.841 s: redistribute 0.413 ntt 1.139 crt 0.004 out 0.502 carry 0.045
cache_trace node 3: piece (1, 0) of 2 x 3, 134044031 + 95822499 limbs at 134044032, slots 1: A - B HIT | 1.841 s: redistribute 0.403 ntt 1.149 crt 0.005 out 0.505 carry 0.045
cache_trace node 0: piece (0, 1) of 2 x 3, 134044032 + 95822499 limbs at 95822499, slots 1: A - B cached | 1.687 s: redistribute 0.113 ntt 1.303 crt 0.005 out 0.236 carry 0.048
cache_trace node 1: piece (0, 1) of 2 x 3, 134044032 + 95822499 limbs at 95822499, slots 1: A - B cached | 1.687 s: redistribute 0.109 ntt 1.303 crt 0.005 out 0.245 carry 0.046
cache_trace node 2: piece (0, 1) of 2 x 3, 134044032 + 95822499 limbs at 95822499, slots 1: A - B cached | 1.687 s: redistribute 0.118 ntt 1.299 crt 0.002 out 0.241 carry 0.048
cache_trace node 3: piece (0, 1) of 2 x 3, 134044032 + 95822499 limbs at 95822499, slots 1: A - B cached | 1.687 s: redistribute 0.113 ntt 1.303 crt 0.003 out 0.248 carry 0.048
cache_trace node 0: piece (1, 1) of 2 x 3, 134044031 + 95822499 limbs at 229866531, slots 1: A - B HIT | 1.505 s: redistribute 0.069 ntt 0.915 crt 0.002 out 0.487 carry 0.045
cache_trace node 1: piece (1, 1) of 2 x 3, 134044031 + 95822499 limbs at 229866531, slots 1: A - B HIT | 1.505 s: redistribute 0.070 ntt 0.912 crt 0.003 out 0.478 carry 0.045
cache_trace node 2: piece (1, 1) of 2 x 3, 134044031 + 95822499 limbs at 229866531, slots 1: A - B HIT | 1.505 s: redistribute 0.066 ntt 0.945 crt 0.002 out 0.455 carry 0.044
cache_trace node 3: piece (1, 1) of 2 x 3, 134044031 + 95822499 limbs at 229866531, slots 1: A - B HIT | 1.505 s: redistribute 0.070 ntt 0.927 crt 0.004 out 0.476 carry 0.045
cache_trace node 1: piece (0, 2) of 2 x 3, 134044032 + 95822499 limbs at 191644998, slots 1: A - B cached | 2.063 s: redistribute 0.446 ntt 1.588 crt 0.002 out 0.217 carry 0.046
cache_trace node 2: piece (0, 2) of 2 x 3, 134044032 + 95822499 limbs at 191644998, slots 1: A - B cached | 2.063 s: redistribute 0.438 ntt 1.643 crt 0.002 out 0.227 carry 0.044
cache_trace node 0: piece (0, 2) of 2 x 3, 134044032 + 95822499 limbs at 191644998, slots 1: A - B cached | 2.063 s: redistribute 0.459 ntt 1.593 crt 0.002 out 0.228 carry 0.046
cache_trace node 3: piece (0, 2) of 2 x 3, 134044032 + 95822499 limbs at 191644998, slots 1: A - B cached | 2.063 s: redistribute 0.458 ntt 1.584 crt 0.002 out 0.223 carry 0.046
cache_trace node 0: piece (1, 2) of 2 x 3, 134044031 + 95822499 limbs at 325689030, slots 1: A - B HIT | 1.414 s: redistribute 0.077 ntt 0.902 crt 0.005 out 0.420 carry 0.049
cache_trace node 1: piece (1, 2) of 2 x 3, 134044031 + 95822499 limbs at 325689030, slots 1: A - B HIT | 1.414 s: redistribute 0.076 ntt 0.899 crt 0.005 out 0.416 carry 0.049
cache_trace node 2: piece (1, 2) of 2 x 3, 134044031 + 95822499 limbs at 325689030, slots 1: A - B HIT | 1.414 s: redistribute 0.068 ntt 0.896 crt 0.002 out 0.405 carry 0.049
cache_trace node 3: piece (1, 2) of 2 x 3, 134044031 + 95822499 limbs at 325689030, slots 1: A - B HIT | 1.414 s: redistribute 0.053 ntt 0.933 crt 0.006 out 0.422 carry 0.048
dist_mn node 0: 268088063 x 287467497 limbs over 4 x 4 ranks (cap 2^28): 2 x 3 pieces, 6 formed, 0 skipped (cache 1 slots: 7 hits, 7 misses)
dist_mn node 1: 268088063 x 287467497 limbs over 4 x 4 ranks (cap 2^28): 2 x 3 pieces, 6 formed, 0 skipped (cache 1 slots: 7 hits, 7 misses)
dist_mn node 2: 268088063 x 287467497 limbs over 4 x 4 ranks (cap 2^28): 2 x 3 pieces, 6 formed, 0 skipped (cache 1 slots: 9 hits, 9 misses)
dist_mn node 3: 268088063 x 287467497 limbs over 4 x 4 ranks (cap 2^28): 2 x 3 pieces, 6 formed, 0 skipped (cache 1 slots: 9 hits, 9 misses)
cache_trace node 0: piece (0, 0) of 2 x 3, 134044032 + 95822499 limbs at 0, slots 1: A - B cached | 1.613 s: redistribute 0.104 ntt 1.366 crt 0.007 out 0.146 carry 0.003
cache_trace node 2: piece (0, 0) of 2 x 3, 134044032 + 95822499 limbs at 0, slots 1: A - B cached | 1.613 s: redistribute 0.103 ntt 1.364 crt 0.008 out 0.149 carry 0.004
cache_trace node 3: piece (0, 0) of 2 x 3, 134044032 + 95822499 limbs at 0, slots 1: A - B cached | 1.613 s: redistribute 0.105 ntt 1.371 crt 0.007 out 0.145 carry 0.004
cache_trace node 1: piece (0, 0) of 2 x 3, 134044032 + 95822499 limbs at 0, slots 1: A - B cached | 1.613 s: redistribute 0.105 ntt 1.370 crt 0.008 out 0.143 carry 0.003
cache_trace node 0: piece (1, 0) of 2 x 3, 134044031 + 95822499 limbs at 134044032, slots 1: A - B HIT | 1.148 s: redistribute 0.072 ntt 0.912 crt 0.005 out 0.126 carry 0.044
cache_trace node 1: piece (1, 0) of 2 x 3, 134044031 + 95822499 limbs at 134044032, slots 1: A - B HIT | 1.148 s: redistribute 0.070 ntt 0.915 crt 0.005 out 0.128 carry 0.043
cache_trace node 2: piece (1, 0) of 2 x 3, 134044031 + 95822499 limbs at 134044032, slots 1: A - B HIT | 1.148 s: redistribute 0.062 ntt 0.928 crt 0.003 out 0.133 carry 0.043
cache_trace node 3: piece (1, 0) of 2 x 3, 134044031 + 95822499 limbs at 134044032, slots 1: A - B HIT | 1.148 s: redistribute 0.062 ntt 0.929 crt 0.005 out 0.135 carry 0.044
cache_trace node 0: piece (0, 1) of 2 x 3, 134044032 + 95822499 limbs at 95822499, slots 1: A - B cached | 1.603 s: redistribute 0.107 ntt 1.344 crt 0.005 out 0.119 carry 0.045
cache_trace node 1: piece (0, 1) of 2 x 3, 134044032 + 95822499 limbs at 95822499, slots 1: A - B cached | 1.603 s: redistribute 0.114 ntt 1.348 crt 0.006 out 0.113 carry 0.045
cache_trace node 2: piece (0, 1) of 2 x 3, 134044032 + 95822499 limbs at 95822499, slots 1: A - B cached | 1.603 s: redistribute 0.108 ntt 1.340 crt 0.005 out 0.115 carry 0.045
cache_trace node 3: piece (0, 1) of 2 x 3, 134044032 + 95822499 limbs at 95822499, slots 1: A - B cached | 1.603 s: redistribute 0.114 ntt 1.361 crt 0.006 out 0.111 carry 0.046
cache_trace node 0: piece (1, 1) of 2 x 3, 134044031 + 95822499 limbs at 229866531, slots 1: A - B HIT | 1.122 s: redistribute 0.067 ntt 0.906 crt 0.005 out 0.118 carry 0.043
cache_trace node 1: piece (1, 1) of 2 x 3, 134044031 + 95822499 limbs at 229866531, slots 1: A - B HIT | 1.122 s: redistribute 0.070 ntt 0.906 crt 0.002 out 0.127 carry 0.043
cache_trace node 2: piece (1, 1) of 2 x 3, 134044031 + 95822499 limbs at 229866531, slots 1: A - B HIT | 1.122 s: redistribute 0.065 ntt 0.916 crt 0.005 out 0.122 carry 0.043
cache_trace node 3: piece (1, 1) of 2 x 3, 134044031 + 95822499 limbs at 229866531, slots 1: A - B HIT | 1.122 s: redistribute 0.069 ntt 0.914 crt 0.005 out 0.125 carry 0.043
cache_trace node 0: piece (0, 2) of 2 x 3, 134044032 + 95822499 limbs at 191644998, slots 1: A - B cached | 1.631 s: redistribute 0.116 ntt 1.361 crt 0.006 out 0.119 carry 0.048
cache_trace node 1: piece (0, 2) of 2 x 3, 134044032 + 95822499 limbs at 191644998, slots 1: A - B cached | 1.631 s: redistribute 0.109 ntt 1.373 crt 0.004 out 0.117 carry 0.048
cache_trace node 2: piece (0, 2) of 2 x 3, 134044032 + 95822499 limbs at 191644998, slots 1: A - B cached | 1.631 s: redistribute 0.106 ntt 1.371 crt 0.007 out 0.122 carry 0.048
cache_trace node 3: piece (0, 2) of 2 x 3, 134044032 + 95822499 limbs at 191644998, slots 1: A - B cached | 1.631 s: redistribute 0.115 ntt 1.363 crt 0.006 out 0.114 carry 0.048
cache_trace node 0: piece (1, 2) of 2 x 3, 134044031 + 95822499 limbs at 325689030, slots 1: A - B HIT | 1.116 s: redistribute 0.065 ntt 0.890 crt 0.005 out 0.123 carry 0.046
dist_mn node 0: 268088063 x 287467497 limbs over 4 x 4 ranks (cap 2^28): 2 x 3 pieces, 6 formed, 0 skipped (cache 1 slots: 10 hits, 10 misses)
cache_trace node 1: piece (1, 2) of 2 x 3, 134044031 + 95822499 limbs at 325689030, slots 1: A - B HIT | 1.116 s: redistribute 0.066 ntt 0.888 crt 0.003 out 0.128 carry 0.046
dist_mn node 1: 268088063 x 287467497 limbs over 4 x 4 ranks (cap 2^28): 2 x 3 pieces, 6 formed, 0 skipped (cache 1 slots: 10 hits, 10 misses)
cache_trace node 2: piece (1, 2) of 2 x 3, 134044031 + 95822499 limbs at 325689030, slots 1: A - B HIT | 1.116 s: redistribute 0.063 ntt 0.898 crt 0.003 out 0.129 carry 0.046
dist_mn node 2: 268088063 x 287467497 limbs over 4 x 4 ranks (cap 2^28): 2 x 3 pieces, 6 formed, 0 skipped (cache 1 slots: 12 hits, 12 misses)
cache_trace node 3: piece (1, 2) of 2 x 3, 134044031 + 95822499 limbs at 325689030, slots 1: A - B HIT | 1.116 s: redistribute 0.065 ntt 0.899 crt 0.004 out 0.121 carry 0.046
dist_mn node 3: 268088063 x 287467497 limbs over 4 x 4 ranks (cap 2^28): 2 x 3 pieces, 6 formed, 0 skipped (cache 1 slots: 12 hits, 12 misses)
mn: node 0 level 2 [0, 4): P 555555560 limbs, Q 555555560 limbs (my share of P [0, 138888890)) in 27.54 s
mn: node 0: tree levels 45.14 s: P 555555560 limbs, Q 555555560 limbs
mn: node 1 level 2 [0, 4): P 555555560 limbs, Q 555555560 limbs (my share of P [138888890, 277777780)) in 27.54 s
mn: node 1: tree levels 43.83 s: P 555555560 limbs, Q 555555560 limbs
mn: node 2 level 2 [0, 4): P 555555560 limbs, Q 555555560 limbs (my share of P [277777780, 416666670)) in 19.75 s
mn: node 2: tree levels 43.79 s: P 555555560 limbs, Q 555555560 limbs
mn: node 3 level 2 [0, 4): P 555555560 limbs, Q 555555560 limbs (my share of P [416666670, 555555561)) in 19.75 s
mn: node 3: tree levels 43.58 s: P 555555560 limbs, Q 555555560 limbs
mem[2] [tree] device 41.1 GB in use (per APU 9.7..11.9): planes 17.2, regions 0.0, block pool 19.3 (donated 0.0, borrowed 19.3, hipMalloc 0.0; live 2.2, peak live 6.2, free 17.1), tables 2.46, other 2.1
mem[2] [tree] host 13.3 GB RSS (HWM 13.3): staging 4.3 pinned, registered 0.0, X 0.0, digits 0.0, named 0.0, other 9.0
mem[3] [tree] device 41.0 GB in use (per APU 9.7..11.7): planes 17.2, regions 0.0, block pool 19.3 (donated 0.0, borrowed 19.3, hipMalloc 0.0; live 2.2, peak live 6.2, free 17.1), tables 2.32, other 2.1
mem[3] [tree] host 13.4 GB RSS (HWM 13.4): staging 4.3 pinned, registered 0.0, X 0.0, digits 0.0, named 0.0, other 9.1
mem[2] [tree]   APU0: in use 11.9 GB: planes 4.29 pool:borrowed 6.44 pool:live 0.56 pool:free 5.89 pool:peak-live 1.54 tables 0.61 other 0.54  (driver: 44.2 of 137.4 GB used)
mem[2] [tree]   APU1: in use 9.7 GB: planes 4.29 pool:borrowed 4.29 pool:live 0.56 pool:free 3.74 pool:peak-live 1.54 tables 0.62 other 0.54  (driver: 35.6 of 137.4 GB used)
mem[3] [tree]   APU0: in use 11.7 GB: planes 4.29 pool:borrowed 6.44 pool:live 0.56 pool:free 5.89 pool:peak-live 1.54 tables 0.46 other 0.54  (driver: 44.2 of 137.4 GB used)
mem[3] [tree]   APU1: in use 9.7 GB: planes 4.29 pool:borrowed 4.29 pool:live 0.56 pool:free 3.74 pool:peak-live 1.54 tables 0.62 other 0.54  (driver: 35.6 of 137.4 GB used)
mem[3] [tree]   APU2: in use 9.7 GB: planes 4.29 pool:borrowed 4.29 pool:live 0.56 pool:free 3.74 pool:peak-live 1.54 tables 0.62 other 0.54  (driver: 35.6 of 137.4 GB used)
mem[0] [tree] device 32.4 GB in use (per APU 7.6..9.6): planes 8.6, regions 0.0, block pool 19.3 (donated 0.0, borrowed 19.3, hipMalloc 0.0; live 2.2, peak live 5.5, free 17.1), tables 2.31, other 2.1
mem[0] [tree] host 13.1 GB RSS (HWM 13.1): staging 4.3 pinned, registered 0.0, X 0.0, digits 0.0, named 0.0, other 8.8
mem[0] [tree]   APU0: in use 9.6 GB: planes 2.15 pool:borrowed 6.44 pool:live 0.56 pool:free 5.89 pool:peak-live 1.38 tables 0.46 other 0.54  (driver: 44.2 of 137.4 GB used)
mem[1] [tree] device 40.9 GB in use (per APU 9.7..11.7): planes 17.2, regions 0.0, block pool 19.3 (donated 0.0, borrowed 19.3, hipMalloc 0.0; live 2.2, peak live 6.3, free 17.1), tables 2.29, other 2.1
mem[1] [tree] host 13.2 GB RSS (HWM 13.2): staging 4.3 pinned, registered 0.0, X 0.0, digits 0.0, named 0.0, other 8.9
mem[1] [tree]   APU0: in use 11.7 GB: planes 4.29 pool:borrowed 6.44 pool:live 0.56 pool:free 5.89 pool:peak-live 1.57 tables 0.47 other 0.54  (driver: 44.2 of 137.4 GB used)
mem[1] [tree]   APU1: in use 9.7 GB: planes 4.29 pool:borrowed 4.29 pool:live 0.56 pool:free 3.74 pool:peak-live 1.57 tables 0.61 other 0.54  (driver: 35.6 of 137.4 GB used)
mem[1] [tree]   APU2: in use 9.7 GB: planes 4.29 pool:borrowed 4.29 pool:live 0.56 pool:free 3.74 pool:peak-live 1.57 tables 0.61 other 0.54  (driver: 35.6 of 137.4 GB used)
mem[2] [tree]   APU2: in use 9.7 GB: planes 4.29 pool:borrowed 4.29 pool:live 0.56 pool:free 3.74 pool:peak-live 1.54 tables 0.61 other 0.54  (driver: 35.6 of 137.4 GB used)
mem[2] [tree]   APU3: in use 9.7 GB: planes 4.29 pool:borrowed 4.29 pool:live 0.56 pool:free 3.74 pool:peak-live 1.54 tables 0.61 other 0.54  (driver: 35.6 of 137.4 GB used)
mem[3] [tree]   APU3: in use 9.7 GB: planes 4.29 pool:borrowed 4.29 pool:live 0.56 pool:free 3.74 pool:peak-live 1.54 tables 0.61 other 0.54  (driver: 35.6 of 137.4 GB used)
mem[0] [tree]   APU1: in use 7.6 GB: planes 2.15 pool:borrowed 4.29 pool:live 0.56 pool:free 3.74 pool:peak-live 1.38 tables 0.61 other 0.54  (driver: 35.6 of 137.4 GB used)
mem[0] [tree]   APU2: in use 7.6 GB: planes 2.15 pool:borrowed 4.29 pool:live 0.56 pool:free 3.74 pool:peak-live 1.38 tables 0.62 other 0.54  (driver: 35.6 of 137.4 GB used)
mem[0] [tree]   APU3: in use 7.6 GB: planes 2.15 pool:borrowed 4.29 pool:live 0.56 pool:free 3.74 pool:peak-live 1.38 tables 0.62 other 0.54  (driver: 35.6 of 137.4 GB used)
mem[1] [tree]   APU3: in use 9.7 GB: planes 4.29 pool:borrowed 4.29 pool:live 0.56 pool:free 3.74 pool:peak-live 1.57 tables 0.61 other 0.54  (driver: 35.6 of 137.4 GB used)
recip(mn): the single-node chain to 33909 limbs (1.55 s), then the sharded steps to 555555558 over 4 nodes
cache_trace node 0: piece (0, 0) of 3 x 1, 92592594 + 138888891 limbs at 0, slots 1: A - B cached | 1.533 s: redistribute 0.086 ntt 1.362 crt 0.005 out 0.105 carry 0.003
cache_trace node 1: piece (0, 0) of 3 x 1, 92592594 + 138888891 limbs at 0, slots 1: A - B cached | 1.533 s: redistribute 0.095 ntt 1.352 crt 0.005 out 0.103 carry 0.003
cache_trace node 2: piece (0, 0) of 3 x 1, 92592594 + 138888891 limbs at 0, slots 1: A - B cached | 1.533 s: redistribute 0.097 ntt 1.350 crt 0.002 out 0.092 carry 0.003
cache_trace node 3: piece (0, 0) of 3 x 1, 92592594 + 138888891 limbs at 0, slots 1: A - B cached | 1.533 s: redistribute 0.095 ntt 1.350 crt 0.002 out 0.107 carry 0.003
cache_trace node 0: piece (1, 0) of 3 x 1, 92592594 + 138888891 limbs at 92592594, slots 1: A - B HIT | 1.008 s: redistribute 0.039 ntt 0.871 crt 0.005 out 0.071 carry 0.027
cache_trace node 1: piece (1, 0) of 3 x 1, 92592594 + 138888891 limbs at 92592594, slots 1: A - B HIT | 1.008 s: redistribute 0.045 ntt 0.866 crt 0.004 out 0.077 carry 0.027
cache_trace node 2: piece (1, 0) of 3 x 1, 92592594 + 138888891 limbs at 92592594, slots 1: A - B HIT | 1.008 s: redistribute 0.053 ntt 0.862 crt 0.005 out 0.075 carry 0.027
cache_trace node 3: piece (1, 0) of 3 x 1, 92592594 + 138888891 limbs at 92592594, slots 1: A - B HIT | 1.008 s: redistribute 0.053 ntt 0.867 crt 0.002 out 0.078 carry 0.027
cache_trace node 0: piece (2, 0) of 3 x 1, 92592594 + 138888891 limbs at 185185188, slots 1: A - B HIT | 1.030 s: redistribute 0.046 ntt 0.903 crt 0.007 out 0.066 carry 0.017
dist_mn node 0: 277777782 x 138888891 limbs over 4 x 4 ranks (cap 2^28): 3 x 1 pieces, 3 formed, 0 skipped (low product) (low cut) (cache 1 slots: 12 hits, 11 misses)
cache_trace node 1: piece (2, 0) of 3 x 1, 92592594 + 138888891 limbs at 185185188, slots 1: A - B HIT | 1.030 s: redistribute 0.047 ntt 0.908 crt 0.007 out 0.064 carry 0.017
dist_mn node 1: 277777782 x 138888891 limbs over 4 x 4 ranks (cap 2^28): 3 x 1 pieces, 3 formed, 0 skipped (low product) (low cut) (cache 1 slots: 12 hits, 11 misses)
cache_trace node 2: piece (2, 0) of 3 x 1, 92592594 + 138888891 limbs at 185185188, slots 1: A - B HIT | 1.030 s: redistribute 0.049 ntt 0.905 crt 0.003 out 0.071 carry 0.017
dist_mn node 2: 277777782 x 138888891 limbs over 4 x 4 ranks (cap 2^28): 3 x 1 pieces, 3 formed, 0 skipped (low product) (low cut) (cache 1 slots: 14 hits, 13 misses)
cache_trace node 3: piece (2, 0) of 3 x 1, 92592594 + 138888891 limbs at 185185188, slots 1: A - B HIT | 1.030 s: redistribute 0.054 ntt 0.899 crt 0.007 out 0.068 carry 0.017
dist_mn node 3: 277777782 x 138888891 limbs over 4 x 4 ranks (cap 2^28): 3 x 1 pieces, 3 formed, 0 skipped (low product) (low cut) (cache 1 slots: 14 hits, 13 misses)
cache_trace node 0: piece (0, 0) of 1 x 2, 138888891 + 69444445 limbs at 0, slots 1: A - B cached | 1.550 s: redistribute 0.096 ntt 1.374 crt 0.007 out 0.092 carry 0.003
cache_trace node 1: piece (0, 0) of 1 x 2, 138888891 + 69444445 limbs at 0, slots 1: A - B cached | 1.550 s: redistribute 0.095 ntt 1.375 crt 0.007 out 0.092 carry 0.003
cache_trace node 2: piece (0, 0) of 1 x 2, 138888891 + 69444445 limbs at 0, slots 1: A - B cached | 1.550 s: redistribute 0.086 ntt 1.388 crt 0.007 out 0.089 carry 0.003
cache_trace node 3: piece (0, 0) of 1 x 2, 138888891 + 69444445 limbs at 0, slots 1: A - B cached | 1.550 s: redistribute 0.082 ntt 1.404 crt 0.006 out 0.091 carry 0.003
cache_trace node 0: piece (0, 1) of 1 x 2, 138888891 + 69444445 limbs at 69444445, slots 1: A - B cached | 1.515 s: redistribute 0.087 ntt 1.355 crt 0.005 out 0.079 carry 0.010
dist_mn node 0: 138888891 x 138888890 limbs over 4 x 4 ranks (cap 2^28): 1 x 2 pieces, 2 formed, 0 skipped (low cut) (cache 1 slots: 12 hits, 13 misses)
cache_trace node 1: piece (0, 1) of 1 x 2, 138888891 + 69444445 limbs at 69444445, slots 1: A - B cached | 1.515 s: redistribute 0.082 ntt 1.353 crt 0.005 out 0.088 carry 0.009
dist_mn node 1: 138888891 x 138888890 limbs over 4 x 4 ranks (cap 2^28): 1 x 2 pieces, 2 formed, 0 skipped (low cut) (cache 1 slots: 12 hits, 13 misses)
cache_trace node 2: piece (0, 1) of 1 x 2, 138888891 + 69444445 limbs at 69444445, slots 1: A - B cached | 1.515 s: redistribute 0.087 ntt 1.353 crt 0.005 out 0.085 carry 0.009
dist_mn node 2: 138888891 x 138888890 limbs over 4 x 4 ranks (cap 2^28): 1 x 2 pieces, 2 formed, 0 skipped (low cut) (cache 1 slots: 14 hits, 15 misses)
cache_trace node 3: piece (0, 1) of 1 x 2, 138888891 + 69444445 limbs at 69444445, slots 1: A - B cached | 1.515 s: redistribute 0.088 ntt 1.346 crt 0.005 out 0.083 carry 0.009
dist_mn node 3: 138888891 x 138888890 limbs over 4 x 4 ranks (cap 2^28): 1 x 2 pieces, 2 formed, 0 skipped (low cut) (cache 1 slots: 14 hits, 15 misses)
cache_trace node 0: piece (1, 0) of 5 x 2, 111111112 + 138888890 limbs at 111111112, slots 1: A - B cached | 1.702 s: redistribute 0.115 ntt 1.362 crt 0.005 out 0.205 carry 0.046
cache_trace node 1: piece (1, 0) of 5 x 2, 111111112 + 138888890 limbs at 111111112, slots 1: A - B cached | 1.702 s: redistribute 0.114 ntt 1.397 crt 0.005 out 0.220 carry 0.045
cache_trace node 2: piece (1, 0) of 5 x 2, 111111112 + 138888890 limbs at 111111112, slots 1: A - B cached | 1.702 s: redistribute 0.101 ntt 1.350 crt 0.005 out 0.211 carry 0.046
cache_trace node 3: piece (1, 0) of 5 x 2, 111111112 + 138888890 limbs at 111111112, slots 1: A - B cached | 1.702 s: redistribute 0.104 ntt 1.348 crt 0.005 out 0.207 carry 0.046
cache_trace node 0: piece (2, 0) of 5 x 2, 111111112 + 138888890 limbs at 222222224, slots 1: A - B HIT | 1.202 s: redistribute 0.048 ntt 0.919 crt 0.002 out 0.193 carry 0.051
cache_trace node 1: piece (2, 0) of 5 x 2, 111111112 + 138888890 limbs at 222222224, slots 1: A - B HIT | 1.202 s: redistribute 0.060 ntt 0.920 crt 0.003 out 0.180 carry 0.051
cache_trace node 2: piece (2, 0) of 5 x 2, 111111112 + 138888890 limbs at 222222224, slots 1: A - B HIT | 1.202 s: redistribute 0.052 ntt 0.914 crt 0.009 out 0.187 carry 0.050
cache_trace node 3: piece (2, 0) of 5 x 2, 111111112 + 138888890 limbs at 222222224, slots 1: A - B HIT | 1.202 s: redistribute 0.050 ntt 0.923 crt 0.003 out 0.191 carry 0.051
cache_trace node 0: piece (3, 0) of 5 x 2, 111111112 + 138888890 limbs at 333333336, slots 1: A - B HIT | 1.151 s: redistribute 0.056 ntt 0.928 crt 0.002 out 0.123 carry 0.050
cache_trace node 1: piece (3, 0) of 5 x 2, 111111112 + 138888890 limbs at 333333336, slots 1: A - B HIT | 1.151 s: redistribute 0.048 ntt 0.941 crt 0.005 out 0.120 carry 0.050
cache_trace node 2: piece (3, 0) of 5 x 2, 111111112 + 138888890 limbs at 333333336, slots 1: A - B HIT | 1.151 s: redistribute 0.055 ntt 0.928 crt 0.002 out 0.131 carry 0.049
cache_trace node 3: piece (3, 0) of 5 x 2, 111111112 + 138888890 limbs at 333333336, slots 1: A - B HIT | 1.151 s: redistribute 0.049 ntt 0.940 crt 0.005 out 0.122 carry 0.049
cache_trace node 0: piece (4, 0) of 5 x 2, 111111112 + 138888890 limbs at 444444448, slots 1: A - B HIT | 1.109 s: redistribute 0.061 ntt 0.924 crt 0.005 out 0.092 carry 0.046
cache_trace node 1: piece (4, 0) of 5 x 2, 111111112 + 138888890 limbs at 444444448, slots 1: A - B HIT | 1.109 s: redistribute 0.059 ntt 0.920 crt 0.004 out 0.100 carry 0.046
cache_trace node 2: piece (4, 0) of 5 x 2, 111111112 + 138888890 limbs at 444444448, slots 1: A - B HIT | 1.109 s: redistribute 0.060 ntt 0.938 crt 0.005 out 0.097 carry 0.046
cache_trace node 3: piece (4, 0) of 5 x 2, 111111112 + 138888890 limbs at 444444448, slots 1: A - B HIT | 1.109 s: redistribute 0.060 ntt 0.920 crt 0.003 out 0.095 carry 0.045
cache_trace node 0: piece (0, 1) of 5 x 2, 111111112 + 138888890 limbs at 138888890, slots 1: A - B cached | 1.756 s: redistribute 0.116 ntt 1.374 crt 0.005 out 0.241 carry 0.040
cache_trace node 1: piece (0, 1) of 5 x 2, 111111112 + 138888890 limbs at 138888890, slots 1: A - B cached | 1.756 s: redistribute 0.117 ntt 1.381 crt 0.003 out 0.233 carry 0.039
cache_trace node 2: piece (0, 1) of 5 x 2, 111111112 + 138888890 limbs at 138888890, slots 1: A - B cached | 1.756 s: redistribute 0.123 ntt 1.375 crt 0.005 out 0.227 carry 0.040
cache_trace node 3: piece (0, 1) of 5 x 2, 111111112 + 138888890 limbs at 138888890, slots 1: A - B cached | 1.756 s: redistribute 0.121 ntt 1.373 crt 0.005 out 0.227 carry 0.040
cache_trace node 0: piece (1, 1) of 5 x 2, 111111112 + 138888890 limbs at 250000002, slots 1: A - B HIT | 1.197 s: redistribute 0.047 ntt 0.889 crt 0.005 out 0.212 carry 0.050
cache_trace node 1: piece (1, 1) of 5 x 2, 111111112 + 138888890 limbs at 250000002, slots 1: A - B HIT | 1.197 s: redistribute 0.052 ntt 0.882 crt 0.005 out 0.214 carry 0.049
cache_trace node 2: piece (1, 1) of 5 x 2, 111111112 + 138888890 limbs at 250000002, slots 1: A - B HIT | 1.197 s: redistribute 0.052 ntt 0.878 crt 0.005 out 0.220 carry 0.049
cache_trace node 3: piece (1, 1) of 5 x 2, 111111112 + 138888890 limbs at 250000002, slots 1: A - B HIT | 1.197 s: redistribute 0.047 ntt 0.902 crt 0.005 out 0.216 carry 0.049
cache_trace node 0: piece (2, 1) of 5 x 2, 111111112 + 138888890 limbs at 361111114, slots 1: A - B HIT | 1.087 s: redistribute 0.050 ntt 0.882 crt 0.007 out 0.119 carry 0.037
cache_trace node 1: piece (2, 1) of 5 x 2, 111111112 + 138888890 limbs at 361111114, slots 1: A - B HIT | 1.087 s: redistribute 0.054 ntt 0.882 crt 0.006 out 0.117 carry 0.037
cache_trace node 2: piece (2, 1) of 5 x 2, 111111112 + 138888890 limbs at 361111114, slots 1: A - B HIT | 1.087 s: redistribute 0.053 ntt 0.876 crt 0.004 out 0.124 carry 0.037
cache_trace node 3: piece (2, 1) of 5 x 2, 111111112 + 138888890 limbs at 361111114, slots 1: A - B HIT | 1.087 s: redistribute 0.046 ntt 0.898 crt 0.007 out 0.120 carry 0.037
cache_trace node 0: piece (3, 1) of 5 x 2, 111111112 + 138888890 limbs at 472222226, slots 1: A - B HIT | 1.054 s: redistribute 0.052 ntt 0.873 crt 0.004 out 0.084 carry 0.048
dist_mn node 0: 555555560 x 277777780 limbs over 4 x 4 ranks (cap 2^28): 5 x 2 pieces, 8 formed, 2 skipped (low product) (low cut) (cache 1 slots: 18 hits, 15 misses)
cache_trace node 1: piece (3, 1) of 5 x 2, 111111112 + 138888890 limbs at 472222226, slots 1: A - B HIT | 1.054 s: redistribute 0.053 ntt 0.886 crt 0.005 out 0.082 carry 0.048
dist_mn node 1: 555555560 x 277777780 limbs over 4 x 4 ranks (cap 2^28): 5 x 2 pieces, 8 formed, 2 skipped (low product) (low cut) (cache 1 slots: 18 hits, 15 misses)
cache_trace node 2: piece (3, 1) of 5 x 2, 111111112 + 138888890 limbs at 472222226, slots 1: A - B HIT | 1.054 s: redistribute 0.052 ntt 0.873 crt 0.005 out 0.083 carry 0.048
dist_mn node 2: 555555560 x 277777780 limbs over 4 x 4 ranks (cap 2^28): 5 x 2 pieces, 8 formed, 2 skipped (low product) (low cut) (cache 1 slots: 20 hits, 17 misses)
cache_trace node 3: piece (3, 1) of 5 x 2, 111111112 + 138888890 limbs at 472222226, slots 1: A - B HIT | 1.054 s: redistribute 0.043 ntt 0.878 crt 0.005 out 0.088 carry 0.048
dist_mn node 3: 555555560 x 277777780 limbs over 4 x 4 ranks (cap 2^28): 5 x 2 pieces, 8 formed, 2 skipped (low product) (low cut) (cache 1 slots: 20 hits, 17 misses)
cache_trace node 0: piece (1, 0) of 2 x 3, 138888890 + 92592593 limbs at 138888890, slots 1: A - B cached | 1.579 s: redistribute 0.114 ntt 1.300 crt 0.005 out 0.131 carry 0.048
cache_trace node 1: piece (1, 0) of 2 x 3, 138888890 + 92592593 limbs at 138888890, slots 1: A - B cached | 1.579 s: redistribute 0.110 ntt 1.314 crt 0.005 out 0.129 carry 0.047
cache_trace node 2: piece (1, 0) of 2 x 3, 138888890 + 92592593 limbs at 138888890, slots 1: A - B cached | 1.579 s: redistribute 0.107 ntt 1.315 crt 0.005 out 0.125 carry 0.048
cache_trace node 3: piece (1, 0) of 2 x 3, 138888890 + 92592593 limbs at 138888890, slots 1: A - B cached | 1.579 s: redistribute 0.116 ntt 1.325 crt 0.005 out 0.126 carry 0.047
cache_trace node 0: piece (0, 1) of 2 x 3, 138888890 + 92592593 limbs at 92592593, slots 1: A - B cached | 1.582 s: redistribute 0.099 ntt 1.322 crt 0.005 out 0.127 carry 0.045
cache_trace node 1: piece (0, 1) of 2 x 3, 138888890 + 92592593 limbs at 92592593, slots 1: A - B cached | 1.582 s: redistribute 0.101 ntt 1.319 crt 0.003 out 0.120 carry 0.045
cache_trace node 2: piece (0, 1) of 2 x 3, 138888890 + 92592593 limbs at 92592593, slots 1: A - B cached | 1.582 s: redistribute 0.103 ntt 1.315 crt 0.003 out 0.129 carry 0.045
cache_trace node 3: piece (0, 1) of 2 x 3, 138888890 + 92592593 limbs at 92592593, slots 1: A - B cached | 1.582 s: redistribute 0.106 ntt 1.320 crt 0.005 out 0.122 carry 0.045
cache_trace node 0: piece (1, 1) of 2 x 3, 138888890 + 92592593 limbs at 231481483, slots 1: A - B HIT | 1.232 s: redistribute 0.067 ntt 0.926 crt 0.005 out 0.198 carry 0.044
cache_trace node 1: piece (1, 1) of 2 x 3, 138888890 + 92592593 limbs at 231481483, slots 1: A - B HIT | 1.232 s: redistribute 0.070 ntt 0.936 crt 0.005 out 0.205 carry 0.044
cache_trace node 2: piece (1, 1) of 2 x 3, 138888890 + 92592593 limbs at 231481483, slots 1: A - B HIT | 1.232 s: redistribute 0.058 ntt 0.967 crt 0.005 out 0.212 carry 0.044
cache_trace node 3: piece (1, 1) of 2 x 3, 138888890 + 92592593 limbs at 231481483, slots 1: A - B HIT | 1.232 s: redistribute 0.070 ntt 0.919 crt 0.005 out 0.205 carry 0.044
cache_trace node 0: piece (0, 2) of 2 x 3, 138888890 + 92592593 limbs at 185185186, slots 1: A - B cached | 1.585 s: redistribute 0.097 ntt 1.321 crt 0.002 out 0.129 carry 0.052
cache_trace node 1: piece (0, 2) of 2 x 3, 138888890 + 92592593 limbs at 185185186, slots 1: A - B cached | 1.585 s: redistribute 0.103 ntt 1.322 crt 0.002 out 0.123 carry 0.052
cache_trace node 2: piece (0, 2) of 2 x 3, 138888890 + 92592593 limbs at 185185186, slots 1: A - B cached | 1.585 s: redistribute 0.101 ntt 1.322 crt 0.003 out 0.127 carry 0.052
cache_trace node 3: piece (0, 2) of 2 x 3, 138888890 + 92592593 limbs at 185185186, slots 1: A - B cached | 1.585 s: redistribute 0.106 ntt 1.330 crt 0.003 out 0.119 carry 0.052
cache_trace node 0: piece (1, 2) of 2 x 3, 138888890 + 92592593 limbs at 324074076, slots 1: A - B HIT | 1.136 s: redistribute 0.063 ntt 0.913 crt 0.004 out 0.125 carry 0.054
dist_mn node 0: 277777780 x 277777779 limbs over 4 x 4 ranks (cap 2^28): 2 x 3 pieces, 5 formed, 1 skipped (low cut) (cache 1 slots: 20 hits, 18 misses)
cache_trace node 1: piece (1, 2) of 2 x 3, 138888890 + 92592593 limbs at 324074076, slots 1: A - B HIT | 1.136 s: redistribute 0.066 ntt 0.903 crt 0.005 out 0.123 carry 0.054
dist_mn node 1: 277777780 x 277777779 limbs over 4 x 4 ranks (cap 2^28): 2 x 3 pieces, 5 formed, 1 skipped (low cut) (cache 1 slots: 20 hits, 18 misses)
cache_trace node 2: piece (1, 2) of 2 x 3, 138888890 + 92592593 limbs at 324074076, slots 1: A - B HIT | 1.136 s: redistribute 0.060 ntt 0.911 crt 0.003 out 0.117 carry 0.054
dist_mn node 2: 277777780 x 277777779 limbs over 4 x 4 ranks (cap 2^28): 2 x 3 pieces, 5 formed, 1 skipped (low cut) (cache 1 slots: 22 hits, 20 misses)
cache_trace node 3: piece (1, 2) of 2 x 3, 138888890 + 92592593 limbs at 324074076, slots 1: A - B HIT | 1.136 s: redistribute 0.064 ntt 0.906 crt 0.003 out 0.125 carry 0.053
dist_mn node 3: 277777780 x 277777779 limbs over 4 x 4 ranks (cap 2^28): 2 x 3 pieces, 5 formed, 1 skipped (low cut) (cache 1 slots: 22 hits, 20 misses)
cache_trace node 0: piece (3, 0) of 4 x 5, 138888887 + 111111112 limbs at 416666670, slots 1: A - B cached | 1.757 s: redistribute 0.205 ntt 1.425 crt 0.006 out 0.140 carry 0.092
cache_trace node 1: piece (3, 0) of 4 x 5, 138888887 + 111111112 limbs at 416666670, slots 1: A - B cached | 1.757 s: redistribute 0.206 ntt 1.429 crt 0.005 out 0.138 carry 0.092
cache_trace node 2: piece (3, 0) of 4 x 5, 138888887 + 111111112 limbs at 416666670, slots 1: A - B cached | 1.757 s: redistribute 0.205 ntt 1.430 crt 0.004 out 0.143 carry 0.092
cache_trace node 3: piece (3, 0) of 4 x 5, 138888887 + 111111112 limbs at 416666670, slots 1: A - B cached | 1.757 s: redistribute 0.198 ntt 1.409 crt 0.005 out 0.139 carry 0.092
cache_trace node 0: piece (2, 1) of 4 x 5, 138888890 + 111111112 limbs at 388888892, slots 1: A - B cached | 2.098 s: redistribute 0.116 ntt 1.333 crt 0.004 out 0.577 carry 0.078
cache_trace node 1: piece (2, 1) of 4 x 5, 138888890 + 111111112 limbs at 388888892, slots 1: A - B cached | 2.098 s: redistribute 0.119 ntt 1.387 crt 0.011 out 0.511 carry 0.078
cache_trace node 2: piece (2, 1) of 4 x 5, 138888890 + 111111112 limbs at 388888892, slots 1: A - B cached | 2.098 s: redistribute 0.118 ntt 1.335 crt 0.006 out 0.567 carry 0.078
cache_trace node 3: piece (2, 1) of 4 x 5, 138888890 + 111111112 limbs at 388888892, slots 1: A - B cached | 2.098 s: redistribute 0.112 ntt 1.341 crt 0.006 out 0.581 carry 0.078
cache_trace node 0: piece (3, 1) of 4 x 5, 138888887 + 111111112 limbs at 527777782, slots 1: A - B HIT | 1.722 s: redistribute 0.067 ntt 0.888 crt 0.005 out 0.706 carry 0.072
cache_trace node 1: piece (3, 1) of 4 x 5, 138888887 + 111111112 limbs at 527777782, slots 1: A - B HIT | 1.722 s: redistribute 0.066 ntt 0.895 crt 0.005 out 0.709 carry 0.072
cache_trace node 2: piece (3, 1) of 4 x 5, 138888887 + 111111112 limbs at 527777782, slots 1: A - B HIT | 1.722 s: redistribute 0.070 ntt 0.902 crt 0.005 out 0.704 carry 0.070
cache_trace node 3: piece (3, 1) of 4 x 5, 138888887 + 111111112 limbs at 527777782, slots 1: A - B HIT | 1.722 s: redistribute 0.069 ntt 0.881 crt 0.005 out 0.700 carry 0.072
cache_trace node 0: piece (1, 2) of 4 x 5, 138888890 + 111111112 limbs at 361111114, slots 1: A - B cached | 2.178 s: redistribute 0.117 ntt 1.365 crt 0.004 out 0.625 carry 0.079
cache_trace node 1: piece (1, 2) of 4 x 5, 138888890 + 111111112 limbs at 361111114, slots 1: A - B cached | 2.178 s: redistribute 0.118 ntt 1.359 crt 0.005 out 0.630 carry 0.078
cache_trace node 2: piece (1, 2) of 4 x 5, 138888890 + 111111112 limbs at 361111114, slots 1: A - B cached | 2.178 s: redistribute 0.123 ntt 1.368 crt 0.004 out 0.622 carry 0.079
cache_trace node 3: piece (1, 2) of 4 x 5, 138888890 + 111111112 limbs at 361111114, slots 1: A - B cached | 2.178 s: redistribute 0.117 ntt 1.356 crt 0.003 out 0.634 carry 0.079
cache_trace node 0: piece (2, 2) of 4 x 5, 138888890 + 111111112 limbs at 500000004, slots 1: A - B HIT | 1.183 s: redistribute 0.068 ntt 0.891 crt 0.002 out 0.146 carry 0.092
cache_trace node 1: piece (2, 2) of 4 x 5, 138888890 + 111111112 limbs at 500000004, slots 1: A - B HIT | 1.183 s: redistribute 0.068 ntt 0.876 crt 0.002 out 0.153 carry 0.092
cache_trace node 2: piece (2, 2) of 4 x 5, 138888890 + 111111112 limbs at 500000004, slots 1: A - B HIT | 1.183 s: redistribute 0.066 ntt 0.880 crt 0.003 out 0.150 carry 0.092
cache_trace node 3: piece (2, 2) of 4 x 5, 138888890 + 111111112 limbs at 500000004, slots 1: A - B HIT | 1.183 s: redistribute 0.063 ntt 0.898 crt 0.002 out 0.142 carry 0.092
cache_trace node 0: piece (3, 2) of 4 x 5, 138888887 + 111111112 limbs at 638888894, slots 1: A - B HIT | 1.205 s: redistribute 0.069 ntt 0.895 crt 0.004 out 0.171 carry 0.091
cache_trace node 1: piece (3, 2) of 4 x 5, 138888887 + 111111112 limbs at 638888894, slots 1: A - B HIT | 1.205 s: redistribute 0.072 ntt 0.879 crt 0.003 out 0.168 carry 0.091
cache_trace node 2: piece (3, 2) of 4 x 5, 138888887 + 111111112 limbs at 638888894, slots 1: A - B HIT | 1.205 s: redistribute 0.072 ntt 0.889 crt 0.002 out 0.175 carry 0.090
cache_trace node 3: piece (3, 2) of 4 x 5, 138888887 + 111111112 limbs at 638888894, slots 1: A - B HIT | 1.205 s: redistribute 0.071 ntt 0.887 crt 0.004 out 0.166 carry 0.091
cache_trace node 0: piece (0, 3) of 4 x 5, 138888890 + 111111112 limbs at 333333336, slots 1: A - B cached | 2.212 s: redistribute 0.121 ntt 1.381 crt 0.006 out 0.646 carry 0.076
cache_trace node 1: piece (0, 3) of 4 x 5, 138888890 + 111111112 limbs at 333333336, slots 1: A - B cached | 2.212 s: redistribute 0.125 ntt 1.428 crt 0.007 out 0.604 carry 0.074
cache_trace node 2: piece (0, 3) of 4 x 5, 138888890 + 111111112 limbs at 333333336, slots 1: A - B cached | 2.212 s: redistribute 0.117 ntt 1.388 crt 0.005 out 0.642 carry 0.076
cache_trace node 3: piece (0, 3) of 4 x 5, 138888890 + 111111112 limbs at 333333336, slots 1: A - B cached | 2.212 s: redistribute 0.117 ntt 1.389 crt 0.007 out 0.649 carry 0.076
cache_trace node 0: piece (1, 3) of 4 x 5, 138888890 + 111111112 limbs at 472222226, slots 1: A - B HIT | 1.174 s: redistribute 0.071 ntt 0.886 crt 0.005 out 0.145 carry 0.090
cache_trace node 1: piece (1, 3) of 4 x 5, 138888890 + 111111112 limbs at 472222226, slots 1: A - B HIT | 1.173 s: redistribute 0.070 ntt 0.889 crt 0.005 out 0.142 carry 0.090
cache_trace node 2: piece (1, 3) of 4 x 5, 138888890 + 111111112 limbs at 472222226, slots 1: A - B HIT | 1.173 s: redistribute 0.065 ntt 0.888 crt 0.004 out 0.142 carry 0.090
cache_trace node 3: piece (1, 3) of 4 x 5, 138888890 + 111111112 limbs at 472222226, slots 1: A - B HIT | 1.174 s: redistribute 0.065 ntt 0.893 crt 0.005 out 0.135 carry 0.090
cache_trace node 0: piece (2, 3) of 4 x 5, 138888890 + 111111112 limbs at 611111116, slots 1: A - B HIT | 1.456 s: redistribute 0.071 ntt 0.897 crt 0.005 out 0.412 carry 0.079
cache_trace node 1: piece (2, 3) of 4 x 5, 138888890 + 111111112 limbs at 611111116, slots 1: A - B HIT | 1.456 s: redistribute 0.068 ntt 0.901 crt 0.005 out 0.414 carry 0.079
cache_trace node 2: piece (2, 3) of 4 x 5, 138888890 + 111111112 limbs at 611111116, slots 1: A - B HIT | 1.456 s: redistribute 0.071 ntt 0.957 crt 0.002 out 0.354 carry 0.077
cache_trace node 3: piece (2, 3) of 4 x 5, 138888890 + 111111112 limbs at 611111116, slots 1: A - B HIT | 1.456 s: redistribute 0.072 ntt 0.915 crt 0.003 out 0.406 carry 0.079
cache_trace node 0: piece (3, 3) of 4 x 5, 138888887 + 111111112 limbs at 750000006, slots 1: A - B HIT | 1.591 s: redistribute 0.070 ntt 0.903 crt 0.002 out 0.544 carry 0.085
cache_trace node 1: piece (3, 3) of 4 x 5, 138888887 + 111111112 limbs at 750000006, slots 1: A - B HIT | 1.591 s: redistribute 0.070 ntt 0.901 crt 0.002 out 0.546 carry 0.085
cache_trace node 2: piece (3, 3) of 4 x 5, 138888887 + 111111112 limbs at 750000006, slots 1: A - B HIT | 1.591 s: redistribute 0.069 ntt 0.907 crt 0.003 out 0.557 carry 0.085
cache_trace node 3: piece (3, 3) of 4 x 5, 138888887 + 111111112 limbs at 750000006, slots 1: A - B HIT | 1.591 s: redistribute 0.068 ntt 0.953 crt 0.002 out 0.489 carry 0.083
cache_trace node 0: piece (0, 4) of 4 x 5, 138888890 + 111111110 limbs at 444444448, slots 1: A - B cached | 1.689 s: redistribute 0.111 ntt 1.355 crt 0.005 out 0.137 carry 0.087
cache_trace node 1: piece (0, 4) of 4 x 5, 138888890 + 111111110 limbs at 444444448, slots 1: A - B cached | 1.689 s: redistribute 0.109 ntt 1.358 crt 0.006 out 0.143 carry 0.087
cache_trace node 2: piece (0, 4) of 4 x 5, 138888890 + 111111110 limbs at 444444448, slots 1: A - B cached | 1.689 s: redistribute 0.113 ntt 1.354 crt 0.005 out 0.134 carry 0.087
cache_trace node 3: piece (0, 4) of 4 x 5, 138888890 + 111111110 limbs at 444444448, slots 1: A - B cached | 1.689 s: redistribute 0.110 ntt 1.363 crt 0.004 out 0.134 carry 0.087
cache_trace node 0: piece (1, 4) of 4 x 5, 138888890 + 111111110 limbs at 583333338, slots 1: A - B HIT | 1.812 s: redistribute 0.071 ntt 0.919 crt 0.005 out 0.783 carry 0.049
cache_trace node 1: piece (1, 4) of 4 x 5, 138888890 + 111111110 limbs at 583333338, slots 1: A - B HIT | 1.812 s: redistribute 0.070 ntt 0.915 crt 0.006 out 0.788 carry 0.049
cache_trace node 2: piece (1, 4) of 4 x 5, 138888890 + 111111110 limbs at 583333338, slots 1: A - B HIT | 1.812 s: redistribute 0.061 ntt 1.017 crt 0.005 out 0.684 carry 0.048
cache_trace node 3: piece (1, 4) of 4 x 5, 138888890 + 111111110 limbs at 583333338, slots 1: A - B HIT | 1.812 s: redistribute 0.070 ntt 0.926 crt 0.005 out 0.781 carry 0.049
cache_trace node 0: piece (2, 4) of 4 x 5, 138888890 + 111111110 limbs at 722222228, slots 1: A - B HIT | 1.240 s: redistribute 0.077 ntt 0.927 crt 0.003 out 0.147 carry 0.096
cache_trace node 1: piece (2, 4) of 4 x 5, 138888890 + 111111110 limbs at 722222228, slots 1: A - B HIT | 1.240 s: redistribute 0.070 ntt 0.922 crt 0.005 out 0.163 carry 0.096
cache_trace node 2: piece (2, 4) of 4 x 5, 138888890 + 111111110 limbs at 722222228, slots 1: A - B HIT | 1.240 s: redistribute 0.076 ntt 0.925 crt 0.004 out 0.160 carry 0.095
cache_trace node 3: piece (2, 4) of 4 x 5, 138888890 + 111111110 limbs at 722222228, slots 1: A - B HIT | 1.240 s: redistribute 0.070 ntt 0.928 crt 0.005 out 0.151 carry 0.095
cache_trace node 0: piece (3, 4) of 4 x 5, 138888887 + 111111110 limbs at 861111118, slots 1: A - B HIT | 1.780 s: redistribute 0.068 ntt 0.915 crt 0.004 out 0.765 carry 0.050
dist_mn node 0: 555555557 x 555555558 limbs over 4 x 4 ranks (cap 2^28): 4 x 5 pieces, 14 formed, 6 skipped (low cut) (cache 1 slots: 29 hits, 23 misses)
cache_trace node 1: piece (3, 4) of 4 x 5, 138888887 + 111111110 limbs at 861111118, slots 1: A - B HIT | 1.780 s: redistribute 0.069 ntt 0.932 crt 0.004 out 0.758 carry 0.050
dist_mn node 1: 555555557 x 555555558 limbs over 4 x 4 ranks (cap 2^28): 4 x 5 pieces, 14 formed, 6 skipped (low cut) (cache 1 slots: 29 hits, 23 misses)
cache_trace node 2: piece (3, 4) of 4 x 5, 138888887 + 111111110 limbs at 861111118, slots 1: A - B HIT | 1.780 s: redistribute 0.067 ntt 0.916 crt 0.004 out 0.758 carry 0.050
dist_mn node 2: 555555557 x 555555558 limbs over 4 x 4 ranks (cap 2^28): 4 x 5 pieces, 14 formed, 6 skipped (low cut) (cache 1 slots: 31 hits, 25 misses)
cache_trace node 3: piece (3, 4) of 4 x 5, 138888887 + 111111110 limbs at 861111118, slots 1: A - B HIT | 1.780 s: redistribute 0.068 ntt 1.011 crt 0.004 out 0.763 carry 0.049
dist_mn node 3: 555555557 x 555555558 limbs over 4 x 4 ranks (cap 2^28): 4 x 5 pieces, 14 formed, 6 skipped (low cut) (cache 1 slots: 31 hits, 25 misses)
mn_out: /tmp/cx15/f1_r1.txt.part0003: O_DIRECT, packed form, 8 write threads, file system local
cache_trace node 0: piece (0, 0) of 4 x 5, 138888890 + 111111112 limbs at 0, slots 1: A - B cached | 1.841 s: redistribute 0.252 ntt 1.522 crt 0.005 out 0.139 carry 0.003
cache_trace node 1: piece (0, 0) of 4 x 5, 138888890 + 111111112 limbs at 0, slots 1: A - B cached | 1.841 s: redistribute 0.206 ntt 1.533 crt 0.005 out 0.138 carry 0.003
cache_trace node 2: piece (0, 0) of 4 x 5, 138888890 + 111111112 limbs at 0, slots 1: A - B cached | 1.841 s: redistribute 0.254 ntt 1.537 crt 0.002 out 0.161 carry 0.004
cache_trace node 3: piece (0, 0) of 4 x 5, 138888890 + 111111112 limbs at 0, slots 1: A - B cached | 1.841 s: redistribute 0.210 ntt 1.536 crt 0.004 out 0.151 carry 0.004
cache_trace node 0: piece (1, 0) of 4 x 5, 138888890 + 111111112 limbs at 138888890, slots 1: A - B HIT | 1.129 s: redistribute 0.070 ntt 0.880 crt 0.005 out 0.140 carry 0.041
cache_trace node 1: piece (1, 0) of 4 x 5, 138888890 + 111111112 limbs at 138888890, slots 1: A - B HIT | 1.129 s: redistribute 0.069 ntt 0.881 crt 0.005 out 0.140 carry 0.040
cache_trace node 2: piece (1, 0) of 4 x 5, 138888890 + 111111112 limbs at 138888890, slots 1: A - B HIT | 1.129 s: redistribute 0.070 ntt 0.899 crt 0.005 out 0.135 carry 0.040
cache_trace node 3: piece (1, 0) of 4 x 5, 138888890 + 111111112 limbs at 138888890, slots 1: A - B HIT | 1.129 s: redistribute 0.063 ntt 0.896 crt 0.005 out 0.134 carry 0.041
cache_trace node 0: piece (2, 0) of 4 x 5, 138888890 + 111111112 limbs at 277777780, slots 1: A - B HIT | 1.138 s: redistribute 0.068 ntt 0.903 crt 0.003 out 0.132 carry 0.040
cache_trace node 1: piece (2, 0) of 4 x 5, 138888890 + 111111112 limbs at 277777780, slots 1: A - B HIT | 1.138 s: redistribute 0.072 ntt 0.917 crt 0.004 out 0.126 carry 0.040
cache_trace node 2: piece (2, 0) of 4 x 5, 138888890 + 111111112 limbs at 277777780, slots 1: A - B HIT | 1.138 s: redistribute 0.071 ntt 0.917 crt 0.005 out 0.135 carry 0.040
cache_trace node 3: piece (2, 0) of 4 x 5, 138888890 + 111111112 limbs at 277777780, slots 1: A - B HIT | 1.138 s: redistribute 0.064 ntt 0.916 crt 0.004 out 0.134 carry 0.040
cache_trace node 0: piece (3, 0) of 4 x 5, 138888887 + 111111112 limbs at 416666670, slots 1: A - B HIT | 1.080 s: redistribute 0.068 ntt 0.902 crt 0.004 out 0.115 carry 0.008
cache_trace node 1: piece (3, 0) of 4 x 5, 138888887 + 111111112 limbs at 416666670, slots 1: A - B HIT | 1.080 s: redistribute 0.064 ntt 0.901 crt 0.004 out 0.115 carry 0.008
cache_trace node 2: piece (3, 0) of 4 x 5, 138888887 + 111111112 limbs at 416666670, slots 1: A - B HIT | 1.080 s: redistribute 0.056 ntt 0.903 crt 0.005 out 0.122 carry 0.008
cache_trace node 3: piece (3, 0) of 4 x 5, 138888887 + 111111112 limbs at 416666670, slots 1: A - B HIT | 1.080 s: redistribute 0.066 ntt 0.899 crt 0.005 out 0.121 carry 0.007
cache_trace node 0: piece (0, 1) of 4 x 5, 138888890 + 111111112 limbs at 111111112, slots 1: A - B cached | 1.618 s: redistribute 0.111 ntt 1.340 crt 0.007 out 0.127 carry 0.049
cache_trace node 1: piece (0, 1) of 4 x 5, 138888890 + 111111112 limbs at 111111112, slots 1: A - B cached | 1.618 s: redistribute 0.114 ntt 1.335 crt 0.008 out 0.123 carry 0.049
cache_trace node 2: piece (0, 1) of 4 x 5, 138888890 + 111111112 limbs at 111111112, slots 1: A - B cached | 1.618 s: redistribute 0.109 ntt 1.344 crt 0.006 out 0.126 carry 0.049
cache_trace node 3: piece (0, 1) of 4 x 5, 138888890 + 111111112 limbs at 111111112, slots 1: A - B cached | 1.618 s: redistribute 0.111 ntt 1.346 crt 0.006 out 0.130 carry 0.049
cache_trace node 0: piece (1, 1) of 4 x 5, 138888890 + 111111112 limbs at 250000002, slots 1: A - B HIT | 1.118 s: redistribute 0.073 ntt 0.900 crt 0.005 out 0.112 carry 0.049
cache_trace node 1: piece (1, 1) of 4 x 5, 138888890 + 111111112 limbs at 250000002, slots 1: A - B HIT | 1.118 s: redistribute 0.072 ntt 0.894 crt 0.004 out 0.118 carry 0.049
cache_trace node 2: piece (1, 1) of 4 x 5, 138888890 + 111111112 limbs at 250000002, slots 1: A - B HIT | 1.118 s: redistribute 0.060 ntt 0.905 crt 0.005 out 0.117 carry 0.048
cache_trace node 3: piece (1, 1) of 4 x 5, 138888890 + 111111112 limbs at 250000002, slots 1: A - B HIT | 1.118 s: redistribute 0.069 ntt 0.902 crt 0.005 out 0.113 carry 0.048
cache_trace node 0: piece (2, 1) of 4 x 5, 138888890 + 111111112 limbs at 388888892, slots 1: A - B HIT | 1.095 s: redistribute 0.069 ntt 0.895 crt 0.005 out 0.117 carry 0.025
cache_trace node 1: piece (2, 1) of 4 x 5, 138888890 + 111111112 limbs at 388888892, slots 1: A - B HIT | 1.095 s: redistribute 0.069 ntt 0.906 crt 0.003 out 0.115 carry 0.025
cache_trace node 2: piece (2, 1) of 4 x 5, 138888890 + 111111112 limbs at 388888892, slots 1: A - B HIT | 1.095 s: redistribute 0.068 ntt 0.891 crt 0.005 out 0.118 carry 0.025
cache_trace node 3: piece (2, 1) of 4 x 5, 138888890 + 111111112 limbs at 388888892, slots 1: A - B HIT | 1.095 s: redistribute 0.070 ntt 0.916 crt 0.005 out 0.118 carry 0.025
cache_trace node 0: piece (3, 1) of 4 x 5, 138888887 + 111111112 limbs at 527777782, slots 1: A - B HIT | 1.029 s: redistribute 0.066 ntt 0.904 crt 0.005 out 0.043 carry 0.025
cache_trace node 2: piece (3, 1) of 4 x 5, 138888887 + 111111112 limbs at 527777782, slots 1: A - B HIT | 1.029 s: redistribute 0.068 ntt 0.908 crt 0.005 out 0.042 carry 0.025
cache_trace node 3: piece (3, 1) of 4 x 5, 138888887 + 111111112 limbs at 527777782, slots 1: A - B HIT | 1.029 s: redistribute 0.069 ntt 0.905 crt 0.002 out 0.038 carry 0.025
cache_trace node 1: piece (3, 1) of 4 x 5, 138888887 + 111111112 limbs at 527777782, slots 1: A - B HIT | 1.029 s: redistribute 0.069 ntt 0.906 crt 0.005 out 0.040 carry 0.025
cache_trace node 0: piece (0, 2) of 4 x 5, 138888890 + 111111112 limbs at 222222224, slots 1: A - B cached | 1.673 s: redistribute 0.110 ntt 1.403 crt 0.002 out 0.126 carry 0.054
cache_trace node 1: piece (0, 2) of 4 x 5, 138888890 + 111111112 limbs at 222222224, slots 1: A - B cached | 1.673 s: redistribute 0.115 ntt 1.392 crt 0.003 out 0.123 carry 0.053
cache_trace node 2: piece (0, 2) of 4 x 5, 138888890 + 111111112 limbs at 222222224, slots 1: A - B cached | 1.673 s: redistribute 0.110 ntt 1.396 crt 0.003 out 0.112 carry 0.053
cache_trace node 3: piece (0, 2) of 4 x 5, 138888890 + 111111112 limbs at 222222224, slots 1: A - B cached | 1.673 s: redistribute 0.110 ntt 1.411 crt 0.003 out 0.114 carry 0.053
cache_trace node 0: piece (1, 2) of 4 x 5, 138888890 + 111111112 limbs at 361111114, slots 1: A - B HIT | 1.092 s: redistribute 0.067 ntt 0.877 crt 0.003 out 0.121 carry 0.037
cache_trace node 1: piece (1, 2) of 4 x 5, 138888890 + 111111112 limbs at 361111114, slots 1: A - B HIT | 1.092 s: redistribute 0.065 ntt 0.884 crt 0.008 out 0.116 carry 0.037
cache_trace node 2: piece (1, 2) of 4 x 5, 138888890 + 111111112 limbs at 361111114, slots 1: A - B HIT | 1.092 s: redistribute 0.060 ntt 0.894 crt 0.007 out 0.113 carry 0.037
cache_trace node 3: piece (1, 2) of 4 x 5, 138888890 + 111111112 limbs at 361111114, slots 1: A - B HIT | 1.092 s: redistribute 0.064 ntt 0.887 crt 0.005 out 0.116 carry 0.036
cache_trace node 1: piece (2, 2) of 4 x 5, 138888890 + 111111112 limbs at 500000004, slots 1: A - B HIT | 1.049 s: redistribute 0.071 ntt 0.910 crt 0.004 out 0.061 carry 0.032
cache_trace node 2: piece (2, 2) of 4 x 5, 138888890 + 111111112 limbs at 500000004, slots 1: A - B HIT | 1.049 s: redistribute 0.072 ntt 0.889 crt 0.005 out 0.063 carry 0.032
cache_trace node 0: piece (2, 2) of 4 x 5, 138888890 + 111111112 limbs at 500000004, slots 1: A - B HIT | 1.049 s: redistribute 0.074 ntt 0.906 crt 0.003 out 0.057 carry 0.033
cache_trace node 3: piece (2, 2) of 4 x 5, 138888890 + 111111112 limbs at 500000004, slots 1: A - B HIT | 1.049 s: redistribute 0.068 ntt 0.911 crt 0.005 out 0.065 carry 0.032
cache_trace node 1: piece (0, 3) of 4 x 5, 138888890 + 111111112 limbs at 333333336, slots 1: A - B cached | 1.624 s: redistribute 0.117 ntt 1.344 crt 0.003 out 0.122 carry 0.045
cache_trace node 2: piece (0, 3) of 4 x 5, 138888890 + 111111112 limbs at 333333336, slots 1: A - B cached | 1.624 s: redistribute 0.116 ntt 1.350 crt 0.005 out 0.116 carry 0.045
cache_trace node 3: piece (0, 3) of 4 x 5, 138888890 + 111111112 limbs at 333333336, slots 1: A - B cached | 1.624 s: redistribute 0.110 ntt 1.351 crt 0.005 out 0.126 carry 0.044
cache_trace node 0: piece (0, 3) of 4 x 5, 138888890 + 111111112 limbs at 333333336, slots 1: A - B cached | 1.624 s: redistribute 0.118 ntt 1.351 crt 0.003 out 0.113 carry 0.045
cache_trace node 0: piece (1, 3) of 4 x 5, 138888890 + 111111112 limbs at 472222226, slots 1: A - B HIT | 1.078 s: redistribute 0.069 ntt 0.888 crt 0.002 out 0.078 carry 0.047
cache_trace node 1: piece (1, 3) of 4 x 5, 138888890 + 111111112 limbs at 472222226, slots 1: A - B HIT | 1.078 s: redistribute 0.069 ntt 0.886 crt 0.003 out 0.083 carry 0.047
cache_trace node 2: piece (1, 3) of 4 x 5, 138888890 + 111111112 limbs at 472222226, slots 1: A - B HIT | 1.078 s: redistribute 0.060 ntt 0.916 crt 0.002 out 0.080 carry 0.047
cache_trace node 3: piece (1, 3) of 4 x 5, 138888890 + 111111112 limbs at 472222226, slots 1: A - B HIT | 1.078 s: redistribute 0.064 ntt 0.906 crt 0.002 out 0.086 carry 0.047
cache_trace node 0: piece (0, 4) of 4 x 5, 138888890 + 111111112 limbs at 444444448, slots 1: A - B cached | 1.590 s: redistribute 0.116 ntt 1.343 crt 0.004 out 0.100 carry 0.045
dist_mn node 0: 555555557 x 555555560 limbs over 4 x 4 ranks (cap 2^28): 4 x 5 pieces, 14 formed, 6 skipped (low product) (cache 1 slots: 38 hits, 28 misses)
cache_trace node 1: piece (0, 4) of 4 x 5, 138888890 + 111111112 limbs at 444444448, slots 1: A - B cached | 1.590 s: redistribute 0.114 ntt 1.344 crt 0.005 out 0.101 carry 0.044
dist_mn node 1: 555555557 x 555555560 limbs over 4 x 4 ranks (cap 2^28): 4 x 5 pieces, 14 formed, 6 skipped (low product) (cache 1 slots: 38 hits, 28 misses)
cache_trace node 2: piece (0, 4) of 4 x 5, 138888890 + 111111112 limbs at 444444448, slots 1: A - B cached | 1.590 s: redistribute 0.119 ntt 1.356 crt 0.005 out 0.102 carry 0.044
dist_mn node 2: 555555557 x 555555560 limbs over 4 x 4 ranks (cap 2^28): 4 x 5 pieces, 14 formed, 6 skipped (low product) (cache 1 slots: 40 hits, 30 misses)
cache_trace node 3: piece (0, 4) of 4 x 5, 138888890 + 111111112 limbs at 444444448, slots 1: A - B cached | 1.590 s: redistribute 0.114 ntt 1.342 crt 0.004 out 0.105 carry 0.044
dist_mn node 3: 555555557 x 555555560 limbs over 4 x 4 ranks (cap 2^28): 4 x 5 pieces, 14 formed, 6 skipped (low product) (cache 1 slots: 40 hits, 30 misses)
divmod(mn) 78.37 s: reciprocal 36.00 (products 32.58), S = P + Q 0.03, A mu + shift 24.05, X Q + window 18.19, corrections 0.03 (0), R residues 0.07; division products 41.28 s; shifts 69/2.35 s, addsub 24/0.31 s
scratch(mn): mdb_shift slabs 2.222 GB per node-process at most (MDB_SHIFT_CHUNK_MB=1024), window temporaries T + rbO 2.222 GB (MN_T_CHUNK_MB=1024)
mn: node 0: dm over 4 nodes 78.37 s (reciprocal 36.00), X 555555557 limbs, sharded
mn: node 1: dm over 4 nodes 78.37 s (reciprocal 36.00), X 555555557 limbs, sharded; to the output stage
mn: node 2: dm over 4 nodes 78.37 s (reciprocal 36.00), X 555555557 limbs, sharded; to the output stage
mn: node 3: dm over 4 nodes 78.37 s (reciprocal 36.00), X 555555557 limbs, sharded; to the output stage
bs       48.78 s   N 1158787585, P 555555560 limbs, Q 555555560 limbs (seeds 0.0 school 0.0 batch 3.6 mdev 0.0; pool 2.5 GB; dev pools 0.0 GB)   VmRSS 22.2 GB, VmHWM 22.2 GB
RESULT ecalc bs s 48.785
mem[0] [bs] device 30.2 GB in use (per APU 7.1..9.1): planes 8.6, regions 0.0, block pool 19.3 (donated 0.0, borrowed 19.3, hipMalloc 0.0; live 1.1, peak live 8.6, free 18.2), tables 2.31, other 0.0
mem[0] [bs] host 22.2 GB RSS (HWM 22.2): staging 4.3 pinned, registered 0.0, X 0.0, digits 0.0, named 0.0, other 17.9
mem[0] [bs]   APU0: in use 9.1 GB: planes 2.15 pool:borrowed 6.44 pool:live 0.28 pool:free 6.16 pool:peak-live 2.15 tables 0.46  (driver: 42.3 of 137.4 GB used)
mem[0] [bs]   APU1: in use 7.1 GB: planes 2.15 pool:borrowed 4.29 pool:live 0.28 pool:free 4.02 pool:peak-live 2.15 tables 0.61  (driver: 33.7 of 137.4 GB used)
mem[0] [bs]   APU2: in use 7.1 GB: planes 2.15 pool:borrowed 4.29 pool:live 0.28 pool:free 4.02 pool:peak-live 2.15 tables 0.62  (driver: 33.7 of 137.4 GB used)
mem[0] [bs]   APU3: in use 7.1 GB: planes 2.15 pool:borrowed 4.29 pool:live 0.28 pool:free 4.02 pool:peak-live 2.15 tables 0.62  (driver: 33.7 of 137.4 GB used)
recip    36.00 s   (over 4 nodes; 29 iterations)
10dP      0.00 s   (S = P + Q over shares, inside dm)
RESULT ecalc 10dP s 0
dm       78.37 s   X 555555557 limbs (recip 36.0 s; corrections 0/0; over 4 nodes)   VmRSS 22.2 GB, VmHWM 22.2 GB
RESULT ecalc dm s 78.3704
mn: node 0: X share [0, 138888889) of 555555557 limbs on the device (the distributed division's)
mn: node 1: X share [138888889, 277777778) of 555555557 limbs on the device (the distributed division's)
mn: node 2: X share [277777778, 416666667) of 555555557 limbs on the device (the distributed division's)
mn: node 3: X share [416666667, 555555557) of 555555557 limbs on the device (the distributed division's)
mn: node 0: T1        0.07 s   ok: T(P+Q) == XQ + R and P, Q mod q for 8 primes (P, Q recurrence over this node's terms, overlapped with bs; joined over the nodes)
mn: node 0:       overlapped with bs: P, Q mod q recurrence 0.80 s, block pool pregrown by 0 GB in 0.00 s
mn: node 0:       VmRSS 22.2 GB before dc
mn: node 1: T1        0.07 s   ok: T(P+Q) == XQ + R and P, Q mod q for 8 primes (P, Q recurrence over this node's terms, overlapped with bs; joined over the nodes)
mn: node 1:       overlapped with bs: P, Q mod q recurrence 0.71 s, block pool pregrown by 0 GB in 0.00 s
mn: node 1:       VmRSS 23.6 GB before dc
mn: node 2: T1        0.07 s   ok: T(P+Q) == XQ + R and P, Q mod q for 8 primes (P, Q recurrence over this node's terms, overlapped with bs; joined over the nodes)
mn: node 2:       overlapped with bs: P, Q mod q recurrence 0.84 s, block pool pregrown by 0 GB in 0.00 s
mn: node 2:       VmRSS 24.6 GB before dc
mn: node 3: T1        0.07 s   ok: T(P+Q) == XQ + R and P, Q mod q for 8 primes (P, Q recurrence over this node's terms, overlapped with bs; joined over the nodes)
mn: node 3:       overlapped with bs: P, Q mod q recurrence 0.82 s, block pool pregrown by 0 GB in 0.00 s
mn: node 3:       VmRSS 24.8 GB before dc
mn: node 0:       the part file started in the division (MN_OUT_EARLY): its writer ran 0.76 s, joined after 0.00 s here
mn: node 3:       the part file started in the division (MN_OUT_EARLY): its writer ran 1.05 s, joined after 0.00 s here
mn: node 1:       the part file started in the division (MN_OUT_EARLY): its writer ran 0.82 s, joined after 0.00 s here
mn: node 2:       the part file started in the division (MN_OUT_EARLY): its writer ran 0.84 s, joined after 0.00 s here
mn: node 1:       patch: X +0 after the formatting started (ECALC_CORR_PATCH): nothing to patch; 0 deferred windows; 0.001 s
mn: node 2:       patch: X +0 after the formatting started (ECALC_CORR_PATCH): nothing to patch; 0 deferred windows; 0.002 s
mn: node 3:       patch: X +0 after the formatting started (ECALC_CORR_PATCH): nothing to patch; 0 deferred windows; 0.001 s
mn: node 0:       patch: X +0 after the formatting started (ECALC_CORR_PATCH): nothing to patch; 0 deferred windows; 0.002 s
mn: node 0: dc        0.02 s   digits [7500000007, 10000000009) of 10000000009 formatted from 138888889 decimal limbs in 10 chunks (residues 0.00, format 0.06, digit residue 0.21, T2 0.00, fetch 0.04, waiting for the writer 0.41)
mn: node 0: T2        0.00 s   windows ok (0 checked on this node), digits == X mod q ok
mn: node 0: digits: 27744030146664906058655122294693568747546354411952810257596683...56994816931502679526 (this node's range)
mn: node 1: dc        0.02 s   digits [5000000005, 7500000007) of 10000000009 formatted from 138888889 decimal limbs in 10 chunks (residues 0.00, format 0.09, digit residue 0.28, T2 0.00, fetch 0.03, waiting for the writer 0.39)
mn: node 1: T2        0.00 s   windows ok (0 checked on this node), digits == X mod q ok
mn: node 1: digits: 47329977426968671005186835658995918489734436742905921433796789... (this node's range)
mn: node 1: wrote /tmp/cx15/f1_r1.txt.part0002 (1.11 GB; write 0.79 s in the writer thread, 0.00 s after the checks)
mn: node 1: VERIFY OK
mn: node 2: dc        0.02 s   digits [2500000003, 5000000005) of 10000000009 formatted from 138888889 decimal limbs in 10 chunks (residues 0.00, format 0.06, digit residue 0.27, T2 0.00, fetch 0.04, waiting for the writer 0.43)
mn: node 2: T2        0.00 s   windows ok (0 checked on this node), digits == X mod q ok
mn: node 2: digits: 00760438624171832318328099156256651067551569519334784231807484... (this node's range)
mn: node 2: wrote /tmp/cx15/f1_r1.txt.part0001 (1.11 GB; write 0.79 s in the writer thread, 0.00 s after the checks)
total   133.11 s   (bs 48.8 + 10dP 0.0 + dm 78.4 + T1 0.1 + dc 0.0 + T2 0.0 = 127.2; init 5.8; other 0.0); VmHWM 22.2 GB
RESULT ecalc total s 133.113
RESULT ecalc phases s 127.246
RESULT ecalc other s 0.0212637
mn: node 2: VERIFY OK
RESULT ecalc vmhwm GB 22.1895
paper A22 (4e10): 285.7 = bs 112.2 + 10dP 12.6 + dm 46.8 + T1 ~3 + dc 110.3
mn: node 0: wrote /tmp/cx15/f1_r1.txt.part0003 (1.11 GB; write 0.77 s in the writer thread, 0.00 s after the checks)
mn: node 0: VERIFY OK
mn: node 3: dc        0.02 s   digits [0, 2500000003) of 10000000009 formatted from 138888890 decimal limbs in 10 chunks (residues 0.00, format 0.08, digit residue 0.38, T2 0.40, fetch 0.04, waiting for the writer 0.11)
mn: node 3: T2        0.00 s   windows ok (4 checked on this node), digits == X mod q ok
mn: node 3: digits: 27182818284590452353602874713526624977572470936999595749669676... (this node's range)
mn: node 3: wrote /tmp/cx15/f1_r1.txt.part0000 (1.11 GB; write 0.54 s in the writer thread, 0.00 s after the checks)
mn: node 3: VERIFY OK
mn: all 4 nodes: VERIFY OK
mem[0] [end] device 10.9 GB in use (per APU 2.6..2.8): planes 8.6, regions 0.0, block pool 0.0 (donated 0.0, borrowed 0.0, hipMalloc 0.0; live 0.0, peak live 8.6, free 0.0), tables 2.31, other 0.0
mem[0] [end] host 21.7 GB RSS (HWM 22.2): staging 4.3 pinned, registered 0.0, X 0.0, digits 0.0, named 0.0, other 17.4
mem[0] [end]   APU0: in use 2.6 GB: planes 2.15 pool:peak-live 2.15 tables 0.46  (driver: 42.3 of 137.4 GB used)
mem[0] [end]   APU1: in use 2.8 GB: planes 2.15 pool:peak-live 2.15 tables 0.61  (driver: 33.7 of 137.4 GB used)
mem[0] [end]   APU2: in use 2.8 GB: planes 2.15 pool:peak-live 2.15 tables 0.62  (driver: 33.7 of 137.4 GB used)
mem[0] [end]   APU3: in use 2.8 GB: planes 2.15 pool:peak-live 2.15 tables 0.62  (driver: 33.7 of 137.4 GB used)
mem[0] summary: bytes in use at each phase boundary, GB (device: all APUs / largest APU; host: this process)
mem[0] phase           device  maxAPU |  planes regions  pl:don  pl:bor  pl:hip pl:live pl:peak tables |    host staging  regist       X  digits   other     HWM
mem[0] init              25.9     8.0 |     4.3     0.0     0.0    19.3     0.0     0.0     0.0   2.31 |     8.7     4.3     0.0     0.0     0.0     4.4    10.3
mem[0] tree              32.4     9.6 |     8.6     0.0     0.0    19.3     0.0     2.2     5.5   2.31 |    13.1     4.3     0.0     0.0     0.0     8.8    13.1
mem[0] bs                30.2     9.1 |     8.6     0.0     0.0    19.3     0.0     1.1     8.6   2.31 |    22.2     4.3     0.0     0.0     0.0    17.9    22.2
mem[0] end               10.9     2.8 |     8.6     0.0     0.0     0.0     0.0     0.0     8.6   2.31 |    21.7     4.3     0.0     0.0     0.0    17.4    22.2
mem[3] [released] device 2.3 GB in use (per APU 0.5..0.6): planes 0.0, regions 0.0, block pool 0.0 (donated 0.0, borrowed 0.0, hipMalloc 0.0; live 0.0, peak live 11.2, free 0.0), tables 2.32, other 0.0
mem[3] [released] host 20.0 GB RSS (HWM 24.7): staging 0.0 pinned, registered 0.0, X 0.0, digits 0.0, named 0.0, other 20.0
mem[3] [released]   APU0: in use 0.5 GB: pool:peak-live 2.80 tables 0.46  (driver: 10.1 of 137.4 GB used)
mem[3] [released]   APU1: in use 0.6 GB: pool:peak-live 2.80 tables 0.62  (driver: 7.9 of 137.4 GB used)
mem[3] [released]   APU2: in use 0.6 GB: pool:peak-live 2.80 tables 0.62  (driver: 8.0 of 137.4 GB used)
mem[3] [released]   APU3: in use 0.6 GB: pool:peak-live 2.80 tables 0.61  (driver: 14.4 of 137.4 GB used)
mem[3] summary: bytes in use at each phase boundary, GB (device: all APUs / largest APU; host: this process)
mem[3] phase           device  maxAPU |  planes regions  pl:don  pl:bor  pl:hip pl:live pl:peak tables |    host staging  regist       X  digits   other     HWM
mem[3] init              25.9     8.0 |     4.3     0.0     0.0    19.3     0.0     0.0     0.0   2.32 |     8.7     4.3     0.0     0.0     0.0     4.4    10.3
mem[3] tree              41.0    11.7 |    17.2     0.0     0.0    19.3     0.0     2.2     6.2   2.32 |    13.4     4.3     0.0     0.0     0.0     9.1    13.4
mem[3] released           2.3     0.6 |     0.0     0.0     0.0     0.0     0.0     0.0    11.2   2.32 |    20.0     0.0     0.0     0.0     0.0    20.0    24.7
mem[2] [released] device 2.5 GB in use (per APU 0.6..0.6): planes 0.0, regions 0.0, block pool 0.0 (donated 0.0, borrowed 0.0, hipMalloc 0.0; live 0.0, peak live 11.2, free 0.0), tables 2.46, other 0.0
mem[2] [released] host 19.8 GB RSS (HWM 24.6): staging 0.0 pinned, registered 0.0, X 0.0, digits 0.0, named 0.0, other 19.8
mem[2] [released]   APU0: in use 0.6 GB: pool:peak-live 2.80 tables 0.61  (driver: 10.1 of 137.4 GB used)
mem[2] [released]   APU1: in use 0.6 GB: pool:peak-live 2.80 tables 0.62  (driver: 8.0 of 137.4 GB used)
mem[2] [released]   APU2: in use 0.6 GB: pool:peak-live 2.80 tables 0.61  (driver: 8.0 of 137.4 GB used)
mem[2] [released]   APU3: in use 0.6 GB: pool:peak-live 2.80 tables 0.61  (driver: 8.0 of 137.4 GB used)
mem[2] summary: bytes in use at each phase boundary, GB (device: all APUs / largest APU; host: this process)
mem[2] phase           device  maxAPU |  planes regions  pl:don  pl:bor  pl:hip pl:live pl:peak tables |    host staging  regist       X  digits   other     HWM
mem[2] init              26.1     8.1 |     4.3     0.0     0.0    19.3     0.0     0.0     0.0   2.46 |     8.7     4.3     0.0     0.0     0.0     4.4    10.3
mem[2] tree              41.1    11.9 |    17.2     0.0     0.0    19.3     0.0     2.2     6.2   2.46 |    13.3     4.3     0.0     0.0     0.0     9.0    13.3
mem[2] released           2.5     0.6 |     0.0     0.0     0.0     0.0     0.0     0.0    11.2   2.46 |    19.8     0.0     0.0     0.0     0.0    19.8    24.6
mem[1] [released] device 2.3 GB in use (per APU 0.5..0.6): planes 0.0, regions 0.0, block pool 0.0 (donated 0.0, borrowed 0.0, hipMalloc 0.0; live 0.0, peak live 10.8, free 0.0), tables 2.29, other 0.0
mem[1] [released] host 18.8 GB RSS (HWM 23.6): staging 0.0 pinned, registered 0.0, X 0.0, digits 0.0, named 0.0, other 18.8
mem[1] [released]   APU0: in use 0.5 GB: pool:peak-live 2.69 tables 0.47  (driver: 10.1 of 137.4 GB used)
mem[1] [released]   APU1: in use 0.6 GB: pool:peak-live 2.69 tables 0.61  (driver: 7.9 of 137.4 GB used)
mem[1] [released]   APU2: in use 0.6 GB: pool:peak-live 2.69 tables 0.61  (driver: 8.0 of 137.4 GB used)
mem[1] [released]   APU3: in use 0.6 GB: pool:peak-live 2.69 tables 0.61  (driver: 8.0 of 137.4 GB used)
mem[1] summary: bytes in use at each phase boundary, GB (device: all APUs / largest APU; host: this process)
mem[1] phase           device  maxAPU |  planes regions  pl:don  pl:bor  pl:hip pl:live pl:peak tables |    host staging  regist       X  digits   other     HWM
mem[1] init              25.9     8.0 |     4.3     0.0     0.0    19.3     0.0     0.0     0.0   2.29 |     9.9     5.5     0.0     0.0     0.0     4.4    10.3
mem[1] tree              40.9    11.7 |    17.2     0.0     0.0    19.3     0.0     2.2     6.3   2.29 |    13.2     4.3     0.0     0.0     0.0     8.9    13.2
mem[1] released           2.3     0.6 |     0.0     0.0     0.0     0.0     0.0     0.0    10.8   2.29 |    18.8     0.0     0.0     0.0     0.0    18.8    23.6
rns_dist: RNS_STRATEGY=auto form B: C 0 products 0.00 s, B 30 products 0.04 s, B4 0 products 0.00 s; extra plane memory 0.00 GiB/APU (allocations 0.00 s)
rns_dist: RNS_STRATEGY=auto form B: C 0 products 0.00 s, B 30 products 0.04 s, B4 0 products 0.00 s; extra plane memory 0.00 GiB/APU (allocations 0.00 s)
rns_dist: RNS_STRATEGY=auto form B: C 0 products 0.00 s, B 30 products 0.05 s, B4 0 products 0.00 s; extra plane memory 0.00 GiB/APU (allocations 0.00 s)
rns_dist: RNS_STRATEGY=auto form B: C 0 products 0.00 s, B 30 products 0.05 s, B4 0 products 0.00 s; extra plane memory 0.00 GiB/APU (allocations 0.00 s)
