== t_ntt r3bench: APU0, prime 0, ms per call (median of 5), about 3 2^28 points per call; fused = NTT_R3_FUSE=1 ==
3*2^k   batch |     fwd3    fused   gain    floor |     inv3    fused   gain    floor |   invpw3    fused   gain | fwd2^k+2    invpw |     prod3    prod3f prod2^k+2    3/4   3f/4
10     262144 |   14.652   14.804  -1.0%    7.556 |   17.088   17.079   0.0%    8.550 |   24.731   25.061  -1.3% |   12.711   23.711 |    54.035    54.669    49.133  1.100  1.113  (no fused form)
11     131072 |   15.809   15.648   1.0%    8.262 |   17.631   17.690  -0.3%    9.018 |   24.795   25.057  -1.1% |   19.408   31.306 |    56.413    56.353    70.121  0.805  0.804  (no fused form)
12      65536 |   16.886   16.749   0.8%    9.535 |   18.176   18.278  -0.6%   10.107 |   24.183   24.133   0.2% |   20.228   24.074 |    57.955    57.632    64.531  0.898  0.893  (no fused form)
13      32768 |   21.577   15.559  27.9%   14.553 |   24.091   17.322  28.1%   15.311 |   26.394   19.302  26.9% |   21.684   25.813 |    69.547    50.420    69.181  1.005  0.729
14      16384 |   22.144   16.869  23.8%   15.173 |   24.648   18.228  26.0%   16.100 |   27.261   20.171  26.0% |   21.469   25.686 |    71.548    53.909    68.624  1.043  0.786
15       8192 |   23.413   18.244  22.1%   16.250 |   26.191   19.436  25.8%   17.460 |   27.601   21.375  22.6% |   19.478   23.714 |    74.426    57.862    62.670  1.188  0.923
16       4096 |   23.276   18.012  22.6%   16.241 |   26.209   19.967  23.8%   17.500 |   27.477   21.961  20.1% |   20.698   24.633 |    74.030    57.984    66.029  1.121  0.878
17       2048 |   22.095   16.674  24.5%   14.628 |   24.498   18.011  26.5%   15.932 |   26.820   20.131  24.9% |   22.195   25.772 |    71.010    53.479    70.163  1.012  0.762
18       1024 |   22.638   17.373  23.3%   15.485 |   24.789   18.457  25.5%   16.307 |   26.985   20.528  23.9% |   28.845   33.094 |    72.261    55.274    90.783  0.796  0.609
19        512 |   24.012   18.692  22.2%   16.646 |   25.856   19.537  24.4%   17.380 |   28.017   21.520  23.2% |   29.706   34.058 |    76.040    58.904    93.469  0.814  0.630
20        256 |   28.999   23.683  18.3%   21.686 |   31.509   25.071  20.4%   22.960 |   33.715   27.007  19.9% |   31.325   35.484 |    91.712    74.373    98.134  0.935  0.758
21        128 |   29.911   24.447  18.3%   22.298 |   32.260   25.881  19.8%   23.650 |   34.531   27.841  19.4% |   31.499   35.654 |    94.353    76.735    98.651  0.956  0.778
22         64 |   30.936   25.510  17.5%   23.639 |   33.367   27.106  18.8%   24.847 |   35.588   29.009  18.5% |   31.659   37.021 |    97.459    80.030   100.340  0.971  0.798
23         32 |   30.933   25.801  16.6%   23.596 |   33.358   27.277  18.2%   24.863 |   35.852   29.207  18.5% |   30.641   34.717 |    97.718    80.810    95.998  1.018  0.842
24         16 |   31.227   25.889  17.1%   23.959 |   33.911   26.894  20.7%   25.989 |   36.147   28.912  20.0% |   32.212   35.926 |    98.600    80.690   100.351  0.983  0.804
25          8 |   30.294   25.068  17.3%   23.089 |   32.628   26.225  19.6%   23.935 |   34.737   28.285  18.6% |   38.974   43.227 |    95.325    78.421   121.176  0.787  0.647
26          4 |   31.333   26.204  16.4%   24.290 |   33.518   27.296  18.6%   24.992 |   35.597   29.273  17.8% |   39.794   44.239 |    98.262    81.681   123.827  0.794  0.660
27          2 |   36.513   31.965  12.5%   29.224 |   39.160   32.949  15.9%   30.572 |   41.458   34.842  16.0% |   41.311   45.766 |   114.485    98.771   128.389  0.892  0.769
28          1 |   37.099   32.732  11.8%   29.914 |   39.860   34.263  14.0%   31.292 |   42.213   36.411  13.7% |   41.563   46.104 |   116.410   101.874   129.231  0.901  0.788
29          1 |   76.032   67.544  11.2%   61.969 |   81.792   70.257  14.1%   64.676 |   86.406   74.912  13.3% |   87.957   96.366 |   238.469   210.000   272.281  0.876  0.771
