== /shared/prerelease/home/mpo_2026/chcoppola/N3x15/e11_verbose0.log: transform (ntt) seconds by tier and length; total 59.31 s, 3*2^k 0.97 s (1.6 %)
  dist           2^31         91 calls    41.42 s
  batch-local    2^10          3 calls     2.51 s
  batch          2^30          1 calls     2.06 s
  batch-local    2^29          1 calls     1.24 s
  batch-local    2^28          1 calls     0.98 s
  batch-local    2^27          1 calls     0.88 s
  dist B         3*2^29        3 calls     0.73 s
  batch-local    2^26          1 calls     0.72 s
  batch-local    2^24          1 calls     0.72 s
  batch-local    2^23          1 calls     0.70 s
  batch-local    2^22          1 calls     0.70 s
  batch-local    2^25          1 calls     0.69 s
  batch-local    2^21          1 calls     0.68 s
  batch-local    2^20          1 calls     0.65 s
  batch-local    2^13          1 calls     0.52 s
  batch-local    2^19          1 calls     0.50 s
  batch-local    2^15          1 calls     0.50 s
  batch-local    2^16          1 calls     0.49 s
  batch-local    2^18          1 calls     0.47 s
  batch-local    2^14          1 calls     0.46 s
  batch-local    2^17          1 calls     0.45 s
  batch-local    2^12          1 calls     0.37 s
  batch-local    2^11          1 calls     0.34 s
  dist B         2^30          1 calls     0.14 s
  dist B         3*2^28        1 calls     0.12 s
  dist B         2^29          1 calls     0.07 s
  dist B         3*2^27        1 calls     0.06 s
  dist B         2^28          1 calls     0.03 s
  dist B         3*2^26        1 calls     0.03 s
  dist B         2^27          1 calls     0.02 s
  dist B         3*2^25        1 calls     0.01 s
  dist B         3*2^24        1 calls     0.01 s
  dist B         2^26          1 calls     0.01 s
  dist B         3*2^23        1 calls     0.01 s
  dist B         3*2^22        1 calls     0.00 s
  dist B         2^25          1 calls     0.00 s
  dist B         3*2^19        1 calls     0.00 s
  dist B         3*2^21        1 calls     0.00 s
  dist B         3*2^20        1 calls     0.00 s
  dist B         2^23          1 calls     0.00 s
  dist B         2^24          1 calls     0.00 s
  dist B         2^20         38 calls     0.00 s
  dist B         2^21          1 calls     0.00 s
  dist B         2^22          1 calls     0.00 s
== /shared/prerelease/home/mpo_2026/chcoppola/N3x15/e11_verbose1.log: transform (ntt) seconds by tier and length; total 58.31 s, 3*2^k 0.86 s (1.5 %)
  dist           2^31         91 calls    40.57 s
  batch-local    2^10          3 calls     2.47 s
  batch          2^30          1 calls     2.07 s
  batch-local    2^29          1 calls     1.24 s
  batch-local    2^28          1 calls     0.98 s
  batch-local    2^27          1 calls     0.87 s
  batch-local    2^24          1 calls     0.72 s
  batch-local    2^26          1 calls     0.72 s
  batch-local    2^22          1 calls     0.70 s
  batch-local    2^23          1 calls     0.70 s
  batch-local    2^25          1 calls     0.69 s
  batch-local    2^21          1 calls     0.68 s
  batch-local    2^20          1 calls     0.65 s
  dist B         3*2^29        3 calls     0.64 s
  batch-local    2^13          1 calls     0.52 s
  batch-local    2^19          1 calls     0.50 s
  batch-local    2^15          1 calls     0.49 s
  batch-local    2^16          1 calls     0.49 s
  batch-local    2^18          1 calls     0.47 s
  batch-local    2^14          1 calls     0.46 s
  batch-local    2^17          1 calls     0.46 s
  batch-local    2^12          1 calls     0.37 s
  batch-local    2^11          1 calls     0.34 s
  dist B         2^30          1 calls     0.14 s
  dist B         3*2^28        1 calls     0.11 s
  dist B         2^29          1 calls     0.07 s
  dist B         3*2^27        1 calls     0.05 s
  dist B         2^28          1 calls     0.03 s
  dist B         3*2^26        1 calls     0.03 s
  dist B         2^27          1 calls     0.02 s
  dist B         3*2^25        1 calls     0.01 s
  dist B         2^26          1 calls     0.01 s
  dist B         3*2^24        1 calls     0.01 s
  dist B         3*2^23        1 calls     0.01 s
  dist B         3*2^19        1 calls     0.00 s
  dist B         2^25          1 calls     0.00 s
  dist B         3*2^21        1 calls     0.00 s
  dist B         3*2^22        1 calls     0.00 s
  dist B         3*2^20        1 calls     0.00 s
  dist B         2^23          1 calls     0.00 s
  dist B         2^24          1 calls     0.00 s
  dist B         2^20         38 calls     0.00 s
  dist B         2^21          1 calls     0.00 s
  dist B         2^22          1 calls     0.00 s
/shared/prerelease/home/mpo_2026/chcoppola/N3x15/e11_verbose0.log:total   204.79 s   (bs 77.4 + 10dP 0.1 + dm 109.6 + T1 0.0 + dc 0.0 + T2 0.0 = 187.1; init 17.5; other 0.2); VmHWM 27.4 GB
/shared/prerelease/home/mpo_2026/chcoppola/N3x15/e11_verbose1.log:total   195.96 s   (bs 77.4 + 10dP 0.1 + dm 100.9 + T1 0.0 + dc 0.0 + T2 0.0 = 178.4; init 17.3; other 0.2); VmHWM 27.2 GB
