== t_crt ==
META bench=t_crt host=ppac-pl1-s24-16 date=2026-09-28T17:56:57
   4 primes, binary limbs
-- throughput, n = 2^24, best of 3 (s)
   (a) stripe-local planes      T= 48  0.031 s  0.54 Gcoef/s
   (a) stripe-local planes      T= 96  0.020 s  0.86 Gcoef/s
   (a) stripe-local planes      T=192  0.013 s  1.32 Gcoef/s
RESULT t_crt crt_2e30_stripe_local_T192 s 0.0127159
   (b) one plane per node       T= 48  0.029 s  0.58 Gcoef/s
   (b) one plane per node       T= 96  0.017 s  0.97 Gcoef/s
   (b) one plane per node       T=192  0.016 s  1.02 Gcoef/s
RESULT t_crt crt_2e30_plane_per_node_T192 s 0.0163748
   (c) quartered node-local     T= 48  0.017 s  0.97 Gcoef/s
   (c) quartered node-local     T= 96  0.019 s  0.89 Gcoef/s
   (c) quartered node-local     T=192  0.030 s  0.55 Gcoef/s
RESULT t_crt crt_2e30_quartered_T192 s 0.0303563
   (d) registered hugepage, plane per node  T=192  run 0  0.100 s
   (d) registered hugepage, plane per node  T=192  run 1  0.070 s
   (d) registered hugepage, plane per node  T=192  run 2  0.068 s
   (d) registered hugepage, plane per node  T=192  run 3  0.063 s
   (d) registered hugepage, plane per node  T=192  run 4  0.064 s
   (e) after nested 4x48 region             T=192  run 0  0.034 s
   (e) after nested 4x48 region             T=192  run 1  0.043 s
   (e) after nested 4x48 region             T=192  run 2  0.035 s

t_crt: VERIFY OK (24 checks)
