== AS run t11: 100000000000 nw, env: DB_POOL_TRACE=1; job 21610 on ppac-pl1-s24-16, clone at 041e360, 2026-09-27 17:15:20 CDT
== ecalc: e to 100000000000 digits (decimal limbs, base 10^18) [computed to the next multiple of 18] ==
META bench=ecalc host=ppac-pl1-s24-16 date=2026-09-27T17:15:21 pool_log=31 stg=7 pw_fuse=14 body=1 engine=1 base=10^18
ECALC_PLANE_CAP: 2^31 points (POOL_LOG=31 RNS_PLANES_3Q30=0 DIST_LOGN_TEST=31)
rns_init: three primes (ECALC_NP=3): c 2^44 + 1, c = 240, 216, 207; at most 58424467928 terms per product
dbig pool: APU3 VMM arena 64.42 GB = 30 chunks of 2.00 GiB, the first 14 mapped in 4.83 s (0.161 s/GB), the rest in the background, VA 195.4 GB reserved at 0x751173800000
dbig pool: APU1 VMM arena 64.42 GB = 30 chunks of 2.00 GiB, the first 15 mapped in 7.40 s (0.230 s/GB), the rest in the background, VA 195.4 GB reserved at 0x753ef3a00000
dbig pool: APU2 VMM arena 64.42 GB = 30 chunks of 2.00 GiB, the first 15 mapped in 10.31 s (0.320 s/GB), the rest in the background, VA 195.4 GB reserved at 0x74e3f3600000
dbig pool: APU0 VMM arena 83.75 GB = 39 chunks of 2.00 GiB, the first 20 mapped in 11.64 s (0.271 s/GB), the rest in the background, VA 253.4 GB reserved at 0x756c73c00000
bs: arenas 273.6 GB allocated in 11.64 s (layout pass 0.21 s; dm extra 12.4 GB, tails 90.3 GB)
      init: region pools 11.85 s (inside rns_init, before the plane pools: the seeds stream into them)
      init: rns_init 19.15 s, region pools 0.00 s, the rest 0.00 s
RESULT ecalc init s 19.1492
      VmRSS 24.5 GB after init (staging 4.3 GB pinned + device regions 274 GB); init 19.1 s
mem [init] device 377.3 GB in use (per APU 89.7..108.1): planes 103.1, regions 136.2, block pool 137.4 (donated 0.0, borrowed 137.4, hipMalloc 0.0; live 0.0, peak live 0.0, free 0.0), tables 0.61, other 0.0
mem [init] host 24.5 GB RSS (HWM 24.5): staging 21.5 pinned, registered 0.0, X 0.0, digits 0.0, named 0.0, other 3.1
budget: rank 0: peak 402.4 GB (device 377.3, host 25.1), still to take 0.0 GB | node of 1 rank: peaks 402.4 of 480 GB, to take 0.0 of MemAvailable 259.8 GB | rank share 480.0 GB
budget: ECALC_BUDGET_CHECK ok: 1 rank, largest rank peak 402.4 GB, node budget 480 GB
bs: seeds were computed during init (32.24 s: buffers 1.74 + 0.12, spans 17.36, waited 6.22 for the regions, 0.67 for the DMA, 6.13 issuing it (max 4.55); 12 chunks of 8191 MB, 12 through a buffer, the rest stored into the regions; BI_MUL1_FAST=1)
bs: 10433891470 terms, 45562845 spans of 229, seeds 19.83 s (waiting for the init thread)
dbig pool: APU0 VMM arena: the background thread mapped chunks 0..38 in 20.83 s
bs:   layout 3.448  batch 4.790  add+norm 0.247
bs: level  1 batch  22781422 pairs  max_nl        128  pool  89.34 GB  8.48 s  (batch 3.80: scatter 0.31 ntt 1.83 crt 0.18 merge 0.65)
live: bs level 1 batch               pool live 0.00 0.00 0.00 0.00 | window peak 0.00 0.00 0.00 0.00 | pool 1.61 0.60 0.60 0.60 GB per APU; peak/pool 0.0 %; MemAvailable 133.0 GB, Cached 0.6 GB
bs:   layout 1.279  batch 2.007  add+norm 0.160
bs: level  2 batch  11390711 pairs  max_nl        255  pool  89.11 GB  3.45 s  (batch 1.56: scatter 0.13 ntt 0.66 crt 0.18 merge 0.06)
live: bs level 2 batch               pool live 0.00 0.00 0.00 0.00 | window peak 0.00 0.00 0.00 0.00 | pool 1.61 0.60 0.60 0.60 GB per APU; peak/pool 0.0 %; MemAvailable 135.4 GB, Cached 0.6 GB
bs:   layout 0.360  batch 1.076  add+norm 0.081
bs: level  3 batch   5695356 pairs  max_nl        510  pool  89.00 GB  1.52 s  (batch 0.86: scatter 0.07 ntt 0.33 crt 0.17 merge 0.03)
live: bs level 3 batch               pool live 0.00 0.00 0.00 0.00 | window peak 0.00 0.00 0.00 0.00 | pool 1.61 0.60 0.60 0.60 GB per APU; peak/pool 0.0 %; MemAvailable 136.3 GB, Cached 0.6 GB
bs:   layout 0.081  batch 0.795  add+norm 0.017
bs: level  4 batch   2847678 pairs  max_nl       1020  pool  88.95 GB  0.89 s  (batch 0.68: scatter 0.06 ntt 0.35 crt 0.17 merge 0.01)
live: bs level 4 batch               pool live 0.00 0.00 0.00 0.00 | window peak 0.00 0.00 0.00 0.00 | pool 1.61 0.60 0.60 0.60 GB per APU; peak/pool 0.0 %; MemAvailable 136.8 GB, Cached 0.6 GB
bs:   layout 0.040  batch 0.714  add+norm 0.010
bs: level  5 batch   1423839 pairs  max_nl       2040  pool  88.92 GB  0.76 s  (batch 0.66: scatter 0.06 ntt 0.37 crt 0.16 merge 0.01)
live: bs level 5 batch               pool live 0.00 0.00 0.00 0.00 | window peak 0.00 0.00 0.00 0.00 | pool 1.61 0.60 0.60 0.60 GB per APU; peak/pool 0.0 %; MemAvailable 137.0 GB, Cached 0.6 GB
bs:   layout 0.091  batch 0.853  add+norm 0.007
bs: level  6 batch    711919 pairs  max_nl       4079  pool  88.90 GB  0.95 s  (batch 0.83: scatter 0.06 ntt 0.53 crt 0.16 merge 0.04)
live: bs level 6 batch               pool live 0.00 0.00 0.00 0.00 | window peak 0.00 0.00 0.00 0.00 | pool 1.61 0.60 0.60 0.60 GB per APU; peak/pool 0.0 %; MemAvailable 136.9 GB, Cached 0.6 GB
bs:   layout 0.073  batch 0.732  add+norm 0.005
bs: level  7 batch    355960 pairs  max_nl       8158  pool  88.90 GB  0.81 s  (batch 0.72: scatter 0.06 ntt 0.47 crt 0.17 merge 0.01)
live: bs level 7 batch               pool live 0.00 0.00 0.00 0.00 | window peak 0.00 0.00 0.00 0.00 | pool 1.61 0.60 0.60 0.60 GB per APU; peak/pool 0.0 %; MemAvailable 137.0 GB, Cached 0.6 GB
bs:   layout 0.011  batch 0.744  add+norm 0.001
bs: level  8 batch    177980 pairs  max_nl      16315  pool  88.89 GB  0.76 s  (batch 0.74: scatter 0.06 ntt 0.50 crt 0.17 merge 0.00)
live: bs level 8 batch               pool live 0.00 0.00 0.00 0.00 | window peak 0.00 0.00 0.00 0.00 | pool 1.61 0.60 0.60 0.60 GB per APU; peak/pool 0.0 %; MemAvailable 137.0 GB, Cached 0.6 GB
bs:   layout 0.003  batch 0.738  add+norm 0.001
bs: level  9 batch     88990 pairs  max_nl      32629  pool  88.89 GB  0.74 s  (batch 0.73: scatter 0.06 ntt 0.50 crt 0.17 merge 0.00)
live: bs level 9 batch               pool live 0.00 0.00 0.00 0.00 | window peak 0.00 0.00 0.00 0.00 | pool 1.61 0.60 0.60 0.60 GB per APU; peak/pool 0.0 %; MemAvailable 137.1 GB, Cached 0.6 GB
bs:   layout 0.004  batch 0.704  add+norm 0.001
bs: level 10 batch     44495 pairs  max_nl      65258  pool  88.89 GB  0.71 s  (batch 0.70: scatter 0.06 ntt 0.46 crt 0.18 merge 0.00)
live: bs level 10 batch              pool live 0.00 0.00 0.00 0.00 | window peak 0.00 0.00 0.00 0.00 | pool 1.61 0.60 0.60 0.60 GB per APU; peak/pool 0.0 %; MemAvailable 137.1 GB, Cached 0.6 GB
bs:   layout 0.000  batch 0.729  add+norm 0.000
bs: level 11 batch     22247 pairs  max_nl     130516  pool  88.89 GB  0.73 s  (batch 0.73: scatter 0.06 ntt 0.47 crt 0.20 merge 0.00)
live: bs level 11 batch              pool live 0.00 0.00 0.00 0.00 | window peak 0.00 0.00 0.00 0.00 | pool 1.61 0.60 0.60 0.60 GB per APU; peak/pool 0.0 %; MemAvailable 137.1 GB, Cached 0.6 GB
bs:   layout 0.000  batch 0.759  add+norm 0.000
bs: level 12 batch     11124 pairs  max_nl     261032  pool  88.89 GB  0.76 s  (batch 0.76: scatter 0.06 ntt 0.50 crt 0.20 merge 0.00)
live: bs level 12 batch              pool live 0.00 0.00 0.00 0.00 | window peak 0.00 0.00 0.00 0.00 | pool 1.61 0.60 0.60 0.60 GB per APU; peak/pool 0.0 %; MemAvailable 137.1 GB, Cached 0.6 GB
bs:   layout 0.001  batch 0.973  add+norm 0.000
bs: level 13 batch      5562 pairs  max_nl     522061  pool  88.89 GB  0.97 s  (batch 0.97: scatter 0.06 ntt 0.66 crt 0.25 merge 0.00)
live: bs level 13 batch              pool live 0.00 0.00 0.00 0.00 | window peak 0.00 0.00 0.00 0.00 | pool 1.61 0.60 0.60 0.60 GB per APU; peak/pool 0.0 %; MemAvailable 137.0 GB, Cached 0.6 GB
bs:   layout 0.000  batch 0.950  add+norm 0.000
bs: level 14 batch      2781 pairs  max_nl    1044116  pool  88.89 GB  0.95 s  (batch 0.95: scatter 0.06 ntt 0.68 crt 0.21 merge 0.00)
live: bs level 14 batch              pool live 0.00 0.00 0.00 0.00 | window peak 0.00 0.00 0.00 0.00 | pool 1.61 0.60 0.60 0.60 GB per APU; peak/pool 0.0 %; MemAvailable 137.0 GB, Cached 0.6 GB
bs:   layout 0.000  batch 0.980  add+norm 0.000
bs: level 15 batch      1390 pairs  max_nl    2088208  pool  88.89 GB  0.98 s  (batch 0.98: scatter 0.06 ntt 0.71 crt 0.21 merge 0.00)
live: bs level 15 batch              pool live 0.00 0.00 0.00 0.00 | window peak 0.00 0.00 0.00 0.00 | pool 1.61 0.60 0.60 0.60 GB per APU; peak/pool 0.0 %; MemAvailable 137.0 GB, Cached 0.6 GB
bs:   layout 0.000  batch 0.952  add+norm 0.000
bs: level 16 batch       695 pairs  max_nl    4176382  pool  88.89 GB  0.95 s  (batch 0.95: scatter 0.06 ntt 0.70 crt 0.19 merge 0.00)
live: bs level 16 batch              pool live 0.00 0.00 0.00 0.00 | window peak 0.00 0.00 0.00 0.00 | pool 1.61 0.60 0.60 0.60 GB per APU; peak/pool 0.0 %; MemAvailable 137.0 GB, Cached 0.6 GB
bs:   layout 0.000  batch 0.977  add+norm 0.000
bs: level 17 batch       348 pairs  max_nl    8352633  pool  88.89 GB  0.98 s  (batch 0.98: scatter 0.06 ntt 0.72 crt 0.20 merge 0.00)
live: bs level 17 batch              pool live 0.00 0.00 0.00 0.00 | window peak 0.00 0.00 0.00 0.00 | pool 1.61 0.60 0.60 0.60 GB per APU; peak/pool 0.0 %; MemAvailable 137.0 GB, Cached 0.6 GB
bs:   layout 0.000  batch 0.935  add+norm 0.000
bs: level 18 batch       174 pairs  max_nl   16703700  pool  88.89 GB  0.93 s  (batch 0.93: scatter 0.06 ntt 0.69 crt 0.18 merge 0.00)
live: bs level 18 batch              pool live 0.00 0.00 0.00 0.00 | window peak 0.00 0.00 0.00 0.00 | pool 1.61 0.60 0.60 0.60 GB per APU; peak/pool 0.0 %; MemAvailable 137.0 GB, Cached 0.6 GB
bs:   layout 0.000  batch 0.964  add+norm 0.000
bs: level 19 batch        87 pairs  max_nl   33401115  pool  88.89 GB  0.96 s  (batch 0.96: scatter 0.06 ntt 0.72 crt 0.18 merge 0.00)
live: bs level 19 batch              pool live 0.00 0.00 0.00 0.00 | window peak 0.00 0.00 0.00 0.00 | pool 1.61 0.60 0.60 0.60 GB per APU; peak/pool 0.0 %; MemAvailable 137.0 GB, Cached 0.6 GB
bs:   layout 0.000  batch 1.128  add+norm 0.001
bs: level 20 batch        43 pairs  max_nl   66776918  pool  88.89 GB  1.13 s  (batch 1.13: scatter 0.06 ntt 0.88 crt 0.18 merge 0.01)
live: bs level 20 batch              pool live 0.00 0.00 0.00 0.00 | window peak 0.00 0.00 0.00 0.00 | pool 1.61 0.60 0.60 0.60 GB per APU; peak/pool 0.0 %; MemAvailable 137.0 GB, Cached 0.6 GB
bs:   layout 0.000  batch 1.251  add+norm 0.000
bs: level 21 batch        22 pairs  max_nl  133519754  pool  88.89 GB  1.25 s  (batch 1.25: scatter 0.07 ntt 0.98 crt 0.20 merge 0.01)
live: bs level 21 batch              pool live 0.00 0.00 0.00 0.00 | window peak 0.00 0.00 0.00 0.00 | pool 1.61 0.60 0.60 0.60 GB per APU; peak/pool 0.0 %; MemAvailable 137.0 GB, Cached 0.6 GB
bs:   layout 0.000  batch 1.790  add+norm 0.000
bs: level 22 batch        11 pairs  max_nl  266622276  pool  88.89 GB  1.79 s  (batch 1.79: scatter 0.33 ntt 1.24 crt 0.26 merge 0.01)
live: bs level 22 batch              pool live 0.00 0.00 0.00 0.00 | window peak 0.00 0.00 0.00 0.00 | pool 1.61 0.60 0.60 0.60 GB per APU; peak/pool 0.0 %; MemAvailable 137.0 GB, Cached 0.6 GB
bs:   layout 0.000  batch 2.764  add+norm 0.127
bs: level 23 batch         5 pairs  max_nl  531475219  pool  88.89 GB  2.89 s  (batch 2.76: scatter 0.71 ntt 2.06 crt 0.68 merge 0.02)
live: bs level 23 batch              pool live 0.00 0.00 0.00 0.00 | window peak 0.00 0.00 0.00 0.00 | pool 1.61 0.60 0.60 0.60 GB per APU; peak/pool 0.0 %; MemAvailable 137.0 GB, Cached 0.6 GB
dbig pool: APU1 VMM arena: the background thread mapped chunks 0..29 in 23.33 s
dbig pool: APU2 VMM arena: the background thread mapped chunks 0..29 in 5.28 s
dbig pool: APU3 VMM arena: the background thread mapped chunks 0..29 in 24.95 s
bs: level 24 mdev          3 pairs  max_nl 1060370187  pool  88.89 GB  5.79 s  (batch 0.00: scatter 0.00 ntt 0.00 crt 0.00 merge 0.00)
live: bs level 24 mdev               pool live 22.22 22.22 22.22 22.22 | window peak 22.22 22.22 22.22 22.22 | pool 83.75 64.42 64.42 64.42 GB per APU; peak/pool 32.1 %; MemAvailable 135.9 GB, Cached 0.6 GB
bs: level 25 mdev          1 pairs  max_nl 2081569213  pool  88.89 GB  8.82 s  (batch 0.00: scatter 0.00 ntt 0.00 crt 0.00 merge 0.00)
live: bs level 25 mdev               pool live 22.22 22.22 22.22 22.22 | window peak 34.33 34.33 34.33 34.33 | pool 83.75 64.42 64.42 64.42 GB per APU; peak/pool 49.6 %; MemAvailable 135.9 GB, Cached 0.6 GB
bs: level 26 mdev          1 pairs  max_nl 4034632653  pool  88.89 GB  13.40 s  (batch 0.00: scatter 0.00 ntt 0.00 crt 0.00 merge 0.00)
live: bs level 26 mdev               pool live 22.22 22.22 22.22 22.22 | window peak 37.54 37.54 37.54 37.54 | pool 83.75 64.42 64.42 64.42 GB per APU; peak/pool 54.2 %; MemAvailable 135.9 GB, Cached 0.6 GB
bs       82.40 s   N 10433891470, P 5555555560 limbs, Q 5555555560 limbs (seeds 19.8 school 0.0 batch 34.4 mdev 28.0; pool 99.1 GB; dev pools 0.0 GB)   VmRSS 9.1 GB, VmHWM 27.5 GB
RESULT ecalc bs s 82.4026
mem [bs] device 380.7 GB in use (per APU 90.3..109.7): planes 103.1, regions 0.0, block pool 277.0 (donated 0.0, borrowed 277.0, hipMalloc 0.0; live 88.9, peak live 150.2, free 188.1), tables 0.61, other 0.0
mem [bs] host 9.1 GB RSS (HWM 27.5): staging 4.3 pinned, registered 0.1, X 0.0, digits 0.0, named 0.0, other 4.7
      I3: plane pool tails donated: 0.0 GB
dbig pool: APU1 VMM remap for a 11.11 GB request: 6 free chunks moved to slot 30 (12.88 GB contiguous) in 0.293 s; free 19.98 GB in 5 extents, live 44.44 GB
dbig pool: APU2 VMM remap for a 11.11 GB request: 6 free chunks moved to slot 30 (12.88 GB contiguous) in 0.268 s; free 19.98 GB in 5 extents, live 44.44 GB
dbig pool: APU3 VMM remap for a 11.11 GB request: 6 free chunks moved to slot 30 (12.88 GB contiguous) in 0.267 s; free 19.98 GB in 5 extents, live 44.44 GB
live: recip(db) j 2 -> 3             pool live 55.56 55.56 55.56 55.56 | window peak 55.56 55.56 55.56 55.56 | pool 83.75 64.42 64.42 64.42 GB per APU; peak/pool 80.2 %; MemAvailable 138.0 GB, Cached 0.6 GB
live: recip(db) j 3 -> 6             pool live 55.56 55.56 55.56 55.56 | window peak 55.56 55.56 55.56 55.56 | pool 83.75 64.42 64.42 64.42 GB per APU; peak/pool 80.2 %; MemAvailable 138.0 GB, Cached 0.6 GB
live: recip(db) j 6 -> 11            pool live 55.56 55.56 55.56 55.56 | window peak 55.56 55.56 55.56 55.56 | pool 83.75 64.42 64.42 64.42 GB per APU; peak/pool 80.2 %; MemAvailable 138.0 GB, Cached 0.6 GB
live: recip(db) j 11 -> 21           pool live 55.56 55.56 55.56 55.56 | window peak 55.56 55.56 55.56 55.56 | pool 83.75 64.42 64.42 64.42 GB per APU; peak/pool 80.2 %; MemAvailable 138.0 GB, Cached 0.6 GB
live: recip(db) j 21 -> 42           pool live 55.56 55.56 55.56 55.56 | window peak 55.56 55.56 55.56 55.56 | pool 83.75 64.42 64.42 64.42 GB per APU; peak/pool 80.2 %; MemAvailable 138.0 GB, Cached 0.6 GB
live: recip(db) j 42 -> 83           pool live 55.56 55.56 55.56 55.56 | window peak 55.56 55.56 55.56 55.56 | pool 83.75 64.42 64.42 64.42 GB per APU; peak/pool 80.2 %; MemAvailable 138.0 GB, Cached 0.6 GB
live: recip(db) j 83 -> 166          pool live 55.56 55.56 55.56 55.56 | window peak 55.56 55.56 55.56 55.56 | pool 83.75 64.42 64.42 64.42 GB per APU; peak/pool 80.2 %; MemAvailable 138.0 GB, Cached 0.6 GB
live: recip(db) j 166 -> 332         pool live 55.56 55.56 55.56 55.56 | window peak 55.56 55.56 55.56 55.56 | pool 83.75 64.42 64.42 64.42 GB per APU; peak/pool 80.2 %; MemAvailable 138.0 GB, Cached 0.6 GB
live: recip(db) j 332 -> 663         pool live 55.56 55.56 55.56 55.56 | window peak 55.56 55.56 55.56 55.56 | pool 83.75 64.42 64.42 64.42 GB per APU; peak/pool 80.2 %; MemAvailable 138.0 GB, Cached 0.6 GB
live: recip(db) j 663 -> 1325        pool live 55.56 55.56 55.56 55.56 | window peak 55.56 55.56 55.56 55.56 | pool 83.75 64.42 64.42 64.42 GB per APU; peak/pool 80.2 %; MemAvailable 138.0 GB, Cached 0.6 GB
live: recip(db) j 1325 -> 2650       pool live 55.56 55.56 55.56 55.56 | window peak 55.56 55.56 55.56 55.56 | pool 83.75 64.42 64.42 64.42 GB per APU; peak/pool 80.2 %; MemAvailable 138.0 GB, Cached 0.6 GB
live: recip(db) j 2650 -> 5299       pool live 55.56 55.56 55.56 55.56 | window peak 55.56 55.56 55.56 55.56 | pool 83.75 64.42 64.42 64.42 GB per APU; peak/pool 80.2 %; MemAvailable 138.0 GB, Cached 0.6 GB
live: recip(db) j 5299 -> 10597      pool live 55.56 55.56 55.56 55.56 | window peak 55.56 55.56 55.56 55.56 | pool 83.75 64.42 64.42 64.42 GB per APU; peak/pool 80.2 %; MemAvailable 138.0 GB, Cached 0.6 GB
live: recip(db) j 10597 -> 21193     pool live 55.56 55.56 55.56 55.56 | window peak 55.56 55.56 55.56 55.56 | pool 83.75 64.42 64.42 64.42 GB per APU; peak/pool 80.2 %; MemAvailable 138.0 GB, Cached 0.6 GB
live: recip(db) j 21193 -> 42386     pool live 55.56 55.56 55.56 55.56 | window peak 55.56 55.56 55.56 55.56 | pool 83.75 64.42 64.42 64.42 GB per APU; peak/pool 80.2 %; MemAvailable 138.0 GB, Cached 0.6 GB
live: recip(db) j 42386 -> 84772     pool live 55.56 55.56 55.56 55.56 | window peak 55.56 55.56 55.56 55.56 | pool 83.75 64.42 64.42 64.42 GB per APU; peak/pool 80.2 %; MemAvailable 138.0 GB, Cached 0.6 GB
live: recip(db) j 84772 -> 169543    pool live 55.56 55.56 55.56 55.56 | window peak 55.56 55.56 55.56 55.56 | pool 83.75 64.42 64.42 64.42 GB per APU; peak/pool 80.2 %; MemAvailable 138.0 GB, Cached 0.6 GB
live: recip(db) j 169543 -> 339085   pool live 55.56 55.56 55.56 55.56 | window peak 55.56 55.56 55.56 55.56 | pool 83.75 64.42 64.42 64.42 GB per APU; peak/pool 80.2 %; MemAvailable 138.0 GB, Cached 0.6 GB
live: recip(db) j 339085 -> 678169   pool live 55.56 55.56 55.56 55.56 | window peak 55.56 55.56 55.56 55.56 | pool 83.75 64.42 64.42 64.42 GB per APU; peak/pool 80.2 %; MemAvailable 138.0 GB, Cached 0.6 GB
live: recip(db) j 678169 -> 1356337  pool live 55.56 55.56 55.56 55.56 | window peak 55.56 55.56 55.56 55.56 | pool 83.75 64.42 64.42 64.42 GB per APU; peak/pool 80.2 %; MemAvailable 138.0 GB, Cached 0.6 GB
live: recip(db) j 1356337 -> 2712674 pool live 55.56 55.56 55.56 55.56 | window peak 55.56 55.56 55.56 55.56 | pool 83.75 64.42 64.42 64.42 GB per APU; peak/pool 80.2 %; MemAvailable 138.0 GB, Cached 0.6 GB
live: recip(db) j 2712674 -> 5425348 pool live 55.56 55.56 55.56 55.56 | window peak 55.56 55.56 55.56 55.56 | pool 83.75 64.42 64.42 64.42 GB per APU; peak/pool 80.2 %; MemAvailable 138.0 GB, Cached 0.6 GB
live: recip(db) j 5425348 -> 10850695 pool live 55.56 55.56 55.56 55.56 | window peak 55.56 55.56 55.56 55.56 | pool 83.75 64.42 64.42 64.42 GB per APU; peak/pool 80.2 %; MemAvailable 138.0 GB, Cached 0.6 GB
live: recip(db) j 10850695 -> 21701389 pool live 55.56 55.56 55.56 55.56 | window peak 55.56 55.56 55.56 55.56 | pool 83.75 64.42 64.42 64.42 GB per APU; peak/pool 80.2 %; MemAvailable 138.0 GB, Cached 0.6 GB
live: recip(db) j 21701389 -> 43402778 pool live 55.56 55.56 55.56 55.56 | window peak 55.56 55.56 55.56 55.56 | pool 83.75 64.42 64.42 64.42 GB per APU; peak/pool 80.2 %; MemAvailable 138.0 GB, Cached 0.6 GB
live: recip(db) j 43402778 -> 86805556 pool live 55.56 55.56 55.56 55.56 | window peak 55.56 55.56 55.56 55.56 | pool 83.75 64.42 64.42 64.42 GB per APU; peak/pool 80.2 %; MemAvailable 138.0 GB, Cached 0.6 GB
live: recip(db) j 86805556 -> 173611112 pool live 55.56 55.56 55.56 55.56 | window peak 55.56 55.56 55.56 55.56 | pool 83.75 64.42 64.42 64.42 GB per APU; peak/pool 80.2 %; MemAvailable 138.0 GB, Cached 0.6 GB
live: recip(db) j 173611112 -> 347222223 pool live 55.56 55.56 55.56 55.56 | window peak 55.56 55.56 55.56 55.56 | pool 83.75 64.42 64.42 64.42 GB per APU; peak/pool 80.2 %; MemAvailable 138.0 GB, Cached 0.6 GB
live: recip(db) j 347222223 -> 694444445 pool live 55.56 55.56 55.56 55.56 | window peak 55.56 55.56 55.56 55.56 | pool 83.75 64.42 64.42 64.42 GB per APU; peak/pool 80.2 %; MemAvailable 138.0 GB, Cached 0.6 GB
live: recip(db) j 694444445 -> 1388888890 pool live 55.56 55.56 55.56 55.56 | window peak 55.56 55.56 55.56 55.56 | pool 83.75 64.42 64.42 64.42 GB per APU; peak/pool 80.2 %; MemAvailable 138.0 GB, Cached 0.6 GB
dbig pool: APU1 VMM remap for a 4.17 GB request: 2 free chunks moved to slot 6 (4.29 GB contiguous) in 0.086 s; free 8.87 GB in 5 extents, live 55.56 GB
dbig pool: APU2 VMM remap for a 4.17 GB request: 2 free chunks moved to slot 6 (4.29 GB contiguous) in 0.090 s; free 8.87 GB in 5 extents, live 55.56 GB
dbig pool: APU3 VMM remap for a 4.17 GB request: 2 free chunks moved to slot 6 (4.29 GB contiguous) in 0.084 s; free 8.87 GB in 5 extents, live 55.56 GB
newton(db) j 1388888890 (k 5555555558): recip cut 0 pieces skipped, 6 formed in the step's two products
live: recip(db) j 1388888890 -> 2777777779 pool live 55.56 55.56 55.56 55.56 | window peak 59.72 59.72 59.72 59.72 | pool 83.75 64.42 64.42 64.42 GB per APU; peak/pool 86.2 %; MemAvailable 138.0 GB, Cached 0.6 GB
   dist_db 5555555560 x 2777777780 limbs: 5 x 3 pieces of 1111111112 + 925925927, 13 formed, 2 skipped (low cut) (low product): 15.567 s (cache 0 slots: 0 hits, 0 misses)
   dist_db 2777777780 x 2777777779 limbs: 2 x 4 pieces of 1388888890 + 694444445, 7 formed, 1 skipped (low cut): 8.308 s (cache 0 slots: 0 hits, 0 misses)
newton(db) j 2777777779 (k 5555555558): recip cut 3 pieces skipped, 20 formed in the step's two products
live: recip(db) j 2777777779 -> 5555555558 pool live 55.56 55.56 55.56 55.56 | window peak 59.72 59.72 59.72 59.72 | pool 83.75 64.42 64.42 64.42 GB per APU; peak/pool 86.2 %; MemAvailable 138.0 GB, Cached 0.6 GB
recip    38.58 s   mu 5555555559 limbs (32 iterations, 0 mdev)   VmRSS 6.9 GB, VmHWM 27.5 GB
mem [recip] device 380.7 GB in use (per APU 90.3..109.7): planes 103.1, regions 0.0, block pool 277.0 (donated 0.0, borrowed 277.0, hipMalloc 0.0; live 133.3, peak live 238.9, free 143.7), tables 0.61, other 0.0
mem [recip] host 6.9 GB RSS (HWM 27.5): staging 0.0 pinned, registered 0.1, X 0.0, digits 0.0, named 0.0, other 6.9
      I3: P, Q residues by kernel 1.47 s (before the reciprocal), S = P + Q on device 0.14 s; no host A
10dP      0.14 s   T 5555555556 limbs, A 11111111116 limbs (0 mdev, 0 splits)   VmRSS 6.9 GB, VmHWM 27.5 GB
RESULT ecalc 10dP s 0.144044
dbig pool: APU1 VMM remap for a 22.22 GB request: 11 free chunks moved to slot 24 (23.62 GB contiguous) in 0.464 s; free 31.09 GB in 4 extents, live 33.33 GB
dbig pool: APU2 VMM remap for a 22.22 GB request: 11 free chunks moved to slot 24 (23.62 GB contiguous) in 0.485 s; free 31.09 GB in 4 extents, live 33.33 GB
dbig pool: APU3 VMM remap for a 22.22 GB request: 11 free chunks moved to slot 24 (23.62 GB contiguous) in 0.542 s; free 31.09 GB in 4 extents, live 33.33 GB
dbig pool: APU1 VMM remap for a 4.07 GB request: 0 free chunks moved + new chunks mapped to slot 6 (4.29 GB contiguous) in 0.221 s; free 13.16 GB in 4 extents, live 55.56 GB
dbig pool: APU1 VMM growth by 2 chunks (4.29 GB) inside the phase
dbig pool: APU2 VMM remap for a 4.07 GB request: 0 free chunks moved + new chunks mapped to slot 6 (4.29 GB contiguous) in 1.130 s; free 13.16 GB in 4 extents, live 55.56 GB
dbig pool: APU2 VMM growth by 2 chunks (4.29 GB) inside the phase
dbig pool: APU3 VMM remap for a 4.07 GB request: 0 free chunks moved + new chunks mapped to slot 6 (4.29 GB contiguous) in 3.798 s; free 13.16 GB in 4 extents, live 55.56 GB
dbig pool: APU3 VMM growth by 2 chunks (4.29 GB) inside the phase
   dist_db 5555555557 x 5555555558 limbs: 5 x 6 pieces of 1111111112 + 925925927, 20 formed, 10 skipped (low cut): 33.873 s (cache 0 slots: 0 hits, 0 misses)
  T2 window@50 ok
  T2 window@1000000 ok
  T2 window@100000000 ok
  T2 window@1000000000 ok
dbig pool: APU1 VMM remap for a 22.22 GB request: 11 free chunks moved to slot 35 (23.62 GB contiguous) in 0.489 s; free 35.39 GB in 4 extents, live 33.33 GB
dbig pool: APU2 VMM remap for a 22.22 GB request: 11 free chunks moved to slot 35 (23.62 GB contiguous) in 0.553 s; free 35.39 GB in 4 extents, live 33.33 GB
dbig pool: APU3 VMM remap for a 22.22 GB request: 11 free chunks moved to slot 35 (23.62 GB contiguous) in 0.718 s; free 35.39 GB in 4 extents, live 33.33 GB
   dist_db 5555555557 x 5555555560 limbs: 5 x 6 pieces of 1111111112 + 925925927, 20 formed, 10 skipped (low product): 27.014 s (cache 0 slots: 0 hits, 0 misses)
live: divmod(dev) end                pool live 33.33 33.33 33.33 33.33 | window peak 59.63 59.63 59.63 59.63 | pool 83.75 68.72 68.72 68.72 GB per APU; peak/pool 82.3 %; MemAvailable 124.4 GB, Cached 0.6 GB
mem [division] device 393.6 GB in use (per APU 94.6..109.7): planes 103.1, regions 0.0, block pool 289.9 (donated 0.0, borrowed 289.9, hipMalloc 0.0; live 44.4, peak live 238.9, free 245.5), tables 0.61, other 0.0
mem [division] host 7.4 GB RSS (HWM 27.5): staging 0.0 pinned, registered 0.1, X 0.0, digits 0.0, named 0.0, other 7.3
dm      105.50 s   X 5555555557 limbs, R 0 limbs (recip 38.6 s; corrections 0/0; 0 mdev); X on the device   VmRSS 7.4 GB, VmHWM 27.5 GB
mem [dm] device 393.6 GB in use (per APU 94.6..109.7): planes 103.1, regions 0.0, block pool 289.9 (donated 0.0, borrowed 289.9, hipMalloc 0.0; live 44.4, peak live 238.9, free 245.5), tables 0.61, other 0.0
mem [dm] host 7.4 GB RSS (HWM 27.5): staging 0.0 pinned, registered 0.1, X 0.0, digits 0.0, named 0.0, other 7.3
RESULT ecalc dm s 105.499
  T1 q0=4611686018427388039: P ok, Q ok, T(P+Q) == XQ+R ok
  T1 q1=4611686018427388073: P ok, Q ok, T(P+Q) == XQ+R ok
  T1 q2=4611686018427388081: P ok, Q ok, T(P+Q) == XQ+R ok
  T1 q3=4611686018427388091: P ok, Q ok, T(P+Q) == XQ+R ok
  T1 q4=4611686018427388093: P ok, Q ok, T(P+Q) == XQ+R ok
  T1 q5=4611686018427388097: P ok, Q ok, T(P+Q) == XQ+R ok
  T1 q6=4611686018427388157: P ok, Q ok, T(P+Q) == XQ+R ok
  T1 q7=4611686018427388181: P ok, Q ok, T(P+Q) == XQ+R ok
T1        0.00 s   ok: T(P+Q) == XQ + R and P, Q mod q for 8 primes (P, Q recurrence overlapped with bs)
      overlapped with bs: P, Q mod q recurrence 11.18 s, block pool pregrown by 0 GB in 0.00 s
RESULT ecalc T1 s 1.921e-05
      VmRSS 7.4 GB before dc
total   207.41 s   (bs 82.4 + 10dP 0.1 + dm 105.5 + T1 0.0 + dc 0.0 + T2 0.0 = 188.0; init 19.1; other 0.2); VmHWM 27.5 GB
RESULT ecalc total s 207.409
RESULT ecalc phases s 188.046
RESULT ecalc other s 0.21476
RESULT ecalc vmhwm GB 27.5114
paper A22 (4e10): 285.7 = bs 112.2 + 10dP 12.6 + dm 46.8 + T1 ~3 + dc 110.3
      patch: X +0 after the formatting started (ECALC_CORR_PATCH): nothing to patch; 0 deferred windows; 0.002 s
  T1 q0: digits == X ok
  T1 q1: digits == X ok
  T1 q2: digits == X ok
  T1 q3: digits == X ok
  T1 q4: digits == X ok
  T1 q5: digits == X ok
  T1 q6: digits == X ok
  T1 q7: digits == X ok
dc        0.01 s   digits [0, 100000000009) of 100000000009 formatted from 5555555557 decimal limbs in 373 chunks (streamed with the low product; joined after total) (residues 0.83, format 0.50, digit residue 3.24, T2 0.29, fetch 1.78, waiting for the writer 0.00)
RESULT ecalc dc s 0.0108412
T2        0.00 s   windows ok (4 checked), digits == X mod q ok (overlapped)
RESULT ecalc T2 s 0
digits: 27182818284590452353602874713526624977572470936999595749669676...37703810896884928977
VERIFY OK
dbig pool: APU0 tail 22.57 GB: 1 large blocks from its back, 1 small blocks spilled into it
dbig pool: APU1 tail 22.57 GB: 1 large blocks from its back, 4 small blocks spilled into it
dbig pool: APU2 tail 22.57 GB: 1 large blocks from its back, 4 small blocks spilled into it
dbig pool: APU3 tail 22.57 GB: 1 large blocks from its back, 4 small blocks spilled into it
mem [end] device 103.7 GB in use (per APU 25.9..25.9): planes 103.1, regions 0.0, block pool 0.0 (donated 0.0, borrowed 0.0, hipMalloc 0.0; live 0.0, peak live 238.9, free 0.0), tables 0.61, other 0.0
mem [end] host 7.0 GB RSS (HWM 27.5): staging 0.0 pinned, registered 0.1, X 0.0, digits 0.0, named 0.0, other 7.0
mem summary: bytes in use at each phase boundary, GB (device: all APUs / largest APU; host: this process)
mem phase           device  maxAPU |  planes regions  pl:don  pl:bor  pl:hip pl:live pl:peak tables |    host staging  regist       X  digits   other     HWM
mem init             377.3   108.1 |   103.1   136.2     0.0   137.4     0.0     0.0     0.0   0.61 |    24.5    21.5     0.0     0.0     0.0     3.1    24.5
mem bs               380.7   109.7 |   103.1     0.0     0.0   277.0     0.0    88.9   150.2   0.61 |     9.1     4.3     0.1     0.0     0.0     4.7    27.5
mem recip            380.7   109.7 |   103.1     0.0     0.0   277.0     0.0   133.3   238.9   0.61 |     6.9     0.0     0.1     0.0     0.0     6.9    27.5
mem division         393.6   109.7 |   103.1     0.0     0.0   289.9     0.0    44.4   238.9   0.61 |     7.4     0.0     0.1     0.0     0.0     7.3    27.5
mem dm               393.6   109.7 |   103.1     0.0     0.0   289.9     0.0    44.4   238.9   0.61 |     7.4     0.0     0.1     0.0     0.0     7.3    27.5
mem end              103.7    25.9 |   103.1     0.0     0.0     0.0     0.0     0.0   238.9   0.61 |     7.0     0.0     0.1     0.0     0.0     7.0    27.5
dbig pool: APU0 VMM arena released (0 remaps of 0 chunks in 0.00 s, 0 growths of 0 chunks)
dbig pool: APU1 VMM arena released (5 remaps of 30 chunks in 1.55 s, 2 growths of 2 chunks)
dbig pool: APU2 VMM arena released (5 remaps of 30 chunks in 2.52 s, 2 growths of 2 chunks)
dbig pool: APU3 VMM arena released (5 remaps of 30 chunks in 5.41 s, 2 growths of 2 chunks)
rns_dist: RNS_STRATEGY=auto form B: C 91 products 77.44 s, B 61 products 3.06 s, B4 0 products 0.00 s; extra plane memory 0.00 GiB/APU (allocations 0.00 s)

real	3m30.053s
user	0m0.009s
sys	0m0.017s
