dbtrace: P 1
dbtrace: V 0 81541464064 2147483648 38 115 0
dbtrace: V 2 74035757056 2147483648 35 106 1
dbtrace: V 3 74033659904 2147483648 35 106 2
dbtrace: V 1 81541464064 2147483648 38 115 3
dbtrace: I 0 81541464064 62914560 0
dbtrace: I 2 74035757056 1126170624 1
dbtrace: I 3 74033659904 1128267776 2
dbtrace: I 1 81541464064 62914560 3
dbtrace: I 0 0 40770732032 0
dbtrace: I 1 0 40770732032 3
dbtrace: I 2 0 35674652672 1
dbtrace: I 3 0 32103202816 2
dbtrace: A 0 3888283648 0 0
dbtrace: A 1 3888283648 0 3
dbtrace: A 2 3888283648 0 1
dbtrace: A 3 3888283648 0 2
dbtrace: A 0 3888283648 3888283648 0
dbtrace: A 1 3888283648 3888283648 3
dbtrace: A 2 3888283648 3888283648 1
dbtrace: A 3 3888283648 3888283648 2
dbtrace: A 0 4144168960 7776567296 0
dbtrace: A 1 4144168960 7776567296 3
dbtrace: A 2 4144168960 7776567296 1
dbtrace: A 3 4144168960 7776567296 2
dbtrace: A 0 4144168960 11920736256 0
dbtrace: A 1 4144168960 11920736256 3
dbtrace: A 2 4144168960 11920736256 1
dbtrace: A 3 4144168960 11920736256 2
dbtrace: A 0 4240736256 16064905216 0
dbtrace: A 1 4240736256 16064905216 3
dbtrace: A 2 4240736256 16064905216 1
dbtrace: A 3 4240736256 16064905216 2
dbtrace: A 0 4240736256 20305641472 0
dbtrace: A 1 4240736256 20305641472 3
dbtrace: A 2 4240736256 20305641472 1
dbtrace: A 3 4240736256 20305641472 2
dbtrace: A 0 615743488 24546377728 0
dbtrace: A 1 615743488 24546377728 3
dbtrace: A 2 615743488 74035757056 1
dbtrace: A 3 615743488 74033659904 2
dbtrace: A 0 615743488 25162121216 0
dbtrace: A 1 615743488 25162121216 3
dbtrace: A 2 615743488 24546377728 1
dbtrace: A 3 615743488 24546377728 2
dbtrace: I 0 40770732032 40770732032 0
dbtrace: T 0 55360618496 26180845568 16362860800
dbtrace: I 1 40770732032 40770732032 3
dbtrace: T 1 55360618496 26180845568 16362860800
dbtrace: I 2 35674652672 38361104384 1
dbtrace: T 2 47854911488 26180845568 16362860800
dbtrace: I 3 32103202816 41930457088 2
dbtrace: T 3 47852814336 26180845568 16362860800
dbtrace: A 0 8032419840 25777864704 0
dbtrace: A 1 8032419840 25777864704 3
dbtrace: A 2 8032419840 25162121216 1
dbtrace: A 3 8032419840 25162121216 2
dbtrace: A 0 4016209920 33810284544 0
dbtrace: A 1 4016209920 33810284544 3
dbtrace: A 2 4016209920 33194541056 1
dbtrace: A 3 4016209920 33194541056 2
dbtrace: F 0 33810284544 4016209920
dbtrace: F 1 33810284544 4016209920
dbtrace: F 2 33194541056 4016209920
dbtrace: F 3 33194541056 4016209920
dbtrace: F 0 0 3888283648
dbtrace: F 1 0 3888283648
dbtrace: F 2 0 3888283648
dbtrace: F 3 0 3888283648
dbtrace: F 0 7776567296 4144168960
dbtrace: F 1 7776567296 4144168960
dbtrace: F 2 7776567296 4144168960
dbtrace: F 3 7776567296 4144168960
dbtrace: A 0 8032419840 33810284544 0
dbtrace: A 1 8032419840 33810284544 3
dbtrace: A 2 8032419840 33194541056 1
dbtrace: A 3 8032419840 33194541056 2
dbtrace: A 0 4016209920 7776567296 0
dbtrace: A 1 4016209920 7776567296 3
dbtrace: A 2 4016209920 7776567296 1
dbtrace: A 3 4016209920 7776567296 2
dbtrace: F 0 7776567296 4016209920
dbtrace: F 1 7776567296 4016209920
dbtrace: F 2 7776567296 4016209920
dbtrace: F 3 7776567296 4016209920
dbtrace: F 0 3888283648 3888283648
dbtrace: F 1 3888283648 3888283648
dbtrace: F 2 3888283648 3888283648
dbtrace: F 3 3888283648 3888283648
dbtrace: F 0 11920736256 4144168960
dbtrace: F 1 11920736256 4144168960
dbtrace: F 2 11920736256 4144168960
dbtrace: F 3 11920736256 4144168960
dbtrace: A 0 4856479744 41842704384 0
dbtrace: A 1 4856479744 41842704384 3
dbtrace: A 2 4856479744 41226960896 1
dbtrace: A 3 4856479744 41226960896 2
dbtrace: A 0 2736128000 46699184128 0
dbtrace: A 1 2736128000 46699184128 3
dbtrace: A 2 2736128000 0 1
dbtrace: A 3 2736128000 0 2
dbtrace: F 0 46699184128 2736128000
dbtrace: F 1 46699184128 2736128000
dbtrace: F 2 0 2736128000
dbtrace: F 3 0 2736128000
dbtrace: F 0 16064905216 4240736256
dbtrace: F 1 16064905216 4240736256
dbtrace: F 2 16064905216 4240736256
dbtrace: F 3 16064905216 4240736256
dbtrace: F 0 24546377728 615743488
dbtrace: F 1 24546377728 615743488
dbtrace: F 2 74035757056 615743488
dbtrace: F 3 74033659904 615743488
dbtrace: A 0 4856479744 46699184128 0
dbtrace: A 1 4856479744 46699184128 3
dbtrace: A 2 4856479744 0 1
dbtrace: A 3 4856479744 0 2
dbtrace: A 0 2736128000 51555663872 0
dbtrace: A 1 2736128000 51555663872 3
dbtrace: A 2 2736128000 46083440640 1
dbtrace: A 3 2736128000 46083440640 2
dbtrace: F 0 51555663872 2736128000
dbtrace: F 1 51555663872 2736128000
dbtrace: F 2 46083440640 2736128000
dbtrace: F 3 46083440640 2736128000
dbtrace: F 0 20305641472 4240736256
dbtrace: F 1 20305641472 4240736256
dbtrace: F 2 20305641472 4240736256
dbtrace: F 3 20305641472 4240736256
dbtrace: F 0 25162121216 615743488
dbtrace: F 1 25162121216 615743488
dbtrace: F 2 24546377728 615743488
dbtrace: F 3 24546377728 615743488
dbtrace: A 0 12888899584 0 0
dbtrace: A 1 12888899584 0 3
dbtrace: A 2 12888899584 4856479744 1
dbtrace: A 3 12888899584 4856479744 2
dbtrace: A 0 4034723840 12888899584 0
dbtrace: A 1 4034723840 12888899584 3
dbtrace: A 2 4034723840 17745379328 1
dbtrace: A 3 4034723840 17745379328 2
dbtrace: F 0 12888899584 4034723840
dbtrace: F 1 12888899584 4034723840
dbtrace: F 2 17745379328 4034723840
dbtrace: F 3 17745379328 4034723840
dbtrace: F 0 25777864704 8032419840
dbtrace: F 1 25777864704 8032419840
dbtrace: F 2 25162121216 8032419840
dbtrace: F 3 25162121216 8032419840
dbtrace: F 0 41842704384 4856479744
dbtrace: F 1 41842704384 4856479744
dbtrace: F 2 41226960896 4856479744
dbtrace: F 3 41226960896 4856479744
dbtrace: A 0 12888899584 12888899584 0
dbtrace: A 1 12888899584 12888899584 3
dbtrace: A 2 12888899584 17745379328 1
dbtrace: A 3 12888899584 17745379328 2
dbtrace: A 0 4034723840 41842704384 0
dbtrace: A 1 4034723840 41842704384 3
dbtrace: A 2 4034723840 41226960896 1
dbtrace: A 3 4034723840 41226960896 2
dbtrace: F 0 41842704384 4034723840
dbtrace: F 1 41842704384 4034723840
dbtrace: F 2 41226960896 4034723840
dbtrace: F 3 41226960896 4034723840
dbtrace: F 0 33810284544 8032419840
dbtrace: F 1 33810284544 8032419840
dbtrace: F 2 33194541056 8032419840
dbtrace: F 3 33194541056 8032419840
dbtrace: F 0 46699184128 4856479744
dbtrace: F 1 46699184128 4856479744
dbtrace: F 2 0 4856479744
dbtrace: F 3 0 4856479744
dbtrace: P 2
dbtrace: A 0 32768 25777799168 0
dbtrace: A 1 32768 25777799168 3
dbtrace: A 2 32768 0 1
dbtrace: A 3 32768 0 2
dbtrace: A 0 19333349376 36027269120 0
dbtrace: A 1 19333349376 36027269120 3
dbtrace: A 2 19333349376 55828578304 1
dbtrace: A 3 19333349376 55828578304 2
dbtrace: N 1
dbtrace: A 0 6444449792 75097014272 0
dbtrace: A 1 6444449792 75097014272 3
dbtrace: A 2 6444449792 49384128512 1
dbtrace: A 3 6444449792 49384128512 2
dbtrace: F 0 25777799168 32768
dbtrace: F 1 25777799168 32768
dbtrace: F 2 0 32768
dbtrace: F 3 0 32768
dbtrace: N 0
dbtrace: A 0 12888899584 55360618496 0
dbtrace: A 1 12888899584 55360618496 3
dbtrace: A 2 12888899584 30634278912 1
dbtrace: A 3 12888899584 30634278912 2
dbtrace: A 0 2685206528 25777799168 0
dbtrace: A 1 2685206528 25777799168 3
dbtrace: A 2 2685206528 43523178496 1
dbtrace: A 3 2685206528 43523178496 2
dbtrace: F 0 25777799168 2685206528
dbtrace: F 1 25777799168 2685206528
dbtrace: F 2 43523178496 2685206528
dbtrace: F 3 43523178496 2685206528
dbtrace: A 0 3759276032 25777799168 0
dbtrace: A 1 3759276032 25777799168 3
dbtrace: A 2 3759276032 43523178496 1
dbtrace: A 3 3759276032 43523178496 2
dbtrace: F 0 25777799168 3759276032
dbtrace: F 1 25777799168 3759276032
dbtrace: F 2 43523178496 3759276032
dbtrace: F 3 43523178496 3759276032
dbtrace: A 0 2685206528 25777799168 0
dbtrace: A 1 2685206528 25777799168 3
dbtrace: A 2 2685206528 43523178496 1
dbtrace: A 3 2685206528 43523178496 2
dbtrace: F 0 25777799168 2685206528
dbtrace: F 1 25777799168 2685206528
dbtrace: F 2 43523178496 2685206528
dbtrace: F 3 43523178496 2685206528
dbtrace: A 0 4188897280 25777799168 0
dbtrace: A 1 4188897280 25777799168 3
dbtrace: A 2 4188897280 43523178496 1
dbtrace: A 3 4188897280 43523178496 2
dbtrace: F 0 25777799168 4188897280
dbtrace: F 1 25777799168 4188897280
dbtrace: F 2 43523178496 4188897280
dbtrace: F 3 43523178496 4188897280
dbtrace: A 0 3759276032 25777799168 0
dbtrace: A 1 3759276032 25777799168 3
dbtrace: A 2 3759276032 43523178496 1
dbtrace: A 3 3759276032 43523178496 2
dbtrace: F 0 25777799168 3759276032
dbtrace: F 1 25777799168 3759276032
dbtrace: F 2 43523178496 3759276032
dbtrace: F 3 43523178496 3759276032
dbtrace: F 0 75097014272 6444449792
dbtrace: F 1 75097014272 6444449792
dbtrace: F 2 49384128512 6444449792
dbtrace: F 3 49384128512 6444449792
dbtrace: F 0 36027269120 19333349376
dbtrace: F 1 36027269120 19333349376
dbtrace: F 2 55828578304 19333349376
dbtrace: F 3 55828578304 19333349376
dbtrace: A 0 12888899584 25777799168 0
dbtrace: A 1 12888899584 25777799168 3
dbtrace: A 2 12888899584 43523178496 1
dbtrace: A 3 12888899584 43523178496 2
dbtrace: F 0 55360618496 12888899584
dbtrace: F 1 55360618496 12888899584
dbtrace: F 2 30634278912 12888899584
dbtrace: F 3 30634278912 12888899584
dbtrace: A 0 25777799168 55826579456 0
dbtrace: A 1 25777799168 55826579456 3
dbtrace: R 2 25777799168 35 13 13 0.558
dbtrace: A 2 25777799168 77301415936 1
dbtrace: R 3 25777799168 35 13 13 0.599
dbtrace: A 3 25777799168 77301415936 2
dbtrace: A 0 4188897280 38666698752 0
dbtrace: A 1 4188897280 38666698752 3
dbtrace: A 2 4188897280 70866960384 1
dbtrace: A 3 4188897280 70866960384 2
dbtrace: F 0 38666698752 4188897280
dbtrace: F 1 38666698752 4188897280
dbtrace: F 2 70866960384 4188897280
dbtrace: F 3 70866960384 4188897280
dbtrace: F 0 25777799168 12888899584
dbtrace: F 1 25777799168 12888899584
dbtrace: F 2 43523178496 12888899584
dbtrace: F 3 43523178496 12888899584
dbtrace: A 0 12888899584 25777799168 0
dbtrace: A 1 12888899584 25777799168 3
dbtrace: A 2 12888899584 42949672960 1
dbtrace: A 3 12888899584 42949672960 2
dbtrace: F 0 55826579456 25777799168
dbtrace: F 1 55826579456 25777799168
dbtrace: F 2 77301415936 25777799168
dbtrace: F 3 77301415936 25777799168
dbtrace: A 0 12888899584 38666698752 0
dbtrace: A 1 12888899584 38666698752 3
dbtrace: A 2 12888899584 70866960384 1
dbtrace: A 3 12888899584 70866960384 2
dbtrace: F 0 0 12888899584
dbtrace: F 1 0 12888899584
dbtrace: F 2 4856479744 12888899584
dbtrace: F 3 4856479744 12888899584
dbtrace: A 0 25777799168 55826579456 0
dbtrace: A 1 25777799168 55826579456 3
dbtrace: R 2 25777799168 48 13 13 0.565
dbtrace: A 2 25777799168 105218703360 1
dbtrace: R 3 25777799168 48 13 13 0.612
dbtrace: A 3 25777799168 105218703360 2
dbtrace: A 0 4188897280 0 0
dbtrace: A 1 4188897280 0 3
dbtrace: A 2 4188897280 100931731456 1
dbtrace: A 3 4188897280 100931731456 2
dbtrace: F 0 0 4188897280
dbtrace: F 1 0 4188897280
dbtrace: F 2 100931731456 4188897280
dbtrace: F 3 100931731456 4188897280
dbtrace: F 0 55826579456 25777799168
dbtrace: F 1 55826579456 25777799168
dbtrace: F 2 105218703360 25777799168
dbtrace: F 3 105218703360 25777799168
dbtrace: F 0 38666698752 12888899584
dbtrace: F 1 38666698752 12888899584
dbtrace: F 2 70866960384 12888899584
dbtrace: F 3 70866960384 12888899584
dbtrace: F 0 12888899584 12888899584
dbtrace: F 1 12888899584 12888899584
dbtrace: F 2 17745379328 12888899584
dbtrace: F 3 17745379328 12888899584
dbtrace: F 0 25777799168 12888899584
dbtrace: F 1 25777799168 12888899584
dbtrace: F 2 42949672960 12888899584
dbtrace: F 3 42949672960 12888899584
