dbtrace: P 1
dbtrace: V 0 68404903936 2147483648 32 97 0
dbtrace: V 3 63822626816 2147483648 30 91 1
dbtrace: V 1 63822626816 2147483648 30 91 2
dbtrace: V 2 63824723968 2147483648 30 91 3
dbtrace: I 3 63822626816 601882624 1
dbtrace: I 1 63822626816 601882624 2
dbtrace: I 0 68404903936 314572800 0
dbtrace: I 2 63824723968 599785472 3
dbtrace: I 0 34202451968 34202451968 0
dbtrace: T 0 45835354112 22569549824 14105936000
dbtrace: I 1 30979129344 32843497472 2
dbtrace: T 1 41253076992 22569549824 14105936000
dbtrace: I 2 28502392832 35322331136 3
dbtrace: T 2 41255174144 22569549824 14105936000
dbtrace: I 3 27741126656 36081500160 1
dbtrace: T 3 41253076992 22569549824 14105936000
dbtrace: A 0 2123071488 34202451968 0
dbtrace: A 1 2123071488 30979129344 2
dbtrace: A 2 2123071488 28502392832 3
dbtrace: A 3 2123071488 27741126656 1
dbtrace: A 0 2123071488 36325523456 0
dbtrace: A 1 2123071488 33102200832 2
dbtrace: A 2 2123071488 30625464320 3
dbtrace: A 3 2123071488 29864198144 1
dbtrace: A 0 2266726400 38448594944 0
dbtrace: A 1 2266726400 35225272320 2
dbtrace: A 2 2266726400 32748535808 3
dbtrace: A 3 2266726400 31987269632 1
dbtrace: A 0 2266726400 40715321344 0
dbtrace: A 1 2266726400 37491998720 2
dbtrace: A 2 2266726400 35015262208 3
dbtrace: A 3 2266726400 34253996032 1
dbtrace: A 0 2320957440 42982047744 0
dbtrace: A 1 2320957440 39758725120 2
dbtrace: A 2 2320957440 37281988608 3
dbtrace: A 3 2320957440 36520722432 1
dbtrace: A 0 2320957440 45303005184 0
dbtrace: A 1 2320957440 42079682560 2
dbtrace: A 2 2320957440 39602946048 3
dbtrace: A 3 2320957440 38841679872 1
dbtrace: A 0 2356150272 47623962624 0
dbtrace: A 1 2356150272 44400640000 2
dbtrace: A 2 2356150272 41923903488 3
dbtrace: A 3 2356150272 41162637312 1
dbtrace: A 0 2356150272 49980112896 0
dbtrace: A 1 2356150272 46756790272 2
dbtrace: A 2 2356150272 44280053760 3
dbtrace: A 3 2356150272 43518787584 1
dbtrace: A 0 2044264448 52336263168 0
dbtrace: A 1 2044264448 49112940544 2
dbtrace: A 2 2044264448 46636204032 3
dbtrace: A 3 2044264448 45874937856 1
dbtrace: A 0 2044264448 54380527616 0
dbtrace: A 1 2044264448 51157204992 2
dbtrace: A 2 2044264448 48680468480 3
dbtrace: A 3 2044264448 47919202304 1
dbtrace: I 0 0 34202451968 0
dbtrace: I 1 0 30979129344 2
dbtrace: I 2 0 28502392832 3
dbtrace: I 3 0 27741126656 1
dbtrace: A 0 4389797888 0 0
dbtrace: A 1 4389797888 0 2
dbtrace: A 2 4389797888 0 3
dbtrace: A 3 4389797888 0 1
dbtrace: A 0 2878636032 4389797888 0
dbtrace: A 1 2878636032 4389797888 2
dbtrace: A 2 2878636032 4389797888 3
dbtrace: A 3 2878636032 4389797888 1
dbtrace: F 0 4389797888 2878636032
dbtrace: F 1 4389797888 2878636032
dbtrace: F 2 4389797888 2878636032
dbtrace: F 3 4389797888 2878636032
dbtrace: F 0 34202451968 2123071488
dbtrace: F 1 30979129344 2123071488
dbtrace: F 2 28502392832 2123071488
dbtrace: F 3 27741126656 2123071488
dbtrace: F 0 38448594944 2266726400
dbtrace: F 1 35225272320 2266726400
dbtrace: F 2 32748535808 2266726400
dbtrace: F 3 31987269632 2266726400
dbtrace: A 0 4389797888 4389797888 0
dbtrace: A 1 4389797888 4389797888 2
dbtrace: A 2 4389797888 4389797888 3
dbtrace: A 3 4389797888 4389797888 1
dbtrace: A 0 2878636032 8779595776 0
dbtrace: A 1 2878636032 8779595776 2
dbtrace: A 2 2878636032 8779595776 3
dbtrace: A 3 2878636032 8779595776 1
dbtrace: F 0 8779595776 2878636032
dbtrace: F 1 8779595776 2878636032
dbtrace: F 2 8779595776 2878636032
dbtrace: F 3 8779595776 2878636032
dbtrace: F 0 36325523456 2123071488
dbtrace: F 1 33102200832 2123071488
dbtrace: F 2 30625464320 2123071488
dbtrace: F 3 29864198144 2123071488
dbtrace: F 0 40715321344 2266726400
dbtrace: F 1 37491998720 2266726400
dbtrace: F 2 35015262208 2266726400
dbtrace: F 3 34253996032 2266726400
dbtrace: A 0 4677107712 8779595776 0
dbtrace: A 1 4677107712 8779595776 2
dbtrace: A 2 4677107712 8779595776 3
dbtrace: A 3 4677107712 8779595776 1
dbtrace: A 0 3106340864 13456703488 0
dbtrace: A 1 3106340864 13456703488 2
dbtrace: A 2 3106340864 13456703488 3
dbtrace: A 3 3106340864 13456703488 1
dbtrace: F 0 13456703488 3106340864
dbtrace: F 1 13456703488 3106340864
dbtrace: F 2 13456703488 3106340864
dbtrace: F 3 13456703488 3106340864
dbtrace: F 0 42982047744 2320957440
dbtrace: F 1 39758725120 2320957440
dbtrace: F 2 37281988608 2320957440
dbtrace: F 3 36520722432 2320957440
dbtrace: F 0 47623962624 2356150272
dbtrace: F 1 44400640000 2356150272
dbtrace: F 2 41923903488 2356150272
dbtrace: F 3 41162637312 2356150272
dbtrace: A 0 4677107712 13456703488 0
dbtrace: A 1 4677107712 13456703488 2
dbtrace: A 2 4677107712 13456703488 3
dbtrace: A 3 4677107712 13456703488 1
dbtrace: A 0 3106340864 18133811200 0
dbtrace: A 1 3106340864 18133811200 2
dbtrace: A 2 3106340864 18133811200 3
dbtrace: A 3 3106340864 18133811200 1
dbtrace: F 0 18133811200 3106340864
dbtrace: F 1 18133811200 3106340864
dbtrace: F 2 18133811200 3106340864
dbtrace: F 3 18133811200 3106340864
dbtrace: F 0 45303005184 2320957440
dbtrace: F 1 42079682560 2320957440
dbtrace: F 2 39602946048 2320957440
dbtrace: F 3 38841679872 2320957440
dbtrace: F 0 49980112896 2356150272
dbtrace: F 1 46756790272 2356150272
dbtrace: F 2 44280053760 2356150272
dbtrace: F 3 43518787584 2356150272
dbtrace: A 0 9066872832 18133811200 0
dbtrace: A 1 9066872832 18133811200 2
dbtrace: A 2 9066872832 18133811200 3
dbtrace: A 3 9066872832 18133811200 1
dbtrace: A 0 3753934848 27200684032 0
dbtrace: A 1 3753934848 27200684032 2
dbtrace: A 2 3753934848 27200684032 3
dbtrace: A 3 3753934848 27200684032 1
dbtrace: F 0 27200684032 3753934848
dbtrace: F 1 27200684032 3753934848
dbtrace: F 2 27200684032 3753934848
dbtrace: F 3 27200684032 3753934848
dbtrace: F 0 0 4389797888
dbtrace: F 1 0 4389797888
dbtrace: F 2 0 4389797888
dbtrace: F 3 0 4389797888
dbtrace: F 0 8779595776 4677107712
dbtrace: F 1 8779595776 4677107712
dbtrace: F 2 8779595776 4677107712
dbtrace: F 3 8779595776 4677107712
dbtrace: A 0 9066872832 27200684032 0
dbtrace: A 1 9066872832 27200684032 2
dbtrace: A 2 9066872832 27200684032 3
dbtrace: A 3 9066872832 27200684032 1
dbtrace: A 0 3753934848 0 0
dbtrace: A 1 3753934848 0 2
dbtrace: A 2 3753934848 0 3
dbtrace: A 3 3753934848 0 1
dbtrace: F 0 0 3753934848
dbtrace: F 1 0 3753934848
dbtrace: F 2 0 3753934848
dbtrace: F 3 0 3753934848
dbtrace: F 0 4389797888 4389797888
dbtrace: F 1 4389797888 4389797888
dbtrace: F 2 4389797888 4389797888
dbtrace: F 3 4389797888 4389797888
dbtrace: F 0 13456703488 4677107712
dbtrace: F 1 13456703488 4677107712
dbtrace: F 2 13456703488 4677107712
dbtrace: F 3 13456703488 4677107712
dbtrace: A 0 11111137280 0 0
dbtrace: A 1 11111137280 0 2
dbtrace: A 2 11111137280 0 3
dbtrace: A 3 11111137280 0 1
dbtrace: A 0 3857645568 11111137280 0
dbtrace: A 1 3857645568 36267556864 2
dbtrace: A 2 3857645568 36267556864 3
dbtrace: A 3 3857645568 36267556864 1
dbtrace: F 0 11111137280 3857645568
dbtrace: F 1 36267556864 3857645568
dbtrace: F 2 36267556864 3857645568
dbtrace: F 3 36267556864 3857645568
dbtrace: F 0 18133811200 9066872832
dbtrace: F 1 18133811200 9066872832
dbtrace: F 2 18133811200 9066872832
dbtrace: F 3 18133811200 9066872832
dbtrace: F 0 52336263168 2044264448
dbtrace: F 1 49112940544 2044264448
dbtrace: F 2 46636204032 2044264448
dbtrace: F 3 45874937856 2044264448
dbtrace: A 0 11111137280 11111137280 0
dbtrace: A 1 11111137280 11111137280 2
dbtrace: A 2 11111137280 11111137280 3
dbtrace: A 3 11111137280 11111137280 1
dbtrace: A 0 3857645568 22222274560 0
dbtrace: A 1 3857645568 22222274560 2
dbtrace: A 2 3857645568 22222274560 3
dbtrace: A 3 3857645568 22222274560 1
dbtrace: F 0 22222274560 3857645568
dbtrace: F 1 22222274560 3857645568
dbtrace: F 2 22222274560 3857645568
dbtrace: F 3 22222274560 3857645568
dbtrace: F 0 27200684032 9066872832
dbtrace: F 1 27200684032 9066872832
dbtrace: F 2 27200684032 9066872832
dbtrace: F 3 27200684032 9066872832
dbtrace: F 0 54380527616 2044264448
dbtrace: F 1 51157204992 2044264448
dbtrace: F 2 48680468480 2044264448
dbtrace: F 3 47919202304 2044264448
dbtrace: P 2
dbtrace: A 0 32768 22222274560 0
dbtrace: A 1 32768 22222274560 2
dbtrace: A 2 32768 22222274560 3
dbtrace: A 3 32768 22222274560 1
dbtrace: A 0 16666689536 29168664576 0
dbtrace: A 1 16666689536 24586387456 2
dbtrace: A 2 16666689536 24588484608 3
dbtrace: A 3 16666689536 24586387456 1
dbtrace: N 1
dbtrace: A 0 5555585024 62849318912 0
dbtrace: A 1 5555585024 58267041792 2
dbtrace: A 2 5555585024 58269138944 3
dbtrace: A 3 5555585024 58267041792 1
dbtrace: F 0 22222274560 32768
dbtrace: F 1 22222274560 32768
dbtrace: F 2 22222274560 32768
dbtrace: F 3 22222274560 32768
dbtrace: N 0
dbtrace: A 0 11111137280 45835354112 0
dbtrace: A 1 11111137280 41253076992 2
dbtrace: A 2 11111137280 41255174144 3
dbtrace: A 3 11111137280 41253076992 1
dbtrace: A 0 4166680576 22222274560 0
dbtrace: A 1 4166680576 52364214272 2
dbtrace: A 2 4166680576 52366311424 3
dbtrace: A 3 4166680576 52364214272 1
dbtrace: F 0 22222274560 4166680576
dbtrace: F 1 52364214272 4166680576
dbtrace: F 2 52366311424 4166680576
dbtrace: F 3 52364214272 4166680576
dbtrace: A 0 4166680576 22222274560 0
dbtrace: A 1 4166680576 52364214272 2
dbtrace: A 2 4166680576 52366311424 3
dbtrace: A 3 4166680576 52364214272 1
dbtrace: F 0 22222274560 4166680576
dbtrace: F 1 52364214272 4166680576
dbtrace: F 2 52366311424 4166680576
dbtrace: F 3 52364214272 4166680576
dbtrace: A 0 4074078208 22222274560 0
dbtrace: A 1 4074078208 52364214272 2
dbtrace: A 2 4074078208 52366311424 3
dbtrace: A 3 4074078208 52364214272 1
dbtrace: F 0 22222274560 4074078208
dbtrace: F 1 52364214272 4074078208
dbtrace: F 2 52366311424 4074078208
dbtrace: F 3 52364214272 4074078208
dbtrace: A 0 4166680576 22222274560 0
dbtrace: A 1 4166680576 52364214272 2
dbtrace: A 2 4166680576 52366311424 3
dbtrace: A 3 4166680576 52364214272 1
dbtrace: F 0 22222274560 4166680576
dbtrace: F 1 52364214272 4166680576
dbtrace: F 2 52366311424 4166680576
dbtrace: F 3 52364214272 4166680576
dbtrace: F 0 62849318912 5555585024
dbtrace: F 1 58267041792 5555585024
dbtrace: F 2 58269138944 5555585024
dbtrace: F 3 58267041792 5555585024
dbtrace: F 0 29168664576 16666689536
dbtrace: F 1 24586387456 16666689536
dbtrace: F 2 24588484608 16666689536
dbtrace: F 3 24586387456 16666689536
dbtrace: A 0 11111137280 22222274560 0
dbtrace: A 1 11111137280 22222274560 2
dbtrace: A 2 11111137280 22222274560 3
dbtrace: A 3 11111137280 22222274560 1
dbtrace: F 0 45835354112 11111137280
dbtrace: F 1 41253076992 11111137280
dbtrace: F 2 41255174144 11111137280
dbtrace: F 3 41253076992 11111137280
dbtrace: A 0 22222241792 46497234944 0
dbtrace: A 1 22222241792 42202267648 2
dbtrace: A 2 22222241792 42202267648 3
dbtrace: A 3 22222241792 42202267648 1
dbtrace: A 0 4074078208 33333411840 0
dbtrace: A 1 4074078208 33333411840 2
dbtrace: A 2 4074078208 33333411840 3
dbtrace: A 3 4074078208 33333411840 1
dbtrace: F 0 33333411840 4074078208
dbtrace: F 1 33333411840 4074078208
dbtrace: F 2 33333411840 4074078208
dbtrace: F 3 33333411840 4074078208
dbtrace: F 0 22222274560 11111137280
dbtrace: F 1 22222274560 11111137280
dbtrace: F 2 22222274560 11111137280
dbtrace: F 3 22222274560 11111137280
dbtrace: A 0 11111137280 22222274560 0
dbtrace: A 1 11111137280 22222274560 2
dbtrace: A 2 11111137280 22222274560 3
dbtrace: A 3 11111137280 22222274560 1
dbtrace: F 0 46497234944 22222241792
dbtrace: F 1 42202267648 22222241792
dbtrace: F 2 42202267648 22222241792
dbtrace: F 3 42202267648 22222241792
dbtrace: A 0 11111137280 33333411840 0
dbtrace: A 1 11111137280 33333411840 2
dbtrace: A 2 11111137280 33333411840 3
dbtrace: A 3 11111137280 33333411840 1
dbtrace: F 0 0 11111137280
dbtrace: F 1 0 11111137280
dbtrace: F 2 0 11111137280
dbtrace: F 3 0 11111137280
dbtrace: A 0 22222241792 46497234944 0
dbtrace: R 1 22222241792 30 11 11 0.466
dbtrace: A 1 22222241792 65824587776 2
dbtrace: R 2 22222241792 30 11 11 0.478
dbtrace: A 2 22222241792 65824587776 3
dbtrace: R 3 22222241792 30 11 11 0.483
dbtrace: A 3 22222241792 65824587776 1
dbtrace: A 0 4074078208 0 0
dbtrace: A 1 4074078208 57982058496 2
dbtrace: A 2 4074078208 57982058496 3
dbtrace: A 3 4074078208 57982058496 1
dbtrace: F 0 0 4074078208
dbtrace: F 1 57982058496 4074078208
dbtrace: F 2 57982058496 4074078208
dbtrace: F 3 57982058496 4074078208
dbtrace: F 0 46497234944 22222241792
dbtrace: F 1 65824587776 22222241792
dbtrace: F 2 65824587776 22222241792
dbtrace: F 3 65824587776 22222241792
dbtrace: F 0 33333411840 11111137280
dbtrace: F 1 33333411840 11111137280
dbtrace: F 2 33333411840 11111137280
dbtrace: F 3 33333411840 11111137280
dbtrace: F 0 11111137280 11111137280
dbtrace: F 1 11111137280 11111137280
dbtrace: F 2 11111137280 11111137280
dbtrace: F 3 11111137280 11111137280
dbtrace: F 0 22222274560 11111137280
dbtrace: F 1 22222274560 11111137280
dbtrace: F 2 22222274560 11111137280
dbtrace: F 3 22222274560 11111137280
