dbtrace: P 1
dbtrace: V 0 81541464064 2147483648 38 115 0
dbtrace: V 1 81541464064 2147483648 38 115 1
dbtrace: V 3 76587991040 2147483648 36 109 2
dbtrace: V 2 76587991040 2147483648 36 109 3
dbtrace: I 1 81541464064 62914560 1
dbtrace: I 3 76587991040 721420288 2
dbtrace: I 0 81541464064 62914560 0
dbtrace: I 2 76587991040 721420288 3
dbtrace: I 0 0 40770732032 0
dbtrace: I 1 0 40770732032 1
dbtrace: I 2 0 35674652672 3
dbtrace: I 3 0 33162264576 2
dbtrace: A 0 3888283648 0 0
dbtrace: A 1 3888283648 0 1
dbtrace: A 2 3888283648 0 3
dbtrace: A 3 3888283648 0 2
dbtrace: A 0 3888283648 3888283648 0
dbtrace: A 1 3888283648 3888283648 1
dbtrace: A 2 3888283648 3888283648 3
dbtrace: A 3 3888283648 3888283648 2
dbtrace: A 0 4144168960 7776567296 0
dbtrace: A 1 4144168960 7776567296 1
dbtrace: A 2 4144168960 7776567296 3
dbtrace: A 3 4144168960 7776567296 2
dbtrace: A 0 4144168960 11920736256 0
dbtrace: A 1 4144168960 11920736256 1
dbtrace: A 2 4144168960 11920736256 3
dbtrace: A 3 4144168960 11920736256 2
dbtrace: A 0 4240736256 16064905216 0
dbtrace: A 1 4240736256 16064905216 1
dbtrace: A 2 4240736256 16064905216 3
dbtrace: A 3 4240736256 16064905216 2
dbtrace: A 0 4240736256 20305641472 0
dbtrace: A 1 4240736256 20305641472 1
dbtrace: A 2 4240736256 20305641472 3
dbtrace: A 3 4240736256 20305641472 2
dbtrace: A 0 1060208640 24546377728 0
dbtrace: A 1 1060208640 24546377728 1
dbtrace: A 2 1060208640 24546377728 3
dbtrace: A 3 1060208640 24546377728 2
dbtrace: A 0 1060208640 25606586368 0
dbtrace: A 1 1060208640 25606586368 1
dbtrace: A 2 1060208640 25606586368 3
dbtrace: A 3 1060208640 25606586368 2
dbtrace: I 0 40770732032 40770732032 0
dbtrace: T 0 54456745984 27084718080 16927102400
dbtrace: I 1 40770732032 40770732032 1
dbtrace: T 1 54456745984 27084718080 16927102400
dbtrace: I 2 35674652672 40913338368 3
dbtrace: T 2 49503272960 27084718080 16927102400
dbtrace: I 3 33162264576 43425726464 2
dbtrace: T 3 49503272960 27084718080 16927102400
dbtrace: A 0 8032419840 26666795008 0
dbtrace: A 1 8032419840 26666795008 1
dbtrace: A 2 8032419840 26666795008 3
dbtrace: A 3 8032419840 26666795008 2
dbtrace: A 0 4016209920 34699214848 0
dbtrace: A 1 4016209920 34699214848 1
dbtrace: A 2 4016209920 34699214848 3
dbtrace: A 3 4016209920 34699214848 2
dbtrace: F 0 34699214848 4016209920
dbtrace: F 1 34699214848 4016209920
dbtrace: F 2 34699214848 4016209920
dbtrace: F 3 34699214848 4016209920
dbtrace: F 0 0 3888283648
dbtrace: F 1 0 3888283648
dbtrace: F 2 0 3888283648
dbtrace: F 3 0 3888283648
dbtrace: F 0 7776567296 4144168960
dbtrace: F 1 7776567296 4144168960
dbtrace: F 2 7776567296 4144168960
dbtrace: F 3 7776567296 4144168960
dbtrace: A 0 8032419840 34699214848 0
dbtrace: A 1 8032419840 34699214848 1
dbtrace: A 2 8032419840 34699214848 3
dbtrace: A 3 8032419840 34699214848 2
dbtrace: A 0 4016209920 7776567296 0
dbtrace: A 1 4016209920 7776567296 1
dbtrace: A 2 4016209920 7776567296 3
dbtrace: A 3 4016209920 7776567296 2
dbtrace: F 0 7776567296 4016209920
dbtrace: F 1 7776567296 4016209920
dbtrace: F 2 7776567296 4016209920
dbtrace: F 3 7776567296 4016209920
dbtrace: F 0 3888283648 3888283648
dbtrace: F 1 3888283648 3888283648
dbtrace: F 2 3888283648 3888283648
dbtrace: F 3 3888283648 3888283648
dbtrace: F 0 11920736256 4144168960
dbtrace: F 1 11920736256 4144168960
dbtrace: F 2 11920736256 4144168960
dbtrace: F 3 11920736256 4144168960
dbtrace: A 0 5300944896 42731634688 0
dbtrace: A 1 5300944896 42731634688 1
dbtrace: A 2 5300944896 42731634688 3
dbtrace: A 3 5300944896 42731634688 2
dbtrace: A 0 3180560384 48032579584 0
dbtrace: A 1 3180560384 48032579584 1
dbtrace: A 2 3180560384 0 3
dbtrace: A 3 3180560384 0 2
dbtrace: F 0 48032579584 3180560384
dbtrace: F 1 48032579584 3180560384
dbtrace: F 2 0 3180560384
dbtrace: F 3 0 3180560384
dbtrace: F 0 16064905216 4240736256
dbtrace: F 1 16064905216 4240736256
dbtrace: F 2 16064905216 4240736256
dbtrace: F 3 16064905216 4240736256
dbtrace: F 0 24546377728 1060208640
dbtrace: F 1 24546377728 1060208640
dbtrace: F 2 24546377728 1060208640
dbtrace: F 3 24546377728 1060208640
dbtrace: A 0 5300944896 48032579584 0
dbtrace: A 1 5300944896 48032579584 1
dbtrace: A 2 5300944896 0 3
dbtrace: A 3 5300944896 0 2
dbtrace: A 0 3180560384 0 0
dbtrace: A 1 3180560384 0 1
dbtrace: A 2 3180560384 5300944896 3
dbtrace: A 3 3180560384 5300944896 2
dbtrace: F 0 0 3180560384
dbtrace: F 1 0 3180560384
dbtrace: F 2 5300944896 3180560384
dbtrace: F 3 5300944896 3180560384
dbtrace: F 0 20305641472 4240736256
dbtrace: F 1 20305641472 4240736256
dbtrace: F 2 20305641472 4240736256
dbtrace: F 3 20305641472 4240736256
dbtrace: F 0 25606586368 1060208640
dbtrace: F 1 25606586368 1060208640
dbtrace: F 2 25606586368 1060208640
dbtrace: F 3 25606586368 1060208640
dbtrace: A 0 13333364736 0 0
dbtrace: A 1 13333364736 0 1
dbtrace: A 2 13333364736 5300944896 3
dbtrace: A 3 13333364736 5300944896 2
dbtrace: A 0 4256956416 13333364736 0
dbtrace: A 1 4256956416 13333364736 1
dbtrace: A 2 4256956416 18634309632 3
dbtrace: A 3 4256956416 18634309632 2
dbtrace: F 0 13333364736 4256956416
dbtrace: F 1 13333364736 4256956416
dbtrace: F 2 18634309632 4256956416
dbtrace: F 3 18634309632 4256956416
dbtrace: F 0 26666795008 8032419840
dbtrace: F 1 26666795008 8032419840
dbtrace: F 2 26666795008 8032419840
dbtrace: F 3 26666795008 8032419840
dbtrace: F 0 42731634688 5300944896
dbtrace: F 1 42731634688 5300944896
dbtrace: F 2 42731634688 5300944896
dbtrace: F 3 42731634688 5300944896
dbtrace: A 0 13333364736 13333364736 0
dbtrace: A 1 13333364736 13333364736 1
dbtrace: A 2 13333364736 18634309632 3
dbtrace: A 3 13333364736 18634309632 2
dbtrace: A 0 4256956416 42731634688 0
dbtrace: A 1 4256956416 42731634688 1
dbtrace: A 2 4256956416 42731634688 3
dbtrace: A 3 4256956416 42731634688 2
dbtrace: F 0 42731634688 4256956416
dbtrace: F 1 42731634688 4256956416
dbtrace: F 2 42731634688 4256956416
dbtrace: F 3 42731634688 4256956416
dbtrace: F 0 34699214848 8032419840
dbtrace: F 1 34699214848 8032419840
dbtrace: F 2 34699214848 8032419840
dbtrace: F 3 34699214848 8032419840
dbtrace: F 0 48032579584 5300944896
dbtrace: F 1 48032579584 5300944896
dbtrace: F 2 0 5300944896
dbtrace: F 3 0 5300944896
dbtrace: P 2
dbtrace: A 0 32768 26666729472 0
dbtrace: A 1 32768 26666729472 1
dbtrace: A 2 32768 0 3
dbtrace: A 3 32768 0 2
dbtrace: A 0 20000014336 34456731648 0
dbtrace: A 1 20000014336 34456731648 1
dbtrace: A 2 20000014336 57309396992 3
dbtrace: A 3 20000014336 57309396992 2
dbtrace: N 1
dbtrace: A 0 6666682368 74874781696 0
dbtrace: A 1 6666682368 74874781696 1
dbtrace: A 2 6666682368 50642714624 3
dbtrace: A 3 6666682368 50642714624 2
dbtrace: F 0 26666729472 32768
dbtrace: F 1 26666729472 32768
dbtrace: F 2 0 32768
dbtrace: F 3 0 32768
dbtrace: N 0
dbtrace: A 0 13333364736 54456745984 0
dbtrace: A 1 13333364736 54456745984 1
dbtrace: A 2 13333364736 31967674368 3
dbtrace: A 3 13333364736 31967674368 2
dbtrace: A 0 2777808896 26666729472 0
dbtrace: A 1 2777808896 26666729472 1
dbtrace: A 2 2777808896 45301039104 3
dbtrace: A 3 2777808896 45301039104 2
dbtrace: F 0 26666729472 2777808896
dbtrace: F 1 26666729472 2777808896
dbtrace: F 2 45301039104 2777808896
dbtrace: F 3 45301039104 2777808896
dbtrace: A 0 3888906240 26666729472 0
dbtrace: A 1 3888906240 26666729472 1
dbtrace: A 2 3888906240 45301039104 3
dbtrace: A 3 3888906240 45301039104 2
dbtrace: F 0 26666729472 3888906240
dbtrace: F 1 26666729472 3888906240
dbtrace: F 2 45301039104 3888906240
dbtrace: F 3 45301039104 3888906240
dbtrace: A 0 2777808896 26666729472 0
dbtrace: A 1 2777808896 26666729472 1
dbtrace: A 2 2777808896 45301039104 3
dbtrace: A 3 2777808896 45301039104 2
dbtrace: F 0 26666729472 2777808896
dbtrace: F 1 26666729472 2777808896
dbtrace: F 2 45301039104 2777808896
dbtrace: F 3 45301039104 2777808896
dbtrace: A 0 4126998528 26666729472 0
dbtrace: A 1 4126998528 26666729472 1
dbtrace: A 2 4126998528 45301039104 3
dbtrace: A 3 4126998528 45301039104 2
dbtrace: F 0 26666729472 4126998528
dbtrace: F 1 26666729472 4126998528
dbtrace: F 2 45301039104 4126998528
dbtrace: F 3 45301039104 4126998528
dbtrace: A 0 3888906240 26666729472 0
dbtrace: A 1 3888906240 26666729472 1
dbtrace: A 2 3888906240 45301039104 3
dbtrace: A 3 3888906240 45301039104 2
dbtrace: F 0 26666729472 3888906240
dbtrace: F 1 26666729472 3888906240
dbtrace: F 2 45301039104 3888906240
dbtrace: F 3 45301039104 3888906240
dbtrace: F 0 74874781696 6666682368
dbtrace: F 1 74874781696 6666682368
dbtrace: F 2 50642714624 6666682368
dbtrace: F 3 50642714624 6666682368
dbtrace: F 0 34456731648 20000014336
dbtrace: F 1 34456731648 20000014336
dbtrace: F 2 57309396992 20000014336
dbtrace: F 3 57309396992 20000014336
dbtrace: A 0 13333364736 26666729472 0
dbtrace: A 1 13333364736 26666729472 1
dbtrace: A 2 13333364736 45301039104 3
dbtrace: A 3 13333364736 45301039104 2
dbtrace: F 0 54456745984 13333364736
dbtrace: F 1 54456745984 13333364736
dbtrace: F 2 31967674368 13333364736
dbtrace: F 3 31967674368 13333364736
dbtrace: A 0 26666696704 54937681920 0
dbtrace: A 1 26666696704 54937681920 1
dbtrace: R 2 26666696704 36 13 13 0.540
dbtrace: A 2 26666696704 78560002048 3
dbtrace: R 3 26666696704 36 13 13 0.529
dbtrace: A 3 26666696704 78560002048 2
dbtrace: A 0 4126998528 40000094208 0
dbtrace: A 1 4126998528 40000094208 1
dbtrace: A 2 4126998528 70866960384 3
dbtrace: A 3 4126998528 70866960384 2
dbtrace: F 0 40000094208 4126998528
dbtrace: F 1 40000094208 4126998528
dbtrace: F 2 70866960384 4126998528
dbtrace: F 3 70866960384 4126998528
dbtrace: F 0 26666729472 13333364736
dbtrace: F 1 26666729472 13333364736
dbtrace: F 2 45301039104 13333364736
dbtrace: F 3 45301039104 13333364736
dbtrace: A 0 13333364736 26666729472 0
dbtrace: A 1 13333364736 26666729472 1
dbtrace: A 2 13333364736 45097156608 3
dbtrace: A 3 13333364736 45097156608 2
dbtrace: F 0 54937681920 26666696704
dbtrace: F 1 54937681920 26666696704
dbtrace: F 2 78560002048 26666696704
dbtrace: F 3 78560002048 26666696704
dbtrace: A 0 13333364736 40000094208 0
dbtrace: A 1 13333364736 40000094208 1
dbtrace: A 2 13333364736 70866960384 3
dbtrace: A 3 13333364736 70866960384 2
dbtrace: F 0 0 13333364736
dbtrace: F 1 0 13333364736
dbtrace: F 2 5300944896 13333364736
dbtrace: F 3 5300944896 13333364736
dbtrace: A 0 26666696704 54937681920 0
dbtrace: A 1 26666696704 54937681920 1
dbtrace: R 2 26666696704 49 13 13 0.552
dbtrace: A 2 26666696704 106477289472 3
dbtrace: R 3 26666696704 49 13 13 0.551
dbtrace: A 3 26666696704 106477289472 2
dbtrace: A 0 4126998528 0 0
dbtrace: A 1 4126998528 0 1
dbtrace: A 2 4126998528 100931731456 3
dbtrace: A 3 4126998528 100931731456 2
dbtrace: F 0 0 4126998528
dbtrace: F 1 0 4126998528
dbtrace: F 2 100931731456 4126998528
dbtrace: F 3 100931731456 4126998528
dbtrace: F 0 54937681920 26666696704
dbtrace: F 1 54937681920 26666696704
dbtrace: F 2 106477289472 26666696704
dbtrace: F 3 106477289472 26666696704
dbtrace: F 0 40000094208 13333364736
dbtrace: F 1 40000094208 13333364736
dbtrace: F 2 70866960384 13333364736
dbtrace: F 3 70866960384 13333364736
dbtrace: F 0 13333364736 13333364736
dbtrace: F 1 13333364736 13333364736
dbtrace: F 2 18634309632 13333364736
dbtrace: F 3 18634309632 13333364736
dbtrace: F 0 26666729472 13333364736
dbtrace: F 1 26666729472 13333364736
dbtrace: F 2 45097156608 13333364736
dbtrace: F 3 45097156608 13333364736
