== AS run t2: 20000000000 nw, env: DB_POOL_TRACE=1; job 21615 on ppac-pl1-s24-30, clone at 5ba126f, 2026-09-27 17:31:25 CDT
== ecalc: e to 20000000000 digits (decimal limbs, base 10^18) [computed to the next multiple of 18] ==
META bench=ecalc host=ppac-pl1-s24-30 date=2026-09-27T17:31:26 pool_log=31 stg=7 pw_fuse=14 body=1 engine=1 base=10^18
ECALC_PLANE_CAP: 2^31 points (POOL_LOG=31 RNS_PLANES_3Q30=0 DIST_LOGN_TEST=31)
rns_init: three primes (ECALC_NP=3): c 2^44 + 1, c = 240, 216, 207; at most 58424467928 terms per product
dbig pool: APU2 VMM arena 17.18 GB = 8 chunks of 2.00 GiB, the first 4 mapped in 2.83 s (0.329 s/GB), the rest in the background, VA 53.7 GB reserved at 0x798275e00000
dbig pool: APU1 VMM arena 21.47 GB = 10 chunks of 2.00 GiB, the first 5 mapped in 3.06 s (0.285 s/GB), the rest in the background, VA 66.6 GB reserved at 0x7972f5c00000
dbig pool: APU3 VMM arena 17.18 GB = 8 chunks of 2.00 GiB, the first 3 mapped in 3.62 s (0.562 s/GB), the rest in the background, VA 53.7 GB reserved at 0x7946cb800000
dbig pool: APU0 VMM arena 42.95 GB = 20 chunks of 2.00 GiB, the first 10 mapped in 4.55 s (0.212 s/GB), the rest in the background, VA 131.0 GB reserved at 0x795475a00000
bs: arenas 96.1 GB allocated in 4.55 s (layout pass 0.04 s; dm extra 9.8 GB, tails 18.1 GB)
      init: region pools 4.59 s (inside rns_init, before the plane pools: the seeds stream into them)
      init: rns_init 12.06 s, region pools 0.00 s, the rest 0.00 s
RESULT ecalc init s 12.063
      VmRSS 17.2 GB after init (staging 4.3 GB pinned + device regions 96 GB); init 12.1 s
mem [init] device 199.8 GB in use (per APU 42.9..67.3): planes 103.1, regions 48.8, block pool 47.2 (donated 0.0, borrowed 47.2, hipMalloc 0.0; live 0.0, peak live 0.0, free 0.0), tables 0.61, other 0.0
mem [init] host 17.2 GB RSS (HWM 17.2): staging 14.3 pinned, registered 0.0, X 0.0, digits 0.0, named 0.0, other 2.9
budget: rank 0: peak 217.1 GB (device 199.8, host 17.4), still to take 0.0 GB | node of 1 rank: peaks 217.1 of 480 GB, to take 0.0 of MemAvailable 360.8 GB | rank share 480.0 GB
budget: ECALC_BUDGET_CHECK ok: 1 rank, largest rank peak 217.1 GB, node budget 480 GB
bs: seeds were computed during init (8.97 s: buffers 0.98 + 0.08, spans 4.09, waited 1.33 for the regions, 0.06 for the DMA, 2.43 issuing it (max 0.77); 4 chunks of 4765 MB, 4 through a buffer, the rest stored into the regions; BI_MUL1_FAST=1)
bs: 2243022728 terms, 9117979 spans of 246, seeds 4.04 s (waiting for the init thread)
dbig pool: APU0 VMM arena: the background thread mapped chunks 0..19 in 4.83 s
dbig pool: APU1 VMM arena: the background thread mapped chunks 0..9 in 1.13 s
bs:   layout 1.006  batch 1.043  add+norm 0.026
bs: level  1 batch   4558989 pairs  max_nl        128  pool  17.87 GB  2.07 s  (batch 0.86: scatter 0.08 ntt 0.35 crt 0.04 merge 0.03)
live: bs level 1 batch               pool live 0.00 0.00 0.00 0.00 | window peak 0.00 0.00 0.00 0.00 | pool 1.57 0.78 0.18 0.18 GB per APU; peak/pool 0.0 %; MemAvailable 316.7 GB, Cached 0.6 GB
bs:   layout 0.065  batch 0.383  add+norm 0.012
bs: level  2 batch   2279495 pairs  max_nl        256  pool  17.82 GB  0.46 s  (batch 0.30: scatter 0.03 ntt 0.14 crt 0.04 merge 0.00)
live: bs level 2 batch               pool live 0.00 0.00 0.00 0.00 | window peak 0.00 0.00 0.00 0.00 | pool 1.57 0.78 0.18 0.18 GB per APU; peak/pool 0.0 %; MemAvailable 317.0 GB, Cached 0.6 GB
bs:   layout 0.032  batch 0.206  add+norm 0.007
bs: level  3 batch   1139747 pairs  max_nl        512  pool  17.80 GB  0.25 s  (batch 0.16: scatter 0.01 ntt 0.07 crt 0.04 merge 0.00)
live: bs level 3 batch               pool live 0.00 0.00 0.00 0.00 | window peak 0.00 0.00 0.00 0.00 | pool 1.57 0.78 0.18 0.18 GB per APU; peak/pool 0.0 %; MemAvailable 317.1 GB, Cached 0.6 GB
bs:   layout 0.015  batch 0.167  add+norm 0.003
bs: level  4 batch    569874 pairs  max_nl       1023  pool  17.79 GB  0.18 s  (batch 0.15: scatter 0.01 ntt 0.07 crt 0.03 merge 0.00)
live: bs level 4 batch               pool live 0.00 0.00 0.00 0.00 | window peak 0.00 0.00 0.00 0.00 | pool 1.57 0.78 0.18 0.18 GB per APU; peak/pool 0.0 %; MemAvailable 317.3 GB, Cached 0.6 GB
bs:   layout 0.008  batch 0.153  add+norm 0.002
bs: level  5 batch    284937 pairs  max_nl       2045  pool  17.78 GB  0.16 s  (batch 0.14: scatter 0.01 ntt 0.08 crt 0.03 merge 0.01)
live: bs level 5 batch               pool live 0.00 0.00 0.00 0.00 | window peak 0.00 0.00 0.00 0.00 | pool 1.57 0.78 0.18 0.18 GB per APU; peak/pool 0.0 %; MemAvailable 317.3 GB, Cached 0.6 GB
bs:   layout 0.002  batch 0.210  add+norm 0.001
bs: level  6 batch    142468 pairs  max_nl       4090  pool  17.78 GB  0.21 s  (batch 0.20: scatter 0.01 ntt 0.11 crt 0.03 merge 0.05)
live: bs level 6 batch               pool live 0.00 0.00 0.00 0.00 | window peak 0.00 0.00 0.00 0.00 | pool 1.57 0.78 0.18 0.18 GB per APU; peak/pool 0.0 %; MemAvailable 317.2 GB, Cached 0.6 GB
bs:   layout 0.007  batch 0.155  add+norm 0.000
bs: level  7 batch     71234 pairs  max_nl       8179  pool  17.78 GB  0.16 s  (batch 0.15: scatter 0.01 ntt 0.10 crt 0.03 merge 0.00)
live: bs level 7 batch               pool live 0.00 0.00 0.00 0.00 | window peak 0.00 0.00 0.00 0.00 | pool 1.57 0.78 0.18 0.18 GB per APU; peak/pool 0.0 %; MemAvailable 317.2 GB, Cached 0.6 GB
bs:   layout 0.001  batch 0.159  add+norm 0.000
bs: level  8 batch     35617 pairs  max_nl      16358  pool  17.78 GB  0.16 s  (batch 0.16: scatter 0.01 ntt 0.11 crt 0.04 merge 0.00)
live: bs level 8 batch               pool live 0.00 0.00 0.00 0.00 | window peak 0.00 0.00 0.00 0.00 | pool 1.57 0.78 0.18 0.18 GB per APU; peak/pool 0.0 %; MemAvailable 317.2 GB, Cached 0.6 GB
bs:   layout 0.000  batch 0.156  add+norm 0.000
bs: level  9 batch     17809 pairs  max_nl      32716  pool  17.78 GB  0.16 s  (batch 0.16: scatter 0.01 ntt 0.11 crt 0.04 merge 0.00)
live: bs level 9 batch               pool live 0.00 0.00 0.00 0.00 | window peak 0.00 0.00 0.00 0.00 | pool 1.57 0.78 0.18 0.18 GB per APU; peak/pool 0.0 %; MemAvailable 317.2 GB, Cached 0.6 GB
bs:   layout 0.001  batch 0.152  add+norm 0.000
bs: level 10 batch      8904 pairs  max_nl      65431  pool  17.78 GB  0.15 s  (batch 0.15: scatter 0.01 ntt 0.10 crt 0.04 merge 0.00)
live: bs level 10 batch              pool live 0.00 0.00 0.00 0.00 | window peak 0.00 0.00 0.00 0.00 | pool 1.57 0.78 0.18 0.18 GB per APU; peak/pool 0.0 %; MemAvailable 317.2 GB, Cached 0.6 GB
bs:   layout 0.000  batch 0.158  add+norm 0.000
bs: level 11 batch      4452 pairs  max_nl     130862  pool  17.78 GB  0.16 s  (batch 0.16: scatter 0.01 ntt 0.10 crt 0.04 merge 0.00)
live: bs level 11 batch              pool live 0.00 0.00 0.00 0.00 | window peak 0.00 0.00 0.00 0.00 | pool 1.57 0.78 0.18 0.18 GB per APU; peak/pool 0.0 %; MemAvailable 317.2 GB, Cached 0.6 GB
bs:   layout 0.000  batch 0.161  add+norm 0.000
bs: level 12 batch      2226 pairs  max_nl     261722  pool  17.78 GB  0.16 s  (batch 0.16: scatter 0.01 ntt 0.11 crt 0.04 merge 0.00)
live: bs level 12 batch              pool live 0.00 0.00 0.00 0.00 | window peak 0.00 0.00 0.00 0.00 | pool 1.57 0.78 0.18 0.18 GB per APU; peak/pool 0.0 %; MemAvailable 317.2 GB, Cached 0.6 GB
bs:   layout 0.000  batch 0.202  add+norm 0.000
bs: level 13 batch      1113 pairs  max_nl     523441  pool  17.78 GB  0.20 s  (batch 0.20: scatter 0.01 ntt 0.14 crt 0.05 merge 0.00)
live: bs level 13 batch              pool live 0.00 0.00 0.00 0.00 | window peak 0.00 0.00 0.00 0.00 | pool 1.57 0.78 0.18 0.18 GB per APU; peak/pool 0.0 %; MemAvailable 317.2 GB, Cached 0.6 GB
bs:   layout 0.000  batch 0.201  add+norm 0.000
bs: level 14 batch       557 pairs  max_nl    1046872  pool  17.78 GB  0.20 s  (batch 0.20: scatter 0.01 ntt 0.15 crt 0.04 merge 0.00)
live: bs level 14 batch              pool live 0.00 0.00 0.00 0.00 | window peak 0.00 0.00 0.00 0.00 | pool 1.57 0.78 0.18 0.18 GB per APU; peak/pool 0.0 %; MemAvailable 317.2 GB, Cached 0.6 GB
bs:   layout 0.000  batch 0.211  add+norm 0.000
bs: level 15 batch       278 pairs  max_nl    2093611  pool  17.78 GB  0.21 s  (batch 0.21: scatter 0.01 ntt 0.15 crt 0.04 merge 0.00)
live: bs level 15 batch              pool live 0.00 0.00 0.00 0.00 | window peak 0.00 0.00 0.00 0.00 | pool 1.57 0.78 0.18 0.18 GB per APU; peak/pool 0.0 %; MemAvailable 317.2 GB, Cached 0.6 GB
bs:   layout 0.000  batch 0.205  add+norm 0.000
bs: level 16 batch       139 pairs  max_nl    4187047  pool  17.78 GB  0.21 s  (batch 0.21: scatter 0.01 ntt 0.15 crt 0.04 merge 0.00)
live: bs level 16 batch              pool live 0.00 0.00 0.00 0.00 | window peak 0.00 0.00 0.00 0.00 | pool 1.57 0.78 0.18 0.18 GB per APU; peak/pool 0.0 %; MemAvailable 317.2 GB, Cached 0.6 GB
bs:   layout 0.000  batch 0.215  add+norm 0.000
bs: level 17 batch        70 pairs  max_nl    8373391  pool  17.78 GB  0.21 s  (batch 0.21: scatter 0.01 ntt 0.16 crt 0.04 merge 0.00)
live: bs level 17 batch              pool live 0.00 0.00 0.00 0.00 | window peak 0.00 0.00 0.00 0.00 | pool 1.57 0.78 0.18 0.18 GB per APU; peak/pool 0.0 %; MemAvailable 317.2 GB, Cached 0.6 GB
bs:   layout 0.000  batch 0.209  add+norm 0.000
bs: level 18 batch        35 pairs  max_nl   16738306  pool  17.78 GB  0.21 s  (batch 0.21: scatter 0.01 ntt 0.16 crt 0.04 merge 0.00)
live: bs level 18 batch              pool live 0.00 0.00 0.00 0.00 | window peak 0.00 0.00 0.00 0.00 | pool 1.57 0.78 0.18 0.18 GB per APU; peak/pool 0.0 %; MemAvailable 317.2 GB, Cached 0.6 GB
bs:   layout 0.000  batch 0.239  add+norm 0.000
bs: level 19 batch        17 pairs  max_nl   33442117  pool  17.78 GB  0.24 s  (batch 0.24: scatter 0.01 ntt 0.18 crt 0.04 merge 0.00)
live: bs level 19 batch              pool live 0.00 0.00 0.00 0.00 | window peak 0.00 0.00 0.00 0.00 | pool 1.57 0.78 0.18 0.18 GB per APU; peak/pool 0.0 %; MemAvailable 317.2 GB, Cached 0.6 GB
bs:   layout 0.000  batch 0.363  add+norm 0.000
bs: level 20 batch         9 pairs  max_nl   66837077  pool  17.78 GB  0.36 s  (batch 0.36: scatter 0.06 ntt 0.26 crt 0.05 merge 0.00)
live: bs level 20 batch              pool live 0.00 0.00 0.00 0.00 | window peak 0.00 0.00 0.00 0.00 | pool 1.57 0.78 0.18 0.18 GB per APU; peak/pool 0.0 %; MemAvailable 317.2 GB, Cached 0.6 GB
bs:   layout 0.000  batch 0.493  add+norm 0.002
bs: level 21 batch         4 pairs  max_nl  133077311  pool  17.78 GB  0.50 s  (batch 0.49: scatter 0.10 ntt 0.36 crt 0.13 merge 0.00)
live: bs level 21 batch              pool live 0.00 0.00 0.00 0.00 | window peak 0.00 0.00 0.00 0.00 | pool 1.57 0.78 0.18 0.18 GB per APU; peak/pool 0.0 %; MemAvailable 317.3 GB, Cached 0.6 GB
bs:   layout 0.000  batch 0.495  add+norm 0.026
bs: level 22 batch         2 pairs  max_nl  265262477  pool  17.78 GB  0.52 s  (batch 0.50: scatter 0.11 ntt 0.36 crt 0.14 merge 0.00)
live: bs level 22 batch              pool live 0.00 0.00 0.00 0.00 | window peak 0.00 0.00 0.00 0.00 | pool 1.57 0.78 0.18 0.18 GB per APU; peak/pool 0.0 %; MemAvailable 317.3 GB, Cached 0.6 GB
bs:   layout 0.000  batch 0.560  add+norm 0.026
bs: level 23 batch         1 pairs  max_nl  526295368  pool  17.78 GB  0.59 s  (batch 0.56: scatter 0.11 ntt 0.31 crt 0.14 merge 0.00)
live: bs level 23 batch              pool live 0.00 0.00 0.00 0.00 | window peak 0.00 0.00 0.00 0.00 | pool 1.57 0.78 0.18 0.18 GB per APU; peak/pool 0.0 %; MemAvailable 317.3 GB, Cached 0.6 GB
dbig pool: APU2 VMM arena: the background thread mapped chunks 0..7 in 5.18 s
dbig pool: APU3 VMM arena: the background thread mapped chunks 0..7 in 3.96 s
bs: level 24 mdev          1 pairs  max_nl 1018079361  pool  17.78 GB  1.16 s  (batch 0.00: scatter 0.00 ntt 0.00 crt 0.00 merge 0.00)
live: bs level 24 mdev               pool live 4.44 4.44 4.44 4.44 | window peak 4.44 4.44 4.44 4.44 | pool 42.95 21.47 17.18 17.18 GB per APU; peak/pool 18.0 %; MemAvailable 316.6 GB, Cached 0.6 GB
bs       12.99 s   N 2243022728, P 1111111115 limbs, Q 1111111115 limbs (seeds 4.0 school 0.0 batch 7.7 mdev 1.2; pool 20.0 GB; dev pools 0.0 GB)   VmRSS 9.0 GB, VmHWM 18.4 GB
RESULT ecalc bs s 12.994
mem [bs] device 202.5 GB in use (per APU 43.1..68.9): planes 103.1, regions 0.0, block pool 98.8 (donated 0.0, borrowed 98.8, hipMalloc 0.0; live 17.8, peak live 17.8, free 81.0), tables 0.61, other 0.0
mem [bs] host 9.0 GB RSS (HWM 18.4): staging 4.3 pinned, registered 0.1, X 0.0, digits 0.0, named 0.0, other 4.6
      I3: plane pool tails donated: 0.0 GB
live: recip(db) j 2 -> 3             pool live 11.11 11.11 11.11 11.11 | window peak 11.11 11.11 11.11 11.11 | pool 42.95 21.47 17.18 17.18 GB per APU; peak/pool 45.0 %; MemAvailable 318.8 GB, Cached 0.6 GB
live: recip(db) j 3 -> 5             pool live 11.11 11.11 11.11 11.11 | window peak 11.11 11.11 11.11 11.11 | pool 42.95 21.47 17.18 17.18 GB per APU; peak/pool 45.0 %; MemAvailable 318.8 GB, Cached 0.6 GB
live: recip(db) j 5 -> 9             pool live 11.11 11.11 11.11 11.11 | window peak 11.11 11.11 11.11 11.11 | pool 42.95 21.47 17.18 17.18 GB per APU; peak/pool 45.0 %; MemAvailable 318.8 GB, Cached 0.6 GB
live: recip(db) j 9 -> 17            pool live 11.11 11.11 11.11 11.11 | window peak 11.11 11.11 11.11 11.11 | pool 42.95 21.47 17.18 17.18 GB per APU; peak/pool 45.0 %; MemAvailable 318.8 GB, Cached 0.6 GB
live: recip(db) j 17 -> 34           pool live 11.11 11.11 11.11 11.11 | window peak 11.11 11.11 11.11 11.11 | pool 42.95 21.47 17.18 17.18 GB per APU; peak/pool 45.0 %; MemAvailable 318.8 GB, Cached 0.6 GB
live: recip(db) j 34 -> 67           pool live 11.11 11.11 11.11 11.11 | window peak 11.11 11.11 11.11 11.11 | pool 42.95 21.47 17.18 17.18 GB per APU; peak/pool 45.0 %; MemAvailable 318.8 GB, Cached 0.6 GB
live: recip(db) j 67 -> 133          pool live 11.11 11.11 11.11 11.11 | window peak 11.11 11.11 11.11 11.11 | pool 42.95 21.47 17.18 17.18 GB per APU; peak/pool 45.0 %; MemAvailable 318.8 GB, Cached 0.6 GB
live: recip(db) j 133 -> 265         pool live 11.11 11.11 11.11 11.11 | window peak 11.11 11.11 11.11 11.11 | pool 42.95 21.47 17.18 17.18 GB per APU; peak/pool 45.0 %; MemAvailable 318.8 GB, Cached 0.6 GB
live: recip(db) j 265 -> 530         pool live 11.11 11.11 11.11 11.11 | window peak 11.11 11.11 11.11 11.11 | pool 42.95 21.47 17.18 17.18 GB per APU; peak/pool 45.0 %; MemAvailable 318.8 GB, Cached 0.6 GB
live: recip(db) j 530 -> 1060        pool live 11.11 11.11 11.11 11.11 | window peak 11.11 11.11 11.11 11.11 | pool 42.95 21.47 17.18 17.18 GB per APU; peak/pool 45.0 %; MemAvailable 318.8 GB, Cached 0.6 GB
live: recip(db) j 1060 -> 2120       pool live 11.11 11.11 11.11 11.11 | window peak 11.11 11.11 11.11 11.11 | pool 42.95 21.47 17.18 17.18 GB per APU; peak/pool 45.0 %; MemAvailable 318.8 GB, Cached 0.6 GB
live: recip(db) j 2120 -> 4239       pool live 11.11 11.11 11.11 11.11 | window peak 11.11 11.11 11.11 11.11 | pool 42.95 21.47 17.18 17.18 GB per APU; peak/pool 45.0 %; MemAvailable 318.8 GB, Cached 0.6 GB
live: recip(db) j 4239 -> 8478       pool live 11.11 11.11 11.11 11.11 | window peak 11.11 11.11 11.11 11.11 | pool 42.95 21.47 17.18 17.18 GB per APU; peak/pool 45.0 %; MemAvailable 318.8 GB, Cached 0.6 GB
live: recip(db) j 8478 -> 16955      pool live 11.11 11.11 11.11 11.11 | window peak 11.11 11.11 11.11 11.11 | pool 42.95 21.47 17.18 17.18 GB per APU; peak/pool 45.0 %; MemAvailable 318.8 GB, Cached 0.6 GB
live: recip(db) j 16955 -> 33909     pool live 11.11 11.11 11.11 11.11 | window peak 11.11 11.11 11.11 11.11 | pool 42.95 21.47 17.18 17.18 GB per APU; peak/pool 45.0 %; MemAvailable 318.8 GB, Cached 0.6 GB
live: recip(db) j 33909 -> 67817     pool live 11.11 11.11 11.11 11.11 | window peak 11.11 11.11 11.11 11.11 | pool 42.95 21.47 17.18 17.18 GB per APU; peak/pool 45.0 %; MemAvailable 318.8 GB, Cached 0.6 GB
live: recip(db) j 67817 -> 135634    pool live 11.11 11.11 11.11 11.11 | window peak 11.11 11.11 11.11 11.11 | pool 42.95 21.47 17.18 17.18 GB per APU; peak/pool 45.0 %; MemAvailable 318.8 GB, Cached 0.6 GB
live: recip(db) j 135634 -> 271268   pool live 11.11 11.11 11.11 11.11 | window peak 11.11 11.11 11.11 11.11 | pool 42.95 21.47 17.18 17.18 GB per APU; peak/pool 45.0 %; MemAvailable 318.8 GB, Cached 0.6 GB
live: recip(db) j 271268 -> 542535   pool live 11.11 11.11 11.11 11.11 | window peak 11.11 11.11 11.11 11.11 | pool 42.95 21.47 17.18 17.18 GB per APU; peak/pool 45.0 %; MemAvailable 318.8 GB, Cached 0.6 GB
live: recip(db) j 542535 -> 1085070  pool live 11.11 11.11 11.11 11.11 | window peak 11.11 11.11 11.11 11.11 | pool 42.95 21.47 17.18 17.18 GB per APU; peak/pool 45.0 %; MemAvailable 318.8 GB, Cached 0.6 GB
live: recip(db) j 1085070 -> 2170139 pool live 11.11 11.11 11.11 11.11 | window peak 11.11 11.11 11.11 11.11 | pool 42.95 21.47 17.18 17.18 GB per APU; peak/pool 45.0 %; MemAvailable 318.8 GB, Cached 0.6 GB
live: recip(db) j 2170139 -> 4340278 pool live 11.11 11.11 11.11 11.11 | window peak 11.11 11.11 11.11 11.11 | pool 42.95 21.47 17.18 17.18 GB per APU; peak/pool 45.0 %; MemAvailable 318.8 GB, Cached 0.6 GB
live: recip(db) j 4340278 -> 8680556 pool live 11.11 11.11 11.11 11.11 | window peak 11.11 11.11 11.11 11.11 | pool 42.95 21.47 17.18 17.18 GB per APU; peak/pool 45.0 %; MemAvailable 318.8 GB, Cached 0.6 GB
live: recip(db) j 8680556 -> 17361112 pool live 11.11 11.11 11.11 11.11 | window peak 11.11 11.11 11.11 11.11 | pool 42.95 21.47 17.18 17.18 GB per APU; peak/pool 45.0 %; MemAvailable 318.8 GB, Cached 0.6 GB
live: recip(db) j 17361112 -> 34722223 pool live 11.11 11.11 11.11 11.11 | window peak 11.11 11.11 11.11 11.11 | pool 42.95 21.47 17.18 17.18 GB per APU; peak/pool 45.0 %; MemAvailable 318.8 GB, Cached 0.6 GB
live: recip(db) j 34722223 -> 69444445 pool live 11.11 11.11 11.11 11.11 | window peak 11.11 11.11 11.11 11.11 | pool 42.95 21.47 17.18 17.18 GB per APU; peak/pool 45.0 %; MemAvailable 318.8 GB, Cached 0.6 GB
live: recip(db) j 69444445 -> 138888890 pool live 11.11 11.11 11.11 11.11 | window peak 11.11 11.11 11.11 11.11 | pool 42.95 21.47 17.18 17.18 GB per APU; peak/pool 45.0 %; MemAvailable 318.8 GB, Cached 0.6 GB
live: recip(db) j 138888890 -> 277777779 pool live 11.11 11.11 11.11 11.11 | window peak 11.11 11.11 11.11 11.11 | pool 42.95 21.47 17.18 17.18 GB per APU; peak/pool 45.0 %; MemAvailable 318.8 GB, Cached 0.6 GB
live: recip(db) j 277777779 -> 555555557 pool live 11.11 11.11 11.11 11.11 | window peak 11.11 11.11 11.11 11.11 | pool 42.95 21.47 17.18 17.18 GB per APU; peak/pool 45.0 %; MemAvailable 318.8 GB, Cached 0.6 GB
live: recip(db) j 555555557 -> 1111111114 pool live 11.11 11.11 11.11 11.11 | window peak 11.11 11.11 11.11 11.11 | pool 42.95 21.47 17.18 17.18 GB per APU; peak/pool 45.0 %; MemAvailable 318.5 GB, Cached 0.6 GB
recip     3.72 s   mu 1111111115 limbs (30 iterations, 0 mdev)   VmRSS 6.9 GB, VmHWM 18.4 GB
mem [recip] device 202.5 GB in use (per APU 43.1..68.9): planes 103.1, regions 0.0, block pool 98.8 (donated 0.0, borrowed 98.8, hipMalloc 0.0; live 26.7, peak live 44.4, free 72.1), tables 0.61, other 0.0
mem [recip] host 6.9 GB RSS (HWM 18.4): staging 0.0 pinned, registered 0.1, X 0.0, digits 0.0, named 0.0, other 6.9
      I3: P, Q residues by kernel 0.28 s (before the reciprocal), S = P + Q on device 0.03 s; no host A
10dP      0.03 s   T 1111111112 limbs, A 2222222227 limbs (0 mdev, 0 splits)   VmRSS 6.9 GB, VmHWM 18.4 GB
RESULT ecalc 10dP s 0.0305019
  T2 window@50 ok
  T2 window@1000000 ok
  T2 window@100000000 ok
  T2 window@1000000000 ok
live: divmod(dev) end                pool live 6.67 6.67 6.67 6.67 | window peak 14.07 14.07 14.07 14.07 | pool 42.95 21.47 17.18 17.18 GB per APU; peak/pool 57.0 %; MemAvailable 318.1 GB, Cached 0.6 GB
mem [division] device 202.5 GB in use (per APU 43.1..68.9): planes 103.1, regions 0.0, block pool 98.8 (donated 0.0, borrowed 98.8, hipMalloc 0.0; live 8.9, peak live 56.3, free 89.9), tables 0.61, other 0.0
mem [division] host 7.3 GB RSS (HWM 18.4): staging 0.0 pinned, registered 0.1, X 0.0, digits 0.0, named 0.0, other 7.3
dm        8.32 s   X 1111111113 limbs, R 0 limbs (recip 3.7 s; corrections 0/0; 0 mdev); X on the device   VmRSS 7.3 GB, VmHWM 18.4 GB
mem [dm] device 202.5 GB in use (per APU 43.1..68.9): planes 103.1, regions 0.0, block pool 98.8 (donated 0.0, borrowed 98.8, hipMalloc 0.0; live 8.9, peak live 56.3, free 89.9), tables 0.61, other 0.0
mem [dm] host 7.3 GB RSS (HWM 18.4): staging 0.0 pinned, registered 0.1, X 0.0, digits 0.0, named 0.0, other 7.3
RESULT ecalc dm s 8.31954
  T1 q0=4611686018427388039: P ok, Q ok, T(P+Q) == XQ+R ok
  T1 q1=4611686018427388073: P ok, Q ok, T(P+Q) == XQ+R ok
  T1 q2=4611686018427388081: P ok, Q ok, T(P+Q) == XQ+R ok
  T1 q3=4611686018427388091: P ok, Q ok, T(P+Q) == XQ+R ok
  T1 q4=4611686018427388093: P ok, Q ok, T(P+Q) == XQ+R ok
  T1 q5=4611686018427388097: P ok, Q ok, T(P+Q) == XQ+R ok
  T1 q6=4611686018427388157: P ok, Q ok, T(P+Q) == XQ+R ok
  T1 q7=4611686018427388181: P ok, Q ok, T(P+Q) == XQ+R ok
T1        0.00 s   ok: T(P+Q) == XQ + R and P, Q mod q for 8 primes (P, Q recurrence overlapped with bs)
      overlapped with bs: P, Q mod q recurrence 2.47 s, block pool pregrown by 0 GB in 0.00 s
RESULT ecalc T1 s 1.975e-05
      VmRSS 7.3 GB before dc
total    33.45 s   (bs 13.0 + 10dP 0.0 + dm 8.3 + T1 0.0 + dc 0.0 + T2 0.0 = 21.3; init 12.1; other 0.0); VmHWM 18.4 GB
RESULT ecalc total s 33.451
RESULT ecalc phases s 21.3441
RESULT ecalc other s 0.0438112
RESULT ecalc vmhwm GB 18.4343
paper A22 (4e10): 285.7 = bs 112.2 + 10dP 12.6 + dm 46.8 + T1 ~3 + dc 110.3
      patch: X +0 after the formatting started (ECALC_CORR_PATCH): nothing to patch; 0 deferred windows; 0.002 s
  T1 q0: digits == X ok
  T1 q1: digits == X ok
  T1 q2: digits == X ok
  T1 q3: digits == X ok
  T1 q4: digits == X ok
  T1 q5: digits == X ok
  T1 q6: digits == X ok
  T1 q7: digits == X ok
dc        0.01 s   digits [0, 20000000017) of 20000000017 formatted from 1111111113 decimal limbs in 75 chunks (streamed with the low product; joined after total) (residues 0.15, format 0.17, digit residue 0.64, T2 0.29, fetch 0.41, waiting for the writer 0.00)
RESULT ecalc dc s 0.00919205
T2        0.00 s   windows ok (4 checked), digits == X mod q ok (overlapped)
RESULT ecalc T2 s 0
digits: 27182818284590452353602874713526624977572470936999595749669676...65732733135574538679
VERIFY OK
dbig pool: APU0 tail 4.52 GB: 1 large blocks from its back, 0 small blocks spilled into it
dbig pool: APU1 tail 4.52 GB: 1 large blocks from its back, 0 small blocks spilled into it
dbig pool: APU2 tail 4.52 GB: 1 large blocks from its back, 0 small blocks spilled into it
dbig pool: APU3 tail 4.52 GB: 1 large blocks from its back, 0 small blocks spilled into it
mem [end] device 103.7 GB in use (per APU 25.9..25.9): planes 103.1, regions 0.0, block pool 0.0 (donated 0.0, borrowed 0.0, hipMalloc 0.0; live 0.0, peak live 56.3, free 0.0), tables 0.61, other 0.0
mem [end] host 7.0 GB RSS (HWM 18.4): staging 0.0 pinned, registered 0.1, X 0.0, digits 0.0, named 0.0, other 6.9
mem summary: bytes in use at each phase boundary, GB (device: all APUs / largest APU; host: this process)
mem phase           device  maxAPU |  planes regions  pl:don  pl:bor  pl:hip pl:live pl:peak tables |    host staging  regist       X  digits   other     HWM
mem init             199.8    67.3 |   103.1    48.8     0.0    47.2     0.0     0.0     0.0   0.61 |    17.2    14.3     0.0     0.0     0.0     2.9    17.2
mem bs               202.5    68.9 |   103.1     0.0     0.0    98.8     0.0    17.8    17.8   0.61 |     9.0     4.3     0.1     0.0     0.0     4.6    18.4
mem recip            202.5    68.9 |   103.1     0.0     0.0    98.8     0.0    26.7    44.4   0.61 |     6.9     0.0     0.1     0.0     0.0     6.9    18.4
mem division         202.5    68.9 |   103.1     0.0     0.0    98.8     0.0     8.9    56.3   0.61 |     7.3     0.0     0.1     0.0     0.0     7.3    18.4
mem dm               202.5    68.9 |   103.1     0.0     0.0    98.8     0.0     8.9    56.3   0.61 |     7.3     0.0     0.1     0.0     0.0     7.3    18.4
mem end              103.7    25.9 |   103.1     0.0     0.0     0.0     0.0     0.0    56.3   0.61 |     7.0     0.0     0.1     0.0     0.0     6.9    18.4
dbig pool: APU0 VMM arena released (0 remaps of 0 chunks in 0.00 s, 0 growths of 0 chunks)
dbig pool: APU1 VMM arena released (0 remaps of 0 chunks in 0.00 s, 0 growths of 0 chunks)
dbig pool: APU2 VMM arena released (0 remaps of 0 chunks in 0.00 s, 0 growths of 0 chunks)
dbig pool: APU3 VMM arena released (0 remaps of 0 chunks in 0.00 s, 0 growths of 0 chunks)
rns_dist: RNS_STRATEGY=auto form B: C 1 products 0.84 s, B 67 products 5.43 s, B4 0 products 0.00 s; extra plane memory 0.00 GiB/APU (allocations 0.00 s)

real	0m35.174s
user	0m0.005s
sys	0m0.019s
