dbtrace: P 1
dbtrace: V 2 28624027648 2147483648 14 43 0
dbtrace: V 3 28621930496 2147483648 14 43 1
dbtrace: V 1 41376808960 2147483648 20 61 2
dbtrace: V 0 41376808960 2147483648 20 61 3
dbtrace: I 2 28624027648 1440743424 0
dbtrace: I 0 41376808960 1572864000 3
dbtrace: I 1 41376808960 1572864000 2
dbtrace: I 3 28621930496 1442840576 1
dbtrace: I 0 0 20688404480 3
dbtrace: I 1 0 20688404480 2
dbtrace: I 2 0 12931039232 0
dbtrace: I 3 0 11232346112 1
dbtrace: A 0 4084989952 0 3
dbtrace: A 1 4084989952 0 2
dbtrace: A 2 4084989952 0 0
dbtrace: A 3 4084989952 0 1
dbtrace: A 0 4084989952 4084989952 3
dbtrace: A 1 4084989952 4084989952 2
dbtrace: A 2 4084989952 4084989952 0
dbtrace: A 3 4084989952 4084989952 1
dbtrace: A 0 359497728 41376808960 3
dbtrace: A 1 359497728 41376808960 2
dbtrace: A 2 359497728 28624027648 0
dbtrace: A 3 359497728 28621930496 1
dbtrace: A 0 359497728 41736306688 3
dbtrace: A 1 359497728 41736306688 2
dbtrace: A 2 359497728 28983525376 0
dbtrace: A 3 359497728 28981428224 1
dbtrace: I 0 20688404480 20688404480 3
dbtrace: T 0 32348569600 9028239360 5642374400
dbtrace: I 1 20688404480 20688404480 2
dbtrace: T 1 32348569600 9028239360 5642374400
dbtrace: I 2 12931039232 15692988416 0
dbtrace: T 2 19595788288 9028239360 5642374400
dbtrace: I 3 11232346112 17389584384 1
dbtrace: T 3 19593691136 9028239360 5642374400
dbtrace: A 0 4444454912 8169979904 3
dbtrace: A 1 4444454912 8169979904 2
dbtrace: A 2 4444454912 8169979904 0
dbtrace: A 3 4444454912 8169979904 1
dbtrace: A 0 2401959936 12614434816 3
dbtrace: A 1 2401959936 12614434816 2
dbtrace: A 2 2401959936 12614434816 0
dbtrace: A 3 2401959936 12614434816 1
dbtrace: F 0 12614434816 2401959936
dbtrace: F 1 12614434816 2401959936
dbtrace: F 2 12614434816 2401959936
dbtrace: F 3 12614434816 2401959936
dbtrace: F 0 0 4084989952
dbtrace: F 1 0 4084989952
dbtrace: F 2 0 4084989952
dbtrace: F 3 0 4084989952
dbtrace: F 0 41376808960 359497728
dbtrace: F 1 41376808960 359497728
dbtrace: F 2 28624027648 359497728
dbtrace: F 3 28621930496 359497728
dbtrace: A 0 4444454912 12614434816 3
dbtrace: A 1 4444454912 12614434816 2
dbtrace: A 2 4444454912 12614434816 0
dbtrace: A 3 4444454912 12614434816 1
dbtrace: A 0 2401959936 0 3
dbtrace: A 1 2401959936 0 2
dbtrace: A 2 2401959936 17058889728 0
dbtrace: A 3 2401959936 17058889728 1
dbtrace: F 0 0 2401959936
dbtrace: F 1 0 2401959936
dbtrace: F 2 17058889728 2401959936
dbtrace: F 3 17058889728 2401959936
dbtrace: F 0 4084989952 4084989952
dbtrace: F 1 4084989952 4084989952
dbtrace: F 2 4084989952 4084989952
dbtrace: F 3 4084989952 4084989952
dbtrace: F 0 41736306688 359497728
dbtrace: F 1 41736306688 359497728
dbtrace: F 2 28983525376 359497728
dbtrace: F 3 28981428224 359497728
dbtrace: P 2
dbtrace: A 0 32768 0 3
dbtrace: A 1 32768 0 2
dbtrace: A 2 32768 17058889728 0
dbtrace: A 3 32768 17058889728 1
dbtrace: A 0 6666682368 25681887232 3
dbtrace: A 1 6666682368 25681887232 2
dbtrace: A 2 6666682368 1503297536 0
dbtrace: A 3 6666682368 1503297536 1
dbtrace: N 1
dbtrace: A 0 2222227456 39154581504 3
dbtrace: A 1 2222227456 39154581504 2
dbtrace: A 2 2222227456 26401800192 0
dbtrace: A 3 2222227456 26399703040 1
dbtrace: F 0 0 32768
dbtrace: F 1 0 32768
dbtrace: F 2 17058889728 32768
dbtrace: F 3 17058889728 32768
dbtrace: N 0
dbtrace: A 0 4444454912 0 3
dbtrace: A 1 4444454912 0 2
dbtrace: A 2 4444454912 17058889728 0
dbtrace: A 3 4444454912 17058889728 1
dbtrace: A 0 3703734272 4444454912 3
dbtrace: A 1 3703734272 4444454912 2
dbtrace: A 2 3703734272 21503344640 0
dbtrace: A 3 3703734272 21503344640 1
dbtrace: F 0 4444454912 3703734272
dbtrace: F 1 4444454912 3703734272
dbtrace: F 2 21503344640 3703734272
dbtrace: F 3 21503344640 3703734272
dbtrace: A 0 2962980864 4444454912 3
dbtrace: A 1 2962980864 4444454912 2
dbtrace: A 2 2962980864 21503344640 0
dbtrace: A 3 2962980864 21503344640 1
dbtrace: F 0 4444454912 2962980864
dbtrace: F 1 4444454912 2962980864
dbtrace: F 2 21503344640 2962980864
dbtrace: F 3 21503344640 2962980864
dbtrace: F 0 39154581504 2222227456
dbtrace: F 1 39154581504 2222227456
dbtrace: F 2 26401800192 2222227456
dbtrace: F 3 26399703040 2222227456
dbtrace: F 0 25681887232 6666682368
dbtrace: F 1 25681887232 6666682368
dbtrace: F 2 1503297536 6666682368
dbtrace: F 3 1503297536 6666682368
dbtrace: A 0 4444454912 17058889728 3
dbtrace: A 1 4444454912 17058889728 2
dbtrace: A 2 4444454912 0 0
dbtrace: A 3 4444454912 0 1
dbtrace: F 0 0 4444454912
dbtrace: F 1 0 4444454912
dbtrace: F 2 17058889728 4444454912
dbtrace: F 3 17058889728 4444454912
dbtrace: A 0 8888909824 23459659776 3
dbtrace: A 1 8888909824 23459659776 2
dbtrace: A 2 8888909824 21175861248 0
dbtrace: A 3 8888909824 21175861248 1
dbtrace: A 0 3703734272 0 3
dbtrace: A 1 3703734272 0 2
dbtrace: A 2 3703734272 4444454912 0
dbtrace: A 3 3703734272 4444454912 1
dbtrace: F 0 0 3703734272
dbtrace: F 1 0 3703734272
dbtrace: F 2 4444454912 3703734272
dbtrace: F 3 4444454912 3703734272
dbtrace: F 0 17058889728 4444454912
dbtrace: F 1 17058889728 4444454912
dbtrace: F 2 0 4444454912
dbtrace: F 3 0 4444454912
dbtrace: A 0 4444454912 17058889728 3
dbtrace: A 1 4444454912 17058889728 2
dbtrace: A 2 4444454912 0 0
dbtrace: A 3 4444454912 0 1
dbtrace: F 0 23459659776 8888909824
dbtrace: F 1 23459659776 8888909824
dbtrace: F 2 21175861248 8888909824
dbtrace: F 3 21175861248 8888909824
dbtrace: A 0 4444454912 0 3
dbtrace: A 1 4444454912 0 2
dbtrace: A 2 4444454912 17058889728 0
dbtrace: A 3 4444454912 17058889728 1
dbtrace: F 0 8169979904 4444454912
dbtrace: F 1 8169979904 4444454912
dbtrace: F 2 8169979904 4444454912
dbtrace: F 3 8169979904 4444454912
dbtrace: A 0 8888909824 23459659776 3
dbtrace: A 1 8888909824 23459659776 2
dbtrace: R 2 8888909824 11 5 5 0.219
dbtrace: A 2 8888909824 25470828544 0
dbtrace: R 3 8888909824 11 5 5 0.217
dbtrace: A 3 8888909824 25470828544 1
dbtrace: A 0 3703734272 4444454912 3
dbtrace: A 1 3703734272 4444454912 2
dbtrace: A 2 3703734272 21503344640 0
dbtrace: A 3 3703734272 21503344640 1
dbtrace: F 0 4444454912 3703734272
dbtrace: F 1 4444454912 3703734272
dbtrace: F 2 21503344640 3703734272
dbtrace: F 3 21503344640 3703734272
dbtrace: F 0 23459659776 8888909824
dbtrace: F 1 23459659776 8888909824
dbtrace: F 2 25470828544 8888909824
dbtrace: F 3 25470828544 8888909824
dbtrace: F 0 0 4444454912
dbtrace: F 1 0 4444454912
dbtrace: F 2 17058889728 4444454912
dbtrace: F 3 17058889728 4444454912
dbtrace: F 0 12614434816 4444454912
dbtrace: F 1 12614434816 4444454912
dbtrace: F 2 12614434816 4444454912
dbtrace: F 3 12614434816 4444454912
dbtrace: F 0 17058889728 4444454912
dbtrace: F 1 17058889728 4444454912
dbtrace: F 2 0 4444454912
dbtrace: F 3 0 4444454912
