dbtrace: P 1
dbtrace: V 2 57686360064 2147483648 27 82 0
dbtrace: V 1 57684262912 2147483648 27 82 1
dbtrace: V 3 57684262912 2147483648 27 82 2
dbtrace: V 0 77603012608 2147483648 37 112 3
dbtrace: I 3 57684262912 297795584 2
dbtrace: I 1 57684262912 297795584 1
dbtrace: I 0 77603012608 1853882368 3
dbtrace: I 2 57686360064 295698432 0
dbtrace: I 0 0 38801506304 3
dbtrace: I 1 0 28533850112 1
dbtrace: I 2 0 25671237632 0
dbtrace: I 3 0 25149046784 2
dbtrace: A 0 3924000768 0 3
dbtrace: A 1 3924000768 0 1
dbtrace: A 2 3924000768 0 0
dbtrace: A 3 3924000768 0 2
dbtrace: A 0 3924000768 3924000768 3
dbtrace: A 1 3924000768 3924000768 1
dbtrace: A 2 3924000768 3924000768 0
dbtrace: A 3 3924000768 3924000768 2
dbtrace: A 0 4182147072 7848001536 3
dbtrace: A 1 4182147072 7848001536 1
dbtrace: A 2 4182147072 7848001536 0
dbtrace: A 3 4182147072 7848001536 2
dbtrace: A 0 4182147072 12030148608 3
dbtrace: A 1 4182147072 12030148608 1
dbtrace: A 2 4182147072 12030148608 0
dbtrace: A 3 4182147072 12030148608 2
dbtrace: A 0 1893892096 16212295680 3
dbtrace: A 1 1893892096 16212295680 1
dbtrace: A 2 1893892096 16212295680 0
dbtrace: A 3 1893892096 16212295680 2
dbtrace: A 0 1893892096 18106187776 3
dbtrace: A 1 1893892096 18106187776 1
dbtrace: A 2 1893892096 18106187776 0
dbtrace: A 3 1893892096 18106187776 2
dbtrace: I 0 38801506304 38801506304 3
dbtrace: T 0 57289998336 20313014272 12695321600
dbtrace: I 1 28533850112 29150412800 1
dbtrace: T 1 37371248640 20313014272 12695321600
dbtrace: I 2 25671237632 32015122432 0
dbtrace: T 2 37373345792 20313014272 12695321600
dbtrace: I 3 25149046784 32535216128 2
dbtrace: T 3 37371248640 20313014272 12695321600
dbtrace: A 0 8106147840 20000079872 3
dbtrace: A 1 8106147840 20000079872 1
dbtrace: A 2 8106147840 20000079872 0
dbtrace: A 3 8106147840 20000079872 2
dbtrace: A 0 4053073920 28106227712 3
dbtrace: A 1 4053073920 28106227712 1
dbtrace: A 2 4053073920 28106227712 0
dbtrace: A 3 4053073920 28106227712 2
dbtrace: F 0 28106227712 4053073920
dbtrace: F 1 28106227712 4053073920
dbtrace: F 2 28106227712 4053073920
dbtrace: F 3 28106227712 4053073920
dbtrace: F 0 0 3924000768
dbtrace: F 1 0 3924000768
dbtrace: F 2 0 3924000768
dbtrace: F 3 0 3924000768
dbtrace: F 0 7848001536 4182147072
dbtrace: F 1 7848001536 4182147072
dbtrace: F 2 7848001536 4182147072
dbtrace: F 3 7848001536 4182147072
dbtrace: A 0 8106147840 28106227712 3
dbtrace: A 1 8106147840 28106227712 1
dbtrace: A 2 8106147840 28106227712 0
dbtrace: A 3 8106147840 28106227712 2
dbtrace: A 0 4053073920 7848001536 3
dbtrace: A 1 4053073920 7848001536 1
dbtrace: A 2 4053073920 7848001536 0
dbtrace: A 3 4053073920 7848001536 2
dbtrace: F 0 7848001536 4053073920
dbtrace: F 1 7848001536 4053073920
dbtrace: F 2 7848001536 4053073920
dbtrace: F 3 7848001536 4053073920
dbtrace: F 0 3924000768 3924000768
dbtrace: F 1 3924000768 3924000768
dbtrace: F 2 3924000768 3924000768
dbtrace: F 3 3924000768 3924000768
dbtrace: F 0 12030148608 4182147072
dbtrace: F 1 12030148608 4182147072
dbtrace: F 2 12030148608 4182147072
dbtrace: F 3 12030148608 4182147072
dbtrace: A 0 10000007168 0 3
dbtrace: A 1 10000007168 0 1
dbtrace: A 2 10000007168 0 0
dbtrace: A 3 10000007168 0 2
dbtrace: A 0 3920429056 10000007168 3
dbtrace: A 1 3920429056 10000007168 1
dbtrace: A 2 3920429056 10000007168 0
dbtrace: A 3 3920429056 10000007168 2
dbtrace: F 0 10000007168 3920429056
dbtrace: F 1 10000007168 3920429056
dbtrace: F 2 10000007168 3920429056
dbtrace: F 3 10000007168 3920429056
dbtrace: F 0 20000079872 8106147840
dbtrace: F 1 20000079872 8106147840
dbtrace: F 2 20000079872 8106147840
dbtrace: F 3 20000079872 8106147840
dbtrace: F 0 16212295680 1893892096
dbtrace: F 1 16212295680 1893892096
dbtrace: F 2 16212295680 1893892096
dbtrace: F 3 16212295680 1893892096
dbtrace: A 0 10000007168 36212375552 3
dbtrace: A 1 10000007168 36212375552 1
dbtrace: A 2 10000007168 36212375552 0
dbtrace: A 3 10000007168 36212375552 2
dbtrace: A 0 3920429056 20000079872 3
dbtrace: A 1 3920429056 20000079872 1
dbtrace: A 2 3920429056 20000079872 0
dbtrace: A 3 3920429056 20000079872 2
dbtrace: F 0 20000079872 3920429056
dbtrace: F 1 20000079872 3920429056
dbtrace: F 2 20000079872 3920429056
dbtrace: F 3 20000079872 3920429056
dbtrace: F 0 28106227712 8106147840
dbtrace: F 1 28106227712 8106147840
dbtrace: F 2 28106227712 8106147840
dbtrace: F 3 28106227712 8106147840
dbtrace: F 0 18106187776 1893892096
dbtrace: F 1 18106187776 1893892096
dbtrace: F 2 18106187776 1893892096
dbtrace: F 3 18106187776 1893892096
dbtrace: P 2
dbtrace: A 0 32768 46212382720 3
dbtrace: A 1 32768 46212382720 1
dbtrace: A 2 32768 46212382720 0
dbtrace: A 3 32768 46212382720 2
dbtrace: A 0 15000010752 21212364800 3
dbtrace: A 1 15000010752 21212364800 1
dbtrace: A 2 15000010752 21212364800 0
dbtrace: A 3 15000010752 21212364800 2
dbtrace: N 1
dbtrace: A 0 5000003584 72603009024 3
dbtrace: A 1 5000003584 52684259328 1
dbtrace: A 2 5000003584 52686356480 0
dbtrace: A 3 5000003584 52684259328 2
dbtrace: F 0 46212382720 32768
dbtrace: F 1 46212382720 32768
dbtrace: F 2 46212382720 32768
dbtrace: F 3 46212382720 32768
dbtrace: N 0
dbtrace: A 0 10000007168 46212382720 3
dbtrace: A 1 10000007168 10000007168 1
dbtrace: A 2 10000007168 10000007168 0
dbtrace: A 3 10000007168 10000007168 2
dbtrace: A 0 4166680576 10000007168 3
dbtrace: A 1 4166680576 46212382720 1
dbtrace: A 2 4166680576 46212382720 0
dbtrace: A 3 4166680576 46212382720 2
dbtrace: F 0 10000007168 4166680576
dbtrace: F 1 46212382720 4166680576
dbtrace: F 2 46212382720 4166680576
dbtrace: F 3 46212382720 4166680576
dbtrace: A 0 3750002688 10000007168 3
dbtrace: A 1 3750002688 46212382720 1
dbtrace: A 2 3750002688 46212382720 0
dbtrace: A 3 3750002688 46212382720 2
dbtrace: F 0 10000007168 3750002688
dbtrace: F 1 46212382720 3750002688
dbtrace: F 2 46212382720 3750002688
dbtrace: F 3 46212382720 3750002688
dbtrace: A 0 4166680576 10000007168 3
dbtrace: A 1 4166680576 46212382720 1
dbtrace: A 2 4166680576 46212382720 0
dbtrace: A 3 4166680576 46212382720 2
dbtrace: F 0 10000007168 4166680576
dbtrace: F 1 46212382720 4166680576
dbtrace: F 2 46212382720 4166680576
dbtrace: F 3 46212382720 4166680576
dbtrace: A 0 4166680576 10000007168 3
dbtrace: A 1 4166680576 46212382720 1
dbtrace: A 2 4166680576 46212382720 0
dbtrace: A 3 4166680576 46212382720 2
dbtrace: F 0 10000007168 4166680576
dbtrace: F 1 46212382720 4166680576
dbtrace: F 2 46212382720 4166680576
dbtrace: F 3 46212382720 4166680576
dbtrace: F 0 72603009024 5000003584
dbtrace: F 1 52684259328 5000003584
dbtrace: F 2 52686356480 5000003584
dbtrace: F 3 52684259328 5000003584
dbtrace: F 0 21212364800 15000010752
dbtrace: F 1 21212364800 15000010752
dbtrace: F 2 21212364800 15000010752
dbtrace: F 3 21212364800 15000010752
dbtrace: A 0 10000007168 10000007168 3
dbtrace: A 1 10000007168 20000014336 1
dbtrace: A 2 10000007168 20000014336 0
dbtrace: A 3 10000007168 20000014336 2
dbtrace: F 0 46212382720 10000007168
dbtrace: F 1 10000007168 10000007168
dbtrace: F 2 10000007168 10000007168
dbtrace: F 3 10000007168 10000007168
dbtrace: A 0 20000014336 59456880640 3
dbtrace: R 1 20000014336 27 10 10 0.421
dbtrace: A 1 20000014336 59456880640 1
dbtrace: R 2 20000014336 27 10 10 0.395
dbtrace: A 2 20000014336 59456880640 0
dbtrace: R 3 20000014336 27 10 10 0.415
dbtrace: A 3 20000014336 59456880640 2
dbtrace: A 0 4166680576 46212382720 3
dbtrace: R 1 4166680576 5 1 2 0.295
dbtrace: A 1 4166680576 10000007168 1
dbtrace: R 2 4166680576 5 1 2 0.306
dbtrace: A 2 4166680576 10000007168 0
dbtrace: R 3 4166680576 5 1 2 0.240
dbtrace: A 3 4166680576 10000007168 2
dbtrace: F 0 46212382720 4166680576
dbtrace: F 1 10000007168 4166680576
dbtrace: F 2 10000007168 4166680576
dbtrace: F 3 10000007168 4166680576
dbtrace: F 0 10000007168 10000007168
dbtrace: F 1 20000014336 10000007168
dbtrace: F 2 20000014336 10000007168
dbtrace: F 3 20000014336 10000007168
dbtrace: A 0 10000007168 46212382720 3
dbtrace: A 1 10000007168 19327352832 1
dbtrace: A 2 10000007168 19327352832 0
dbtrace: A 3 10000007168 19327352832 2
dbtrace: F 0 59456880640 20000014336
dbtrace: F 1 59456880640 20000014336
dbtrace: F 2 59456880640 20000014336
dbtrace: F 3 59456880640 20000014336
dbtrace: A 0 10000007168 10000007168 3
dbtrace: A 1 10000007168 57982058496 1
dbtrace: A 2 10000007168 57982058496 0
dbtrace: A 3 10000007168 57982058496 2
dbtrace: F 0 0 10000007168
dbtrace: F 1 0 10000007168
dbtrace: F 2 0 10000007168
dbtrace: F 3 0 10000007168
dbtrace: A 0 20000014336 59456880640 3
dbtrace: R 1 20000014336 37 10 10 0.426
dbtrace: A 1 20000014336 80931717120 1
dbtrace: R 2 20000014336 37 10 10 0.434
dbtrace: A 2 20000014336 80931717120 0
dbtrace: R 3 20000014336 37 10 10 0.421
dbtrace: A 3 20000014336 80931717120 2
dbtrace: A 0 4166680576 0 3
dbtrace: A 1 4166680576 75161927680 1
dbtrace: A 2 4166680576 75161927680 0
dbtrace: A 3 4166680576 75161927680 2
dbtrace: F 0 0 4166680576
dbtrace: F 1 75161927680 4166680576
dbtrace: F 2 75161927680 4166680576
dbtrace: F 3 75161927680 4166680576
dbtrace: F 0 59456880640 20000014336
dbtrace: F 1 80931717120 20000014336
dbtrace: F 2 80931717120 20000014336
dbtrace: F 3 80931717120 20000014336
dbtrace: F 0 10000007168 10000007168
dbtrace: F 1 57982058496 10000007168
dbtrace: F 2 57982058496 10000007168
dbtrace: F 3 57982058496 10000007168
dbtrace: F 0 36212375552 10000007168
dbtrace: F 1 36212375552 10000007168
dbtrace: F 2 36212375552 10000007168
dbtrace: F 3 36212375552 10000007168
dbtrace: F 0 46212382720 10000007168
dbtrace: F 1 19327352832 10000007168
dbtrace: F 2 19327352832 10000007168
dbtrace: F 3 19327352832 10000007168
