dbtrace: P 1
dbtrace: V 3 70866960384 2147483648 33 100 0
dbtrace: V 1 70866960384 2147483648 33 100 1
dbtrace: V 2 70866960384 2147483648 33 100 2
dbtrace: V 0 83751862272 2147483648 39 118 3
dbtrace: I 0 0 41072721920 3
dbtrace: I 1 0 34726739968 1
dbtrace: I 2 0 30805065728 2
dbtrace: I 3 0 29272047616 0
dbtrace: A 0 3906142208 0 3
dbtrace: A 1 3906142208 0 1
dbtrace: A 2 3906142208 0 2
dbtrace: A 3 3906142208 0 0
dbtrace: A 0 3906142208 3906142208 3
dbtrace: A 1 3906142208 3906142208 1
dbtrace: A 2 3906142208 3906142208 2
dbtrace: A 3 3906142208 3906142208 0
dbtrace: A 0 4163141632 7812284416 3
dbtrace: A 1 4163141632 7812284416 1
dbtrace: A 2 4163141632 7812284416 2
dbtrace: A 3 4163141632 7812284416 0
dbtrace: A 0 4163141632 11975426048 3
dbtrace: A 1 4163141632 11975426048 1
dbtrace: A 2 4163141632 11975426048 2
dbtrace: A 3 4163141632 11975426048 0
dbtrace: A 0 3597402112 16138567680 3
dbtrace: A 1 3597402112 16138567680 1
dbtrace: A 2 3597402112 16138567680 2
dbtrace: A 3 3597402112 16138567680 0
dbtrace: A 0 3597402112 19735969792 3
dbtrace: A 1 3597402112 19735969792 1
dbtrace: A 2 3597402112 19735969792 2
dbtrace: A 3 3597402112 19735969792 0
dbtrace: I 0 41072721920 42679140352 3
dbtrace: T 0 60051947520 23699914752 14811222400
dbtrace: I 1 34726739968 36140220416 1
dbtrace: T 1 47167045632 23699914752 14811222400
dbtrace: I 2 30805065728 40061894656 2
dbtrace: T 2 47167045632 23699914752 14811222400
dbtrace: I 3 29272047616 41594912768 0
dbtrace: T 3 47167045632 23699914752 14811222400
dbtrace: A 0 8069283840 23333371904 3
dbtrace: A 1 8069283840 23333371904 1
dbtrace: A 2 8069283840 23333371904 2
dbtrace: A 3 8069283840 23333371904 0
dbtrace: A 0 4034658304 31402655744 3
dbtrace: A 1 4034658304 31402655744 1
dbtrace: A 2 4034658304 31402655744 2
dbtrace: A 3 4034658304 31402655744 0
dbtrace: F 0 31402655744 4034658304
dbtrace: F 1 31402655744 4034658304
dbtrace: F 2 31402655744 4034658304
dbtrace: F 3 31402655744 4034658304
dbtrace: F 0 0 3906142208
dbtrace: F 1 0 3906142208
dbtrace: F 2 0 3906142208
dbtrace: F 3 0 3906142208
dbtrace: F 0 7812284416 4163141632
dbtrace: F 1 7812284416 4163141632
dbtrace: F 2 7812284416 4163141632
dbtrace: F 3 7812284416 4163141632
dbtrace: A 0 8069283840 31402655744 3
dbtrace: A 1 8069283840 31402655744 1
dbtrace: A 2 8069283840 31402655744 2
dbtrace: A 3 8069283840 31402655744 0
dbtrace: A 0 4034658304 7812284416 3
dbtrace: A 1 4034658304 7812284416 1
dbtrace: A 2 4034658304 7812284416 2
dbtrace: A 3 4034658304 7812284416 0
dbtrace: F 0 7812284416 4034658304
dbtrace: F 1 7812284416 4034658304
dbtrace: F 2 7812284416 4034658304
dbtrace: F 3 7812284416 4034658304
dbtrace: F 0 3906142208 3906142208
dbtrace: F 1 3906142208 3906142208
dbtrace: F 2 3906142208 3906142208
dbtrace: F 3 3906142208 3906142208
dbtrace: F 0 11975426048 4163141632
dbtrace: F 1 11975426048 4163141632
dbtrace: F 2 11975426048 4163141632
dbtrace: F 3 11975426048 4163141632
dbtrace: A 0 11666685952 0 3
dbtrace: A 1 11666685952 0 1
dbtrace: A 2 11666685952 0 2
dbtrace: A 3 11666685952 0 0
dbtrace: A 0 3816030208 11666685952 3
dbtrace: A 1 3816030208 11666685952 1
dbtrace: A 2 3816030208 11666685952 2
dbtrace: A 3 3816030208 11666685952 0
dbtrace: F 0 11666685952 3816030208
dbtrace: F 1 11666685952 3816030208
dbtrace: F 2 11666685952 3816030208
dbtrace: F 3 11666685952 3816030208
dbtrace: F 0 23333371904 8069283840
dbtrace: F 1 23333371904 8069283840
dbtrace: F 2 23333371904 8069283840
dbtrace: F 3 23333371904 8069283840
dbtrace: F 0 16138567680 3597402112
dbtrace: F 1 16138567680 3597402112
dbtrace: F 2 16138567680 3597402112
dbtrace: F 3 16138567680 3597402112
dbtrace: A 0 11666685952 39471939584 3
dbtrace: A 1 11666685952 59200274432 1
dbtrace: A 2 11666685952 59200274432 2
dbtrace: A 3 11666685952 59200274432 0
dbtrace: A 0 3816030208 11666685952 3
dbtrace: A 1 3816030208 39471939584 1
dbtrace: A 2 3816030208 39471939584 2
dbtrace: A 3 3816030208 39471939584 0
dbtrace: F 0 11666685952 3816030208
dbtrace: F 1 39471939584 3816030208
dbtrace: F 2 39471939584 3816030208
dbtrace: F 3 39471939584 3816030208
dbtrace: F 0 31402655744 8069283840
dbtrace: F 1 31402655744 8069283840
dbtrace: F 2 31402655744 8069283840
dbtrace: F 3 31402655744 8069283840
dbtrace: F 0 19735969792 3597402112
dbtrace: F 1 19735969792 3597402112
dbtrace: F 2 19735969792 3597402112
dbtrace: F 3 19735969792 3597402112
dbtrace: P 2
dbtrace: A 0 32768 51138625536 3
dbtrace: A 1 32768 11666685952 1
dbtrace: A 2 32768 11666685952 2
dbtrace: A 3 32768 11666685952 0
dbtrace: A 0 17500012544 66251849728 3
dbtrace: A 1 17500012544 29667033088 1
dbtrace: A 2 17500012544 29667033088 2
dbtrace: A 3 17500012544 29667033088 0
dbtrace: N 1
dbtrace: A 0 5833359360 60418490368 3
dbtrace: A 1 5833359360 53366915072 1
dbtrace: A 2 5833359360 53366915072 2
dbtrace: A 3 5833359360 53366915072 0
dbtrace: F 0 51138625536 32768
dbtrace: F 1 11666685952 32768
dbtrace: F 2 11666685952 32768
dbtrace: F 3 11666685952 32768
dbtrace: N 0
dbtrace: A 0 11666685952 11666685952 3
dbtrace: A 1 11666685952 11666685952 1
dbtrace: A 2 11666685952 11666685952 2
dbtrace: A 3 11666685952 11666685952 0
dbtrace: A 0 2916679680 51138625536 3
dbtrace: A 1 2916679680 23333371904 1
dbtrace: A 2 2916679680 23333371904 2
dbtrace: A 3 2916679680 23333371904 0
dbtrace: F 0 51138625536 2916679680
dbtrace: F 1 23333371904 2916679680
dbtrace: F 2 23333371904 2916679680
dbtrace: F 3 23333371904 2916679680
dbtrace: A 0 4083351552 51138625536 3
dbtrace: A 1 4083351552 23333371904 1
dbtrace: A 2 4083351552 23333371904 2
dbtrace: A 3 4083351552 23333371904 0
dbtrace: F 0 51138625536 4083351552
dbtrace: F 1 23333371904 4083351552
dbtrace: F 2 23333371904 4083351552
dbtrace: F 3 23333371904 4083351552
dbtrace: A 0 2916679680 51138625536 3
dbtrace: A 1 2916679680 23333371904 1
dbtrace: A 2 2916679680 23333371904 2
dbtrace: A 3 2916679680 23333371904 0
dbtrace: F 0 51138625536 2916679680
dbtrace: F 1 23333371904 2916679680
dbtrace: F 2 23333371904 2916679680
dbtrace: F 3 23333371904 2916679680
dbtrace: A 0 4277796864 51138625536 3
dbtrace: A 1 4277796864 23333371904 1
dbtrace: A 2 4277796864 23333371904 2
dbtrace: A 3 4277796864 23333371904 0
dbtrace: F 0 51138625536 4277796864
dbtrace: F 1 23333371904 4277796864
dbtrace: F 2 23333371904 4277796864
dbtrace: F 3 23333371904 4277796864
dbtrace: A 0 3888906240 51138625536 3
dbtrace: A 1 3888906240 23333371904 1
dbtrace: A 2 3888906240 23333371904 2
dbtrace: A 3 3888906240 23333371904 0
dbtrace: F 0 51138625536 3888906240
dbtrace: F 1 23333371904 3888906240
dbtrace: F 2 23333371904 3888906240
dbtrace: F 3 23333371904 3888906240
dbtrace: F 0 60418490368 5833359360
dbtrace: F 1 53366915072 5833359360
dbtrace: F 2 53366915072 5833359360
dbtrace: F 3 53366915072 5833359360
dbtrace: F 0 66251849728 17500012544
dbtrace: F 1 29667033088 17500012544
dbtrace: F 2 29667033088 17500012544
dbtrace: F 3 29667033088 17500012544
dbtrace: A 0 11666685952 23333371904 3
dbtrace: A 1 11666685952 23333371904 1
dbtrace: A 2 11666685952 23333371904 2
dbtrace: A 3 11666685952 23333371904 0
dbtrace: F 0 11666685952 11666685952
dbtrace: F 1 11666685952 11666685952
dbtrace: F 2 11666685952 11666685952
dbtrace: F 3 11666685952 11666685952
dbtrace: A 0 23333339136 60418523136 3
dbtrace: A 1 23333339136 35866935296 1
dbtrace: A 2 23333339136 35866935296 2
dbtrace: A 3 23333339136 35866935296 0
dbtrace: A 0 4277796864 35000057856 3
dbtrace: A 1 4277796864 11666685952 1
dbtrace: A 2 4277796864 11666685952 2
dbtrace: A 3 4277796864 11666685952 0
dbtrace: F 0 35000057856 4277796864
dbtrace: F 1 11666685952 4277796864
dbtrace: F 2 11666685952 4277796864
dbtrace: F 3 11666685952 4277796864
dbtrace: F 0 23333371904 11666685952
dbtrace: F 1 23333371904 11666685952
dbtrace: F 2 23333371904 11666685952
dbtrace: F 3 23333371904 11666685952
dbtrace: A 0 11666685952 11666685952 3
dbtrace: A 1 11666685952 11666685952 1
dbtrace: A 2 11666685952 11666685952 2
dbtrace: A 3 11666685952 11666685952 0
dbtrace: F 0 60418523136 23333339136
dbtrace: F 1 35866935296 23333339136
dbtrace: F 2 35866935296 23333339136
dbtrace: F 3 35866935296 23333339136
dbtrace: A 0 11666685952 23333371904 3
dbtrace: A 1 11666685952 23333371904 1
dbtrace: A 2 11666685952 23333371904 2
dbtrace: A 3 11666685952 23333371904 0
dbtrace: F 0 0 11666685952
dbtrace: F 1 0 11666685952
dbtrace: F 2 0 11666685952
dbtrace: F 3 0 11666685952
dbtrace: A 0 23333339136 60418523136 3
dbtrace: A 1 23333339136 35866935296 1
dbtrace: A 2 23333339136 35866935296 2
dbtrace: A 3 23333339136 35866935296 0
dbtrace: A 0 4277796864 35000057856 3
dbtrace: A 1 4277796864 0 1
dbtrace: A 2 4277796864 0 2
dbtrace: A 3 4277796864 0 0
dbtrace: F 0 35000057856 4277796864
dbtrace: F 1 0 4277796864
dbtrace: F 2 0 4277796864
dbtrace: F 3 0 4277796864
dbtrace: F 0 60418523136 23333339136
dbtrace: F 1 35866935296 23333339136
dbtrace: F 2 35866935296 23333339136
dbtrace: F 3 35866935296 23333339136
dbtrace: F 0 23333371904 11666685952
dbtrace: F 1 23333371904 11666685952
dbtrace: F 2 23333371904 11666685952
dbtrace: F 3 23333371904 11666685952
dbtrace: F 0 39471939584 11666685952
dbtrace: F 1 59200274432 11666685952
dbtrace: F 2 59200274432 11666685952
dbtrace: F 3 59200274432 11666685952
dbtrace: F 0 11666685952 11666685952
dbtrace: F 1 11666685952 11666685952
dbtrace: F 2 11666685952 11666685952
dbtrace: F 3 11666685952 11666685952
