dbtrace: P 1
dbtrace: V 1 81604378624 2147483648 38 115 0
dbtrace: V 3 75161927680 2147483648 35 106 1
dbtrace: V 2 75161927680 2147483648 35 106 2
dbtrace: V 0 83751862272 2147483648 39 118 3
dbtrace: I 0 0 41072721920 3
dbtrace: I 1 0 40047214592 0
dbtrace: I 2 0 30805065728 2
dbtrace: I 3 0 30603739136 1
dbtrace: A 0 3906142208 0 3
dbtrace: A 1 3906142208 0 0
dbtrace: A 2 3906142208 0 2
dbtrace: A 3 3906142208 0 1
dbtrace: A 0 3906142208 3906142208 3
dbtrace: A 1 3906142208 3906142208 0
dbtrace: A 2 3906142208 3906142208 2
dbtrace: A 3 3906142208 3906142208 1
dbtrace: A 0 4163141632 7812284416 3
dbtrace: A 1 4163141632 7812284416 0
dbtrace: A 2 4163141632 7812284416 2
dbtrace: A 3 4163141632 7812284416 1
dbtrace: A 0 4163141632 11975426048 3
dbtrace: A 1 4163141632 11975426048 0
dbtrace: A 2 4163141632 11975426048 2
dbtrace: A 3 4163141632 11975426048 1
dbtrace: A 0 4152983552 16138567680 3
dbtrace: A 1 4152983552 16138567680 0
dbtrace: A 2 4152983552 16138567680 2
dbtrace: A 3 4152983552 16138567680 1
dbtrace: A 0 4152983552 20291551232 3
dbtrace: A 1 4152983552 20291551232 0
dbtrace: A 2 4152983552 20291551232 2
dbtrace: A 3 4152983552 20291551232 1
dbtrace: I 0 41072721920 42679140352 3
dbtrace: T 0 58923679744 24828182528 15516508800
dbtrace: I 1 40047214592 41557164032 0
dbtrace: T 1 56776196096 24828182528 15516508800
dbtrace: I 2 30805065728 44356861952 2
dbtrace: T 2 50333745152 24828182528 15516508800
dbtrace: I 3 30603739136 44558188544 1
dbtrace: T 3 50333745152 24828182528 15516508800
dbtrace: A 0 8069283840 24444534784 3
dbtrace: A 1 8069283840 24444534784 0
dbtrace: A 2 8069283840 24444534784 2
dbtrace: A 3 8069283840 24444534784 1
dbtrace: A 0 4034658304 32513818624 3
dbtrace: A 1 4034658304 32513818624 0
dbtrace: A 2 4034658304 32513818624 2
dbtrace: A 3 4034658304 32513818624 1
dbtrace: F 0 32513818624 4034658304
dbtrace: F 1 32513818624 4034658304
dbtrace: F 2 32513818624 4034658304
dbtrace: F 3 32513818624 4034658304
dbtrace: F 0 0 3906142208
dbtrace: F 1 0 3906142208
dbtrace: F 2 0 3906142208
dbtrace: F 3 0 3906142208
dbtrace: F 0 7812284416 4163141632
dbtrace: F 1 7812284416 4163141632
dbtrace: F 2 7812284416 4163141632
dbtrace: F 3 7812284416 4163141632
dbtrace: A 0 8069283840 32513818624 3
dbtrace: A 1 8069283840 32513818624 0
dbtrace: A 2 8069283840 32513818624 2
dbtrace: A 3 8069283840 32513818624 1
dbtrace: A 0 4034658304 7812284416 3
dbtrace: A 1 4034658304 7812284416 0
dbtrace: A 2 4034658304 7812284416 2
dbtrace: A 3 4034658304 7812284416 1
dbtrace: F 0 7812284416 4034658304
dbtrace: F 1 7812284416 4034658304
dbtrace: F 2 7812284416 4034658304
dbtrace: F 3 7812284416 4034658304
dbtrace: F 0 3906142208 3906142208
dbtrace: F 1 3906142208 3906142208
dbtrace: F 2 3906142208 3906142208
dbtrace: F 3 3906142208 3906142208
dbtrace: F 0 11975426048 4163141632
dbtrace: F 1 11975426048 4163141632
dbtrace: F 2 11975426048 4163141632
dbtrace: F 3 11975426048 4163141632
dbtrace: A 0 12222234624 0 3
dbtrace: A 1 12222234624 0 0
dbtrace: A 2 12222234624 0 2
dbtrace: A 3 12222234624 0 1
dbtrace: A 0 4093804544 40583102464 3
dbtrace: A 1 4093804544 40583102464 0
dbtrace: A 2 4093804544 40583102464 2
dbtrace: A 3 4093804544 40583102464 1
dbtrace: F 0 40583102464 4093804544
dbtrace: F 1 40583102464 4093804544
dbtrace: F 2 40583102464 4093804544
dbtrace: F 3 40583102464 4093804544
dbtrace: F 0 24444534784 8069283840
dbtrace: F 1 24444534784 8069283840
dbtrace: F 2 24444534784 8069283840
dbtrace: F 3 24444534784 8069283840
dbtrace: F 0 16138567680 4152983552
dbtrace: F 1 16138567680 4152983552
dbtrace: F 2 16138567680 4152983552
dbtrace: F 3 16138567680 4152983552
dbtrace: A 0 12222234624 40583102464 3
dbtrace: A 1 12222234624 40583102464 0
dbtrace: A 2 12222234624 62939693056 2
dbtrace: A 3 12222234624 62939693056 1
dbtrace: A 0 4093804544 52805337088 3
dbtrace: A 1 4093804544 24444534784 0
dbtrace: A 2 4093804544 24444534784 2
dbtrace: A 3 4093804544 24444534784 1
dbtrace: F 0 52805337088 4093804544
dbtrace: F 1 24444534784 4093804544
dbtrace: F 2 24444534784 4093804544
dbtrace: F 3 24444534784 4093804544
dbtrace: F 0 32513818624 8069283840
dbtrace: F 1 32513818624 8069283840
dbtrace: F 2 32513818624 8069283840
dbtrace: F 3 32513818624 8069283840
dbtrace: F 0 20291551232 4152983552
dbtrace: F 1 20291551232 4152983552
dbtrace: F 2 20291551232 4152983552
dbtrace: F 3 20291551232 4152983552
dbtrace: P 2
dbtrace: A 0 32768 52805337088 3
dbtrace: A 1 32768 52805337088 0
dbtrace: A 2 32768 12222234624 2
dbtrace: A 3 32768 12222234624 1
dbtrace: A 0 18333335552 65418526720 3
dbtrace: A 1 18333335552 63271043072 0
dbtrace: A 2 18333335552 32000409600 2
dbtrace: A 3 18333335552 32000409600 1
dbtrace: N 1
dbtrace: A 0 6111133696 59307393024 3
dbtrace: A 1 6111133696 57159909376 0
dbtrace: A 2 6111133696 56828559360 2
dbtrace: A 3 6111133696 56828559360 1
dbtrace: F 0 52805337088 32768
dbtrace: F 1 52805337088 32768
dbtrace: F 2 12222234624 32768
dbtrace: F 3 12222234624 32768
dbtrace: N 0
dbtrace: A 0 12222234624 12222234624 3
dbtrace: A 1 12222234624 12222234624 0
dbtrace: A 2 12222234624 12222234624 2
dbtrace: A 3 12222234624 12222234624 1
dbtrace: A 0 3055583232 52805337088 3
dbtrace: A 1 3055583232 52805337088 0
dbtrace: A 2 3055583232 24444469248 2
dbtrace: A 3 3055583232 24444469248 1
dbtrace: F 0 52805337088 3055583232
dbtrace: F 1 52805337088 3055583232
dbtrace: F 2 24444469248 3055583232
dbtrace: F 3 24444469248 3055583232
dbtrace: A 0 4277796864 52805337088 3
dbtrace: A 1 4277796864 24444469248 0
dbtrace: A 2 4277796864 24444469248 2
dbtrace: A 3 4277796864 24444469248 1
dbtrace: F 0 52805337088 4277796864
dbtrace: F 1 24444469248 4277796864
dbtrace: F 2 24444469248 4277796864
dbtrace: F 3 24444469248 4277796864
dbtrace: A 0 3055583232 52805337088 3
dbtrace: A 1 3055583232 52805337088 0
dbtrace: A 2 3055583232 24444469248 2
dbtrace: A 3 3055583232 24444469248 1
dbtrace: F 0 52805337088 3055583232
dbtrace: F 1 52805337088 3055583232
dbtrace: F 2 24444469248 3055583232
dbtrace: F 3 24444469248 3055583232
dbtrace: A 0 4074078208 52805337088 3
dbtrace: A 1 4074078208 24444469248 0
dbtrace: A 2 4074078208 24444469248 2
dbtrace: A 3 4074078208 24444469248 1
dbtrace: F 0 52805337088 4074078208
dbtrace: F 1 24444469248 4074078208
dbtrace: F 2 24444469248 4074078208
dbtrace: F 3 24444469248 4074078208
dbtrace: A 0 4074078208 52805337088 3
dbtrace: A 1 4074078208 24444469248 0
dbtrace: A 2 4074078208 24444469248 2
dbtrace: A 3 4074078208 24444469248 1
dbtrace: F 0 52805337088 4074078208
dbtrace: F 1 24444469248 4074078208
dbtrace: F 2 24444469248 4074078208
dbtrace: F 3 24444469248 4074078208
dbtrace: F 0 59307393024 6111133696
dbtrace: F 1 57159909376 6111133696
dbtrace: F 2 56828559360 6111133696
dbtrace: F 3 56828559360 6111133696
dbtrace: F 0 65418526720 18333335552
dbtrace: F 1 63271043072 18333335552
dbtrace: F 2 32000409600 18333335552
dbtrace: F 3 32000409600 18333335552
dbtrace: A 0 12222234624 24444469248 3
dbtrace: A 1 12222234624 24444469248 0
dbtrace: A 2 12222234624 24444469248 2
dbtrace: A 3 12222234624 24444469248 1
dbtrace: F 0 12222234624 12222234624
dbtrace: F 1 12222234624 12222234624
dbtrace: F 2 12222234624 12222234624
dbtrace: F 3 12222234624 12222234624
dbtrace: A 0 24444469248 59307393024 3
dbtrace: A 1 24444469248 57159909376 0
dbtrace: A 2 24444469248 38495223808 2
dbtrace: A 3 24444469248 38495223808 1
dbtrace: A 0 4190502912 52805337088 3
dbtrace: A 1 4190502912 12222234624 0
dbtrace: A 2 4190502912 12222234624 2
dbtrace: A 3 4190502912 12222234624 1
dbtrace: F 0 52805337088 4190502912
dbtrace: F 1 12222234624 4190502912
dbtrace: F 2 12222234624 4190502912
dbtrace: F 3 12222234624 4190502912
dbtrace: F 0 24444469248 12222234624
dbtrace: F 1 24444469248 12222234624
dbtrace: F 2 24444469248 12222234624
dbtrace: F 3 24444469248 12222234624
dbtrace: A 0 12222234624 12222234624 3
dbtrace: A 1 12222234624 12222234624 0
dbtrace: A 2 12222234624 12222234624 2
dbtrace: A 3 12222234624 12222234624 1
dbtrace: F 0 59307393024 24444469248
dbtrace: F 1 57159909376 24444469248
dbtrace: F 2 38495223808 24444469248
dbtrace: F 3 38495223808 24444469248
dbtrace: A 0 12222234624 24444469248 3
dbtrace: A 1 12222234624 24444469248 0
dbtrace: A 2 12222234624 24444469248 2
dbtrace: A 3 12222234624 24444469248 1
dbtrace: F 0 0 12222234624
dbtrace: F 1 0 12222234624
dbtrace: F 2 0 12222234624
dbtrace: F 3 0 12222234624
dbtrace: A 0 24444469248 59307393024 3
dbtrace: A 1 24444469248 57159909376 0
dbtrace: A 2 24444469248 38495223808 2
dbtrace: A 3 24444469248 38495223808 1
dbtrace: A 0 4190502912 52805337088 3
dbtrace: A 1 4190502912 0 0
dbtrace: A 2 4190502912 0 2
dbtrace: A 3 4190502912 0 1
dbtrace: F 0 52805337088 4190502912
dbtrace: F 1 0 4190502912
dbtrace: F 2 0 4190502912
dbtrace: F 3 0 4190502912
dbtrace: F 0 59307393024 24444469248
dbtrace: F 1 57159909376 24444469248
dbtrace: F 2 38495223808 24444469248
dbtrace: F 3 38495223808 24444469248
dbtrace: F 0 24444469248 12222234624
dbtrace: F 1 24444469248 12222234624
dbtrace: F 2 24444469248 12222234624
dbtrace: F 3 24444469248 12222234624
dbtrace: F 0 40583102464 12222234624
dbtrace: F 1 40583102464 12222234624
dbtrace: F 2 62939693056 12222234624
dbtrace: F 3 62939693056 12222234624
dbtrace: F 0 12222234624 12222234624
dbtrace: F 1 12222234624 12222234624
dbtrace: F 2 12222234624 12222234624
dbtrace: F 3 12222234624 12222234624
