dbtrace: P 1
dbtrace: V 3 25769803776 2147483648 12 37 0
dbtrace: V 2 25769803776 2147483648 12 37 1
dbtrace: V 1 25769803776 2147483648 12 37 2
dbtrace: V 0 40802189312 2147483648 19 58 3
dbtrace: I 0 0 20386414592 3
dbtrace: I 1 0 12775849984 2
dbtrace: I 2 0 10194255872 1
dbtrace: I 3 0 8306819072 0
dbtrace: A 0 3333357568 0 3
dbtrace: A 1 3333357568 0 2
dbtrace: A 2 3333357568 0 1
dbtrace: A 3 3333357568 0 0
dbtrace: A 0 3333357568 3333357568 3
dbtrace: A 1 3333357568 3333357568 2
dbtrace: A 2 3333357568 3333357568 1
dbtrace: A 3 3333357568 3333357568 0
dbtrace: I 0 20386414592 20415774720 3
dbtrace: T 0 34030485504 6771703808 4231780800
dbtrace: I 1 12775849984 12993953792 2
dbtrace: T 1 18998099968 6771703808 4231780800
dbtrace: I 2 10194255872 15575547904 1
dbtrace: T 2 18998099968 6771703808 4231780800
dbtrace: I 3 8306819072 17462984704 0
dbtrace: T 3 18998099968 6771703808 4231780800
dbtrace: P 2
dbtrace: A 0 32768 6666715136 3
dbtrace: A 1 32768 6666715136 2
dbtrace: A 2 32768 6666715136 1
dbtrace: A 3 32768 6666715136 0
dbtrace: A 0 5000003584 35802185728 3
dbtrace: A 1 5000003584 20769800192 2
dbtrace: A 2 5000003584 20769800192 1
dbtrace: A 3 5000003584 20769800192 0
dbtrace: N 1
dbtrace: A 0 1666678784 34135506944 3
dbtrace: A 1 1666678784 19103121408 2
dbtrace: A 2 1666678784 19103121408 1
dbtrace: A 3 1666678784 19103121408 0
dbtrace: F 0 6666715136 32768
dbtrace: F 1 6666715136 32768
dbtrace: F 2 6666715136 32768
dbtrace: F 3 6666715136 32768
dbtrace: N 0
dbtrace: A 0 3333357568 6666715136 3
dbtrace: A 1 3333357568 6666715136 2
dbtrace: A 2 3333357568 6666715136 1
dbtrace: A 3 3333357568 6666715136 0
dbtrace: A 0 2777808896 10000072704 3
dbtrace: A 1 2777808896 10000072704 2
dbtrace: A 2 2777808896 10000072704 1
dbtrace: A 3 2777808896 10000072704 0
dbtrace: F 0 10000072704 2777808896
dbtrace: F 1 10000072704 2777808896
dbtrace: F 2 10000072704 2777808896
dbtrace: F 3 10000072704 2777808896
dbtrace: F 0 34135506944 1666678784
dbtrace: F 1 19103121408 1666678784
dbtrace: F 2 19103121408 1666678784
dbtrace: F 3 19103121408 1666678784
dbtrace: F 0 35802185728 5000003584
dbtrace: F 1 20769800192 5000003584
dbtrace: F 2 20769800192 5000003584
dbtrace: F 3 20769800192 5000003584
dbtrace: A 0 3333357568 10000072704 3
dbtrace: A 1 3333357568 10000072704 2
dbtrace: A 2 3333357568 10000072704 1
dbtrace: A 3 3333357568 10000072704 0
dbtrace: F 0 6666715136 3333357568
dbtrace: F 1 6666715136 3333357568
dbtrace: F 2 6666715136 3333357568
dbtrace: F 3 6666715136 3333357568
dbtrace: A 0 6666682368 34135506944 3
dbtrace: A 1 6666682368 19103121408 2
dbtrace: A 2 6666682368 19103121408 1
dbtrace: A 3 6666682368 19103121408 0
dbtrace: A 0 2777808896 6666715136 3
dbtrace: A 1 2777808896 6666715136 2
dbtrace: A 2 2777808896 6666715136 1
dbtrace: A 3 2777808896 6666715136 0
dbtrace: F 0 6666715136 2777808896
dbtrace: F 1 6666715136 2777808896
dbtrace: F 2 6666715136 2777808896
dbtrace: F 3 6666715136 2777808896
dbtrace: F 0 10000072704 3333357568
dbtrace: F 1 10000072704 3333357568
dbtrace: F 2 10000072704 3333357568
dbtrace: F 3 10000072704 3333357568
dbtrace: A 0 3333357568 6666715136 3
dbtrace: A 1 3333357568 6666715136 2
dbtrace: A 2 3333357568 6666715136 1
dbtrace: A 3 3333357568 6666715136 0
dbtrace: F 0 34135506944 6666682368
dbtrace: F 1 19103121408 6666682368
dbtrace: F 2 19103121408 6666682368
dbtrace: F 3 19103121408 6666682368
dbtrace: A 0 3333357568 10000072704 3
dbtrace: A 1 3333357568 10000072704 2
dbtrace: A 2 3333357568 10000072704 1
dbtrace: A 3 3333357568 10000072704 0
dbtrace: F 0 0 3333357568
dbtrace: F 1 0 3333357568
dbtrace: F 2 0 3333357568
dbtrace: F 3 0 3333357568
dbtrace: A 0 6666682368 34135506944 3
dbtrace: A 1 6666682368 19103121408 2
dbtrace: A 2 6666682368 19103121408 1
dbtrace: A 3 6666682368 19103121408 0
dbtrace: A 0 2777808896 0 3
dbtrace: A 1 2777808896 0 2
dbtrace: A 2 2777808896 0 1
dbtrace: A 3 2777808896 0 0
dbtrace: F 0 0 2777808896
dbtrace: F 1 0 2777808896
dbtrace: F 2 0 2777808896
dbtrace: F 3 0 2777808896
dbtrace: F 0 34135506944 6666682368
dbtrace: F 1 19103121408 6666682368
dbtrace: F 2 19103121408 6666682368
dbtrace: F 3 19103121408 6666682368
dbtrace: F 0 10000072704 3333357568
dbtrace: F 1 10000072704 3333357568
dbtrace: F 2 10000072704 3333357568
dbtrace: F 3 10000072704 3333357568
dbtrace: F 0 3333357568 3333357568
dbtrace: F 1 3333357568 3333357568
dbtrace: F 2 3333357568 3333357568
dbtrace: F 3 3333357568 3333357568
dbtrace: F 0 6666715136 3333357568
dbtrace: F 1 6666715136 3333357568
dbtrace: F 2 6666715136 3333357568
dbtrace: F 3 6666715136 3333357568
