== T2 run sv: 100000000000 nw, env: RNS_VERBOSE=1 BS_SEED_TERMS=168; job 21461 on ppac-pl1-s24-26, clone at 594ba4c, 2026-09-26 22:26:53 CDT
== ecalc: e to 100000000000 digits (decimal limbs, base 10^18) [computed to the next multiple of 18] ==
META bench=ecalc host=ppac-pl1-s24-26 date=2026-09-26T22:26:53 pool_log=31 stg=7 pw_fuse=14 body=1 engine=1 base=10^18
ECALC_PLANE_CAP: 2^31 points (POOL_LOG=31 RNS_PLANES_3Q30=0 DIST_LOGN_TEST=31)
rns_init: three primes (ECALC_NP=3): c 2^44 + 1, c = 240, 216, 207; at most 58424467928 terms per product
rns_init: APU3 staging 1.0 GiB touch 0.06 s register 0.09 s, 48 cpus; device open 0.00 s, contexts 0.61 s, stream+staging 0.17 s
rns_init: APU0 staging 1.0 GiB touch 0.02 s register 0.17 s, 48 cpus; device open 0.00 s, contexts 0.86 s, stream+staging 0.20 s
rns_init: APU1 staging 1.0 GiB touch 0.06 s register 0.23 s, 48 cpus; device open 0.00 s, contexts 0.81 s, stream+staging 0.31 s
rns_init: APU2 staging 1.0 GiB touch 0.04 s register 0.09 s, 48 cpus; device open 0.00 s, contexts 1.17 s, stream+staging 0.14 s
dbig pool: APU3 VMM arena 64.42 GB = 30 chunks of 2.00 GiB, the first 14 mapped in 5.62 s (0.187 s/GB), the rest in the background, VA 195.4 GB reserved at 0x75f683400000
dbig pool: APU2 VMM arena 64.42 GB = 30 chunks of 2.00 GiB, the first 15 mapped in 6.77 s (0.210 s/GB), the rest in the background, VA 195.4 GB reserved at 0x768103c00000
dbig pool: APU1 VMM arena 64.42 GB = 30 chunks of 2.00 GiB, the first 15 mapped in 7.71 s (0.239 s/GB), the rest in the background, VA 195.4 GB reserved at 0x762403600000
dbig pool: APU0 VMM arena 64.42 GB = 30 chunks of 2.00 GiB, the first 15 mapped in 9.59 s (0.298 s/GB), the rest in the background, VA 195.4 GB reserved at 0x765383a00000
bs: arenas 255.3 GB allocated in 9.59 s (layout pass 0.30 s; dm extra 18.0 GB, tails 90.3 GB)
      init: region pools 9.89 s (inside rns_init, before the plane pools: the seeds stream into them)
rns_init: plane pools per APU 12.00 + 12.00 GiB (hipmalloc), staging 1.00 GiB, tables 0.153 GB; staging+contexts 1.33 s, pools 13.94 s, peer access 0.16 s
      init: rns_init 15.66 s, region pools 0.00 s, the rest 0.00 s
RESULT ecalc init s 15.664
      VmRSS 24.6 GB after init (staging 4.3 GB pinned + device regions 255 GB); init 15.7 s
mem [init] device 359.0 GB in use (per APU 89.7..89.7): planes 103.1, regions 128.6, block pool 126.7 (donated 0.0, borrowed 126.7, hipMalloc 0.0; live 0.0, peak live 0.0, free 0.0), tables 0.61, other 0.0
mem [init] host 24.6 GB RSS (HWM 24.6): staging 21.5 pinned, registered 0.0, X 0.0, digits 0.0, named 0.0, other 3.2
budget: rank 0: peak 384.2 GB (device 359.0, host 25.2), still to take 0.0 GB | node of 1 rank: peaks 384.2 of 480 GB, to take 0.0 of MemAvailable 270.1 GB | rank share 480.0 GB
budget: ECALC_BUDGET_CHECK ok: 1 rank, largest rank peak 384.2 GB, node budget 480 GB
bs: seeds were computed during init (25.76 s: buffers 1.62 + 0.12, spans 15.67, waited 5.15 for the regions, 0.67 for the DMA, 2.52 issuing it (max 0.78); 12 chunks of 8191 MB, 12 through a buffer, the rest stored into the regions)
bs: 10433891470 terms, 62106497 spans of 168, seeds 15.29 s (waiting for the init thread)
batch-local N=62106496 (15526626/15526624/15526624/15526622) L=2^10 tile 406900 pair: scatter 0.343 ntt 1.822 crt 0.204 merge 0.213
bs:   layout 1.495  batch 5.099  add+norm 0.353
bs: level  1 batch  31053248 pairs  max_nl         94  pool  89.51 GB  6.95 s  (batch 3.89: scatter 0.34 ntt 1.82 crt 0.20 merge 0.21)
live: bs level 1 batch               pool live 0.00 0.00 0.00 0.00 | window peak 0.00 0.00 0.00 0.00 | pool 0.60 0.60 0.60 0.60 GB per APU; peak/pool 0.0 %; MemAvailable 151.5 GB, Cached 0.6 GB
batch-local N=31053248 (7763314/7763312/7763312/7763310) L=2^10 tile 406900 pair: scatter 0.175 ntt 0.879 crt 0.186 merge 0.102
bs:   layout 0.708  batch 2.417  add+norm 0.105
bs: level  2 batch  15526624 pairs  max_nl        188  pool  89.19 GB  3.23 s  (batch 1.88: scatter 0.18 ntt 0.88 crt 0.19 merge 0.10)
live: bs level 2 batch               pool live 0.00 0.00 0.00 0.00 | window peak 0.00 0.00 0.00 0.00 | pool 0.60 0.60 0.60 0.60 GB per APU; peak/pool 0.0 %; MemAvailable 153.9 GB, Cached 0.6 GB
batch-local N=15526624 (3881658/3881656/3881656/3881654) L=2^10 tile 406900 pair: scatter 0.089 ntt 0.438 crt 0.171 merge 0.047
bs:   layout 0.283  batch 1.281  add+norm 0.047
bs: level  3 batch   7763312 pairs  max_nl        375  pool  89.04 GB  1.61 s  (batch 1.01: scatter 0.09 ntt 0.44 crt 0.17 merge 0.05)
live: bs level 3 batch               pool live 0.00 0.00 0.00 0.00 | window peak 0.00 0.00 0.00 0.00 | pool 0.60 0.60 0.60 0.60 GB per APU; peak/pool 0.0 %; MemAvailable 155.2 GB, Cached 0.6 GB
batch-local N=7763312 (1940830/1940828/1940828/1940826) L=2^11 tile 203450 pair: scatter 0.078 ntt 0.454 crt 0.164 merge 0.015
bs:   layout 0.105  batch 0.980  add+norm 0.023
bs: level  4 batch   3881656 pairs  max_nl        749  pool  88.97 GB  1.11 s  (batch 0.85: scatter 0.08 ntt 0.45 crt 0.16 merge 0.02)
live: bs level 4 batch               pool live 0.00 0.00 0.00 0.00 | window peak 0.00 0.00 0.00 0.00 | pool 0.60 0.60 0.60 0.60 GB per APU; peak/pool 0.0 %; MemAvailable 155.8 GB, Cached 0.6 GB
batch-local N=3881656 (970416/970414/970414/970412) L=3*2^10 tile 135632 pair: scatter 0.062 ntt 0.520 crt 0.161 merge 0.019
bs:   layout 0.055  batch 0.911  add+norm 0.014
bs: level  5 batch   1940828 pairs  max_nl       1497  pool  88.93 GB  0.98 s  (batch 0.84: scatter 0.06 ntt 0.52 crt 0.16 merge 0.02)
live: bs level 5 batch               pool live 0.00 0.00 0.00 0.00 | window peak 0.00 0.00 0.00 0.00 | pool 0.60 0.60 0.60 0.60 GB per APU; peak/pool 0.0 %; MemAvailable 156.2 GB, Cached 0.6 GB
batch-local N=1940828 (485208/485208/485208/485204) L=3*2^11 tile 67816 pair: scatter 0.059 ntt 0.543 crt 0.160 merge 0.013
bs:   layout 0.027  batch 0.843  add+norm 0.008
bs: level  6 batch    970414 pairs  max_nl       2993  pool  88.91 GB  0.88 s  (batch 0.81: scatter 0.06 ntt 0.54 crt 0.16 merge 0.01)
live: bs level 6 batch               pool live 0.00 0.00 0.00 0.00 | window peak 0.00 0.00 0.00 0.00 | pool 0.60 0.60 0.60 0.60 GB per APU; peak/pool 0.0 %; MemAvailable 156.4 GB, Cached 0.6 GB
batch-local N=970414 (242604/242604/242604/242602) L=3*2^12 tile 33908 pair: scatter 0.060 ntt 0.569 crt 0.163 merge 0.045
bs:   layout 0.015  batch 0.867  add+norm 0.004
bs: level  7 batch    485207 pairs  max_nl       5985  pool  88.90 GB  0.89 s  (batch 0.85: scatter 0.06 ntt 0.57 crt 0.16 merge 0.04)
live: bs level 7 batch               pool live 0.00 0.00 0.00 0.00 | window peak 0.00 0.00 0.00 0.00 | pool 0.60 0.60 0.60 0.60 GB per APU; peak/pool 0.0 %; MemAvailable 156.3 GB, Cached 0.6 GB
batch-local N=485208 (121302/121302/121302/121302) L=3*2^13 tile 16954 pair: scatter 0.060 ntt 0.661 crt 0.162 merge 0.007
bs:   layout 0.011  batch 0.907  add+norm 0.002
bs: level  8 batch    242604 pairs  max_nl      11969  pool  88.89 GB  0.92 s  (batch 0.90: scatter 0.06 ntt 0.66 crt 0.16 merge 0.01)
live: bs level 8 batch               pool live 0.00 0.00 0.00 0.00 | window peak 0.00 0.00 0.00 0.00 | pool 0.60 0.60 0.60 0.60 GB per APU; peak/pool 0.0 %; MemAvailable 156.4 GB, Cached 0.6 GB
batch-local N=242604 (60652/60650/60652/60650) L=3*2^14 tile 8476 pair: scatter 0.056 ntt 0.680 crt 0.167 merge 0.004
bs:   layout 0.003  batch 0.921  add+norm 0.001
bs: level  9 batch    121302 pairs  max_nl      23938  pool  88.89 GB  0.93 s  (batch 0.92: scatter 0.06 ntt 0.68 crt 0.17 merge 0.00)
live: bs level 9 batch               pool live 0.00 0.00 0.00 0.00 | window peak 0.00 0.00 0.00 0.00 | pool 0.60 0.60 0.60 0.60 GB per APU; peak/pool 0.0 %; MemAvailable 156.4 GB, Cached 0.6 GB
batch-local N=121302 (30326/30326/30326/30324) L=3*2^15 tile 4238 pair: scatter 0.057 ntt 0.716 crt 0.174 merge 0.002
bs:   layout 0.009  batch 0.955  add+norm 0.001
bs: level 10 batch     60651 pairs  max_nl      47875  pool  88.89 GB  0.97 s  (batch 0.95: scatter 0.06 ntt 0.72 crt 0.17 merge 0.00)
live: bs level 10 batch              pool live 0.00 0.00 0.00 0.00 | window peak 0.00 0.00 0.00 0.00 | pool 0.60 0.60 0.60 0.60 GB per APU; peak/pool 0.0 %; MemAvailable 156.4 GB, Cached 0.6 GB
batch-local N=60650 (15164/15162/15164/15160) L=3*2^16 tile 2118 pair: scatter 0.057 ntt 0.716 crt 0.194 merge 0.002
bs:   layout 0.001  batch 0.974  add+norm 0.001
bs: level 11 batch     30325 pairs  max_nl      95750  pool  88.89 GB  0.98 s  (batch 0.97: scatter 0.06 ntt 0.72 crt 0.19 merge 0.00)
live: bs level 11 batch              pool live 0.00 0.00 0.00 0.00 | window peak 0.00 0.00 0.00 0.00 | pool 0.60 0.60 0.60 0.60 GB per APU; peak/pool 0.0 %; MemAvailable 156.4 GB, Cached 0.6 GB
batch-local N=30326 (7582/7582/7582/7580) L=3*2^17 tile 1058 pair: scatter 0.058 ntt 0.673 crt 0.192 merge 0.001
bs:   layout 0.000  batch 0.925  add+norm 0.000
bs: level 12 batch     15163 pairs  max_nl     191500  pool  88.89 GB  0.92 s  (batch 0.92: scatter 0.06 ntt 0.67 crt 0.19 merge 0.00)
live: bs level 12 batch              pool live 0.00 0.00 0.00 0.00 | window peak 0.00 0.00 0.00 0.00 | pool 0.60 0.60 0.60 0.60 GB per APU; peak/pool 0.0 %; MemAvailable 156.4 GB, Cached 0.6 GB
batch-local N=15162 (3792/3790/3792/3788) L=3*2^18 tile 528 pair: scatter 0.056 ntt 0.691 crt 0.193 merge 0.001
bs:   layout 0.001  batch 0.941  add+norm 0.000
bs: level 13 batch      7581 pairs  max_nl     382998  pool  88.89 GB  0.94 s  (batch 0.94: scatter 0.06 ntt 0.69 crt 0.19 merge 0.00)
live: bs level 13 batch              pool live 0.00 0.00 0.00 0.00 | window peak 0.00 0.00 0.00 0.00 | pool 0.60 0.60 0.60 0.60 GB per APU; peak/pool 0.0 %; MemAvailable 156.4 GB, Cached 0.6 GB
batch-local N=7582 (1896/1896/1896/1894) L=3*2^19 tile 264 pair: scatter 0.058 ntt 0.728 crt 0.193 merge 0.001
bs:   layout 0.000  batch 0.981  add+norm 0.000
bs: level 14 batch      3791 pairs  max_nl     765994  pool  88.89 GB  0.98 s  (batch 0.98: scatter 0.06 ntt 0.73 crt 0.19 merge 0.00)
live: bs level 14 batch              pool live 0.00 0.00 0.00 0.00 | window peak 0.00 0.00 0.00 0.00 | pool 0.60 0.60 0.60 0.60 GB per APU; peak/pool 0.0 %; MemAvailable 156.4 GB, Cached 0.6 GB
batch-local N=3790 (948/948/948/946) L=3*2^20 tile 132 pair: scatter 0.059 ntt 0.876 crt 0.219 merge 0.001
bs:   layout 0.000  batch 1.155  add+norm 0.000
bs: level 15 batch      1895 pairs  max_nl    1531974  pool  88.89 GB  1.16 s  (batch 1.15: scatter 0.06 ntt 0.88 crt 0.22 merge 0.00)
live: bs level 15 batch              pool live 0.00 0.00 0.00 0.00 | window peak 0.00 0.00 0.00 0.00 | pool 0.60 0.60 0.60 0.60 GB per APU; peak/pool 0.0 %; MemAvailable 156.4 GB, Cached 0.6 GB
batch-local N=1896 (474/474/474/474) L=3*2^21 tile 66 pair: scatter 0.060 ntt 0.895 crt 0.219 merge 0.001
bs:   layout 0.000  batch 1.174  add+norm 0.000
bs: level 16 batch       948 pairs  max_nl    3063930  pool  88.89 GB  1.17 s  (batch 1.17: scatter 0.06 ntt 0.90 crt 0.22 merge 0.00)
live: bs level 16 batch              pool live 0.00 0.00 0.00 0.00 | window peak 0.00 0.00 0.00 0.00 | pool 0.60 0.60 0.60 0.60 GB per APU; peak/pool 0.0 %; MemAvailable 156.4 GB, Cached 0.6 GB
batch-local N=948 (238/236/238/236) L=3*2^22 tile 32 pair: scatter 0.059 ntt 0.932 crt 0.219 merge 0.002
bs:   layout 0.000  batch 1.213  add+norm 0.000
bs: level 17 batch       474 pairs  max_nl    6127649  pool  88.89 GB  1.21 s  (batch 1.21: scatter 0.06 ntt 0.93 crt 0.22 merge 0.00)
live: bs level 17 batch              pool live 0.00 0.00 0.00 0.00 | window peak 0.00 0.00 0.00 0.00 | pool 0.60 0.60 0.60 0.60 GB per APU; peak/pool 0.0 %; MemAvailable 156.3 GB, Cached 0.6 GB
batch-local N=474 (120/118/118/118) L=3*2^23 tile 16 pair: scatter 0.056 ntt 0.929 crt 0.179 merge 0.002
bs:   layout 0.000  batch 1.165  add+norm 0.000
bs: level 18 batch       237 pairs  max_nl   12254454  pool  88.89 GB  1.16 s  (batch 1.16: scatter 0.06 ntt 0.93 crt 0.18 merge 0.00)
live: bs level 18 batch              pool live 0.00 0.00 0.00 0.00 | window peak 0.00 0.00 0.00 0.00 | pool 0.60 0.60 0.60 0.60 GB per APU; peak/pool 0.0 %; MemAvailable 156.3 GB, Cached 0.6 GB
batch-local N=236 (60/60/60/56) L=3*2^24 tile 8 pair: scatter 0.061 ntt 0.962 crt 0.181 merge 0.003
bs:   layout 0.000  batch 1.200  add+norm 0.000
bs: level 19 batch       118 pairs  max_nl   24505529  pool  88.89 GB  1.20 s  (batch 1.20: scatter 0.06 ntt 0.96 crt 0.18 merge 0.00)
live: bs level 19 batch              pool live 0.00 0.00 0.00 0.00 | window peak 0.00 0.00 0.00 0.00 | pool 0.60 0.60 0.60 0.60 GB per APU; peak/pool 0.0 %; MemAvailable 156.3 GB, Cached 0.6 GB
batch-local N=118 (30/30/30/28) L=3*2^25 tile 4 pair: scatter 0.056 ntt 0.925 crt 0.179 merge 0.005
bs:   layout 0.000  batch 1.162  add+norm 0.000
bs: level 20 batch        59 pairs  max_nl   49006535  pool  88.89 GB  1.16 s  (batch 1.16: scatter 0.06 ntt 0.93 crt 0.18 merge 0.00)
live: bs level 20 batch              pool live 0.00 0.00 0.00 0.00 | window peak 0.00 0.00 0.00 0.00 | pool 0.60 0.60 0.60 0.60 GB per APU; peak/pool 0.0 %; MemAvailable 156.3 GB, Cached 0.6 GB
batch-local N=60 (16/14/16/14) L=3*2^26 tile 2 pair: scatter 0.065 ntt 1.016 crt 0.190 merge 0.007
bs:   layout 0.000  batch 1.278  add+norm 0.000
bs: level 21 batch        30 pairs  max_nl   97994906  pool  88.89 GB  1.28 s  (batch 1.28: scatter 0.06 ntt 1.02 crt 0.19 merge 0.01)
live: bs level 21 batch              pool live 0.00 0.00 0.00 0.00 | window peak 0.00 0.00 0.00 0.00 | pool 0.60 0.60 0.60 0.60 GB per APU; peak/pool 0.0 %; MemAvailable 156.3 GB, Cached 0.6 GB
batch-local N=30 (8/8/8/6) L=3*2^27 tile 1: scatter 0.361 ntt 1.502 crt 0.228 merge 0.016
bs:   layout 0.000  batch 1.998  add+norm 0.000
bs: level 22 batch        15 pairs  max_nl  195768671  pool  88.89 GB  2.00 s  (batch 2.00: scatter 0.36 ntt 1.50 crt 0.23 merge 0.02)
live: bs level 22 batch              pool live 0.00 0.00 0.00 0.00 | window peak 0.00 0.00 0.00 0.00 | pool 0.60 0.60 0.60 0.60 GB per APU; peak/pool 0.0 %; MemAvailable 156.3 GB, Cached 0.6 GB
batch N=14 L=3*2^28 tile 2 pair: 2.654 s (scatter 0.591 ntt 1.978 crt 0.665 merge 0.007)
bs:   layout 0.000  batch 2.654  add+norm 0.087
bs: level 23 batch         7 pairs  max_nl  390615115  pool  88.89 GB  2.74 s  (batch 2.65: scatter 0.59 ntt 1.98 crt 0.66 merge 0.01)
live: bs level 23 batch              pool live 0.00 0.00 0.00 0.00 | window peak 0.00 0.00 0.00 0.00 | pool 0.60 0.60 0.60 0.60 GB per APU; peak/pool 0.0 %; MemAvailable 156.3 GB, Cached 0.6 GB
dbig pool: APU0 VMM arena: the background thread mapped chunks 0..29 in 11.09 s
dbig pool: APU1 VMM arena: the background thread mapped chunks 0..29 in 6.90 s
dbig pool: APU2 VMM arena: the background thread mapped chunks 0..29 in 3.32 s
dbig pool: APU3 VMM arena: the background thread mapped chunks 0..29 in 13.87 s
dist B 3*2^29 (1411749999 limbs = 729443744 x 682306255): load 0.185 ntt 0.239 crt 0.053 spills 0.049 total 0.533 s
   dist_db 1411749999 limbs: 0.630 s (dbig: shift 0.000 addsub 0.047 maxidx 0.029 reserve 0.000)
dist B 3*2^29 (1411749999 limbs = 729443744 x 682306255): load 0.187 ntt 0.239 crt 0.053 spills 0.022 total 0.498 s
   dist_db 1411749999 limbs: 0.504 s (dbig: shift 0.000 addsub 0.020 maxidx 0.012 reserve 0.000)
dist B 3*2^29 (1506024977 limbs = 758789483 x 747235494): load 0.166 ntt 0.240 crt 0.057 spills 0.026 total 0.506 s
   dist_db 1506024977 limbs: 0.513 s (dbig: shift 0.000 addsub 0.025 maxidx 0.013 reserve 0.000)
dist B 3*2^29 (1506024978 limbs = 758789483 x 747235495): load 0.179 ntt 0.239 crt 0.057 spills 0.022 total 0.495 s
   dist_db 1506024978 limbs: 0.502 s (dbig: shift 0.000 addsub 0.021 maxidx 0.013 reserve 0.000)
dist B 3*2^29 (1541608479 limbs = 774227530 x 767380949): load 0.203 ntt 0.240 crt 0.058 spills 0.026 total 0.531 s
   dist_db 1541608479 limbs: 0.538 s (dbig: shift 0.000 addsub 0.025 maxidx 0.014 reserve 0.000)
dist B 3*2^29 (1541608479 limbs = 774227530 x 767380949): load 0.204 ntt 0.241 crt 0.058 spills 0.022 total 0.520 s
   dist_db 1541608479 limbs: 0.527 s (dbig: shift 0.000 addsub 0.021 maxidx 0.013 reserve 0.000)
dist B 3*2^29 (1096172107 limbs = 779921147 x 316250960): load 0.119 ntt 0.238 crt 0.041 spills 0.015 total 0.410 s
   dist_db 1096172107 limbs: 0.414 s (dbig: shift 0.000 addsub 0.015 maxidx 0.009 reserve 0.000)
dist B 3*2^29 (1096172107 limbs = 779921147 x 316250960): load 0.133 ntt 0.236 crt 0.041 spills 0.015 total 0.423 s
   dist_db 1096172107 limbs: 0.427 s (dbig: shift 0.000 addsub 0.015 maxidx 0.009 reserve 0.000)
bs: level 24 mdev          4 pairs  max_nl  779921147  pool  88.89 GB  4.90 s  (batch 0.00: scatter 0.00 ntt 0.00 crt 0.00 merge 0.00)
live: bs level 24 mdev               pool live 22.22 22.22 22.22 22.22 | window peak 22.22 22.22 22.22 22.22 | pool 64.42 64.42 64.42 64.42 GB per APU; peak/pool 34.5 %; MemAvailable 155.5 GB, Cached 0.6 GB
dist B 3*2^29 (1458887489 limbs = 753012489 x 705875000): load 0.118 ntt 0.239 crt 0.092 spills 0.044 total 0.494 s
dist B 3*2^29 (1458887488 limbs = 753012489 x 705874999): load 0.115 ntt 0.239 crt 0.055 spills 0.020 total 0.430 s
dist B 3*2^29 (1458887488 limbs = 753012488 x 705875000): load 0.117 ntt 0.239 crt 0.055 spills 0.021 total 0.431 s
dist B 3*2^29 (1458887487 limbs = 753012488 x 705874999): load 0.122 ntt 0.239 crt 0.054 spills 0.021 total 0.434 s
   dist_db 1411749999 x 1506024977 limbs: 2 x 2 pieces of 705875000 + 753012489, 4 formed, 0 skipped: 2.533 s (cache 0 slots: 0 hits, 0 misses)
dist B 3*2^29 (1458887489 limbs = 753012489 x 705875000): load 0.118 ntt 0.237 crt 0.091 spills 0.041 total 0.488 s
dist B 3*2^29 (1458887488 limbs = 753012489 x 705874999): load 0.116 ntt 0.238 crt 0.055 spills 0.020 total 0.429 s
dist B 3*2^29 (1458887488 limbs = 753012488 x 705875000): load 0.116 ntt 0.239 crt 0.055 spills 0.021 total 0.431 s
dist B 3*2^29 (1458887487 limbs = 753012488 x 705874999): load 0.124 ntt 0.239 crt 0.055 spills 0.021 total 0.436 s
   dist_db 1411749999 x 1506024977 limbs: 2 x 2 pieces of 705875000 + 753012489, 4 formed, 0 skipped: 2.572 s (cache 0 slots: 0 hits, 0 misses)
dist B 3*2^29 (1610041600 limbs = 1096172107 x 513869493): load 0.102 ntt 0.240 crt 0.106 spills 0.038 total 0.482 s
dist B 3*2^29 (1610041600 limbs = 1096172107 x 513869493): load 0.102 ntt 0.239 crt 0.060 spills 0.023 total 0.423 s
dist B 3*2^29 (1610041599 limbs = 1096172107 x 513869492): load 0.104 ntt 0.241 crt 0.060 spills 0.023 total 0.428 s
   dist_db 1541608478 x 1096172107 limbs: 3 x 1 pieces of 513869493 + 1096172107, 3 formed, 0 skipped: 1.838 s (cache 0 slots: 0 hits, 0 misses)
dist B 3*2^29 (1610041600 limbs = 1096172107 x 513869493): load 0.103 ntt 0.239 crt 0.106 spills 0.037 total 0.482 s
dist B 3*2^29 (1610041600 limbs = 1096172107 x 513869493): load 0.102 ntt 0.240 crt 0.060 spills 0.023 total 0.423 s
dist B 3*2^29 (1610041599 limbs = 1096172107 x 513869492): load 0.104 ntt 0.239 crt 0.060 spills 0.023 total 0.427 s
   dist_db 1541608478 x 1096172107 limbs: 3 x 1 pieces of 513869493 + 1096172107, 3 formed, 0 skipped: 1.834 s (cache 0 slots: 0 hits, 0 misses)
bs: level 25 mdev          2 pairs  max_nl 1541608478  pool  88.89 GB  9.35 s  (batch 0.00: scatter 0.00 ntt 0.00 crt 0.00 merge 0.00)
live: bs level 25 mdev               pool live 22.22 22.22 22.22 22.22 | window peak 30.98 30.98 30.98 30.98 | pool 64.42 64.42 64.42 64.42 GB per APU; peak/pool 48.1 %; MemAvailable 155.5 GB, Cached 0.6 GB
dist B 3*2^29 (1608703939 limbs = 879260195 x 729443744): load 0.172 ntt 0.239 crt 0.104 spills 0.078 total 0.599 s
dist B 3*2^29 (1608703939 limbs = 879260195 x 729443744): load 0.165 ntt 0.239 crt 0.060 spills 0.023 total 0.487 s
dist B 3*2^29 (1608703939 limbs = 879260195 x 729443744): load 0.157 ntt 0.241 crt 0.060 spills 0.023 total 0.477 s
dist B 3*2^29 (1608703939 limbs = 879260195 x 729443744): load 0.152 ntt 0.240 crt 0.060 spills 0.023 total 0.472 s
dist B 3*2^29 (1608703939 limbs = 879260195 x 729443744): load 0.158 ntt 0.241 crt 0.060 spills 0.023 total 0.479 s
dist B 3*2^29 (1608703939 limbs = 879260195 x 729443744): load 0.168 ntt 0.240 crt 0.060 spills 0.023 total 0.491 s
dist B 3*2^29 (1608703939 limbs = 879260195 x 729443744): load 0.177 ntt 0.241 crt 0.060 spills 0.023 total 0.498 s
dist B 3*2^29 (1608703939 limbs = 879260195 x 729443744): load 0.150 ntt 0.240 crt 0.060 spills 0.023 total 0.473 s
dist B 3*2^29 (1608703939 limbs = 879260195 x 729443744): load 0.173 ntt 0.240 crt 0.060 spills 0.023 total 0.493 s
dist B 3*2^29 (1608703939 limbs = 879260195 x 729443744): load 0.172 ntt 0.240 crt 0.060 spills 0.023 total 0.496 s
dist B 3*2^29 (1608703939 limbs = 879260195 x 729443744): load 0.161 ntt 0.239 crt 0.060 spills 0.023 total 0.480 s
dist B 3*2^29 (1608703939 limbs = 879260195 x 729443744): load 0.159 ntt 0.240 crt 0.060 spills 0.023 total 0.482 s
   dist_db 2917774976 x 2637780585 limbs: 4 x 3 pieces of 729443744 + 879260195, 12 formed, 0 skipped: 9.284 s (cache 0 slots: 0 hits, 0 misses)
dist B 3*2^29 (1608703939 limbs = 879260195 x 729443744): load 0.171 ntt 0.238 crt 0.104 spills 0.075 total 0.586 s
dist B 3*2^29 (1608703939 limbs = 879260195 x 729443744): load 0.164 ntt 0.240 crt 0.060 spills 0.023 total 0.487 s
dist B 3*2^29 (1608703939 limbs = 879260195 x 729443744): load 0.155 ntt 0.239 crt 0.060 spills 0.023 total 0.475 s
dist B 3*2^29 (1608703939 limbs = 879260195 x 729443744): load 0.153 ntt 0.240 crt 0.060 spills 0.023 total 0.472 s
dist B 3*2^29 (1608703939 limbs = 879260195 x 729443744): load 0.158 ntt 0.240 crt 0.060 spills 0.023 total 0.478 s
dist B 3*2^29 (1608703939 limbs = 879260195 x 729443744): load 0.168 ntt 0.240 crt 0.060 spills 0.023 total 0.491 s
dist B 3*2^29 (1608703939 limbs = 879260195 x 729443744): load 0.178 ntt 0.241 crt 0.060 spills 0.023 total 0.498 s
dist B 3*2^29 (1608703939 limbs = 879260195 x 729443744): load 0.150 ntt 0.240 crt 0.060 spills 0.023 total 0.473 s
dist B 3*2^29 (1608703939 limbs = 879260195 x 729443744): load 0.173 ntt 0.239 crt 0.060 spills 0.023 total 0.491 s
dist B 3*2^29 (1608703939 limbs = 879260195 x 729443744): load 0.172 ntt 0.240 crt 0.061 spills 0.023 total 0.496 s
dist B 3*2^29 (1608703939 limbs = 879260195 x 729443744): load 0.162 ntt 0.240 crt 0.060 spills 0.023 total 0.482 s
dist B 3*2^29 (1608703939 limbs = 879260195 x 729443744): load 0.159 ntt 0.241 crt 0.060 spills 0.023 total 0.483 s
   dist_db 2917774976 x 2637780585 limbs: 4 x 3 pieces of 729443744 + 879260195, 12 formed, 0 skipped: 9.241 s (cache 0 slots: 0 hits, 0 misses)
bs: level 26 mdev          1 pairs  max_nl 2917774976  pool  88.89 GB  19.00 s  (batch 0.00: scatter 0.00 ntt 0.00 crt 0.00 merge 0.00)
live: bs level 26 mdev               pool live 22.22 22.22 22.22 22.22 | window peak 36.55 36.55 36.55 36.55 | pool 64.42 64.42 64.42 64.42 GB per APU; peak/pool 56.7 %; MemAvailable 155.5 GB, Cached 0.6 GB
bs       84.08 s   N 10433891470, P 5555555560 limbs, Q 5555555560 limbs (seeds 15.3 school 0.0 batch 35.4 mdev 33.2; pool 99.4 GB; dev pools 0.0 GB)   VmRSS 8.9 GB, VmHWM 28.4 GB
RESULT ecalc bs s 84.0785
mem [bs] device 361.4 GB in use (per APU 90.3..90.3): planes 103.1, regions 0.0, block pool 257.7 (donated 0.0, borrowed 257.7, hipMalloc 0.0; live 88.9, peak live 146.2, free 168.8), tables 0.61, other 0.0
mem [bs] host 8.9 GB RSS (HWM 28.4): staging 4.3 pinned, registered 0.1, X 0.0, digits 0.0, named 0.0, other 4.6
      I3: plane pool tails donated: 0.0 GB
dist B 2^20 (9 limbs = 6 x 3): load 0.000 ntt 0.001 crt 0.000 spills 0.000 total 0.003 s
   dist_db 9 limbs: 0.003 s (dbig: shift 0.000 addsub 0.000 maxidx 0.000 reserve 0.000)
dist B 2^20 (5 limbs = 3 x 2): load 0.000 ntt 0.000 crt 0.000 spills 0.000 total 0.000 s
   dist_db 5 limbs: 0.000 s (dbig: shift 0.000 addsub 0.000 maxidx 0.000 reserve 0.000)
live: recip(db) j 2 -> 3             pool live 55.56 55.56 55.56 55.56 | window peak 55.56 55.56 55.56 55.56 | pool 64.42 64.42 64.42 64.42 GB per APU; peak/pool 86.2 %; MemAvailable 157.6 GB, Cached 0.6 GB
dist B 2^20 (12 limbs = 8 x 4): load 0.000 ntt 0.000 crt 0.000 spills 0.000 total 0.000 s
   dist_db 12 limbs: 0.001 s (dbig: shift 0.000 addsub 0.000 maxidx 0.000 reserve 0.000)
dist B 2^20 (7 limbs = 4 x 3): load 0.000 ntt 0.000 crt 0.000 spills 0.000 total 0.000 s
   dist_db 7 limbs: 0.000 s (dbig: shift 0.000 addsub 0.000 maxidx 0.000 reserve 0.000)
live: recip(db) j 3 -> 6             pool live 55.56 55.56 55.56 55.56 | window peak 55.56 55.56 55.56 55.56 | pool 64.42 64.42 64.42 64.42 GB per APU; peak/pool 86.2 %; MemAvailable 157.6 GB, Cached 0.6 GB
dist B 2^20 (21 limbs = 14 x 7): load 0.000 ntt 0.000 crt 0.000 spills 0.000 total 0.000 s
   dist_db 21 limbs: 0.000 s (dbig: shift 0.000 addsub 0.000 maxidx 0.000 reserve 0.000)
dist B 2^20 (13 limbs = 7 x 6): load 0.000 ntt 0.000 crt 0.000 spills 0.000 total 0.000 s
   dist_db 13 limbs: 0.000 s (dbig: shift 0.000 addsub 0.000 maxidx 0.000 reserve 0.000)
live: recip(db) j 6 -> 11            pool live 55.56 55.56 55.56 55.56 | window peak 55.56 55.56 55.56 55.56 | pool 64.42 64.42 64.42 64.42 GB per APU; peak/pool 86.2 %; MemAvailable 157.6 GB, Cached 0.6 GB
dist B 2^20 (36 limbs = 24 x 12): load 0.000 ntt 0.000 crt 0.000 spills 0.000 total 0.000 s
   dist_db 36 limbs: 0.000 s (dbig: shift 0.000 addsub 0.000 maxidx 0.000 reserve 0.000)
dist B 2^20 (23 limbs = 12 x 11): load 0.000 ntt 0.000 crt 0.000 spills 0.000 total 0.000 s
   dist_db 23 limbs: 0.000 s (dbig: shift 0.000 addsub 0.000 maxidx 0.000 reserve 0.000)
live: recip(db) j 11 -> 21           pool live 55.56 55.56 55.56 55.56 | window peak 55.56 55.56 55.56 55.56 | pool 64.42 64.42 64.42 64.42 GB per APU; peak/pool 86.2 %; MemAvailable 157.6 GB, Cached 0.6 GB
dist B 2^20 (66 limbs = 44 x 22): load 0.000 ntt 0.000 crt 0.000 spills 0.000 total 0.000 s
   dist_db 66 limbs: 0.000 s (dbig: shift 0.000 addsub 0.000 maxidx 0.000 reserve 0.000)
dist B 2^20 (43 limbs = 22 x 21): load 0.000 ntt 0.000 crt 0.000 spills 0.000 total 0.000 s
   dist_db 43 limbs: 0.000 s (dbig: shift 0.000 addsub 0.000 maxidx 0.000 reserve 0.000)
live: recip(db) j 21 -> 42           pool live 55.56 55.56 55.56 55.56 | window peak 55.56 55.56 55.56 55.56 | pool 64.42 64.42 64.42 64.42 GB per APU; peak/pool 86.2 %; MemAvailable 157.6 GB, Cached 0.6 GB
dist B 2^20 (129 limbs = 86 x 43): load 0.000 ntt 0.000 crt 0.000 spills 0.000 total 0.000 s
   dist_db 129 limbs: 0.000 s (dbig: shift 0.000 addsub 0.000 maxidx 0.000 reserve 0.000)
dist B 2^20 (85 limbs = 43 x 42): load 0.000 ntt 0.000 crt 0.000 spills 0.000 total 0.000 s
   dist_db 85 limbs: 0.000 s (dbig: shift 0.000 addsub 0.000 maxidx 0.000 reserve 0.000)
live: recip(db) j 42 -> 83           pool live 55.56 55.56 55.56 55.56 | window peak 55.56 55.56 55.56 55.56 | pool 64.42 64.42 64.42 64.42 GB per APU; peak/pool 86.2 %; MemAvailable 157.6 GB, Cached 0.6 GB
dist B 2^20 (252 limbs = 168 x 84): load 0.000 ntt 0.000 crt 0.000 spills 0.000 total 0.000 s
   dist_db 252 limbs: 0.000 s (dbig: shift 0.000 addsub 0.000 maxidx 0.000 reserve 0.000)
dist B 2^20 (167 limbs = 84 x 83): load 0.000 ntt 0.000 crt 0.000 spills 0.000 total 0.000 s
   dist_db 167 limbs: 0.000 s (dbig: shift 0.000 addsub 0.000 maxidx 0.000 reserve 0.000)
live: recip(db) j 83 -> 166          pool live 55.56 55.56 55.56 55.56 | window peak 55.56 55.56 55.56 55.56 | pool 64.42 64.42 64.42 64.42 GB per APU; peak/pool 86.2 %; MemAvailable 157.6 GB, Cached 0.6 GB
dist B 2^20 (501 limbs = 334 x 167): load 0.000 ntt 0.000 crt 0.000 spills 0.000 total 0.000 s
   dist_db 501 limbs: 0.000 s (dbig: shift 0.000 addsub 0.000 maxidx 0.000 reserve 0.000)
dist B 2^20 (333 limbs = 167 x 166): load 0.000 ntt 0.000 crt 0.000 spills 0.000 total 0.000 s
   dist_db 333 limbs: 0.000 s (dbig: shift 0.000 addsub 0.000 maxidx 0.000 reserve 0.000)
live: recip(db) j 166 -> 332         pool live 55.56 55.56 55.56 55.56 | window peak 55.56 55.56 55.56 55.56 | pool 64.42 64.42 64.42 64.42 GB per APU; peak/pool 86.2 %; MemAvailable 157.6 GB, Cached 0.6 GB
dist B 2^20 (999 limbs = 666 x 333): load 0.000 ntt 0.000 crt 0.000 spills 0.000 total 0.000 s
   dist_db 999 limbs: 0.000 s (dbig: shift 0.000 addsub 0.000 maxidx 0.000 reserve 0.000)
dist B 2^20 (665 limbs = 333 x 332): load 0.000 ntt 0.000 crt 0.000 spills 0.000 total 0.000 s
   dist_db 665 limbs: 0.000 s (dbig: shift 0.000 addsub 0.000 maxidx 0.000 reserve 0.000)
live: recip(db) j 332 -> 663         pool live 55.56 55.56 55.56 55.56 | window peak 55.56 55.56 55.56 55.56 | pool 64.42 64.42 64.42 64.42 GB per APU; peak/pool 86.2 %; MemAvailable 157.6 GB, Cached 0.6 GB
dist B 2^20 (1992 limbs = 1328 x 664): load 0.000 ntt 0.000 crt 0.000 spills 0.000 total 0.000 s
   dist_db 1992 limbs: 0.000 s (dbig: shift 0.000 addsub 0.000 maxidx 0.000 reserve 0.000)
dist B 2^20 (1327 limbs = 664 x 663): load 0.000 ntt 0.000 crt 0.000 spills 0.000 total 0.000 s
   dist_db 1327 limbs: 0.000 s (dbig: shift 0.000 addsub 0.000 maxidx 0.000 reserve 0.000)
live: recip(db) j 663 -> 1325        pool live 55.56 55.56 55.56 55.56 | window peak 55.56 55.56 55.56 55.56 | pool 64.42 64.42 64.42 64.42 GB per APU; peak/pool 86.2 %; MemAvailable 157.6 GB, Cached 0.6 GB
dist B 2^20 (3978 limbs = 2652 x 1326): load 0.000 ntt 0.000 crt 0.000 spills 0.000 total 0.001 s
   dist_db 3978 limbs: 0.001 s (dbig: shift 0.000 addsub 0.000 maxidx 0.000 reserve 0.000)
dist B 2^20 (2651 limbs = 1326 x 1325): load 0.000 ntt 0.000 crt 0.000 spills 0.000 total 0.000 s
   dist_db 2651 limbs: 0.001 s (dbig: shift 0.000 addsub 0.000 maxidx 0.000 reserve 0.000)
live: recip(db) j 1325 -> 2650       pool live 55.56 55.56 55.56 55.56 | window peak 55.56 55.56 55.56 55.56 | pool 64.42 64.42 64.42 64.42 GB per APU; peak/pool 86.2 %; MemAvailable 157.6 GB, Cached 0.6 GB
dist B 2^20 (7953 limbs = 5302 x 2651): load 0.000 ntt 0.000 crt 0.000 spills 0.000 total 0.001 s
   dist_db 7953 limbs: 0.001 s (dbig: shift 0.000 addsub 0.000 maxidx 0.000 reserve 0.000)
dist B 2^20 (5301 limbs = 2651 x 2650): load 0.000 ntt 0.000 crt 0.000 spills 0.000 total 0.001 s
   dist_db 5301 limbs: 0.001 s (dbig: shift 0.000 addsub 0.000 maxidx 0.000 reserve 0.000)
live: recip(db) j 2650 -> 5299       pool live 55.56 55.56 55.56 55.56 | window peak 55.56 55.56 55.56 55.56 | pool 64.42 64.42 64.42 64.42 GB per APU; peak/pool 86.2 %; MemAvailable 157.6 GB, Cached 0.6 GB
dist B 2^20 (15900 limbs = 10600 x 5300): load 0.000 ntt 0.000 crt 0.000 spills 0.000 total 0.001 s
   dist_db 15900 limbs: 0.001 s (dbig: shift 0.000 addsub 0.000 maxidx 0.000 reserve 0.000)
dist B 2^20 (10599 limbs = 5300 x 5299): load 0.000 ntt 0.000 crt 0.000 spills 0.000 total 0.001 s
   dist_db 10599 limbs: 0.001 s (dbig: shift 0.000 addsub 0.000 maxidx 0.000 reserve 0.000)
live: recip(db) j 5299 -> 10597      pool live 55.56 55.56 55.56 55.56 | window peak 55.56 55.56 55.56 55.56 | pool 64.42 64.42 64.42 64.42 GB per APU; peak/pool 86.2 %; MemAvailable 157.6 GB, Cached 0.6 GB
dist B 2^20 (31794 limbs = 21196 x 10598): load 0.000 ntt 0.000 crt 0.000 spills 0.000 total 0.001 s
   dist_db 31794 limbs: 0.001 s (dbig: shift 0.000 addsub 0.000 maxidx 0.000 reserve 0.000)
dist B 2^20 (21195 limbs = 10598 x 10597): load 0.000 ntt 0.000 crt 0.000 spills 0.000 total 0.001 s
   dist_db 21195 limbs: 0.001 s (dbig: shift 0.000 addsub 0.000 maxidx 0.000 reserve 0.000)
live: recip(db) j 10597 -> 21193     pool live 55.56 55.56 55.56 55.56 | window peak 55.56 55.56 55.56 55.56 | pool 64.42 64.42 64.42 64.42 GB per APU; peak/pool 86.2 %; MemAvailable 157.6 GB, Cached 0.6 GB
dist B 2^20 (63582 limbs = 42388 x 21194): load 0.000 ntt 0.000 crt 0.001 spills 0.000 total 0.001 s
   dist_db 63582 limbs: 0.001 s (dbig: shift 0.000 addsub 0.000 maxidx 0.000 reserve 0.000)
dist B 2^20 (42387 limbs = 21194 x 21193): load 0.000 ntt 0.000 crt 0.000 spills 0.000 total 0.001 s
   dist_db 42387 limbs: 0.001 s (dbig: shift 0.000 addsub 0.000 maxidx 0.000 reserve 0.000)
live: recip(db) j 21193 -> 42386     pool live 55.56 55.56 55.56 55.56 | window peak 55.56 55.56 55.56 55.56 | pool 64.42 64.42 64.42 64.42 GB per APU; peak/pool 86.2 %; MemAvailable 157.6 GB, Cached 0.6 GB
dist B 2^20 (127161 limbs = 84774 x 42387): load 0.000 ntt 0.000 crt 0.000 spills 0.001 total 0.002 s
   dist_db 127161 limbs: 0.002 s (dbig: shift 0.000 addsub 0.001 maxidx 0.000 reserve 0.000)
dist B 2^20 (84773 limbs = 42387 x 42386): load 0.000 ntt 0.000 crt 0.000 spills 0.000 total 0.001 s
   dist_db 84773 limbs: 0.001 s (dbig: shift 0.000 addsub 0.000 maxidx 0.000 reserve 0.000)
live: recip(db) j 42386 -> 84772     pool live 55.56 55.56 55.56 55.56 | window peak 55.56 55.56 55.56 55.56 | pool 64.42 64.42 64.42 64.42 GB per APU; peak/pool 86.2 %; MemAvailable 157.6 GB, Cached 0.6 GB
dist B 2^20 (254319 limbs = 169546 x 84773): load 0.000 ntt 0.000 crt 0.000 spills 0.001 total 0.002 s
   dist_db 254319 limbs: 0.002 s (dbig: shift 0.000 addsub 0.001 maxidx 0.000 reserve 0.000)
dist B 2^20 (169545 limbs = 84773 x 84772): load 0.000 ntt 0.000 crt 0.000 spills 0.000 total 0.001 s
   dist_db 169545 limbs: 0.001 s (dbig: shift 0.000 addsub 0.000 maxidx 0.000 reserve 0.000)
live: recip(db) j 84772 -> 169543    pool live 55.56 55.56 55.56 55.56 | window peak 55.56 55.56 55.56 55.56 | pool 64.42 64.42 64.42 64.42 GB per APU; peak/pool 86.2 %; MemAvailable 157.6 GB, Cached 0.6 GB
dist B 2^20 (508632 limbs = 339088 x 169544): load 0.000 ntt 0.000 crt 0.000 spills 0.000 total 0.001 s
   dist_db 508632 limbs: 0.001 s (dbig: shift 0.000 addsub 0.000 maxidx 0.000 reserve 0.000)
dist B 2^20 (339087 limbs = 169544 x 169543): load 0.000 ntt 0.000 crt 0.000 spills 0.000 total 0.001 s
   dist_db 339087 limbs: 0.001 s (dbig: shift 0.000 addsub 0.000 maxidx 0.000 reserve 0.000)
live: recip(db) j 169543 -> 339085   pool live 55.56 55.56 55.56 55.56 | window peak 55.56 55.56 55.56 55.56 | pool 64.42 64.42 64.42 64.42 GB per APU; peak/pool 86.2 %; MemAvailable 157.6 GB, Cached 0.6 GB
dist B 2^20 (1017258 limbs = 678172 x 339086): load 0.000 ntt 0.000 crt 0.000 spills 0.000 total 0.001 s
   dist_db 1017258 limbs: 0.001 s (dbig: shift 0.000 addsub 0.000 maxidx 0.000 reserve 0.000)
dist B 2^20 (678170 limbs = 339086 x 339084): load 0.000 ntt 0.000 crt 0.000 spills 0.000 total 0.001 s
   dist_db 678170 limbs: 0.001 s (dbig: shift 0.000 addsub 0.000 maxidx 0.000 reserve 0.000)
live: recip(db) j 339085 -> 678169   pool live 55.56 55.56 55.56 55.56 | window peak 55.56 55.56 55.56 55.56 | pool 64.42 64.42 64.42 64.42 GB per APU; peak/pool 86.2 %; MemAvailable 157.6 GB, Cached 0.6 GB
dist B 2^21 (2034510 limbs = 1356340 x 678170): load 0.000 ntt 0.002 crt 0.000 spills 0.000 total 0.003 s
   dist_db 2034510 limbs: 0.003 s (dbig: shift 0.000 addsub 0.000 maxidx 0.000 reserve 0.000)
dist B 3*2^19 (1356339 limbs = 678170 x 678169): load 0.000 ntt 0.000 crt 0.000 spills 0.000 total 0.002 s
   dist_db 1356339 limbs: 0.002 s (dbig: shift 0.000 addsub 0.000 maxidx 0.000 reserve 0.000)
live: recip(db) j 678169 -> 1356337  pool live 55.56 55.56 55.56 55.56 | window peak 55.56 55.56 55.56 55.56 | pool 64.42 64.42 64.42 64.42 GB per APU; peak/pool 86.2 %; MemAvailable 157.6 GB, Cached 0.6 GB
dist B 2^22 (4069014 limbs = 2712676 x 1356338): load 0.000 ntt 0.001 crt 0.000 spills 0.000 total 0.004 s
   dist_db 4069014 limbs: 0.004 s (dbig: shift 0.000 addsub 0.000 maxidx 0.000 reserve 0.000)
dist B 3*2^20 (2712675 limbs = 1356338 x 1356337): load 0.000 ntt 0.001 crt 0.000 spills 0.000 total 0.003 s
   dist_db 2712675 limbs: 0.003 s (dbig: shift 0.000 addsub 0.000 maxidx 0.000 reserve 0.000)
live: recip(db) j 1356337 -> 2712674 pool live 55.56 55.56 55.56 55.56 | window peak 55.56 55.56 55.56 55.56 | pool 64.42 64.42 64.42 64.42 GB per APU; peak/pool 86.2 %; MemAvailable 157.6 GB, Cached 0.6 GB
dist B 2^23 (8138025 limbs = 5425350 x 2712675): load 0.001 ntt 0.004 crt 0.001 spills 0.002 total 0.009 s
   dist_db 8138025 limbs: 0.009 s (dbig: shift 0.000 addsub 0.002 maxidx 0.000 reserve 0.000)
dist B 3*2^21 (5425349 limbs = 2712675 x 2712674): load 0.001 ntt 0.001 crt 0.001 spills 0.000 total 0.003 s
   dist_db 5425349 limbs: 0.003 s (dbig: shift 0.000 addsub 0.000 maxidx 0.000 reserve 0.000)
live: recip(db) j 2712674 -> 5425348 pool live 55.56 55.56 55.56 55.56 | window peak 55.56 55.56 55.56 55.56 | pool 64.42 64.42 64.42 64.42 GB per APU; peak/pool 86.2 %; MemAvailable 157.6 GB, Cached 0.6 GB
dist B 2^24 (16276047 limbs = 10850698 x 5425349): load 0.002 ntt 0.004 crt 0.001 spills 0.002 total 0.011 s
   dist_db 16276047 limbs: 0.011 s (dbig: shift 0.000 addsub 0.002 maxidx 0.000 reserve 0.000)
dist B 3*2^22 (10850697 limbs = 5425349 x 5425348): load 0.001 ntt 0.002 crt 0.001 spills 0.001 total 0.007 s
   dist_db 10850697 limbs: 0.008 s (dbig: shift 0.000 addsub 0.001 maxidx 0.000 reserve 0.000)
live: recip(db) j 5425348 -> 10850695 pool live 55.56 55.56 55.56 55.56 | window peak 55.56 55.56 55.56 55.56 | pool 64.42 64.42 64.42 64.42 GB per APU; peak/pool 86.2 %; MemAvailable 157.6 GB, Cached 0.6 GB
dist B 2^25 (32552088 limbs = 21701392 x 10850696): load 0.003 ntt 0.004 crt 0.003 spills 0.002 total 0.014 s
   dist_db 32552088 limbs: 0.014 s (dbig: shift 0.000 addsub 0.002 maxidx 0.001 reserve 0.000)
dist B 3*2^23 (21701391 limbs = 10850696 x 10850695): load 0.003 ntt 0.003 crt 0.003 spills 0.002 total 0.010 s
   dist_db 21701391 limbs: 0.010 s (dbig: shift 0.000 addsub 0.002 maxidx 0.001 reserve 0.000)
live: recip(db) j 10850695 -> 21701389 pool live 55.56 55.56 55.56 55.56 | window peak 55.56 55.56 55.56 55.56 | pool 64.42 64.42 64.42 64.42 GB per APU; peak/pool 86.2 %; MemAvailable 157.6 GB, Cached 0.6 GB
dist B 2^26 (65104170 limbs = 43402780 x 21701390): load 0.007 ntt 0.009 crt 0.005 spills 0.004 total 0.026 s
   dist_db 65104170 limbs: 0.027 s (dbig: shift 0.000 addsub 0.003 maxidx 0.002 reserve 0.000)
dist B 3*2^24 (43402779 limbs = 21701390 x 21701389): load 0.005 ntt 0.007 crt 0.003 spills 0.003 total 0.018 s
   dist_db 43402779 limbs: 0.019 s (dbig: shift 0.000 addsub 0.003 maxidx 0.001 reserve 0.000)
live: recip(db) j 21701389 -> 43402778 pool live 55.56 55.56 55.56 55.56 | window peak 55.56 55.56 55.56 55.56 | pool 64.42 64.42 64.42 64.42 GB per APU; peak/pool 86.2 %; MemAvailable 157.6 GB, Cached 0.6 GB
dist B 2^27 (130208337 limbs = 86805558 x 43402779): load 0.015 ntt 0.017 crt 0.009 spills 0.011 total 0.053 s
   dist_db 130208337 limbs: 0.055 s (dbig: shift 0.000 addsub 0.011 maxidx 0.004 reserve 0.000)
dist B 3*2^25 (86805557 limbs = 43402779 x 43402778): load 0.010 ntt 0.013 crt 0.006 spills 0.005 total 0.034 s
   dist_db 86805557 limbs: 0.035 s (dbig: shift 0.000 addsub 0.005 maxidx 0.003 reserve 0.000)
live: recip(db) j 43402778 -> 86805556 pool live 55.56 55.56 55.56 55.56 | window peak 55.56 55.56 55.56 55.56 | pool 64.42 64.42 64.42 64.42 GB per APU; peak/pool 86.2 %; MemAvailable 157.6 GB, Cached 0.6 GB
dist B 2^28 (260416671 limbs = 173611114 x 86805557): load 0.031 ntt 0.034 crt 0.018 spills 0.022 total 0.104 s
   dist_db 260416671 limbs: 0.108 s (dbig: shift 0.000 addsub 0.022 maxidx 0.008 reserve 0.000)
dist B 3*2^26 (173611113 limbs = 86805557 x 86805556): load 0.020 ntt 0.026 crt 0.012 spills 0.010 total 0.069 s
   dist_db 173611113 limbs: 0.072 s (dbig: shift 0.000 addsub 0.010 maxidx 0.006 reserve 0.000)
live: recip(db) j 86805556 -> 173611112 pool live 55.56 55.56 55.56 55.56 | window peak 55.56 55.56 55.56 55.56 | pool 64.42 64.42 64.42 64.42 GB per APU; peak/pool 86.2 %; MemAvailable 157.6 GB, Cached 0.6 GB
dist B 2^29 (520833339 limbs = 347222226 x 173611113): load 0.062 ntt 0.067 crt 0.035 spills 0.042 total 0.207 s
   dist_db 520833339 limbs: 0.215 s (dbig: shift 0.000 addsub 0.042 maxidx 0.017 reserve 0.000)
dist B 3*2^27 (347222225 limbs = 173611113 x 173611112): load 0.042 ntt 0.058 crt 0.024 spills 0.020 total 0.143 s
   dist_db 347222225 limbs: 0.149 s (dbig: shift 0.000 addsub 0.020 maxidx 0.012 reserve 0.000)
live: recip(db) j 173611112 -> 347222223 pool live 55.56 55.56 55.56 55.56 | window peak 55.56 55.56 55.56 55.56 | pool 64.42 64.42 64.42 64.42 GB per APU; peak/pool 86.2 %; MemAvailable 157.6 GB, Cached 0.6 GB
dist B 2^30 (1041666672 limbs = 694444448 x 347222224): load 0.128 ntt 0.134 crt 0.070 spills 0.057 total 0.388 s
   dist_db 1041666672 limbs: 0.405 s (dbig: shift 0.000 addsub 0.056 maxidx 0.035 reserve 0.000)
dist B 3*2^28 (694444447 limbs = 347222224 x 347222223): load 0.084 ntt 0.117 crt 0.046 spills 0.039 total 0.285 s
   dist_db 694444447 limbs: 0.298 s (dbig: shift 0.000 addsub 0.038 maxidx 0.024 reserve 0.000)
live: recip(db) j 347222223 -> 694444445 pool live 55.56 55.56 55.56 55.56 | window peak 55.56 55.56 55.56 55.56 | pool 64.42 64.42 64.42 64.42 GB per APU; peak/pool 86.2 %; MemAvailable 157.6 GB, Cached 0.6 GB
dist 2^31 = 2^15 x 2^16 (2083333338 limbs): load 0.273 ntt 0.496 crt 0.095 spills 0.116 total 0.991 s
   dist_db 2083333338 limbs: 1.025 s (dbig: shift 0.000 addsub 0.116 maxidx 0.069 reserve 0.000)
dist B 3*2^29 (1388888891 limbs = 694444446 x 694444445): load 0.166 ntt 0.239 crt 0.091 spills 0.078 total 0.570 s
   dist_db 1388888891 limbs: 0.593 s (dbig: shift 0.000 addsub 0.076 maxidx 0.047 reserve 0.000)
live: recip(db) j 694444445 -> 1388888890 pool live 55.56 55.56 55.56 55.56 | window peak 55.56 55.56 55.56 55.56 | pool 64.42 64.42 64.42 64.42 GB per APU; peak/pool 86.2 %; MemAvailable 157.3 GB, Cached 0.6 GB
dist 2^31 = 2^15 x 2^16 (2083333337 limbs): load 0.272 ntt 0.468 crt 0.095 spills 0.115 total 0.929 s
dist 2^31 = 2^15 x 2^16 (2083333337 limbs): load 0.265 ntt 0.458 crt 0.072 spills 0.029 total 0.818 s
dist 2^31 = 2^15 x 2^16 (2083333336 limbs): load 0.273 ntt 0.469 crt 0.072 spills 0.029 total 0.823 s
dist 2^31 = 2^15 x 2^16 (2083333336 limbs): load 0.266 ntt 0.458 crt 0.072 spills 0.029 total 0.817 s
   dist_db 2777777782 x 1388888891 limbs: 2 x 2 pieces of 1388888891 + 694444446, 4 formed, 0 skipped (low cut): 4.619 s (cache 0 slots: 0 hits, 0 misses)
dist 2^31 = 2^15 x 2^16 (2083333336 limbs): load 0.264 ntt 0.463 crt 0.095 spills 0.115 total 0.922 s
dist 2^31 = 2^15 x 2^16 (2083333336 limbs): load 0.267 ntt 0.461 crt 0.072 spills 0.029 total 0.812 s
   dist_db 1388888891 x 1388888890 limbs: 1 x 2 pieces of 1388888891 + 694444445, 2 formed, 0 skipped (low cut): 2.118 s (cache 0 slots: 0 hits, 0 misses)
newton(db) j 1388888890 (k 5555555558): recip cut 0 pieces skipped, 6 formed in the step's two products
live: recip(db) j 1388888890 -> 2777777779 pool live 55.56 55.56 55.56 55.56 | window peak 59.72 59.72 59.72 59.72 | pool 64.42 64.42 64.42 64.42 GB per APU; peak/pool 92.7 %; MemAvailable 157.3 GB, Cached 0.6 GB
dist B 3*2^29 (1543209879 limbs = 925925927 x 617283952): load 0.144 ntt 0.240 crt 0.057 spills 0.023 total 0.465 s
dist B 3*2^29 (1543209879 limbs = 925925927 x 617283952): load 0.153 ntt 0.240 crt 0.057 spills 0.023 total 0.474 s
dist B 3*2^29 (1543209879 limbs = 925925927 x 617283952): load 0.127 ntt 0.244 crt 0.058 spills 0.023 total 0.446 s
dist B 3*2^29 (1543209879 limbs = 925925927 x 617283952): load 0.148 ntt 0.241 crt 0.058 spills 0.023 total 0.467 s
dist B 3*2^29 (1543209879 limbs = 925925927 x 617283952): load 0.137 ntt 0.242 crt 0.057 spills 0.023 total 0.455 s
dist B 3*2^29 (1543209879 limbs = 925925927 x 617283952): load 0.147 ntt 0.240 crt 0.058 spills 0.023 total 0.465 s
dist B 3*2^29 (1543209871 limbs = 925925927 x 617283944): load 0.147 ntt 0.240 crt 0.058 spills 0.023 total 0.468 s
dist B 3*2^29 (1543209879 limbs = 925925927 x 617283952): load 0.147 ntt 0.240 crt 0.058 spills 0.023 total 0.465 s
dist B 3*2^29 (1543209879 limbs = 925925927 x 617283952): load 0.148 ntt 0.240 crt 0.058 spills 0.023 total 0.470 s
dist B 3*2^29 (1543209879 limbs = 925925927 x 617283952): load 0.157 ntt 0.240 crt 0.058 spills 0.023 total 0.479 s
dist B 3*2^29 (1543209879 limbs = 925925927 x 617283952): load 0.142 ntt 0.240 crt 0.058 spills 0.023 total 0.462 s
dist B 3*2^29 (1543209879 limbs = 925925927 x 617283952): load 0.167 ntt 0.240 crt 0.058 spills 0.023 total 0.484 s
dist B 3*2^29 (1543209879 limbs = 925925927 x 617283952): load 0.153 ntt 0.240 crt 0.058 spills 0.023 total 0.469 s
dist B 3*2^29 (1543209879 limbs = 925925927 x 617283952): load 0.143 ntt 0.239 crt 0.057 spills 0.023 total 0.462 s
dist B 3*2^29 (1543209871 limbs = 925925927 x 617283944): load 0.144 ntt 0.240 crt 0.058 spills 0.023 total 0.465 s
dist B 3*2^29 (1543209878 limbs = 925925926 x 617283952): load 0.165 ntt 0.238 crt 0.058 spills 0.023 total 0.480 s
dist B 3*2^29 (1543209878 limbs = 925925926 x 617283952): load 0.161 ntt 0.241 crt 0.058 spills 0.023 total 0.480 s
dist B 3*2^29 (1543209878 limbs = 925925926 x 617283952): load 0.152 ntt 0.240 crt 0.057 spills 0.023 total 0.473 s
dist B 3*2^29 (1543209878 limbs = 925925926 x 617283952): load 0.161 ntt 0.240 crt 0.057 spills 0.023 total 0.483 s
dist B 3*2^29 (1543209878 limbs = 925925926 x 617283952): load 0.139 ntt 0.240 crt 0.058 spills 0.023 total 0.459 s
dist B 3*2^29 (1543209878 limbs = 925925926 x 617283952): load 0.152 ntt 0.239 crt 0.058 spills 0.023 total 0.471 s
dist B 3*2^29 (1543209878 limbs = 925925926 x 617283952): load 0.142 ntt 0.239 crt 0.057 spills 0.023 total 0.459 s
dist B 3*2^29 (1543209878 limbs = 925925926 x 617283952): load 0.152 ntt 0.241 crt 0.058 spills 0.023 total 0.474 s
dist B 3*2^29 (1543209870 limbs = 925925926 x 617283944): load 0.153 ntt 0.240 crt 0.058 spills 0.023 total 0.475 s
   dist_db 5555555560 x 2777777780 limbs: 9 x 3 pieces of 617283952 + 925925927, 24 formed, 3 skipped (low cut): 19.671 s (cache 0 slots: 0 hits, 0 misses)
dist 2^31 = 2^15 x 2^16 (2083333335 limbs): load 0.261 ntt 0.460 crt 0.071 spills 0.029 total 0.812 s
dist 2^31 = 2^15 x 2^16 (2083333335 limbs): load 0.266 ntt 0.463 crt 0.072 spills 0.029 total 0.813 s
dist 2^31 = 2^15 x 2^16 (2083333335 limbs): load 0.263 ntt 0.460 crt 0.072 spills 0.029 total 0.813 s
dist 2^31 = 2^15 x 2^16 (2083333335 limbs): load 0.265 ntt 0.464 crt 0.071 spills 0.029 total 0.814 s
dist 2^31 = 2^15 x 2^16 (2083333335 limbs): load 0.265 ntt 0.464 crt 0.072 spills 0.029 total 0.817 s
dist 2^31 = 2^15 x 2^16 (2083333334 limbs): load 0.266 ntt 0.464 crt 0.071 spills 0.029 total 0.814 s
dist 2^31 = 2^15 x 2^16 (2083333334 limbs): load 0.265 ntt 0.462 crt 0.071 spills 0.029 total 0.815 s
   dist_db 2777777780 x 2777777779 limbs: 2 x 4 pieces of 1388888890 + 694444445, 7 formed, 1 skipped (low cut): 8.228 s (cache 0 slots: 0 hits, 0 misses)
newton(db) j 2777777779 (k 5555555558): recip cut 4 pieces skipped, 31 formed in the step's two products
live: recip(db) j 2777777779 -> 5555555558 pool live 55.56 55.56 55.56 55.56 | window peak 59.72 59.72 59.72 59.72 | pool 64.42 64.42 64.42 64.42 GB per APU; peak/pool 92.7 %; MemAvailable 157.3 GB, Cached 0.6 GB
recip(db) 40.22 s: dist 143 calls 47.04 s (load 14.76 ntt 24.04 crt 5.70 spills 2.76); dbig shift 69/0.77 addsub 279/24.85 maxidx 745/5.80 reserve 28/0.00; pools 0.0 GB
recip    41.61 s   mu 5555555559 limbs (32 iterations, 0 mdev)   VmRSS 6.9 GB, VmHWM 28.4 GB
mem [recip] device 361.4 GB in use (per APU 90.3..90.3): planes 103.1, regions 0.0, block pool 257.7 (donated 0.0, borrowed 257.7, hipMalloc 0.0; live 133.3, peak live 238.9, free 124.4), tables 0.61, other 0.0
mem [recip] host 6.9 GB RSS (HWM 28.4): staging 0.0 pinned, registered 0.1, X 0.0, digits 0.0, named 0.0, other 6.8
      I3: P, Q residues by kernel 1.31 s (before the reciprocal), S = P + Q on device 0.14 s; no host A
10dP      0.14 s   T 5555555556 limbs, A 11111111116 limbs (0 mdev, 0 splits)   VmRSS 6.9 GB, VmHWM 28.4 GB
RESULT ecalc 10dP s 0.144137
dbig pool: APU0 VMM remap for a 22.22 GB request: 11 free chunks moved to slot 30 (23.62 GB contiguous) in 0.479 s; free 31.09 GB in 5 extents, live 33.33 GB
dbig pool: APU1 VMM remap for a 22.22 GB request: 11 free chunks moved to slot 30 (23.62 GB contiguous) in 0.481 s; free 31.09 GB in 5 extents, live 33.33 GB
dbig pool: APU2 VMM remap for a 22.22 GB request: 11 free chunks moved to slot 30 (23.62 GB contiguous) in 0.448 s; free 31.09 GB in 5 extents, live 33.33 GB
dbig pool: APU3 VMM remap for a 22.22 GB request: 11 free chunks moved to slot 30 (23.62 GB contiguous) in 0.434 s; free 31.09 GB in 5 extents, live 33.33 GB
dist B 3*2^29 (1587301587 limbs = 793650794 x 793650793): load 0.187 ntt 0.239 crt 0.060 spills 0.023 total 0.507 s
dist B 3*2^29 (1587301588 limbs = 793650794 x 793650794): load 0.164 ntt 0.240 crt 0.059 spills 0.023 total 0.483 s
dist B 3*2^29 (1587301587 limbs = 793650794 x 793650793): load 0.180 ntt 0.240 crt 0.059 spills 0.024 total 0.500 s
dist B 3*2^29 (1587301588 limbs = 793650794 x 793650794): load 0.202 ntt 0.240 crt 0.059 spills 0.023 total 0.525 s
dist B 3*2^29 (1587301588 limbs = 793650794 x 793650794): load 0.186 ntt 0.240 crt 0.059 spills 0.023 total 0.509 s
dist B 3*2^29 (1587301587 limbs = 793650794 x 793650793): load 0.204 ntt 0.240 crt 0.059 spills 0.023 total 0.527 s
dist B 3*2^29 (1587301588 limbs = 793650794 x 793650794): load 0.152 ntt 0.238 crt 0.059 spills 0.023 total 0.473 s
dist B 3*2^29 (1587301588 limbs = 793650794 x 793650794): load 0.170 ntt 0.240 crt 0.059 spills 0.023 total 0.488 s
dist B 3*2^29 (1587301588 limbs = 793650794 x 793650794): load 0.150 ntt 0.239 crt 0.060 spills 0.024 total 0.473 s
dist B 3*2^29 (1587301587 limbs = 793650794 x 793650793): load 0.166 ntt 0.239 crt 0.059 spills 0.023 total 0.489 s
dist B 3*2^29 (1587301588 limbs = 793650794 x 793650794): load 0.201 ntt 0.240 crt 0.060 spills 0.023 total 0.523 s
dist B 3*2^29 (1587301588 limbs = 793650794 x 793650794): load 0.188 ntt 0.240 crt 0.060 spills 0.023 total 0.506 s
dist B 3*2^29 (1587301588 limbs = 793650794 x 793650794): load 0.211 ntt 0.240 crt 0.059 spills 0.023 total 0.527 s
dist B 3*2^29 (1587301588 limbs = 793650794 x 793650794): load 0.174 ntt 0.240 crt 0.059 spills 0.023 total 0.493 s
dist B 3*2^29 (1587301587 limbs = 793650794 x 793650793): load 0.189 ntt 0.241 crt 0.059 spills 0.023 total 0.513 s
dist B 3*2^29 (1587301588 limbs = 793650794 x 793650794): load 0.162 ntt 0.240 crt 0.059 spills 0.023 total 0.483 s
dist B 3*2^29 (1587301588 limbs = 793650794 x 793650794): load 0.185 ntt 0.240 crt 0.059 spills 0.023 total 0.509 s
dist B 3*2^29 (1587301588 limbs = 793650794 x 793650794): load 0.151 ntt 0.239 crt 0.059 spills 0.023 total 0.471 s
dist B 3*2^29 (1587301588 limbs = 793650794 x 793650794): load 0.178 ntt 0.240 crt 0.060 spills 0.023 total 0.498 s
dist B 3*2^29 (1587301588 limbs = 793650794 x 793650794): load 0.155 ntt 0.241 crt 0.060 spills 0.023 total 0.479 s
dist B 3*2^29 (1587301587 limbs = 793650794 x 793650793): load 0.174 ntt 0.240 crt 0.060 spills 0.023 total 0.497 s
dist B 3*2^29 (1587301588 limbs = 793650794 x 793650794): load 0.203 ntt 0.240 crt 0.059 spills 0.023 total 0.523 s
dist B 3*2^29 (1587301588 limbs = 793650794 x 793650794): load 0.181 ntt 0.241 crt 0.059 spills 0.023 total 0.501 s
dist B 3*2^29 (1587301588 limbs = 793650794 x 793650794): load 0.204 ntt 0.239 crt 0.059 spills 0.023 total 0.526 s
dist B 3*2^29 (1587301588 limbs = 793650794 x 793650794): load 0.166 ntt 0.239 crt 0.060 spills 0.023 total 0.489 s
dist B 3*2^29 (1587301588 limbs = 793650794 x 793650794): load 0.188 ntt 0.240 crt 0.059 spills 0.023 total 0.511 s
dist B 3*2^29 (1587301588 limbs = 793650794 x 793650794): load 0.174 ntt 0.240 crt 0.059 spills 0.023 total 0.497 s
dist B 3*2^29 (1587301587 limbs = 793650794 x 793650793): load 0.195 ntt 0.241 crt 0.060 spills 0.023 total 0.519 s
   dist_db 5555555557 x 5555555558 limbs: 7 x 7 pieces of 793650794 + 793650794, 28 formed, 21 skipped (low cut): 25.374 s (cache 0 slots: 0 hits, 0 misses)
dbig pool: APU0 VMM remap for a 22.22 GB request: 11 free chunks moved to slot 41 (23.62 GB contiguous) in 0.497 s; free 31.09 GB in 5 extents, live 33.33 GB
dbig pool: APU1 VMM remap for a 22.22 GB request: 11 free chunks moved to slot 41 (23.62 GB contiguous) in 0.483 s; free 31.09 GB in 5 extents, live 33.33 GB
  T2 window@50 ok
  T2 window@1000000 ok
  T2 window@100000000 ok
  T2 window@1000000000 ok
dbig pool: APU2 VMM remap for a 22.22 GB request: 11 free chunks moved to slot 41 (23.62 GB contiguous) in 0.458 s; free 31.09 GB in 5 extents, live 33.33 GB
dbig pool: APU3 VMM remap for a 22.22 GB request: 11 free chunks moved to slot 41 (23.62 GB contiguous) in 0.445 s; free 31.09 GB in 5 extents, live 33.33 GB
dist B 3*2^29 (1587301589 limbs = 793650795 x 793650794): load 0.191 ntt 0.260 crt 0.104 spills 0.092 total 0.631 s
dist B 3*2^29 (1587301589 limbs = 793650795 x 793650794): load 0.184 ntt 0.259 crt 0.060 spills 0.025 total 0.516 s
dist B 3*2^29 (1587301589 limbs = 793650795 x 793650794): load 0.198 ntt 0.258 crt 0.059 spills 0.024 total 0.540 s
dist B 3*2^29 (1587301589 limbs = 793650795 x 793650794): load 0.155 ntt 0.259 crt 0.059 spills 0.024 total 0.498 s
dist B 3*2^29 (1587301589 limbs = 793650795 x 793650794): load 0.189 ntt 0.259 crt 0.059 spills 0.026 total 0.533 s
dist B 3*2^29 (1587301589 limbs = 793650795 x 793650794): load 0.171 ntt 0.261 crt 0.060 spills 0.026 total 0.506 s
dist B 3*2^29 (1587301588 limbs = 793650795 x 793650793): load 0.188 ntt 0.260 crt 0.060 spills 0.025 total 0.528 s
dist B 3*2^29 (1587301589 limbs = 793650795 x 793650794): load 0.186 ntt 0.259 crt 0.060 spills 0.024 total 0.522 s
dist B 3*2^29 (1587301589 limbs = 793650795 x 793650794): load 0.181 ntt 0.269 crt 0.060 spills 0.025 total 0.519 s
dist B 3*2^29 (1587301589 limbs = 793650795 x 793650794): load 0.196 ntt 0.260 crt 0.059 spills 0.025 total 0.541 s
dist B 3*2^29 (1587301589 limbs = 793650795 x 793650794): load 0.155 ntt 0.266 crt 0.059 spills 0.025 total 0.501 s
dist B 3*2^29 (1587301589 limbs = 793650795 x 793650794): load 0.183 ntt 0.260 crt 0.059 spills 0.025 total 0.524 s
dist B 3*2^29 (1587301589 limbs = 793650795 x 793650794): load 0.165 ntt 0.257 crt 0.060 spills 0.024 total 0.499 s
dist B 3*2^29 (1587301588 limbs = 793650795 x 793650793): load 0.181 ntt 0.241 crt 0.060 spills 0.023 total 0.501 s
dist B 3*2^29 (1587301589 limbs = 793650795 x 793650794): load 0.198 ntt 0.240 crt 0.060 spills 0.023 total 0.519 s
dist B 3*2^29 (1587301589 limbs = 793650795 x 793650794): load 0.192 ntt 0.241 crt 0.060 spills 0.023 total 0.512 s
dist B 3*2^29 (1587301589 limbs = 793650795 x 793650794): load 0.223 ntt 0.239 crt 0.060 spills 0.023 total 0.546 s
dist B 3*2^29 (1587301589 limbs = 793650795 x 793650794): load 0.188 ntt 0.248 crt 0.060 spills 0.023 total 0.512 s
dist B 3*2^29 (1587301589 limbs = 793650795 x 793650794): load 0.199 ntt 0.240 crt 0.059 spills 0.023 total 0.522 s
dist B 3*2^29 (1587301589 limbs = 793650795 x 793650794): load 0.185 ntt 0.240 crt 0.060 spills 0.023 total 0.508 s
dist B 3*2^29 (1587301589 limbs = 793650795 x 793650794): load 0.157 ntt 0.241 crt 0.060 spills 0.023 total 0.479 s
dist B 3*2^29 (1587301589 limbs = 793650795 x 793650794): load 0.152 ntt 0.240 crt 0.060 spills 0.023 total 0.474 s
dist B 3*2^29 (1587301589 limbs = 793650795 x 793650794): load 0.182 ntt 0.239 crt 0.059 spills 0.023 total 0.505 s
dist B 3*2^29 (1587301589 limbs = 793650795 x 793650794): load 0.153 ntt 0.240 crt 0.059 spills 0.023 total 0.474 s
dist B 3*2^29 (1587301589 limbs = 793650795 x 793650794): load 0.187 ntt 0.241 crt 0.060 spills 0.023 total 0.508 s
dist B 3*2^29 (1587301589 limbs = 793650795 x 793650794): load 0.189 ntt 0.241 crt 0.060 spills 0.023 total 0.510 s
dist B 3*2^29 (1587301589 limbs = 793650795 x 793650794): load 0.183 ntt 0.240 crt 0.060 spills 0.023 total 0.504 s
dist B 3*2^29 (1587301589 limbs = 793650795 x 793650794): load 0.203 ntt 0.240 crt 0.059 spills 0.023 total 0.526 s
dist B 3*2^29 (1587301589 limbs = 793650795 x 793650794): load 0.172 ntt 0.240 crt 0.060 spills 0.023 total 0.493 s
dist B 3*2^29 (1587301589 limbs = 793650795 x 793650794): load 0.164 ntt 0.240 crt 0.060 spills 0.023 total 0.485 s
dist B 3*2^29 (1587301584 limbs = 793650794 x 793650790): load 0.187 ntt 0.240 crt 0.060 spills 0.024 total 0.508 s
   dist_db 5555555557 x 5555555560 limbs: 7 x 7 pieces of 793650794 + 793650795, 31 formed, 18 skipped (low product): 27.844 s (cache 0 slots: 0 hits, 0 misses)
live: divmod(dev) end                pool live 33.33 33.33 33.33 33.33 | window peak 58.73 58.73 58.73 58.73 | pool 64.42 64.42 64.42 64.42 GB per APU; peak/pool 91.2 %; MemAvailable 156.6 GB, Cached 0.6 GB
divmod(dev) 59.96 s: mu 0.05, A mu + shift 27.47, X out + low product 30.50, window + corrections 1.24 (2), X out + R residues 0.70; pools 0.0 GB; transform cache 0 hits / 0 misses
mem [division] device 361.4 GB in use (per APU 90.3..90.3): planes 103.1, regions 0.0, block pool 257.7 (donated 0.0, borrowed 257.7, hipMalloc 0.0; live 44.4, peak live 238.9, free 213.3), tables 0.61, other 0.0
mem [division] host 7.6 GB RSS (HWM 28.4): staging 0.0 pinned, registered 0.1, X 0.0, digits 0.0, named 0.0, other 7.5
dm      101.57 s   X 5555555557 limbs, R 0 limbs (recip 41.6 s; corrections 0/2; 0 mdev); X on the device   VmRSS 7.6 GB, VmHWM 28.4 GB
mem [dm] device 361.4 GB in use (per APU 90.3..90.3): planes 103.1, regions 0.0, block pool 257.7 (donated 0.0, borrowed 257.7, hipMalloc 0.0; live 44.4, peak live 238.9, free 213.3), tables 0.61, other 0.0
mem [dm] host 7.6 GB RSS (HWM 28.4): staging 0.0 pinned, registered 0.1, X 0.0, digits 0.0, named 0.0, other 7.5
RESULT ecalc dm s 101.569
  T1 q0=4611686018427388039: P ok, Q ok, T(P+Q) == XQ+R ok
  T1 q1=4611686018427388073: P ok, Q ok, T(P+Q) == XQ+R ok
  T1 q2=4611686018427388081: P ok, Q ok, T(P+Q) == XQ+R ok
  T1 q3=4611686018427388091: P ok, Q ok, T(P+Q) == XQ+R ok
  T1 q4=4611686018427388093: P ok, Q ok, T(P+Q) == XQ+R ok
  T1 q5=4611686018427388097: P ok, Q ok, T(P+Q) == XQ+R ok
  T1 q6=4611686018427388157: P ok, Q ok, T(P+Q) == XQ+R ok
  T1 q7=4611686018427388181: P ok, Q ok, T(P+Q) == XQ+R ok
T1        0.65 s   ok: T(P+Q) == XQ + R and P, Q mod q for 8 primes (P, Q recurrence overlapped with bs)
      overlapped with bs: P, Q mod q recurrence 11.36 s, block pool pregrown by 0 GB in 0.00 s
RESULT ecalc T1 s 0.647508
      VmRSS 7.6 GB before dc
total   202.39 s   (bs 84.1 + 10dP 0.1 + dm 101.6 + T1 0.6 + dc 0.0 + T2 0.0 = 186.4; init 15.7; other 0.3); VmHWM 28.4 GB
RESULT ecalc total s 202.393
RESULT ecalc phases s 186.439
RESULT ecalc other s 0.290716
RESULT ecalc vmhwm GB 28.3987
paper A22 (4e10): 285.7 = bs 112.2 + 10dP 12.6 + dm 46.8 + T1 ~3 + dc 110.3
      X corrected after the formatting started: redoing the digits
  T2 window@50 ok
  T2 window@1000000 ok
  T2 window@100000000 ok
  T2 window@1000000000 ok
  T1 q0: digits == X ok
  T1 q1: digits == X ok
  T1 q2: digits == X ok
  T1 q3: digits == X ok
  T1 q4: digits == X ok
  T1 q5: digits == X ok
  T1 q6: digits == X ok
  T1 q7: digits == X ok
dc        5.43 s   digits [0, 100000000009) of 100000000009 formatted from 5555555557 decimal limbs in 373 chunks (streamed with the low product; joined after total) (residues 0.68, format 1.87, digit residue 2.60, T2 0.00, fetch 0.88, waiting for the writer 0.00)
RESULT ecalc dc s 5.42671
T2        0.00 s   windows ok (4 checked), digits == X mod q ok (overlapped)
RESULT ecalc T2 s 0
digits: 27182818284590452353602874713526624977572470936999595749669676...37703810896884928977
VERIFY OK
dbig pool: APU0 tail 22.57 GB: 0 large blocks from its back, 3 small blocks spilled into it
dbig pool: APU1 tail 22.57 GB: 0 large blocks from its back, 3 small blocks spilled into it
dbig pool: APU2 tail 22.57 GB: 0 large blocks from its back, 3 small blocks spilled into it
dbig pool: APU3 tail 22.57 GB: 0 large blocks from its back, 3 small blocks spilled into it
mem [end] device 103.7 GB in use (per APU 25.9..25.9): planes 103.1, regions 0.0, block pool 0.0 (donated 0.0, borrowed 0.0, hipMalloc 0.0; live 0.0, peak live 238.9, free 0.0), tables 0.61, other 0.0
mem [end] host 7.0 GB RSS (HWM 28.4): staging 0.0 pinned, registered 0.1, X 0.0, digits 0.0, named 0.0, other 6.9
mem summary: bytes in use at each phase boundary, GB (device: all APUs / largest APU; host: this process)
mem phase           device  maxAPU |  planes regions  pl:don  pl:bor  pl:hip pl:live pl:peak tables |    host staging  regist       X  digits   other     HWM
mem init             359.0    89.7 |   103.1   128.6     0.0   126.7     0.0     0.0     0.0   0.61 |    24.6    21.5     0.0     0.0     0.0     3.2    24.6
mem bs               361.4    90.3 |   103.1     0.0     0.0   257.7     0.0    88.9   146.2   0.61 |     8.9     4.3     0.1     0.0     0.0     4.6    28.4
mem recip            361.4    90.3 |   103.1     0.0     0.0   257.7     0.0   133.3   238.9   0.61 |     6.9     0.0     0.1     0.0     0.0     6.8    28.4
mem division         361.4    90.3 |   103.1     0.0     0.0   257.7     0.0    44.4   238.9   0.61 |     7.6     0.0     0.1     0.0     0.0     7.5    28.4
mem dm               361.4    90.3 |   103.1     0.0     0.0   257.7     0.0    44.4   238.9   0.61 |     7.6     0.0     0.1     0.0     0.0     7.5    28.4
mem end              103.7    25.9 |   103.1     0.0     0.0     0.0     0.0     0.0   238.9   0.61 |     7.0     0.0     0.1     0.0     0.0     6.9    28.4
dbig pool: APU0 VMM arena released (2 remaps of 22 chunks in 0.98 s, 0 growths of 0 chunks)
dbig pool: APU1 VMM arena released (2 remaps of 22 chunks in 0.96 s, 0 growths of 0 chunks)
dbig pool: APU2 VMM arena released (2 remaps of 22 chunks in 0.91 s, 0 growths of 0 chunks)
dbig pool: APU3 VMM arena released (2 remaps of 22 chunks in 0.88 s, 0 growths of 0 chunks)
rns_dist: RNS_STRATEGY=auto form B: C 14 products 11.81 s, B 188 products 65.21 s, B4 0 products 0.00 s; extra plane memory 0.00 GiB/APU (allocations 0.00 s)

real	3m29.902s
user	0m0.013s
sys	0m0.030s
