== ecalc: e to 10000000000 digits (decimal limbs, base 10^18) [computed to the next multiple of 18] ==
META bench=ecalc host=ppac-pl1-s24-16 date=2026-09-28T09:53:05 pool_log=31 stg=7 pw_fuse=14 body=1 engine=1 base=10^18
== ecalc: e to 10000000000 digits (decimal limbs, base 10^18) [computed to the next multiple of 18] ==
META bench=ecalc host=ppac-pl1-s24-16 date=2026-09-28T09:53:05 pool_log=31 stg=7 pw_fuse=14 body=1 engine=1 base=10^18
mn: node 0 of 2, four meshes of 2 ranks on ppac-pl1-s24-16,ppac-pl1-s24-16 (port base 21746): connected in 0.70 s
mn: node 1 of 2, four meshes of 2 ranks on ppac-pl1-s24-16,ppac-pl1-s24-16 (port base 21746): connected in 0.04 s
mn: self-test, four meshes over 2 nodes at 2^22 points: ok (2.78 s)
mn: node 0: level 1 group [0, 2) (transform nodes 2): meshes connected in 0.00 s
mn: self-test, four meshes over 2 nodes at 2^22 points: ok (2.80 s)
mn: node 1: level 1 group [0, 2) (transform nodes 2): meshes connected in 0.00 s
mn: layered self-test, 2 x 4 ranks at 2^22 points: ok (0.21 s)
mn: node 0 computes terms [1, 579393793) of 1158787585
RESULT ecalc init s 7.9189
      VmRSS 8.8 GB after init (staging 4.3 GB pinned + device regions 26 GB); init 7.9 s
mem[0] [init] device 42.0 GB in use (per APU 8.9..15.3): planes 8.6, regions 0.0, block pool 32.2 (donated 0.0, borrowed 32.2, hipMalloc 0.0; live 0.0, peak live 0.0, free 6.0), tables 1.23, other 0.0
mem[0] [init] host 8.8 GB RSS (HWM 10.8): staging 4.3 pinned, registered 0.0, X 0.0, digits 0.0, named 0.0, other 4.5
mem[0] [init]   APU0: in use 15.3 GB: planes 2.15 pool:borrowed 12.88 pool:free 1.66 tables 0.31  (driver: 30.5 of 137.4 GB used)
mem[0] [init]   APU1: in use 8.9 GB: planes 2.15 pool:borrowed 6.44 pool:free 1.12 tables 0.31  (driver: 17.7 of 137.4 GB used)
mem[0] [init]   APU2: in use 8.9 GB: planes 2.15 pool:borrowed 6.44 pool:free 1.63 tables 0.31  (driver: 17.6 of 137.4 GB used)
mem[0] [init]   APU3: in use 8.9 GB: planes 2.15 pool:borrowed 6.44 pool:free 1.63 tables 0.31  (driver: 17.6 of 137.4 GB used)
mn: layered self-test, 2 x 4 ranks at 2^22 points: ok (0.22 s)
mn: node 1 computes terms [579393793, 1158787586) of 1158787585
RESULT ecalc init s 7.94167
      VmRSS 8.8 GB after init (staging 4.3 GB pinned + device regions 26 GB); init 7.9 s
mem[1] [init] device 42.0 GB in use (per APU 8.9..15.3): planes 8.6, regions 0.0, block pool 32.2 (donated 0.0, borrowed 32.2, hipMalloc 0.0; live 0.0, peak live 0.0, free 6.2), tables 1.22, other 0.0
mem[1] [init] host 8.8 GB RSS (HWM 11.4): staging 4.3 pinned, registered 0.0, X 0.0, digits 0.0, named 0.0, other 4.5
mem[1] [init]   APU0: in use 15.3 GB: planes 2.15 pool:borrowed 12.88 pool:free 1.63 tables 0.30  (driver: 30.5 of 137.4 GB used)
mem[1] [init]   APU1: in use 8.9 GB: planes 2.15 pool:borrowed 6.44 pool:free 1.27 tables 0.31  (driver: 17.6 of 137.4 GB used)
mem[1] [init]   APU2: in use 8.9 GB: planes 2.15 pool:borrowed 6.44 pool:free 1.63 tables 0.30  (driver: 17.6 of 137.4 GB used)
mem[1] [init]   APU3: in use 8.9 GB: planes 2.15 pool:borrowed 6.44 pool:free 1.63 tables 0.30  (driver: 17.6 of 137.4 GB used)
budget: ECALC_BUDGET_CHECK ok: 2 ranks, largest rank peak 117.1 GB, node budget 480 GB
mn: node 0 leaf P 268088063 limbs, Q 268088063 limbs (device)
mn: MN_TREE_EARLY_FREE: the tree levels free P_i, P_run between their two products
mn: node 1 leaf P 287467497 limbs, Q 287467497 limbs (device)
cache_trace node 0: piece (0, 0) of 2 x 3, 134044032 + 95822499 limbs at 0, slots 0: A - B - | 4.485 s: redistribute 0.616 ntt 3.413 crt 0.005 out 0.601 carry 0.008
cache_trace node 1: piece (0, 0) of 2 x 3, 134044032 + 95822499 limbs at 0, slots 0: A - B - | 4.485 s: redistribute 0.618 ntt 3.420 crt 0.005 out 0.714 carry 0.009
cache_trace node 0: piece (1, 0) of 2 x 3, 134044031 + 95822499 limbs at 134044032, slots 0: A - B - | 3.596 s: redistribute 0.132 ntt 3.234 crt 0.010 out 0.135 carry 0.099
cache_trace node 1: piece (1, 0) of 2 x 3, 134044031 + 95822499 limbs at 134044032, slots 0: A - B - | 3.596 s: redistribute 0.130 ntt 3.234 crt 0.009 out 0.135 carry 0.099
cache_trace node 0: piece (0, 1) of 2 x 3, 134044032 + 95822499 limbs at 95822499, slots 0: A - B - | 3.775 s: redistribute 0.142 ntt 3.437 crt 0.010 out 0.172 carry 0.078
cache_trace node 1: piece (0, 1) of 2 x 3, 134044032 + 95822499 limbs at 95822499, slots 0: A - B - | 3.775 s: redistribute 0.138 ntt 3.437 crt 0.010 out 0.167 carry 0.078
cache_trace node 0: piece (1, 1) of 2 x 3, 134044031 + 95822499 limbs at 229866531, slots 0: A - B - | 4.343 s: redistribute 0.134 ntt 3.622 crt 0.010 out 0.500 carry 0.087
cache_trace node 1: piece (1, 1) of 2 x 3, 134044031 + 95822499 limbs at 229866531, slots 0: A - B - | 4.343 s: redistribute 0.132 ntt 3.640 crt 0.010 out 0.485 carry 0.086
cache_trace node 0: piece (0, 2) of 2 x 3, 134044032 + 95822499 limbs at 191644998, slots 0: A - B - | 4.127 s: redistribute 0.125 ntt 3.775 crt 0.010 out 0.148 carry 0.079
cache_trace node 1: piece (0, 2) of 2 x 3, 134044032 + 95822499 limbs at 191644998, slots 0: A - B - | 4.127 s: redistribute 0.123 ntt 3.782 crt 0.010 out 0.148 carry 0.079
cache_trace node 0: piece (1, 2) of 2 x 3, 134044031 + 95822499 limbs at 325689030, slots 0: A - B - | 4.509 s: redistribute 0.146 ntt 3.599 crt 0.005 out 0.707 carry 0.077
cache_trace node 1: piece (1, 2) of 2 x 3, 134044031 + 95822499 limbs at 325689030, slots 0: A - B - | 4.509 s: redistribute 0.143 ntt 3.686 crt 0.005 out 0.612 carry 0.077
dist_mn node 0: 268088063 x 287467497 limbs over 2 x 4 ranks (cap 2^28): 2 x 3 pieces, 6 formed, 0 skipped (cache 0 slots: 0 hits, 0 misses)
dist_mn node 1: 268088063 x 287467497 limbs over 2 x 4 ranks (cap 2^28): 2 x 3 pieces, 6 formed, 0 skipped (cache 0 slots: 0 hits, 0 misses)
cache_trace node 0: piece (0, 0) of 2 x 3, 134044032 + 95822499 limbs at 0, slots 0: A - B - | 3.923 s: redistribute 0.138 ntt 3.688 crt 0.010 out 0.121 carry 0.003
cache_trace node 1: piece (0, 0) of 2 x 3, 134044032 + 95822499 limbs at 0, slots 0: A - B - | 3.923 s: redistribute 0.136 ntt 3.670 crt 0.009 out 0.119 carry 0.003
cache_trace node 0: piece (1, 0) of 2 x 3, 134044031 + 95822499 limbs at 134044032, slots 0: A - B - | 3.837 s: redistribute 0.136 ntt 3.486 crt 0.010 out 0.155 carry 0.082
cache_trace node 1: piece (1, 0) of 2 x 3, 134044031 + 95822499 limbs at 134044032, slots 0: A - B - | 3.837 s: redistribute 0.134 ntt 3.483 crt 0.009 out 0.156 carry 0.082
cache_trace node 0: piece (0, 1) of 2 x 3, 134044032 + 95822499 limbs at 95822499, slots 0: A - B - | 4.133 s: redistribute 0.142 ntt 3.785 crt 0.010 out 0.152 carry 0.069
cache_trace node 1: piece (0, 1) of 2 x 3, 134044032 + 95822499 limbs at 95822499, slots 0: A - B - | 4.133 s: redistribute 0.140 ntt 3.774 crt 0.009 out 0.156 carry 0.069
cache_trace node 0: piece (1, 1) of 2 x 3, 134044031 + 95822499 limbs at 229866531, slots 0: A - B - | 3.602 s: redistribute 0.137 ntt 3.245 crt 0.010 out 0.156 carry 0.090
cache_trace node 1: piece (1, 1) of 2 x 3, 134044031 + 95822499 limbs at 229866531, slots 0: A - B - | 3.602 s: redistribute 0.135 ntt 3.247 crt 0.009 out 0.151 carry 0.090
cache_trace node 0: piece (0, 2) of 2 x 3, 134044032 + 95822499 limbs at 191644998, slots 0: A - B - | 3.985 s: redistribute 0.153 ntt 3.628 crt 0.009 out 0.146 carry 0.085
cache_trace node 1: piece (0, 2) of 2 x 3, 134044032 + 95822499 limbs at 191644998, slots 0: A - B - | 3.985 s: redistribute 0.140 ntt 3.643 crt 0.010 out 0.141 carry 0.085
cache_trace node 0: piece (1, 2) of 2 x 3, 134044031 + 95822499 limbs at 325689030, slots 0: A - B - | 3.512 s: redistribute 0.163 ntt 3.179 crt 0.006 out 0.117 carry 0.078
dist_mn node 0: 268088063 x 287467497 limbs over 2 x 4 ranks (cap 2^28): 2 x 3 pieces, 6 formed, 0 skipped (cache 0 slots: 0 hits, 0 misses)
cache_trace node 1: piece (1, 2) of 2 x 3, 134044031 + 95822499 limbs at 325689030, slots 0: A - B - | 3.512 s: redistribute 0.159 ntt 3.182 crt 0.008 out 0.117 carry 0.078
dist_mn node 1: 268088063 x 287467497 limbs over 2 x 4 ranks (cap 2^28): 2 x 3 pieces, 6 formed, 0 skipped (cache 0 slots: 0 hits, 0 misses)
mn: node 0 level 1 [0, 2): P 555555560 limbs, Q 555555560 limbs (my share of P [0, 277777780)) in 51.31 s
mn: node 0: tree levels 51.31 s: P 555555560 limbs, Q 555555560 limbs
mn: node 1 level 1 [0, 2): P 555555560 limbs, Q 555555560 limbs (my share of P [277777780, 555555561)) in 48.93 s
mn: node 1: tree levels 48.93 s: P 555555560 limbs, Q 555555560 limbs
mem[1] [tree] device 67.8 GB in use (per APU 15.3..21.8): planes 34.4, regions 0.0, block pool 32.2 (donated 0.0, borrowed 32.2, hipMalloc 0.0; live 4.4, peak live 11.6, free 27.8), tables 1.22, other 0.0
mem[1] [tree] host 13.3 GB RSS (HWM 13.3): staging 4.3 pinned, registered 0.0, X 0.0, digits 0.0, named 0.0, other 9.0
mem[1] [tree]   APU0: in use 21.8 GB: planes 8.59 pool:borrowed 12.88 pool:live 1.11 pool:free 11.77 pool:peak-live 2.89 tables 0.30  (driver: 39.3 of 137.4 GB used)
mem[1] [tree]   APU1: in use 15.3 GB: planes 8.59 pool:borrowed 6.44 pool:live 1.11 pool:free 5.33 pool:peak-live 2.89 tables 0.31  (driver: 26.4 of 137.4 GB used)
mem[1] [tree]   APU2: in use 15.3 GB: planes 8.59 pool:borrowed 6.44 pool:live 1.11 pool:free 5.33 pool:peak-live 2.89 tables 0.30  (driver: 26.4 of 137.4 GB used)
mem[1] [tree]   APU3: in use 15.3 GB: planes 8.59 pool:borrowed 6.44 pool:live 1.11 pool:free 5.33 pool:peak-live 2.89 tables 0.30  (driver: 26.4 of 137.4 GB used)
mem[0] [tree] device 50.6 GB in use (per APU 11.0..17.5): planes 17.2, regions 0.0, block pool 32.2 (donated 0.0, borrowed 32.2, hipMalloc 0.0; live 4.4, peak live 10.9, free 27.8), tables 1.23, other 0.0
mem[0] [tree] host 13.1 GB RSS (HWM 13.1): staging 4.3 pinned, registered 0.0, X 0.0, digits 0.0, named 0.0, other 8.8
mem[0] [tree]   APU0: in use 17.5 GB: planes 4.29 pool:borrowed 12.88 pool:live 1.11 pool:free 11.77 pool:peak-live 2.72 tables 0.31  (driver: 39.3 of 137.4 GB used)
mem[0] [tree]   APU1: in use 11.0 GB: planes 4.29 pool:borrowed 6.44 pool:live 1.11 pool:free 5.33 pool:peak-live 2.72 tables 0.31  (driver: 26.4 of 137.4 GB used)
mem[0] [tree]   APU2: in use 11.0 GB: planes 4.29 pool:borrowed 6.44 pool:live 1.11 pool:free 5.33 pool:peak-live 2.72 tables 0.31  (driver: 26.4 of 137.4 GB used)
mem[0] [tree]   APU3: in use 11.0 GB: planes 4.29 pool:borrowed 6.44 pool:live 1.11 pool:free 5.33 pool:peak-live 2.72 tables 0.31  (driver: 26.4 of 137.4 GB used)
recip(mn): the single-node chain to 33909 limbs (1.32 s), then the sharded steps to 555555558 over 2 nodes
cache_trace node 0: piece (0, 0) of 3 x 1, 92592594 + 138888891 limbs at 0, slots 0: A - B - | 4.238 s: redistribute 0.138 ntt 3.796 crt 0.010 out 0.296 carry 0.003
cache_trace node 1: piece (0, 0) of 3 x 1, 92592594 + 138888891 limbs at 0, slots 0: A - B - | 4.238 s: redistribute 0.138 ntt 3.786 crt 0.010 out 0.306 carry 0.003
cache_trace node 0: piece (1, 0) of 3 x 1, 92592594 + 138888891 limbs at 92592594, slots 0: A - B - | 3.838 s: redistribute 0.183 ntt 3.517 crt 0.010 out 0.121 carry 0.031
cache_trace node 1: piece (1, 0) of 3 x 1, 92592594 + 138888891 limbs at 92592594, slots 0: A - B - | 3.838 s: redistribute 0.183 ntt 3.517 crt 0.010 out 0.121 carry 0.030
cache_trace node 0: piece (2, 0) of 3 x 1, 92592594 + 138888891 limbs at 185185188, slots 0: A - B - | 3.841 s: redistribute 0.207 ntt 3.520 crt 0.010 out 0.065 carry 0.053
dist_mn node 0: 277777782 x 138888891 limbs over 2 x 4 ranks (cap 2^28): 3 x 1 pieces, 3 formed, 0 skipped (low product) (low cut) (cache 0 slots: 0 hits, 0 misses)
cache_trace node 1: piece (2, 0) of 3 x 1, 92592594 + 138888891 limbs at 185185188, slots 0: A - B - | 3.841 s: redistribute 0.207 ntt 3.526 crt 0.010 out 0.060 carry 0.053
dist_mn node 1: 277777782 x 138888891 limbs over 2 x 4 ranks (cap 2^28): 3 x 1 pieces, 3 formed, 0 skipped (low product) (low cut) (cache 0 slots: 0 hits, 0 misses)
cache_trace node 0: piece (0, 0) of 1 x 2, 138888891 + 69444445 limbs at 0, slots 0: A - B - | 3.754 s: redistribute 0.172 ntt 3.484 crt 0.010 out 0.144 carry 0.003
cache_trace node 1: piece (0, 0) of 1 x 2, 138888891 + 69444445 limbs at 0, slots 0: A - B - | 3.754 s: redistribute 0.189 ntt 3.477 crt 0.010 out 0.144 carry 0.003
cache_trace node 0: piece (0, 1) of 1 x 2, 138888891 + 69444445 limbs at 69444445, slots 0: A - B - | 4.196 s: redistribute 0.159 ntt 3.878 crt 0.010 out 0.138 carry 0.050
dist_mn node 0: 138888891 x 138888890 limbs over 2 x 4 ranks (cap 2^28): 1 x 2 pieces, 2 formed, 0 skipped (low cut) (cache 0 slots: 0 hits, 0 misses)
cache_trace node 1: piece (0, 1) of 1 x 2, 138888891 + 69444445 limbs at 69444445, slots 0: A - B - | 4.196 s: redistribute 0.157 ntt 3.880 crt 0.010 out 0.133 carry 0.050
dist_mn node 1: 138888891 x 138888890 limbs over 2 x 4 ranks (cap 2^28): 1 x 2 pieces, 2 formed, 0 skipped (low cut) (cache 0 slots: 0 hits, 0 misses)
cache_trace node 0: piece (1, 0) of 5 x 2, 111111112 + 138888890 limbs at 111111112, slots 0: A - B - | 3.511 s: redistribute 0.130 ntt 3.149 crt 0.008 out 0.157 carry 0.076
cache_trace node 1: piece (1, 0) of 5 x 2, 111111112 + 138888890 limbs at 111111112, slots 0: A - B - | 3.511 s: redistribute 0.145 ntt 3.155 crt 0.006 out 0.148 carry 0.076
cache_trace node 0: piece (2, 0) of 5 x 2, 111111112 + 138888890 limbs at 222222224, slots 0: A - B - | 4.339 s: redistribute 0.195 ntt 3.907 crt 0.010 out 0.200 carry 0.099
cache_trace node 1: piece (2, 0) of 5 x 2, 111111112 + 138888890 limbs at 222222224, slots 0: A - B - | 4.339 s: redistribute 0.198 ntt 3.934 crt 0.010 out 0.171 carry 0.099
cache_trace node 0: piece (3, 0) of 5 x 2, 111111112 + 138888890 limbs at 333333336, slots 0: A - B - | 4.120 s: redistribute 0.160 ntt 3.771 crt 0.010 out 0.117 carry 0.089
cache_trace node 1: piece (3, 0) of 5 x 2, 111111112 + 138888890 limbs at 333333336, slots 0: A - B - | 4.120 s: redistribute 0.163 ntt 3.768 crt 0.010 out 0.113 carry 0.089
cache_trace node 0: piece (4, 0) of 5 x 2, 111111112 + 138888890 limbs at 444444448, slots 0: A - B - | 3.596 s: redistribute 0.131 ntt 3.346 crt 0.009 out 0.062 carry 0.067
cache_trace node 1: piece (4, 0) of 5 x 2, 111111112 + 138888890 limbs at 444444448, slots 0: A - B - | 3.596 s: redistribute 0.133 ntt 3.352 crt 0.010 out 0.061 carry 0.067
cache_trace node 0: piece (0, 1) of 5 x 2, 111111112 + 138888890 limbs at 138888890, slots 0: A - B - | 5.187 s: redistribute 0.151 ntt 4.661 crt 0.010 out 0.296 carry 0.085
cache_trace node 1: piece (0, 1) of 5 x 2, 111111112 + 138888890 limbs at 138888890, slots 0: A - B - | 5.187 s: redistribute 0.149 ntt 4.685 crt 0.009 out 0.275 carry 0.085
cache_trace node 0: piece (1, 1) of 5 x 2, 111111112 + 138888890 limbs at 250000002, slots 0: A - B - | 3.796 s: redistribute 0.166 ntt 3.450 crt 0.010 out 0.125 carry 0.077
cache_trace node 1: piece (1, 1) of 5 x 2, 111111112 + 138888890 limbs at 250000002, slots 0: A - B - | 3.796 s: redistribute 0.161 ntt 3.453 crt 0.010 out 0.127 carry 0.077
cache_trace node 0: piece (2, 1) of 5 x 2, 111111112 + 138888890 limbs at 361111114, slots 0: A - B - | 3.729 s: redistribute 0.190 ntt 3.324 crt 0.010 out 0.113 carry 0.105
cache_trace node 1: piece (2, 1) of 5 x 2, 111111112 + 138888890 limbs at 361111114, slots 0: A - B - | 3.729 s: redistribute 0.187 ntt 3.333 crt 0.010 out 0.106 carry 0.105
cache_trace node 0: piece (3, 1) of 5 x 2, 111111112 + 138888890 limbs at 472222226, slots 0: A - B - | 3.852 s: redistribute 0.148 ntt 3.613 crt 0.007 out 0.055 carry 0.059
dist_mn node 0: 555555560 x 277777780 limbs over 2 x 4 ranks (cap 2^28): 5 x 2 pieces, 8 formed, 2 skipped (low product) (low cut) (cache 0 slots: 0 hits, 0 misses)
cache_trace node 1: piece (3, 1) of 5 x 2, 111111112 + 138888890 limbs at 472222226, slots 0: A - B - | 3.852 s: redistribute 0.146 ntt 3.621 crt 0.008 out 0.059 carry 0.058
dist_mn node 1: 555555560 x 277777780 limbs over 2 x 4 ranks (cap 2^28): 5 x 2 pieces, 8 formed, 2 skipped (low product) (low cut) (cache 0 slots: 0 hits, 0 misses)
cache_trace node 0: piece (1, 0) of 2 x 3, 138888890 + 92592593 limbs at 138888890, slots 0: A - B - | 3.471 s: redistribute 0.141 ntt 3.116 crt 0.010 out 0.134 carry 0.094
cache_trace node 1: piece (1, 0) of 2 x 3, 138888890 + 92592593 limbs at 138888890, slots 0: A - B - | 3.471 s: redistribute 0.144 ntt 3.114 crt 0.010 out 0.129 carry 0.093
cache_trace node 0: piece (0, 1) of 2 x 3, 138888890 + 92592593 limbs at 92592593, slots 0: A - B - | 3.580 s: redistribute 0.174 ntt 3.206 crt 0.009 out 0.155 carry 0.070
cache_trace node 1: piece (0, 1) of 2 x 3, 138888890 + 92592593 limbs at 92592593, slots 0: A - B - | 3.580 s: redistribute 0.174 ntt 3.209 crt 0.010 out 0.151 carry 0.070
cache_trace node 0: piece (1, 1) of 2 x 3, 138888890 + 92592593 limbs at 231481483, slots 0: A - B - | 4.553 s: redistribute 0.178 ntt 4.137 crt 0.010 out 0.149 carry 0.090
cache_trace node 1: piece (1, 1) of 2 x 3, 138888890 + 92592593 limbs at 231481483, slots 0: A - B - | 4.553 s: redistribute 0.178 ntt 4.132 crt 0.010 out 0.154 carry 0.090
cache_trace node 0: piece (0, 2) of 2 x 3, 138888890 + 92592593 limbs at 185185186, slots 0: A - B - | 3.614 s: redistribute 0.162 ntt 3.272 crt 0.008 out 0.151 carry 0.095
cache_trace node 1: piece (0, 2) of 2 x 3, 138888890 + 92592593 limbs at 185185186, slots 0: A - B - | 3.614 s: redistribute 0.153 ntt 3.269 crt 0.009 out 0.149 carry 0.095
cache_trace node 0: piece (1, 2) of 2 x 3, 138888890 + 92592593 limbs at 324074076, slots 0: A - B - | 3.949 s: redistribute 0.144 ntt 3.607 crt 0.009 out 0.144 carry 0.076
dist_mn node 0: 277777780 x 277777779 limbs over 2 x 4 ranks (cap 2^28): 2 x 3 pieces, 5 formed, 1 skipped (low cut) (cache 0 slots: 0 hits, 0 misses)
cache_trace node 1: piece (1, 2) of 2 x 3, 138888890 + 92592593 limbs at 324074076, slots 0: A - B - | 3.949 s: redistribute 0.141 ntt 3.606 crt 0.010 out 0.140 carry 0.076
dist_mn node 1: 277777780 x 277777779 limbs over 2 x 4 ranks (cap 2^28): 2 x 3 pieces, 5 formed, 1 skipped (low cut) (cache 0 slots: 0 hits, 0 misses)
cache_trace node 0: piece (3, 0) of 4 x 5, 138888887 + 111111112 limbs at 416666670, slots 0: A - B - | 3.606 s: redistribute 0.158 ntt 3.236 crt 0.010 out 0.175 carry 0.079
cache_trace node 1: piece (3, 0) of 4 x 5, 138888887 + 111111112 limbs at 416666670, slots 0: A - B - | 3.606 s: redistribute 0.160 ntt 3.234 crt 0.010 out 0.181 carry 0.079
cache_trace node 0: piece (2, 1) of 4 x 5, 138888890 + 111111112 limbs at 388888892, slots 0: A - B - | 3.707 s: redistribute 0.145 ntt 3.380 crt 0.010 out 0.148 carry 0.068
cache_trace node 1: piece (2, 1) of 4 x 5, 138888890 + 111111112 limbs at 388888892, slots 0: A - B - | 3.707 s: redistribute 0.158 ntt 3.373 crt 0.010 out 0.148 carry 0.068
cache_trace node 0: piece (3, 1) of 4 x 5, 138888887 + 111111112 limbs at 527777782, slots 0: A - B - | 3.584 s: redistribute 0.143 ntt 3.204 crt 0.010 out 0.141 carry 0.094
cache_trace node 1: piece (3, 1) of 4 x 5, 138888887 + 111111112 limbs at 527777782, slots 0: A - B - | 3.584 s: redistribute 0.145 ntt 3.195 crt 0.010 out 0.140 carry 0.094
cache_trace node 0: piece (1, 2) of 4 x 5, 138888890 + 111111112 limbs at 361111114, slots 0: A - B - | 3.921 s: redistribute 0.151 ntt 3.559 crt 0.010 out 0.148 carry 0.089
cache_trace node 1: piece (1, 2) of 4 x 5, 138888890 + 111111112 limbs at 361111114, slots 0: A - B - | 3.921 s: redistribute 0.151 ntt 3.559 crt 0.010 out 0.143 carry 0.089
cache_trace node 0: piece (2, 2) of 4 x 5, 138888890 + 111111112 limbs at 500000004, slots 0: A - B - | 3.601 s: redistribute 0.152 ntt 3.204 crt 0.009 out 0.169 carry 0.103
cache_trace node 1: piece (2, 2) of 4 x 5, 138888890 + 111111112 limbs at 500000004, slots 0: A - B - | 3.601 s: redistribute 0.171 ntt 3.202 crt 0.007 out 0.160 carry 0.103
cache_trace node 0: piece (3, 2) of 4 x 5, 138888887 + 111111112 limbs at 638888894, slots 0: A - B - | 3.624 s: redistribute 0.153 ntt 3.248 crt 0.010 out 0.132 carry 0.106
cache_trace node 1: piece (3, 2) of 4 x 5, 138888887 + 111111112 limbs at 638888894, slots 0: A - B - | 3.624 s: redistribute 0.156 ntt 3.245 crt 0.010 out 0.128 carry 0.105
cache_trace node 0: piece (0, 3) of 4 x 5, 138888890 + 111111112 limbs at 333333336, slots 0: A - B - | 3.631 s: redistribute 0.152 ntt 3.247 crt 0.009 out 0.159 carry 0.085
cache_trace node 1: piece (0, 3) of 4 x 5, 138888890 + 111111112 limbs at 333333336, slots 0: A - B - | 3.631 s: redistribute 0.149 ntt 3.249 crt 0.010 out 0.151 carry 0.085
cache_trace node 0: piece (1, 3) of 4 x 5, 138888890 + 111111112 limbs at 472222226, slots 0: A - B - | 4.057 s: redistribute 0.149 ntt 3.682 crt 0.010 out 0.148 carry 0.085
cache_trace node 1: piece (1, 3) of 4 x 5, 138888890 + 111111112 limbs at 472222226, slots 0: A - B - | 4.057 s: redistribute 0.147 ntt 3.683 crt 0.010 out 0.147 carry 0.085
cache_trace node 0: piece (2, 3) of 4 x 5, 138888890 + 111111112 limbs at 611111116, slots 0: A - B - | 4.440 s: redistribute 0.164 ntt 4.058 crt 0.010 out 0.111 carry 0.115
cache_trace node 1: piece (2, 3) of 4 x 5, 138888890 + 111111112 limbs at 611111116, slots 0: A - B - | 4.440 s: redistribute 0.161 ntt 4.054 crt 0.010 out 0.116 carry 0.115
cache_trace node 0: piece (3, 3) of 4 x 5, 138888887 + 111111112 limbs at 750000006, slots 0: A - B - | 3.883 s: redistribute 0.147 ntt 3.539 crt 0.009 out 0.140 carry 0.091
cache_trace node 1: piece (3, 3) of 4 x 5, 138888887 + 111111112 limbs at 750000006, slots 0: A - B - | 3.883 s: redistribute 0.145 ntt 3.540 crt 0.009 out 0.145 carry 0.091
cache_trace node 0: piece (0, 4) of 4 x 5, 138888890 + 111111110 limbs at 444444448, slots 0: A - B - | 4.405 s: redistribute 0.173 ntt 4.008 crt 0.009 out 0.163 carry 0.077
cache_trace node 1: piece (0, 4) of 4 x 5, 138888890 + 111111110 limbs at 444444448, slots 0: A - B - | 4.405 s: redistribute 0.170 ntt 4.015 crt 0.007 out 0.159 carry 0.076
cache_trace node 0: piece (1, 4) of 4 x 5, 138888890 + 111111110 limbs at 583333338, slots 0: A - B - | 4.762 s: redistribute 0.167 ntt 4.362 crt 0.009 out 0.125 carry 0.154
cache_trace node 1: piece (1, 4) of 4 x 5, 138888890 + 111111110 limbs at 583333338, slots 0: A - B - | 4.762 s: redistribute 0.164 ntt 4.356 crt 0.008 out 0.134 carry 0.153
cache_trace node 0: piece (2, 4) of 4 x 5, 138888890 + 111111110 limbs at 722222228, slots 0: A - B - | 3.900 s: redistribute 0.144 ntt 3.567 crt 0.010 out 0.133 carry 0.077
cache_trace node 1: piece (2, 4) of 4 x 5, 138888890 + 111111110 limbs at 722222228, slots 0: A - B - | 3.900 s: redistribute 0.142 ntt 3.569 crt 0.010 out 0.134 carry 0.077
cache_trace node 0: piece (3, 4) of 4 x 5, 138888887 + 111111110 limbs at 861111118, slots 0: A - B - | 3.752 s: redistribute 0.154 ntt 3.340 crt 0.010 out 0.159 carry 0.123
dist_mn node 0: 555555557 x 555555558 limbs over 2 x 4 ranks (cap 2^28): 4 x 5 pieces, 14 formed, 6 skipped (low cut) (cache 0 slots: 0 hits, 0 misses)
cache_trace node 1: piece (3, 4) of 4 x 5, 138888887 + 111111110 limbs at 861111118, slots 0: A - B - | 3.752 s: redistribute 0.151 ntt 3.352 crt 0.010 out 0.143 carry 0.122
dist_mn node 1: 555555557 x 555555558 limbs over 2 x 4 ranks (cap 2^28): 4 x 5 pieces, 14 formed, 6 skipped (low cut) (cache 0 slots: 0 hits, 0 misses)
mn_out: /tmp/cx15/c0_r2.txt.part0001: O_DIRECT, packed form, 8 write threads, file system local
cache_trace node 0: piece (0, 0) of 4 x 5, 138888890 + 111111112 limbs at 0, slots 0: A - B - | 4.720 s: redistribute 0.164 ntt 4.470 crt 0.010 out 0.126 carry 0.003
cache_trace node 1: piece (0, 0) of 4 x 5, 138888890 + 111111112 limbs at 0, slots 0: A - B - | 4.720 s: redistribute 0.166 ntt 4.463 crt 0.009 out 0.126 carry 0.003
cache_trace node 0: piece (1, 0) of 4 x 5, 138888890 + 111111112 limbs at 138888890, slots 0: A - B - | 3.518 s: redistribute 0.143 ntt 3.178 crt 0.008 out 0.139 carry 0.080
cache_trace node 1: piece (1, 0) of 4 x 5, 138888890 + 111111112 limbs at 138888890, slots 0: A - B - | 3.518 s: redistribute 0.156 ntt 3.165 crt 0.007 out 0.142 carry 0.080
cache_trace node 0: piece (2, 0) of 4 x 5, 138888890 + 111111112 limbs at 277777780, slots 0: A - B - | 3.383 s: redistribute 0.142 ntt 3.071 crt 0.009 out 0.131 carry 0.043
cache_trace node 1: piece (2, 0) of 4 x 5, 138888890 + 111111112 limbs at 277777780, slots 0: A - B - | 3.383 s: redistribute 0.158 ntt 3.068 crt 0.009 out 0.131 carry 0.043
cache_trace node 0: piece (3, 0) of 4 x 5, 138888887 + 111111112 limbs at 416666670, slots 0: A - B - | 4.168 s: redistribute 0.148 ntt 3.864 crt 0.009 out 0.070 carry 0.109
cache_trace node 1: piece (3, 0) of 4 x 5, 138888887 + 111111112 limbs at 416666670, slots 0: A - B - | 4.168 s: redistribute 0.150 ntt 3.856 crt 0.009 out 0.072 carry 0.109
cache_trace node 0: piece (0, 1) of 4 x 5, 138888890 + 111111112 limbs at 111111112, slots 0: A - B - | 6.040 s: redistribute 0.146 ntt 5.683 crt 0.010 out 0.157 carry 0.079
cache_trace node 1: piece (0, 1) of 4 x 5, 138888890 + 111111112 limbs at 111111112, slots 0: A - B - | 6.040 s: redistribute 0.148 ntt 5.681 crt 0.010 out 0.164 carry 0.080
cache_trace node 0: piece (1, 1) of 4 x 5, 138888890 + 111111112 limbs at 250000002, slots 0: A - B - | 3.751 s: redistribute 0.151 ntt 3.392 crt 0.010 out 0.149 carry 0.077
cache_trace node 1: piece (1, 1) of 4 x 5, 138888890 + 111111112 limbs at 250000002, slots 0: A - B - | 3.751 s: redistribute 0.153 ntt 3.389 crt 0.010 out 0.154 carry 0.077
cache_trace node 0: piece (2, 1) of 4 x 5, 138888890 + 111111112 limbs at 388888892, slots 0: A - B - | 5.704 s: redistribute 0.148 ntt 5.385 crt 0.010 out 0.099 carry 0.090
cache_trace node 1: piece (2, 1) of 4 x 5, 138888890 + 111111112 limbs at 388888892, slots 0: A - B - | 5.704 s: redistribute 0.150 ntt 5.388 crt 0.010 out 0.095 carry 0.089
cache_trace node 0: piece (3, 1) of 4 x 5, 138888887 + 111111112 limbs at 527777782, slots 0: A - B - | 3.849 s: redistribute 0.161 ntt 3.671 crt 0.009 out 0.049 carry 0.025
cache_trace node 1: piece (3, 1) of 4 x 5, 138888887 + 111111112 limbs at 527777782, slots 0: A - B - | 3.849 s: redistribute 0.163 ntt 3.655 crt 0.009 out 0.044 carry 0.025
cache_trace node 0: piece (0, 2) of 4 x 5, 138888890 + 111111112 limbs at 222222224, slots 0: A - B - | 4.812 s: redistribute 0.177 ntt 4.412 crt 0.010 out 0.136 carry 0.099
cache_trace node 1: piece (0, 2) of 4 x 5, 138888890 + 111111112 limbs at 222222224, slots 0: A - B - | 4.812 s: redistribute 0.177 ntt 4.412 crt 0.010 out 0.137 carry 0.099
cache_trace node 0: piece (1, 2) of 4 x 5, 138888890 + 111111112 limbs at 361111114, slots 0: A - B - | 4.037 s: redistribute 0.205 ntt 3.677 crt 0.005 out 0.121 carry 0.107
cache_trace node 1: piece (1, 2) of 4 x 5, 138888890 + 111111112 limbs at 361111114, slots 0: A - B - | 4.037 s: redistribute 0.196 ntt 3.671 crt 0.005 out 0.116 carry 0.107
cache_trace node 0: piece (2, 2) of 4 x 5, 138888890 + 111111112 limbs at 500000004, slots 0: A - B - | 4.015 s: redistribute 0.164 ntt 3.774 crt 0.010 out 0.038 carry 0.046
cache_trace node 1: piece (2, 2) of 4 x 5, 138888890 + 111111112 limbs at 500000004, slots 0: A - B - | 4.015 s: redistribute 0.165 ntt 3.767 crt 0.009 out 0.040 carry 0.046
cache_trace node 0: piece (0, 3) of 4 x 5, 138888890 + 111111112 limbs at 333333336, slots 0: A - B - | 4.280 s: redistribute 0.145 ntt 3.950 crt 0.005 out 0.106 carry 0.089
cache_trace node 1: piece (0, 3) of 4 x 5, 138888890 + 111111112 limbs at 333333336, slots 0: A - B - | 4.280 s: redistribute 0.143 ntt 3.943 crt 0.005 out 0.119 carry 0.089
cache_trace node 0: piece (1, 3) of 4 x 5, 138888890 + 111111112 limbs at 472222226, slots 0: A - B - | 3.569 s: redistribute 0.141 ntt 3.311 crt 0.010 out 0.072 carry 0.058
cache_trace node 1: piece (1, 3) of 4 x 5, 138888890 + 111111112 limbs at 472222226, slots 0: A - B - | 3.569 s: redistribute 0.139 ntt 3.322 crt 0.010 out 0.082 carry 0.058
cache_trace node 0: piece (0, 4) of 4 x 5, 138888890 + 111111112 limbs at 444444448, slots 0: A - B - | 3.512 s: redistribute 0.157 ntt 3.238 crt 0.009 out 0.069 carry 0.066
dist_mn node 0: 555555557 x 555555560 limbs over 2 x 4 ranks (cap 2^28): 4 x 5 pieces, 14 formed, 6 skipped (low product) (cache 0 slots: 0 hits, 0 misses)
cache_trace node 1: piece (0, 4) of 4 x 5, 138888890 + 111111112 limbs at 444444448, slots 0: A - B - | 3.512 s: redistribute 0.155 ntt 3.236 crt 0.007 out 0.074 carry 0.066
dist_mn node 1: 555555557 x 555555560 limbs over 2 x 4 ranks (cap 2^28): 4 x 5 pieces, 14 formed, 6 skipped (low product) (cache 0 slots: 0 hits, 0 misses)
divmod(mn) 210.04 s: reciprocal 93.27 (products 89.26), S = P + Q 0.85, A mu + shift 56.44, X Q + window 59.39, corrections 0.03 (0), R residues 0.07; division products 114.27 s; shifts 68/4.90 s, addsub 24/0.10 s
scratch(mn): mdb_shift slabs 4.444 GB per node-process at most (MDB_SHIFT_CHUNK_MB=1024), window temporaries T + rbO 4.370 GB (MN_T_CHUNK_MB=1024)
mn: node 0: dm over 2 nodes 210.04 s (reciprocal 93.27), X 555555557 limbs, sharded
mn: node 1: dm over 2 nodes 210.04 s (reciprocal 93.27), X 555555557 limbs, sharded; to the output stage
bs       56.19 s   N 1158787585, P 555555560 limbs, Q 555555560 limbs (seeds 0.0 school 0.0 batch 4.8 mdev 0.0; pool 5.0 GB; dev pools 0.0 GB)   VmRSS 22.4 GB, VmHWM 22.4 GB
RESULT ecalc bs s 56.1929
mem[0] [bs] device 50.6 GB in use (per APU 11.0..17.5): planes 17.2, regions 0.0, block pool 32.2 (donated 0.0, borrowed 32.2, hipMalloc 0.0; live 2.2, peak live 18.0, free 30.0), tables 1.23, other 0.0
mem[0] [bs] host 22.4 GB RSS (HWM 22.4): staging 4.3 pinned, registered 0.0, X 0.0, digits 0.0, named 0.0, other 18.1
mem[0] [bs]   APU0: in use 17.5 GB: planes 4.29 pool:borrowed 12.88 pool:live 0.56 pool:free 12.33 pool:peak-live 4.49 tables 0.31  (driver: 39.4 of 137.4 GB used)
mem[0] [bs]   APU1: in use 11.0 GB: planes 4.29 pool:borrowed 6.44 pool:live 0.56 pool:free 5.89 pool:peak-live 4.49 tables 0.31  (driver: 26.6 of 137.4 GB used)
mem[0] [bs]   APU2: in use 11.0 GB: planes 4.29 pool:borrowed 6.44 pool:live 0.56 pool:free 5.89 pool:peak-live 4.49 tables 0.31  (driver: 26.5 of 137.4 GB used)
mem[0] [bs]   APU3: in use 11.0 GB: planes 4.29 pool:borrowed 6.44 pool:live 0.56 pool:free 5.89 pool:peak-live 4.49 tables 0.31  (driver: 26.6 of 137.4 GB used)
recip    93.27 s   (over 2 nodes; 29 iterations)
10dP      0.00 s   (S = P + Q over shares, inside dm)
RESULT ecalc 10dP s 0
dm      210.04 s   X 555555557 limbs (recip 93.3 s; corrections 0/0; over 2 nodes)   VmRSS 22.4 GB, VmHWM 22.4 GB
RESULT ecalc dm s 210.035
mn: node 0: X share [0, 277777778) of 555555557 limbs on the device (the distributed division's)
mn: node 1: X share [277777778, 555555557) of 555555557 limbs on the device (the distributed division's)
mn: node 0: T1        0.07 s   ok: T(P+Q) == XQ + R and P, Q mod q for 8 primes (P, Q recurrence over this node's terms, overlapped with bs; joined over the nodes)
mn: node 0:       overlapped with bs: P, Q mod q recurrence 1.18 s, block pool pregrown by 0 GB in 0.00 s
mn: node 1: T1        0.07 s   ok: T(P+Q) == XQ + R and P, Q mod q for 8 primes (P, Q recurrence over this node's terms, overlapped with bs; joined over the nodes)
mn: node 1:       overlapped with bs: P, Q mod q recurrence 1.19 s, block pool pregrown by 0 GB in 0.00 s
mn: node 0:       VmRSS 22.4 GB before dc
mn: node 0:       the part file started in the division (MN_OUT_EARLY): its writer ran 0.85 s, joined after 0.00 s here
mn: node 1:       VmRSS 27.0 GB before dc
mn: node 1:       the part file started in the division (MN_OUT_EARLY): its writer ran 1.14 s, joined after 0.00 s here
mn: node 0:       patch: X +0 after the formatting started (ECALC_CORR_PATCH): nothing to patch; 0 deferred windows; 0.002 s
mn: node 1:       patch: X +0 after the formatting started (ECALC_CORR_PATCH): nothing to patch; 0 deferred windows; 0.004 s
mn: node 1: dc        0.03 s   digits [0, 5000000005) of 10000000009 formatted from 277777779 decimal limbs in 19 chunks (residues 0.00, format 0.11, digit residue 0.36, T2 0.33, fetch 0.05, waiting for the writer 0.25)
mn: node 1: T2        0.00 s   windows ok (4 checked on this node), digits == X mod q ok
mn: node 1: digits: 27182818284590452353602874713526624977572470936999595749669676... (this node's range)
mn: node 1: wrote /tmp/cx15/c0_r2.txt.part0000 (2.22 GB; write 0.75 s in the writer thread, 0.00 s after the checks)
mn: node 1: VERIFY OK
mn: node 0: dc        0.03 s   digits [5000000005, 10000000009) of 10000000009 formatted from 277777778 decimal limbs in 19 chunks (residues 0.00, format 0.14, digit residue 0.38, T2 0.00, fetch 0.06, waiting for the writer 0.23)
mn: node 0: T2        0.00 s   windows ok (0 checked on this node), digits == X mod q ok
mn: node 0: digits: 47329977426968671005186835658995918489734436742905921433796789...56994816931502679526 (this node's range)
total   274.28 s   (bs 56.2 + 10dP 0.0 + dm 210.0 + T1 0.1 + dc 0.0 + T2 0.0 = 266.3; init 7.9; other 0.0); VmHWM 22.4 GB
RESULT ecalc total s 274.276
RESULT ecalc phases s 266.322
RESULT ecalc other s 0.0354516
RESULT ecalc vmhwm GB 22.3793
paper A22 (4e10): 285.7 = bs 112.2 + 10dP 12.6 + dm 46.8 + T1 ~3 + dc 110.3
mn: node 0: wrote /tmp/cx15/c0_r2.txt.part0001 (2.22 GB; write 0.77 s in the writer thread, 0.00 s after the checks)
mn: node 0: VERIFY OK
mn: all 2 nodes: VERIFY OK
mem[0] [end] device 18.4 GB in use (per APU 4.6..4.6): planes 17.2, regions 0.0, block pool 0.0 (donated 0.0, borrowed 0.0, hipMalloc 0.0; live 0.0, peak live 18.0, free 0.0), tables 1.23, other 0.0
mem[0] [end] host 21.9 GB RSS (HWM 22.4): staging 4.3 pinned, registered 0.0, X 0.0, digits 0.0, named 0.0, other 17.6
mem[0] [end]   APU0: in use 4.6 GB: planes 4.29 pool:peak-live 4.49 tables 0.31  (driver: 39.4 of 137.4 GB used)
mem[0] [end]   APU1: in use 4.6 GB: planes 4.29 pool:peak-live 4.49 tables 0.31  (driver: 26.6 of 137.4 GB used)
mem[0] [end]   APU2: in use 4.6 GB: planes 4.29 pool:peak-live 4.49 tables 0.31  (driver: 26.5 of 137.4 GB used)
mem[0] [end]   APU3: in use 4.6 GB: planes 4.29 pool:peak-live 4.49 tables 0.31  (driver: 26.6 of 137.4 GB used)
mem[0] summary: bytes in use at each phase boundary, GB (device: all APUs / largest APU; host: this process)
mem[0] phase           device  maxAPU |  planes regions  pl:don  pl:bor  pl:hip pl:live pl:peak tables |    host staging  regist       X  digits   other     HWM
mem[0] init              42.0    15.3 |     8.6     0.0     0.0    32.2     0.0     0.0     0.0   1.23 |     8.8     4.3     0.0     0.0     0.0     4.5    10.8
mem[0] tree              50.6    17.5 |    17.2     0.0     0.0    32.2     0.0     4.4    10.9   1.23 |    13.1     4.3     0.0     0.0     0.0     8.8    13.1
mem[0] bs                50.6    17.5 |    17.2     0.0     0.0    32.2     0.0     2.2    18.0   1.23 |    22.4     4.3     0.0     0.0     0.0    18.1    22.4
mem[0] end               18.4     4.6 |    17.2     0.0     0.0     0.0     0.0     0.0    18.0   1.23 |    21.9     4.3     0.0     0.0     0.0    17.6    22.4
mem[1] [released] device 1.2 GB in use (per APU 0.3..0.3): planes 0.0, regions 0.0, block pool 0.0 (donated 0.0, borrowed 0.0, hipMalloc 0.0; live 0.0, peak live 18.4, free 0.0), tables 1.22, other 0.0
mem[1] [released] host 22.2 GB RSS (HWM 26.9): staging 0.0 pinned, registered 0.0, X 0.0, digits 0.0, named 0.0, other 22.2
mem[1] [released]   APU0: in use 0.3 GB: pool:peak-live 4.60 tables 0.30  (driver: 17.9 of 137.4 GB used)
mem[1] [released]   APU1: in use 0.3 GB: pool:peak-live 4.60 tables 0.31  (driver: 11.5 of 137.4 GB used)
mem[1] [released]   APU2: in use 0.3 GB: pool:peak-live 4.60 tables 0.30  (driver: 11.5 of 137.4 GB used)
mem[1] [released]   APU3: in use 0.3 GB: pool:peak-live 4.60 tables 0.30  (driver: 11.5 of 137.4 GB used)
mem[1] summary: bytes in use at each phase boundary, GB (device: all APUs / largest APU; host: this process)
mem[1] phase           device  maxAPU |  planes regions  pl:don  pl:bor  pl:hip pl:live pl:peak tables |    host staging  regist       X  digits   other     HWM
mem[1] init              42.0    15.3 |     8.6     0.0     0.0    32.2     0.0     0.0     0.0   1.22 |     8.8     4.3     0.0     0.0     0.0     4.5    11.4
mem[1] tree              67.8    21.8 |    34.4     0.0     0.0    32.2     0.0     4.4    11.6   1.22 |    13.3     4.3     0.0     0.0     0.0     9.0    13.3
mem[1] released           1.2     0.3 |     0.0     0.0     0.0     0.0     0.0     0.0    18.4   1.22 |    22.2     0.0     0.0     0.0     0.0    22.2    26.9
rns_dist: RNS_STRATEGY=auto form B: C 0 products 0.00 s, B 30 products 0.05 s, B4 0 products 0.00 s; extra plane memory 0.00 GiB/APU (allocations 0.00 s)
rns_dist: RNS_STRATEGY=auto form B: C 0 products 0.00 s, B 30 products 0.04 s, B4 0 products 0.00 s; extra plane memory 0.00 GiB/APU (allocations 0.00 s)
