== ecalc: e to 10000000000 digits (decimal limbs, base 10^18) [computed to the next multiple of 18] ==
META bench=ecalc host=ppac-pl1-s24-16 date=2026-09-28T10:05:47 pool_log=31 stg=7 pw_fuse=14 body=1 engine=1 base=10^18
== ecalc: e to 10000000000 digits (decimal limbs, base 10^18) [computed to the next multiple of 18] ==
META bench=ecalc host=ppac-pl1-s24-16 date=2026-09-28T10:05:47 pool_log=31 stg=7 pw_fuse=14 body=1 engine=1 base=10^18
mn: node 0 of 2, four meshes of 2 ranks on ppac-pl1-s24-16,ppac-pl1-s24-16 (port base 22733): connected in 0.00 s
mn: node 1 of 2, four meshes of 2 ranks on ppac-pl1-s24-16,ppac-pl1-s24-16 (port base 22733): connected in 0.15 s
mn: self-test, four meshes over 2 nodes at 2^22 points: ok (3.17 s)
mn: node 1: level 1 group [0, 2) (transform nodes 2): meshes connected in 0.00 s
mn: self-test, four meshes over 2 nodes at 2^22 points: ok (3.24 s)
mn: node 0: level 1 group [0, 2) (transform nodes 2): meshes connected in 0.00 s
mn: layered self-test, 2 x 4 ranks at 2^22 points: ok (0.31 s)
mn: node 1 computes terms [579393793, 1158787586) of 1158787585
RESULT ecalc init s 7.87996
      VmRSS 8.8 GB after init (staging 4.3 GB pinned + device regions 26 GB); init 7.9 s
mem[1] [init] device 42.0 GB in use (per APU 8.9..15.3): planes 8.6, regions 0.0, block pool 32.2 (donated 0.0, borrowed 32.2, hipMalloc 0.0; live 0.0, peak live 0.0, free 6.2), tables 1.22, other 0.0
mem[1] [init] host 8.8 GB RSS (HWM 11.7): staging 4.3 pinned, registered 0.0, X 0.0, digits 0.0, named 0.0, other 4.5
mem[1] [init]   APU0: in use 15.3 GB: planes 2.15 pool:borrowed 12.88 pool:free 1.63 tables 0.30  (driver: 30.5 of 137.4 GB used)
mem[1] [init]   APU1: in use 8.9 GB: planes 2.15 pool:borrowed 6.44 pool:free 1.27 tables 0.30  (driver: 17.6 of 137.4 GB used)
mem[1] [init]   APU2: in use 8.9 GB: planes 2.15 pool:borrowed 6.44 pool:free 1.63 tables 0.30  (driver: 17.6 of 137.4 GB used)
mem[1] [init]   APU3: in use 8.9 GB: planes 2.15 pool:borrowed 6.44 pool:free 1.63 tables 0.31  (driver: 17.6 of 137.4 GB used)
mn: layered self-test, 2 x 4 ranks at 2^22 points: ok (0.25 s)
mn: node 0 computes terms [1, 579393793) of 1158787585
RESULT ecalc init s 7.88661
      VmRSS 8.8 GB after init (staging 4.3 GB pinned + device regions 26 GB); init 7.9 s
mem[0] [init] device 42.0 GB in use (per APU 8.9..15.3): planes 8.6, regions 0.0, block pool 32.2 (donated 0.0, borrowed 32.2, hipMalloc 0.0; live 0.0, peak live 0.0, free 6.0), tables 1.23, other 0.0
mem[0] [init] host 8.8 GB RSS (HWM 11.7): staging 4.3 pinned, registered 0.0, X 0.0, digits 0.0, named 0.0, other 4.5
mem[0] [init]   APU0: in use 15.3 GB: planes 2.15 pool:borrowed 12.88 pool:free 1.66 tables 0.31  (driver: 30.5 of 137.4 GB used)
mem[0] [init]   APU1: in use 8.9 GB: planes 2.15 pool:borrowed 6.44 pool:free 1.12 tables 0.31  (driver: 17.6 of 137.4 GB used)
mem[0] [init]   APU2: in use 8.9 GB: planes 2.15 pool:borrowed 6.44 pool:free 1.63 tables 0.31  (driver: 17.6 of 137.4 GB used)
mem[0] [init]   APU3: in use 8.9 GB: planes 2.15 pool:borrowed 6.44 pool:free 1.63 tables 0.31  (driver: 17.6 of 137.4 GB used)
budget: ECALC_BUDGET_CHECK ok: 2 ranks, largest rank peak 117.1 GB, node budget 480 GB
mn: node 0 leaf P 268088063 limbs, Q 268088063 limbs (device)
mn: MN_TREE_EARLY_FREE: the tree levels free P_i, P_run between their two products
mn: node 1 leaf P 287467497 limbs, Q 287467497 limbs (device)
   transform cache: 2 of 2 slots of 16.0 GiB per APU allocated in 10.42 s (margin 24 GB) = 137.44 GB per node-process
   transform cache: 2 of 2 slots of 16.0 GiB per APU allocated in 10.93 s (margin 24 GB) = 137.44 GB per node-process
cache_trace node 0: piece (0, 0) of 2 x 3, 134044032 + 95822499 limbs at 0, slots 2: A cached B cached | 18.635 s: redistribute 5.414 ntt 6.335 crt 0.018 out 9.211 carry 0.008
cache_trace node 1: piece (0, 0) of 2 x 3, 134044032 + 95822499 limbs at 0, slots 2: A cached B cached | 18.635 s: redistribute 5.410 ntt 6.317 crt 0.010 out 9.653 carry 0.008
cache_trace node 0: piece (1, 0) of 2 x 3, 134044031 + 95822499 limbs at 134044032, slots 2: A - B HIT | 2.945 s: redistribute 0.084 ntt 2.596 crt 0.009 out 0.205 carry 0.079
cache_trace node 1: piece (1, 0) of 2 x 3, 134044031 + 95822499 limbs at 134044032, slots 2: A - B HIT | 2.945 s: redistribute 0.087 ntt 2.593 crt 0.009 out 0.201 carry 0.080
cache_trace node 0: piece (0, 1) of 2 x 3, 134044032 + 95822499 limbs at 95822499, slots 2: A HIT B cached | 2.481 s: redistribute 0.076 ntt 2.161 crt 0.010 out 0.205 carry 0.073
cache_trace node 1: piece (0, 1) of 2 x 3, 134044032 + 95822499 limbs at 95822499, slots 2: A HIT B cached | 2.481 s: redistribute 0.074 ntt 2.158 crt 0.010 out 0.200 carry 0.073
cache_trace node 0: piece (1, 1) of 2 x 3, 134044031 + 95822499 limbs at 229866531, slots 2: A - B HIT | 10.762 s: redistribute 0.119 ntt 3.140 crt 0.005 out 7.475 carry 0.089
cache_trace node 1: piece (1, 1) of 2 x 3, 134044031 + 95822499 limbs at 229866531, slots 2: A - B HIT | 10.762 s: redistribute 0.121 ntt 3.182 crt 0.005 out 7.417 carry 0.088
cache_trace node 0: piece (0, 2) of 2 x 3, 134044032 + 95822499 limbs at 191644998, slots 2: A HIT B cached | 3.047 s: redistribute 0.061 ntt 2.775 crt 0.010 out 0.138 carry 0.075
cache_trace node 1: piece (0, 2) of 2 x 3, 134044032 + 95822499 limbs at 191644998, slots 2: A HIT B cached | 3.047 s: redistribute 0.058 ntt 2.785 crt 0.010 out 0.140 carry 0.075
cache_trace node 0: piece (1, 2) of 2 x 3, 134044031 + 95822499 limbs at 325689030, slots 2: A - B HIT | 11.638 s: redistribute 0.081 ntt 2.082 crt 0.009 out 9.415 carry 0.080
cache_trace node 1: piece (1, 2) of 2 x 3, 134044031 + 95822499 limbs at 325689030, slots 2: A - B HIT | 11.638 s: redistribute 0.083 ntt 2.129 crt 0.008 out 9.411 carry 0.079
dist_mn node 0: 268088063 x 287467497 limbs over 2 x 4 ranks (cap 2^28): 2 x 3 pieces, 6 formed, 0 skipped (cache 2 slots: 5 hits, 4 misses)
dist_mn node 1: 268088063 x 287467497 limbs over 2 x 4 ranks (cap 2^28): 2 x 3 pieces, 6 formed, 0 skipped (cache 2 slots: 5 hits, 4 misses)
cache_trace node 0: piece (0, 0) of 2 x 3, 134044032 + 95822499 limbs at 0, slots 2: A cached B cached | 3.717 s: redistribute 0.144 ntt 3.483 crt 0.009 out 0.198 carry 0.003
cache_trace node 1: piece (0, 0) of 2 x 3, 134044032 + 95822499 limbs at 0, slots 2: A cached B cached | 3.717 s: redistribute 0.142 ntt 3.489 crt 0.009 out 0.193 carry 0.003
cache_trace node 0: piece (1, 0) of 2 x 3, 134044031 + 95822499 limbs at 134044032, slots 2: A - B HIT | 2.559 s: redistribute 0.082 ntt 2.257 crt 0.005 out 0.150 carry 0.092
cache_trace node 1: piece (1, 0) of 2 x 3, 134044031 + 95822499 limbs at 134044032, slots 2: A - B HIT | 2.559 s: redistribute 0.085 ntt 2.263 crt 0.005 out 0.140 carry 0.092
cache_trace node 0: piece (0, 1) of 2 x 3, 134044032 + 95822499 limbs at 95822499, slots 2: A HIT B cached | 2.714 s: redistribute 0.070 ntt 2.446 crt 0.010 out 0.149 carry 0.080
cache_trace node 1: piece (0, 1) of 2 x 3, 134044032 + 95822499 limbs at 95822499, slots 2: A HIT B cached | 2.714 s: redistribute 0.068 ntt 2.448 crt 0.010 out 0.146 carry 0.080
cache_trace node 0: piece (1, 1) of 2 x 3, 134044031 + 95822499 limbs at 229866531, slots 2: A - B HIT | 2.427 s: redistribute 0.090 ntt 2.133 crt 0.010 out 0.145 carry 0.089
cache_trace node 1: piece (1, 1) of 2 x 3, 134044031 + 95822499 limbs at 229866531, slots 2: A - B HIT | 2.427 s: redistribute 0.093 ntt 2.130 crt 0.010 out 0.153 carry 0.089
cache_trace node 0: piece (0, 2) of 2 x 3, 134044032 + 95822499 limbs at 191644998, slots 2: A HIT B cached | 2.590 s: redistribute 0.074 ntt 2.291 crt 0.009 out 0.157 carry 0.089
cache_trace node 1: piece (0, 2) of 2 x 3, 134044032 + 95822499 limbs at 191644998, slots 2: A HIT B cached | 2.590 s: redistribute 0.070 ntt 2.311 crt 0.009 out 0.157 carry 0.089
cache_trace node 0: piece (1, 2) of 2 x 3, 134044031 + 95822499 limbs at 325689030, slots 2: A - B HIT | 2.474 s: redistribute 0.072 ntt 2.207 crt 0.010 out 0.111 carry 0.077
dist_mn node 0: 268088063 x 287467497 limbs over 2 x 4 ranks (cap 2^28): 2 x 3 pieces, 6 formed, 0 skipped (cache 2 slots: 10 hits, 8 misses)
cache_trace node 1: piece (1, 2) of 2 x 3, 134044031 + 95822499 limbs at 325689030, slots 2: A - B HIT | 2.474 s: redistribute 0.080 ntt 2.205 crt 0.010 out 0.111 carry 0.077
dist_mn node 1: 268088063 x 287467497 limbs over 2 x 4 ranks (cap 2^28): 2 x 3 pieces, 6 formed, 0 skipped (cache 2 slots: 10 hits, 8 misses)
mn: node 0 level 1 [0, 2): P 555555560 limbs, Q 555555560 limbs (my share of P [0, 277777780)) in 110.58 s
mn: node 0: tree levels 110.58 s: P 555555560 limbs, Q 555555560 limbs
mn: node 1 level 1 [0, 2): P 555555560 limbs, Q 555555560 limbs (my share of P [277777780, 555555561)) in 107.86 s
mn: node 1: tree levels 107.86 s: P 555555560 limbs, Q 555555560 limbs
mem[1] [tree] device 205.2 GB in use (per APU 49.7..56.1): planes 34.4, regions 0.0, block pool 32.2 (donated 0.0, borrowed 32.2, hipMalloc 0.0; live 4.4, peak live 11.6, free 27.8), tables 1.22, other 137.4
mem[1] [tree] host 13.3 GB RSS (HWM 13.3): staging 4.3 pinned, registered 0.0, X 0.0, digits 0.0, named 0.0, other 9.0
mem[1] [tree]   APU0: in use 56.1 GB: planes 8.59 pool:borrowed 12.88 pool:live 1.11 pool:free 11.77 pool:peak-live 2.89 tables 0.30 other 34.36  (driver: 108.0 of 137.4 GB used)
mem[1] [tree]   APU1: in use 49.7 GB: planes 8.59 pool:borrowed 6.44 pool:live 1.11 pool:free 5.33 pool:peak-live 2.89 tables 0.30 other 34.36  (driver: 95.1 of 137.4 GB used)
mem[1] [tree]   APU2: in use 49.7 GB: planes 8.59 pool:borrowed 6.44 pool:live 1.11 pool:free 5.33 pool:peak-live 2.89 tables 0.30 other 34.36  (driver: 95.1 of 137.4 GB used)
mem[0] [tree] device 188.1 GB in use (per APU 45.4..51.9): planes 17.2, regions 0.0, block pool 32.2 (donated 0.0, borrowed 32.2, hipMalloc 0.0; live 4.4, peak live 10.9, free 27.8), tables 1.23, other 137.4
mem[0] [tree] host 13.1 GB RSS (HWM 13.1): staging 4.3 pinned, registered 0.0, X 0.0, digits 0.0, named 0.0, other 8.8
mem[1] [tree]   APU3: in use 49.7 GB: planes 8.59 pool:borrowed 6.44 pool:live 1.11 pool:free 5.33 pool:peak-live 2.89 tables 0.31 other 34.36  (driver: 95.1 of 137.4 GB used)
mem[0] [tree]   APU0: in use 51.9 GB: planes 4.29 pool:borrowed 12.88 pool:live 1.11 pool:free 11.77 pool:peak-live 2.72 tables 0.31 other 34.36  (driver: 108.0 of 137.4 GB used)
mem[0] [tree]   APU1: in use 45.4 GB: planes 4.29 pool:borrowed 6.44 pool:live 1.11 pool:free 5.33 pool:peak-live 2.72 tables 0.31 other 34.36  (driver: 95.1 of 137.4 GB used)
mem[0] [tree]   APU2: in use 45.4 GB: planes 4.29 pool:borrowed 6.44 pool:live 1.11 pool:free 5.33 pool:peak-live 2.72 tables 0.31 other 34.36  (driver: 95.1 of 137.4 GB used)
mem[0] [tree]   APU3: in use 45.4 GB: planes 4.29 pool:borrowed 6.44 pool:live 1.11 pool:free 5.33 pool:peak-live 2.72 tables 0.31 other 34.36  (driver: 95.1 of 137.4 GB used)
recip(mn): the single-node chain to 33909 limbs (30.14 s), then the sharded steps to 555555558 over 2 nodes
cache_trace node 0: piece (0, 0) of 3 x 1, 92592594 + 138888891 limbs at 0, slots 2: A cached B cached | 3.921 s: redistribute 0.193 ntt 3.519 crt 0.010 out 0.201 carry 0.003
cache_trace node 1: piece (0, 0) of 3 x 1, 92592594 + 138888891 limbs at 0, slots 2: A cached B cached | 3.921 s: redistribute 0.191 ntt 3.526 crt 0.010 out 0.196 carry 0.003
cache_trace node 0: piece (1, 0) of 3 x 1, 92592594 + 138888891 limbs at 92592594, slots 2: A - B HIT | 3.086 s: redistribute 0.106 ntt 2.846 crt 0.009 out 0.107 carry 0.032
cache_trace node 1: piece (1, 0) of 3 x 1, 92592594 + 138888891 limbs at 92592594, slots 2: A - B HIT | 3.086 s: redistribute 0.107 ntt 2.840 crt 0.010 out 0.112 carry 0.032
cache_trace node 0: piece (2, 0) of 3 x 1, 92592594 + 138888891 limbs at 185185188, slots 2: A - B HIT | 3.528 s: redistribute 0.075 ntt 3.329 crt 0.010 out 0.068 carry 0.054
dist_mn node 0: 277777782 x 138888891 limbs over 2 x 4 ranks (cap 2^28): 3 x 1 pieces, 3 formed, 0 skipped (low product) (low cut) (cache 2 slots: 12 hits, 10 misses)
cache_trace node 1: piece (2, 0) of 3 x 1, 92592594 + 138888891 limbs at 185185188, slots 2: A - B HIT | 3.528 s: redistribute 0.056 ntt 3.365 crt 0.010 out 0.057 carry 0.054
dist_mn node 1: 277777782 x 138888891 limbs over 2 x 4 ranks (cap 2^28): 3 x 1 pieces, 3 formed, 0 skipped (low product) (low cut) (cache 2 slots: 12 hits, 10 misses)
cache_trace node 0: piece (0, 0) of 1 x 2, 138888891 + 69444445 limbs at 0, slots 2: A cached B cached | 4.384 s: redistribute 0.166 ntt 4.109 crt 0.010 out 0.140 carry 0.003
cache_trace node 1: piece (0, 0) of 1 x 2, 138888891 + 69444445 limbs at 0, slots 2: A cached B cached | 4.384 s: redistribute 0.169 ntt 4.102 crt 0.010 out 0.140 carry 0.003
cache_trace node 0: piece (0, 1) of 1 x 2, 138888891 + 69444445 limbs at 69444445, slots 2: A HIT B cached | 2.326 s: redistribute 0.056 ntt 2.108 crt 0.010 out 0.136 carry 0.046
dist_mn node 0: 138888891 x 138888890 limbs over 2 x 4 ranks (cap 2^28): 1 x 2 pieces, 2 formed, 0 skipped (low cut) (cache 2 slots: 13 hits, 13 misses)
cache_trace node 1: piece (0, 1) of 1 x 2, 138888891 + 69444445 limbs at 69444445, slots 2: A HIT B cached | 2.326 s: redistribute 0.052 ntt 2.100 crt 0.010 out 0.131 carry 0.045
dist_mn node 1: 138888891 x 138888890 limbs over 2 x 4 ranks (cap 2^28): 1 x 2 pieces, 2 formed, 0 skipped (low cut) (cache 2 slots: 13 hits, 13 misses)
cache_trace node 0: piece (1, 0) of 5 x 2, 111111112 + 138888890 limbs at 111111112, slots 2: A - B cached | 4.028 s: redistribute 0.189 ntt 3.644 crt 0.010 out 0.181 carry 0.080
cache_trace node 1: piece (1, 0) of 5 x 2, 111111112 + 138888890 limbs at 111111112, slots 2: A - B cached | 4.028 s: redistribute 0.192 ntt 3.636 crt 0.010 out 0.176 carry 0.080
cache_trace node 0: piece (2, 0) of 5 x 2, 111111112 + 138888890 limbs at 222222224, slots 2: A - B HIT | 2.417 s: redistribute 0.106 ntt 2.093 crt 0.010 out 0.172 carry 0.097
cache_trace node 1: piece (2, 0) of 5 x 2, 111111112 + 138888890 limbs at 222222224, slots 2: A - B HIT | 2.417 s: redistribute 0.114 ntt 2.099 crt 0.010 out 0.169 carry 0.097
cache_trace node 0: piece (3, 0) of 5 x 2, 111111112 + 138888890 limbs at 333333336, slots 2: A - B HIT | 2.468 s: redistribute 0.142 ntt 2.207 crt 0.010 out 0.134 carry 0.089
cache_trace node 1: piece (3, 0) of 5 x 2, 111111112 + 138888890 limbs at 333333336, slots 2: A - B HIT | 2.468 s: redistribute 0.117 ntt 2.221 crt 0.010 out 0.134 carry 0.089
cache_trace node 0: piece (4, 0) of 5 x 2, 111111112 + 138888890 limbs at 444444448, slots 2: A - B HIT | 2.343 s: redistribute 0.072 ntt 2.140 crt 0.010 out 0.067 carry 0.069
cache_trace node 1: piece (4, 0) of 5 x 2, 111111112 + 138888890 limbs at 444444448, slots 2: A - B HIT | 2.343 s: redistribute 0.069 ntt 2.143 crt 0.010 out 0.072 carry 0.069
cache_trace node 0: piece (0, 1) of 5 x 2, 111111112 + 138888890 limbs at 138888890, slots 2: A cached B cached | 4.057 s: redistribute 0.154 ntt 3.661 crt 0.009 out 0.196 carry 0.078
cache_trace node 1: piece (0, 1) of 5 x 2, 111111112 + 138888890 limbs at 138888890, slots 2: A cached B cached | 4.057 s: redistribute 0.151 ntt 3.679 crt 0.009 out 0.179 carry 0.078
cache_trace node 0: piece (1, 1) of 5 x 2, 111111112 + 138888890 limbs at 250000002, slots 2: A - B HIT | 2.453 s: redistribute 0.085 ntt 2.147 crt 0.010 out 0.195 carry 0.075
cache_trace node 1: piece (1, 1) of 5 x 2, 111111112 + 138888890 limbs at 250000002, slots 2: A - B HIT | 2.453 s: redistribute 0.088 ntt 2.139 crt 0.010 out 0.195 carry 0.075
cache_trace node 0: piece (2, 1) of 5 x 2, 111111112 + 138888890 limbs at 361111114, slots 2: A - B HIT | 2.482 s: redistribute 0.086 ntt 2.144 crt 0.010 out 0.171 carry 0.102
cache_trace node 1: piece (2, 1) of 5 x 2, 111111112 + 138888890 limbs at 361111114, slots 2: A - B HIT | 2.482 s: redistribute 0.085 ntt 2.139 crt 0.010 out 0.170 carry 0.102
cache_trace node 0: piece (3, 1) of 5 x 2, 111111112 + 138888890 limbs at 472222226, slots 2: A - B HIT | 3.032 s: redistribute 0.098 ntt 2.845 crt 0.010 out 0.063 carry 0.063
dist_mn node 0: 555555560 x 277777780 limbs over 2 x 4 ranks (cap 2^28): 5 x 2 pieces, 8 formed, 2 skipped (low product) (low cut) (cache 2 slots: 19 hits, 16 misses)
cache_trace node 1: piece (3, 1) of 5 x 2, 111111112 + 138888890 limbs at 472222226, slots 2: A - B HIT | 3.032 s: redistribute 0.095 ntt 2.852 crt 0.010 out 0.072 carry 0.063
dist_mn node 1: 555555560 x 277777780 limbs over 2 x 4 ranks (cap 2^28): 5 x 2 pieces, 8 formed, 2 skipped (low product) (low cut) (cache 2 slots: 19 hits, 16 misses)
cache_trace node 0: piece (1, 0) of 2 x 3, 138888890 + 92592593 limbs at 138888890, slots 2: A - B cached | 3.479 s: redistribute 0.132 ntt 3.155 crt 0.005 out 0.165 carry 0.101
cache_trace node 1: piece (1, 0) of 2 x 3, 138888890 + 92592593 limbs at 138888890, slots 2: A - B cached | 3.479 s: redistribute 0.134 ntt 3.159 crt 0.005 out 0.170 carry 0.101
cache_trace node 0: piece (0, 1) of 2 x 3, 138888890 + 92592593 limbs at 92592593, slots 2: A cached B cached | 3.688 s: redistribute 0.179 ntt 3.346 crt 0.010 out 0.142 carry 0.082
cache_trace node 1: piece (0, 1) of 2 x 3, 138888890 + 92592593 limbs at 92592593, slots 2: A cached B cached | 3.688 s: redistribute 0.178 ntt 3.349 crt 0.010 out 0.146 carry 0.082
cache_trace node 0: piece (1, 1) of 2 x 3, 138888890 + 92592593 limbs at 231481483, slots 2: A - B HIT | 2.496 s: redistribute 0.084 ntt 2.149 crt 0.010 out 0.198 carry 0.094
cache_trace node 1: piece (1, 1) of 2 x 3, 138888890 + 92592593 limbs at 231481483, slots 2: A - B HIT | 2.496 s: redistribute 0.081 ntt 2.147 crt 0.010 out 0.198 carry 0.094
cache_trace node 0: piece (0, 2) of 2 x 3, 138888890 + 92592593 limbs at 185185186, slots 2: A HIT B cached | 2.905 s: redistribute 0.083 ntt 2.566 crt 0.005 out 0.201 carry 0.081
cache_trace node 1: piece (0, 2) of 2 x 3, 138888890 + 92592593 limbs at 185185186, slots 2: A HIT B cached | 2.905 s: redistribute 0.078 ntt 2.577 crt 0.005 out 0.191 carry 0.081
cache_trace node 0: piece (1, 2) of 2 x 3, 138888890 + 92592593 limbs at 324074076, slots 2: A - B HIT | 3.313 s: redistribute 0.104 ntt 3.025 crt 0.010 out 0.132 carry 0.075
dist_mn node 0: 277777780 x 277777779 limbs over 2 x 4 ranks (cap 2^28): 2 x 3 pieces, 5 formed, 1 skipped (low cut) (cache 2 slots: 22 hits, 20 misses)
cache_trace node 1: piece (1, 2) of 2 x 3, 138888890 + 92592593 limbs at 324074076, slots 2: A - B HIT | 3.313 s: redistribute 0.100 ntt 3.028 crt 0.010 out 0.132 carry 0.075
dist_mn node 1: 277777780 x 277777779 limbs over 2 x 4 ranks (cap 2^28): 2 x 3 pieces, 5 formed, 1 skipped (low cut) (cache 2 slots: 22 hits, 20 misses)
cache_trace node 0: piece (3, 0) of 4 x 5, 138888887 + 111111112 limbs at 416666670, slots 2: A - B cached | 3.677 s: redistribute 0.130 ntt 3.283 crt 0.007 out 0.182 carry 0.076
cache_trace node 1: piece (3, 0) of 4 x 5, 138888887 + 111111112 limbs at 416666670, slots 2: A - B cached | 3.677 s: redistribute 0.134 ntt 3.275 crt 0.005 out 0.187 carry 0.076
cache_trace node 0: piece (2, 1) of 4 x 5, 138888890 + 111111112 limbs at 388888892, slots 2: A - B cached | 3.632 s: redistribute 0.159 ntt 3.279 crt 0.008 out 0.154 carry 0.064
cache_trace node 1: piece (2, 1) of 4 x 5, 138888890 + 111111112 limbs at 388888892, slots 2: A - B cached | 3.632 s: redistribute 0.165 ntt 3.278 crt 0.006 out 0.155 carry 0.064
cache_trace node 0: piece (3, 1) of 4 x 5, 138888887 + 111111112 limbs at 527777782, slots 2: A - B HIT | 2.516 s: redistribute 0.123 ntt 2.194 crt 0.010 out 0.152 carry 0.091
cache_trace node 1: piece (3, 1) of 4 x 5, 138888887 + 111111112 limbs at 527777782, slots 2: A - B HIT | 2.516 s: redistribute 0.121 ntt 2.196 crt 0.010 out 0.156 carry 0.091
cache_trace node 0: piece (1, 2) of 4 x 5, 138888890 + 111111112 limbs at 361111114, slots 2: A - B cached | 4.326 s: redistribute 0.145 ntt 3.928 crt 0.008 out 0.187 carry 0.091
cache_trace node 1: piece (1, 2) of 4 x 5, 138888890 + 111111112 limbs at 361111114, slots 2: A - B cached | 4.326 s: redistribute 0.145 ntt 3.923 crt 0.009 out 0.182 carry 0.091
cache_trace node 0: piece (2, 2) of 4 x 5, 138888890 + 111111112 limbs at 500000004, slots 2: A - B HIT | 2.471 s: redistribute 0.091 ntt 2.136 crt 0.010 out 0.148 carry 0.106
cache_trace node 1: piece (2, 2) of 4 x 5, 138888890 + 111111112 limbs at 500000004, slots 2: A - B HIT | 2.471 s: redistribute 0.088 ntt 2.139 crt 0.010 out 0.150 carry 0.106
cache_trace node 0: piece (3, 2) of 4 x 5, 138888887 + 111111112 limbs at 638888894, slots 2: A - B HIT | 2.620 s: redistribute 0.138 ntt 2.313 crt 0.010 out 0.149 carry 0.106
cache_trace node 1: piece (3, 2) of 4 x 5, 138888887 + 111111112 limbs at 638888894, slots 2: A - B HIT | 2.620 s: redistribute 0.134 ntt 2.316 crt 0.010 out 0.154 carry 0.106
cache_trace node 0: piece (0, 3) of 4 x 5, 138888890 + 111111112 limbs at 333333336, slots 2: A cached B cached | 3.569 s: redistribute 0.156 ntt 3.206 crt 0.009 out 0.165 carry 0.086
cache_trace node 1: piece (0, 3) of 4 x 5, 138888890 + 111111112 limbs at 333333336, slots 2: A cached B cached | 3.569 s: redistribute 0.154 ntt 3.213 crt 0.009 out 0.166 carry 0.086
cache_trace node 0: piece (1, 3) of 4 x 5, 138888890 + 111111112 limbs at 472222226, slots 2: A - B HIT | 2.410 s: redistribute 0.102 ntt 2.072 crt 0.009 out 0.156 carry 0.096
cache_trace node 1: piece (1, 3) of 4 x 5, 138888890 + 111111112 limbs at 472222226, slots 2: A - B HIT | 2.410 s: redistribute 0.105 ntt 2.073 crt 0.010 out 0.151 carry 0.096
cache_trace node 0: piece (2, 3) of 4 x 5, 138888890 + 111111112 limbs at 611111116, slots 2: A - B HIT | 2.649 s: redistribute 0.089 ntt 2.310 crt 0.010 out 0.125 carry 0.133
cache_trace node 1: piece (2, 3) of 4 x 5, 138888890 + 111111112 limbs at 611111116, slots 2: A - B HIT | 2.649 s: redistribute 0.086 ntt 2.312 crt 0.010 out 0.129 carry 0.133
cache_trace node 0: piece (3, 3) of 4 x 5, 138888887 + 111111112 limbs at 750000006, slots 2: A - B HIT | 2.498 s: redistribute 0.106 ntt 2.199 crt 0.010 out 0.121 carry 0.083
cache_trace node 1: piece (3, 3) of 4 x 5, 138888887 + 111111112 limbs at 750000006, slots 2: A - B HIT | 2.498 s: redistribute 0.103 ntt 2.190 crt 0.010 out 0.118 carry 0.083
cache_trace node 0: piece (0, 4) of 4 x 5, 138888890 + 111111110 limbs at 444444448, slots 2: A HIT B cached | 3.588 s: redistribute 0.078 ntt 3.238 crt 0.010 out 0.185 carry 0.081
cache_trace node 1: piece (0, 4) of 4 x 5, 138888890 + 111111110 limbs at 444444448, slots 2: A HIT B cached | 3.588 s: redistribute 0.077 ntt 3.245 crt 0.010 out 0.181 carry 0.081
cache_trace node 0: piece (1, 4) of 4 x 5, 138888890 + 111111110 limbs at 583333338, slots 2: A - B HIT | 3.263 s: redistribute 0.091 ntt 2.913 crt 0.010 out 0.123 carry 0.138
cache_trace node 1: piece (1, 4) of 4 x 5, 138888890 + 111111110 limbs at 583333338, slots 2: A - B HIT | 3.263 s: redistribute 0.093 ntt 2.910 crt 0.010 out 0.123 carry 0.137
cache_trace node 0: piece (2, 4) of 4 x 5, 138888890 + 111111110 limbs at 722222228, slots 2: A - B HIT | 2.621 s: redistribute 0.095 ntt 2.243 crt 0.010 out 0.208 carry 0.098
cache_trace node 1: piece (2, 4) of 4 x 5, 138888890 + 111111110 limbs at 722222228, slots 2: A - B HIT | 2.621 s: redistribute 0.092 ntt 2.244 crt 0.010 out 0.213 carry 0.098
cache_trace node 0: piece (3, 4) of 4 x 5, 138888887 + 111111110 limbs at 861111118, slots 2: A - B HIT | 2.533 s: redistribute 0.092 ntt 2.155 crt 0.010 out 0.140 carry 0.141
dist_mn node 0: 555555557 x 555555558 limbs over 2 x 4 ranks (cap 2^28): 4 x 5 pieces, 14 formed, 6 skipped (low cut) (cache 2 slots: 32 hits, 26 misses)
cache_trace node 1: piece (3, 4) of 4 x 5, 138888887 + 111111110 limbs at 861111118, slots 2: A - B HIT | 2.533 s: redistribute 0.090 ntt 2.158 crt 0.010 out 0.140 carry 0.141
dist_mn node 1: 555555557 x 555555558 limbs over 2 x 4 ranks (cap 2^28): 4 x 5 pieces, 14 formed, 6 skipped (low cut) (cache 2 slots: 32 hits, 26 misses)
mn_out: /tmp/cx15/c2_r2.txt.part0001: O_DIRECT, packed form, 8 write threads, file system local
cache_trace node 0: piece (0, 0) of 4 x 5, 138888890 + 111111112 limbs at 0, slots 2: A cached B cached | 3.967 s: redistribute 0.135 ntt 3.722 crt 0.009 out 0.124 carry 0.003
cache_trace node 1: piece (0, 0) of 4 x 5, 138888890 + 111111112 limbs at 0, slots 2: A cached B cached | 3.967 s: redistribute 0.139 ntt 3.719 crt 0.007 out 0.140 carry 0.003
cache_trace node 0: piece (1, 0) of 4 x 5, 138888890 + 111111112 limbs at 138888890, slots 2: A - B HIT | 2.838 s: redistribute 0.080 ntt 2.504 crt 0.009 out 0.179 carry 0.082
cache_trace node 1: piece (1, 0) of 4 x 5, 138888890 + 111111112 limbs at 138888890, slots 2: A - B HIT | 2.838 s: redistribute 0.081 ntt 2.500 crt 0.010 out 0.179 carry 0.082
cache_trace node 0: piece (2, 0) of 4 x 5, 138888890 + 111111112 limbs at 277777780, slots 2: A - B HIT | 2.523 s: redistribute 0.114 ntt 2.290 crt 0.010 out 0.144 carry 0.040
cache_trace node 1: piece (2, 0) of 4 x 5, 138888890 + 111111112 limbs at 277777780, slots 2: A - B HIT | 2.523 s: redistribute 0.111 ntt 2.293 crt 0.010 out 0.144 carry 0.039
cache_trace node 0: piece (3, 0) of 4 x 5, 138888887 + 111111112 limbs at 416666670, slots 2: A - B HIT | 2.532 s: redistribute 0.115 ntt 2.291 crt 0.010 out 0.104 carry 0.095
cache_trace node 1: piece (3, 0) of 4 x 5, 138888887 + 111111112 limbs at 416666670, slots 2: A - B HIT | 2.532 s: redistribute 0.112 ntt 2.298 crt 0.010 out 0.092 carry 0.095
cache_trace node 0: piece (0, 1) of 4 x 5, 138888890 + 111111112 limbs at 111111112, slots 2: A HIT B cached | 3.139 s: redistribute 0.095 ntt 2.846 crt 0.010 out 0.144 carry 0.087
cache_trace node 1: piece (0, 1) of 4 x 5, 138888890 + 111111112 limbs at 111111112, slots 2: A HIT B cached | 3.139 s: redistribute 0.097 ntt 2.843 crt 0.010 out 0.145 carry 0.087
cache_trace node 0: piece (1, 1) of 4 x 5, 138888890 + 111111112 limbs at 250000002, slots 2: A - B HIT | 3.214 s: redistribute 0.122 ntt 2.849 crt 0.005 out 0.219 carry 0.071
cache_trace node 1: piece (1, 1) of 4 x 5, 138888890 + 111111112 limbs at 250000002, slots 2: A - B HIT | 3.214 s: redistribute 0.124 ntt 2.842 crt 0.005 out 0.228 carry 0.071
cache_trace node 0: piece (2, 1) of 4 x 5, 138888890 + 111111112 limbs at 388888892, slots 2: A - B HIT | 2.477 s: redistribute 0.149 ntt 2.199 crt 0.010 out 0.102 carry 0.087
cache_trace node 1: piece (2, 1) of 4 x 5, 138888890 + 111111112 limbs at 388888892, slots 2: A - B HIT | 2.477 s: redistribute 0.146 ntt 2.197 crt 0.010 out 0.107 carry 0.087
cache_trace node 0: piece (3, 1) of 4 x 5, 138888887 + 111111112 limbs at 527777782, slots 2: A - B HIT | 2.466 s: redistribute 0.102 ntt 2.333 crt 0.010 out 0.033 carry 0.025
cache_trace node 1: piece (3, 1) of 4 x 5, 138888887 + 111111112 limbs at 527777782, slots 2: A - B HIT | 2.466 s: redistribute 0.098 ntt 2.336 crt 0.010 out 0.045 carry 0.025
cache_trace node 0: piece (0, 2) of 4 x 5, 138888890 + 111111112 limbs at 222222224, slots 2: A HIT B cached | 2.619 s: redistribute 0.091 ntt 2.252 crt 0.008 out 0.183 carry 0.089
cache_trace node 1: piece (0, 2) of 4 x 5, 138888890 + 111111112 limbs at 222222224, slots 2: A HIT B cached | 2.619 s: redistribute 0.094 ntt 2.260 crt 0.006 out 0.175 carry 0.089
cache_trace node 0: piece (1, 2) of 4 x 5, 138888890 + 111111112 limbs at 361111114, slots 2: A - B HIT | 2.620 s: redistribute 0.113 ntt 2.328 crt 0.010 out 0.109 carry 0.106
cache_trace node 1: piece (1, 2) of 4 x 5, 138888890 + 111111112 limbs at 361111114, slots 2: A - B HIT | 2.620 s: redistribute 0.116 ntt 2.320 crt 0.010 out 0.109 carry 0.106
cache_trace node 0: piece (2, 2) of 4 x 5, 138888890 + 111111112 limbs at 500000004, slots 2: A - B HIT | 2.948 s: redistribute 0.088 ntt 2.785 crt 0.010 out 0.056 carry 0.047
cache_trace node 1: piece (2, 2) of 4 x 5, 138888890 + 111111112 limbs at 500000004, slots 2: A - B HIT | 2.948 s: redistribute 0.085 ntt 2.772 crt 0.010 out 0.061 carry 0.047
cache_trace node 0: piece (0, 3) of 4 x 5, 138888890 + 111111112 limbs at 333333336, slots 2: A HIT B cached | 2.535 s: redistribute 0.101 ntt 2.194 crt 0.010 out 0.186 carry 0.089
cache_trace node 1: piece (0, 3) of 4 x 5, 138888890 + 111111112 limbs at 333333336, slots 2: A HIT B cached | 2.535 s: redistribute 0.099 ntt 2.192 crt 0.010 out 0.187 carry 0.089
cache_trace node 0: piece (1, 3) of 4 x 5, 138888890 + 111111112 limbs at 472222226, slots 2: A - B HIT | 2.364 s: redistribute 0.080 ntt 2.171 crt 0.009 out 0.058 carry 0.062
cache_trace node 1: piece (1, 3) of 4 x 5, 138888890 + 111111112 limbs at 472222226, slots 2: A - B HIT | 2.364 s: redistribute 0.083 ntt 2.163 crt 0.010 out 0.064 carry 0.062
cache_trace node 0: piece (0, 4) of 4 x 5, 138888890 + 111111112 limbs at 444444448, slots 2: A HIT B cached | 2.409 s: redistribute 0.090 ntt 2.193 crt 0.010 out 0.077 carry 0.069
dist_mn node 0: 555555557 x 555555560 limbs over 2 x 4 ranks (cap 2^28): 4 x 5 pieces, 14 formed, 6 skipped (low product) (cache 2 slots: 45 hits, 32 misses)
cache_trace node 1: piece (0, 4) of 4 x 5, 138888890 + 111111112 limbs at 444444448, slots 2: A HIT B cached | 2.409 s: redistribute 0.088 ntt 2.200 crt 0.009 out 0.067 carry 0.069
dist_mn node 1: 555555557 x 555555560 limbs over 2 x 4 ranks (cap 2^28): 4 x 5 pieces, 14 formed, 6 skipped (low product) (cache 2 slots: 45 hits, 32 misses)
divmod(mn) 286.57 s: reciprocal 116.21 (products 75.46), S = P + Q 6.19, A mu + shift 122.60, X Q + window 41.48, corrections 0.03 (0), R residues 0.07; division products 83.20 s; shifts 68/95.70 s, addsub 24/0.12 s
scratch(mn): mdb_shift slabs 4.444 GB per node-process at most (MDB_SHIFT_CHUNK_MB=1024), window temporaries T + rbO 4.370 GB (MN_T_CHUNK_MB=1024)
mn: node 0: dm over 2 nodes 286.57 s (reciprocal 116.21), X 555555557 limbs, sharded
mn: node 1: dm over 2 nodes 286.57 s (reciprocal 116.21), X 555555557 limbs, sharded; to the output stage
bs      115.09 s   N 1158787585, P 555555560 limbs, Q 555555560 limbs (seeds 0.0 school 0.0 batch 4.4 mdev 0.0; pool 5.0 GB; dev pools 0.0 GB)   VmRSS 22.4 GB, VmHWM 22.4 GB
RESULT ecalc bs s 115.088
mem[0] [bs] device 50.6 GB in use (per APU 11.0..17.5): planes 17.2, regions 0.0, block pool 32.2 (donated 0.0, borrowed 32.2, hipMalloc 0.0; live 2.2, peak live 18.0, free 30.0), tables 1.23, other 0.0
mem[0] [bs] host 22.4 GB RSS (HWM 22.4): staging 4.3 pinned, registered 0.0, X 0.0, digits 0.0, named 0.0, other 18.1
mem[0] [bs]   APU0: in use 17.5 GB: planes 4.29 pool:borrowed 12.88 pool:live 0.56 pool:free 12.33 pool:peak-live 4.49 tables 0.31  (driver: 39.4 of 137.4 GB used)
mem[0] [bs]   APU1: in use 11.0 GB: planes 4.29 pool:borrowed 6.44 pool:live 0.56 pool:free 5.89 pool:peak-live 4.49 tables 0.31  (driver: 26.6 of 137.4 GB used)
mem[0] [bs]   APU2: in use 11.0 GB: planes 4.29 pool:borrowed 6.44 pool:live 0.56 pool:free 5.89 pool:peak-live 4.49 tables 0.31  (driver: 26.6 of 137.4 GB used)
mem[0] [bs]   APU3: in use 11.0 GB: planes 4.29 pool:borrowed 6.44 pool:live 0.56 pool:free 5.89 pool:peak-live 4.49 tables 0.31  (driver: 26.6 of 137.4 GB used)
recip   116.21 s   (over 2 nodes; 29 iterations)
10dP      0.00 s   (S = P + Q over shares, inside dm)
RESULT ecalc 10dP s 0
dm      286.57 s   X 555555557 limbs (recip 116.2 s; corrections 0/0; over 2 nodes)   VmRSS 22.4 GB, VmHWM 22.4 GB
RESULT ecalc dm s 286.569
mn: node 0: X share [0, 277777778) of 555555557 limbs on the device (the distributed division's)
mn: node 1: X share [277777778, 555555557) of 555555557 limbs on the device (the distributed division's)
mn: node 0: T1        0.07 s   ok: T(P+Q) == XQ + R and P, Q mod q for 8 primes (P, Q recurrence over this node's terms, overlapped with bs; joined over the nodes)
mn: node 0:       overlapped with bs: P, Q mod q recurrence 1.20 s, block pool pregrown by 0 GB in 0.00 s
mn: node 1: T1        0.07 s   ok: T(P+Q) == XQ + R and P, Q mod q for 8 primes (P, Q recurrence over this node's terms, overlapped with bs; joined over the nodes)
mn: node 1:       overlapped with bs: P, Q mod q recurrence 1.15 s, block pool pregrown by 0 GB in 0.00 s
mn: node 1:       VmRSS 27.0 GB before dc
mn: node 0:       VmRSS 22.4 GB before dc
mn: node 0:       the part file started in the division (MN_OUT_EARLY): its writer ran 1.37 s, joined after 0.00 s here
mn: node 1:       the part file started in the division (MN_OUT_EARLY): its writer ran 4.03 s, joined after 0.00 s here
mn: node 0:       patch: X +0 after the formatting started (ECALC_CORR_PATCH): nothing to patch; 0 deferred windows; 0.011 s
mn: node 1:       patch: X +0 after the formatting started (ECALC_CORR_PATCH): nothing to patch; 0 deferred windows; 0.005 s
mn: node 0: dc        0.07 s   digits [5000000005, 10000000009) of 10000000009 formatted from 277777778 decimal limbs in 19 chunks (residues 0.00, format 0.14, digit residue 0.31, T2 0.00, fetch 0.05, waiting for the writer 0.10)
mn: node 1: dc        0.07 s   digits [0, 5000000005) of 10000000009 formatted from 277777779 decimal limbs in 19 chunks (residues 0.00, format 0.11, digit residue 0.31, T2 0.33, fetch 0.96, waiting for the writer 0.17)
mn: node 1: T2        0.00 s   windows ok (4 checked on this node), digits == X mod q ok
mn: node 1: digits: 27182818284590452353602874713526624977572470936999595749669676... (this node's range)
mn: node 1: wrote /tmp/cx15/c2_r2.txt.part0000 (2.22 GB; write 0.66 s in the writer thread, 0.00 s after the checks)
mn: node 1: VERIFY OK
mn: node 0: T2        0.00 s   windows ok (0 checked on this node), digits == X mod q ok
mn: node 0: digits: 47329977426968671005186835658995918489734436742905921433796789...56994816931502679526 (this node's range)
total   409.69 s   (bs 115.1 + 10dP 0.0 + dm 286.6 + T1 0.1 + dc 0.1 + T2 0.0 = 401.8; init 7.9; other 0.0); VmHWM 22.3 GB
RESULT ecalc total s 409.691
RESULT ecalc phases s 401.793
RESULT ecalc other s 0.0117152
RESULT ecalc vmhwm GB 22.2911
paper A22 (4e10): 285.7 = bs 112.2 + 10dP 12.6 + dm 46.8 + T1 ~3 + dc 110.3
mn: node 0: wrote /tmp/cx15/c2_r2.txt.part0001 (2.22 GB; write 0.61 s in the writer thread, 0.00 s after the checks)
mn: node 0: VERIFY OK
mn: all 2 nodes: VERIFY OK
mem[0] [end] device 18.4 GB in use (per APU 4.6..4.6): planes 17.2, regions 0.0, block pool 0.0 (donated 0.0, borrowed 0.0, hipMalloc 0.0; live 0.0, peak live 18.0, free 0.0), tables 1.23, other 0.0
mem[0] [end] host 21.9 GB RSS (HWM 22.3): staging 4.3 pinned, registered 0.0, X 0.0, digits 0.0, named 0.0, other 17.6
mem[0] [end]   APU0: in use 4.6 GB: planes 4.29 pool:peak-live 4.49 tables 0.31  (driver: 39.4 of 137.4 GB used)
mem[0] [end]   APU1: in use 4.6 GB: planes 4.29 pool:peak-live 4.49 tables 0.31  (driver: 26.6 of 137.4 GB used)
mem[0] [end]   APU2: in use 4.6 GB: planes 4.29 pool:peak-live 4.49 tables 0.31  (driver: 26.6 of 137.4 GB used)
mem[0] [end]   APU3: in use 4.6 GB: planes 4.29 pool:peak-live 4.49 tables 0.31  (driver: 26.6 of 137.4 GB used)
mem[0] summary: bytes in use at each phase boundary, GB (device: all APUs / largest APU; host: this process)
mem[0] phase           device  maxAPU |  planes regions  pl:don  pl:bor  pl:hip pl:live pl:peak tables |    host staging  regist       X  digits   other     HWM
mem[0] init              42.0    15.3 |     8.6     0.0     0.0    32.2     0.0     0.0     0.0   1.23 |     8.8     4.3     0.0     0.0     0.0     4.5    11.7
mem[0] tree             188.1    51.9 |    17.2     0.0     0.0    32.2     0.0     4.4    10.9   1.23 |    13.1     4.3     0.0     0.0     0.0     8.8    13.1
mem[0] bs                50.6    17.5 |    17.2     0.0     0.0    32.2     0.0     2.2    18.0   1.23 |    22.4     4.3     0.0     0.0     0.0    18.1    22.4
mem[0] end               18.4     4.6 |    17.2     0.0     0.0     0.0     0.0     0.0    18.0   1.23 |    21.9     4.3     0.0     0.0     0.0    17.6    22.3
mem[1] [released] device 1.2 GB in use (per APU 0.3..0.3): planes 0.0, regions 0.0, block pool 0.0 (donated 0.0, borrowed 0.0, hipMalloc 0.0; live 0.0, peak live 18.4, free 0.0), tables 1.22, other 0.0
mem[1] [released] host 22.2 GB RSS (HWM 26.9): staging 0.0 pinned, registered 0.0, X 0.0, digits 0.0, named 0.0, other 22.2
mem[1] [released]   APU0: in use 0.3 GB: pool:peak-live 4.60 tables 0.30  (driver: 18.0 of 137.4 GB used)
mem[1] [released]   APU1: in use 0.3 GB: pool:peak-live 4.60 tables 0.30  (driver: 11.5 of 137.4 GB used)
mem[1] [released]   APU2: in use 0.3 GB: pool:peak-live 4.60 tables 0.30  (driver: 11.5 of 137.4 GB used)
mem[1] [released]   APU3: in use 0.3 GB: pool:peak-live 4.60 tables 0.31  (driver: 11.5 of 137.4 GB used)
mem[1] summary: bytes in use at each phase boundary, GB (device: all APUs / largest APU; host: this process)
mem[1] phase           device  maxAPU |  planes regions  pl:don  pl:bor  pl:hip pl:live pl:peak tables |    host staging  regist       X  digits   other     HWM
mem[1] init              42.0    15.3 |     8.6     0.0     0.0    32.2     0.0     0.0     0.0   1.22 |     8.8     4.3     0.0     0.0     0.0     4.5    11.7
mem[1] tree             205.2    56.1 |    34.4     0.0     0.0    32.2     0.0     4.4    11.6   1.22 |    13.3     4.3     0.0     0.0     0.0     9.0    13.3
mem[1] released           1.2     0.3 |     0.0     0.0     0.0     0.0     0.0     0.0    18.4   1.22 |    22.2     0.0     0.0     0.0     0.0    22.2    26.9
rns_dist: RNS_STRATEGY=auto form B: C 0 products 0.00 s, B 30 products 0.04 s, B4 0 products 0.00 s; extra plane memory 0.00 GiB/APU (allocations 0.00 s)
rns_dist: RNS_STRATEGY=auto form B: C 0 products 0.00 s, B 30 products 0.05 s, B4 0 products 0.00 s; extra plane memory 0.00 GiB/APU (allocations 0.00 s)
