== ecalc: e to 10000000000 digits (decimal limbs, base 10^18) [computed to the next multiple of 18] ==
META bench=ecalc host=ppac-pl1-s24-16 date=2026-09-28T09:43:01 pool_log=31 stg=7 pw_fuse=14 body=1 engine=1 base=10^18
== ecalc: e to 10000000000 digits (decimal limbs, base 10^18) [computed to the next multiple of 18] ==
META bench=ecalc host=ppac-pl1-s24-16 date=2026-09-28T09:43:01 pool_log=31 stg=7 pw_fuse=14 body=1 engine=1 base=10^18
mn: node 0 of 2, four meshes of 2 ranks on ppac-pl1-s24-16,ppac-pl1-s24-16 (port base 21685): connected in 0.00 s
mn: node 1 of 2, four meshes of 2 ranks on ppac-pl1-s24-16,ppac-pl1-s24-16 (port base 21685): connected in 0.38 s
mn: self-test, four meshes over 2 nodes at 2^22 points: ok (2.54 s)
mn: node 1: level 1 group [0, 2) (transform nodes 2): meshes connected in 0.00 s
mn: self-test, four meshes over 2 nodes at 2^22 points: ok (2.56 s)
mn: node 0: level 1 group [0, 2) (transform nodes 2): meshes connected in 0.00 s
mn: layered self-test, 2 x 4 ranks at 2^22 points: ok (0.30 s)
mn: node 1 computes terms [579393793, 1158787586) of 1158787585
RESULT ecalc init s 7.09469
      VmRSS 8.8 GB after init (staging 4.3 GB pinned + device regions 26 GB); init 7.1 s
mem[1] [init] device 42.0 GB in use (per APU 8.9..15.3): planes 8.6, regions 0.0, block pool 32.2 (donated 0.0, borrowed 32.2, hipMalloc 0.0; live 0.0, peak live 0.0, free 6.2), tables 1.23, other 0.0
mem[1] [init] host 8.8 GB RSS (HWM 10.9): staging 4.3 pinned, registered 0.0, X 0.0, digits 0.0, named 0.0, other 4.5
mem[1] [init]   APU0: in use 15.3 GB: planes 2.15 pool:borrowed 12.88 pool:free 1.63 tables 0.31  (driver: 30.5 of 137.4 GB used)
mem[1] [init]   APU1: in use 8.9 GB: planes 2.15 pool:borrowed 6.44 pool:free 1.27 tables 0.31  (driver: 17.6 of 137.4 GB used)
mem[1] [init]   APU2: in use 8.9 GB: planes 2.15 pool:borrowed 6.44 pool:free 1.63 tables 0.31  (driver: 17.6 of 137.4 GB used)
mem[1] [init]   APU3: in use 8.9 GB: planes 2.15 pool:borrowed 6.44 pool:free 1.63 tables 0.31  (driver: 17.6 of 137.4 GB used)
mn: layered self-test, 2 x 4 ranks at 2^22 points: ok (0.29 s)
mn: node 0 computes terms [1, 579393793) of 1158787585
RESULT ecalc init s 7.09872
      VmRSS 8.8 GB after init (staging 4.3 GB pinned + device regions 26 GB); init 7.1 s
mem[0] [init] device 42.0 GB in use (per APU 8.9..15.3): planes 8.6, regions 0.0, block pool 32.2 (donated 0.0, borrowed 32.2, hipMalloc 0.0; live 0.0, peak live 0.0, free 6.0), tables 1.22, other 0.0
mem[0] [init] host 8.8 GB RSS (HWM 11.7): staging 4.3 pinned, registered 0.0, X 0.0, digits 0.0, named 0.0, other 4.5
mem[0] [init]   APU0: in use 15.3 GB: planes 2.15 pool:borrowed 12.88 pool:free 1.66 tables 0.31  (driver: 30.5 of 137.4 GB used)
mem[0] [init]   APU1: in use 8.9 GB: planes 2.15 pool:borrowed 6.44 pool:free 1.12 tables 0.31  (driver: 17.6 of 137.4 GB used)
mem[0] [init]   APU2: in use 8.9 GB: planes 2.15 pool:borrowed 6.44 pool:free 1.63 tables 0.30  (driver: 17.6 of 137.4 GB used)
mem[0] [init]   APU3: in use 8.9 GB: planes 2.15 pool:borrowed 6.44 pool:free 1.63 tables 0.30  (driver: 17.6 of 137.4 GB used)
budget: ECALC_BUDGET_CHECK ok: 2 ranks, largest rank peak 117.1 GB, node budget 480 GB
mn: node 0 leaf P 268088063 limbs, Q 268088063 limbs (device)
mn: MN_TREE_EARLY_FREE: the tree levels free P_i, P_run between their two products
mn: node 1 leaf P 287467497 limbs, Q 287467497 limbs (device)
   transform cache: 2 of 2 slots of 1.0 GiB per APU allocated in 0.62 s (margin 24 GB) [RNS_DIST_CACHE_FIT: slot 2^25 limbs x 4 primes, 2 node-processes on the node, budget room 122.9 GB less the reserve 0.0 -> at most 28 slots] = 8.59 GB per node-process
   transform cache: 2 of 2 slots of 1.0 GiB per APU allocated in 0.64 s (margin 24 GB) [RNS_DIST_CACHE_FIT: slot 2^25 limbs x 4 primes, 2 node-processes on the node, budget room 123.0 GB less the reserve 0.0 -> at most 28 slots] = 8.59 GB per node-process
cache_trace node 0: piece (0, 0) of 2 x 3, 134044032 + 95822499 limbs at 0, slots 2: A cached B cached | 4.579 s: redistribute 0.708 ntt 3.379 crt 0.010 out 0.687 carry 0.008
cache_trace node 1: piece (0, 0) of 2 x 3, 134044032 + 95822499 limbs at 0, slots 2: A cached B cached | 4.579 s: redistribute 0.708 ntt 3.381 crt 0.010 out 0.690 carry 0.008
cache_trace node 0: piece (1, 0) of 2 x 3, 134044031 + 95822499 limbs at 134044032, slots 2: A - B HIT | 2.318 s: redistribute 0.073 ntt 2.018 crt 0.010 out 0.128 carry 0.093
cache_trace node 1: piece (1, 0) of 2 x 3, 134044031 + 95822499 limbs at 134044032, slots 2: A - B HIT | 2.318 s: redistribute 0.073 ntt 2.015 crt 0.010 out 0.129 carry 0.093
cache_trace node 0: piece (0, 1) of 2 x 3, 134044032 + 95822499 limbs at 95822499, slots 2: A HIT B cached | 2.707 s: redistribute 0.069 ntt 2.433 crt 0.010 out 0.139 carry 0.079
cache_trace node 1: piece (0, 1) of 2 x 3, 134044032 + 95822499 limbs at 95822499, slots 2: A HIT B cached | 2.707 s: redistribute 0.067 ntt 2.436 crt 0.009 out 0.135 carry 0.079
cache_trace node 0: piece (1, 1) of 2 x 3, 134044031 + 95822499 limbs at 229866531, slots 2: A - B HIT | 2.884 s: redistribute 0.102 ntt 2.173 crt 0.009 out 0.549 carry 0.091
cache_trace node 1: piece (1, 1) of 2 x 3, 134044031 + 95822499 limbs at 229866531, slots 2: A - B HIT | 2.884 s: redistribute 0.105 ntt 2.170 crt 0.010 out 0.544 carry 0.091
cache_trace node 0: piece (0, 2) of 2 x 3, 134044032 + 95822499 limbs at 191644998, slots 2: A HIT B cached | 2.801 s: redistribute 0.058 ntt 2.502 crt 0.010 out 0.146 carry 0.098
cache_trace node 1: piece (0, 2) of 2 x 3, 134044032 + 95822499 limbs at 191644998, slots 2: A HIT B cached | 2.801 s: redistribute 0.056 ntt 2.499 crt 0.009 out 0.151 carry 0.098
cache_trace node 0: piece (1, 2) of 2 x 3, 134044031 + 95822499 limbs at 325689030, slots 2: A - B HIT | 3.036 s: redistribute 0.080 ntt 2.445 crt 0.008 out 0.586 carry 0.079
cache_trace node 1: piece (1, 2) of 2 x 3, 134044031 + 95822499 limbs at 325689030, slots 2: A - B HIT | 3.036 s: redistribute 0.080 ntt 2.465 crt 0.009 out 0.584 carry 0.078
dist_mn node 0: 268088063 x 287467497 limbs over 2 x 4 ranks (cap 2^28): 2 x 3 pieces, 6 formed, 0 skipped (cache 2 slots: 5 hits, 4 misses)
dist_mn node 1: 268088063 x 287467497 limbs over 2 x 4 ranks (cap 2^28): 2 x 3 pieces, 6 formed, 0 skipped (cache 2 slots: 5 hits, 4 misses)
cache_trace node 0: piece (0, 0) of 2 x 3, 134044032 + 95822499 limbs at 0, slots 2: A cached B cached | 3.698 s: redistribute 0.128 ntt 3.446 crt 0.010 out 0.112 carry 0.003
cache_trace node 1: piece (0, 0) of 2 x 3, 134044032 + 95822499 limbs at 0, slots 2: A cached B cached | 3.698 s: redistribute 0.126 ntt 3.448 crt 0.010 out 0.112 carry 0.003
cache_trace node 0: piece (1, 0) of 2 x 3, 134044031 + 95822499 limbs at 134044032, slots 2: A - B HIT | 2.530 s: redistribute 0.072 ntt 2.233 crt 0.009 out 0.153 carry 0.082
cache_trace node 1: piece (1, 0) of 2 x 3, 134044031 + 95822499 limbs at 134044032, slots 2: A - B HIT | 2.530 s: redistribute 0.074 ntt 2.232 crt 0.009 out 0.158 carry 0.082
cache_trace node 0: piece (0, 1) of 2 x 3, 134044032 + 95822499 limbs at 95822499, slots 2: A HIT B cached | 2.661 s: redistribute 0.052 ntt 2.387 crt 0.009 out 0.158 carry 0.071
cache_trace node 1: piece (0, 1) of 2 x 3, 134044032 + 95822499 limbs at 95822499, slots 2: A HIT B cached | 2.661 s: redistribute 0.050 ntt 2.393 crt 0.009 out 0.156 carry 0.071
cache_trace node 0: piece (1, 1) of 2 x 3, 134044031 + 95822499 limbs at 229866531, slots 2: A - B HIT | 2.384 s: redistribute 0.087 ntt 2.082 crt 0.010 out 0.139 carry 0.085
cache_trace node 1: piece (1, 1) of 2 x 3, 134044031 + 95822499 limbs at 229866531, slots 2: A - B HIT | 2.384 s: redistribute 0.090 ntt 2.079 crt 0.010 out 0.132 carry 0.085
cache_trace node 0: piece (0, 2) of 2 x 3, 134044032 + 95822499 limbs at 191644998, slots 2: A HIT B cached | 2.509 s: redistribute 0.089 ntt 2.239 crt 0.006 out 0.134 carry 0.079
cache_trace node 1: piece (0, 2) of 2 x 3, 134044032 + 95822499 limbs at 191644998, slots 2: A HIT B cached | 2.509 s: redistribute 0.079 ntt 2.245 crt 0.006 out 0.139 carry 0.079
cache_trace node 0: piece (1, 2) of 2 x 3, 134044031 + 95822499 limbs at 325689030, slots 2: A - B HIT | 2.666 s: redistribute 0.075 ntt 2.405 crt 0.006 out 0.122 carry 0.078
dist_mn node 0: 268088063 x 287467497 limbs over 2 x 4 ranks (cap 2^28): 2 x 3 pieces, 6 formed, 0 skipped (cache 2 slots: 10 hits, 8 misses)
cache_trace node 1: piece (1, 2) of 2 x 3, 134044031 + 95822499 limbs at 325689030, slots 2: A - B HIT | 2.666 s: redistribute 0.077 ntt 2.411 crt 0.008 out 0.118 carry 0.078
dist_mn node 1: 268088063 x 287467497 limbs over 2 x 4 ranks (cap 2^28): 2 x 3 pieces, 6 formed, 0 skipped (cache 2 slots: 10 hits, 8 misses)
mn: node 0 level 1 [0, 2): P 555555560 limbs, Q 555555560 limbs (my share of P [0, 277777780)) in 38.87 s
mn: node 0: tree levels 38.88 s: P 555555560 limbs, Q 555555560 limbs
mn: node 1 level 1 [0, 2): P 555555560 limbs, Q 555555560 limbs (my share of P [277777780, 555555561)) in 36.47 s
mn: node 1: tree levels 36.47 s: P 555555560 limbs, Q 555555560 limbs
mem[1] [tree] device 76.4 GB in use (per APU 17.5..23.9): planes 34.4, regions 0.0, block pool 32.2 (donated 0.0, borrowed 32.2, hipMalloc 0.0; live 4.4, peak live 11.6, free 27.8), tables 1.23, other 8.6
mem[1] [tree] host 13.3 GB RSS (HWM 13.3): staging 4.3 pinned, registered 0.0, X 0.0, digits 0.0, named 0.0, other 9.0
mem[1] [tree]   APU0: in use 23.9 GB: planes 8.59 pool:borrowed 12.88 pool:live 1.11 pool:free 11.77 pool:peak-live 2.89 tables 0.31 other 2.15  (driver: 43.6 of 137.4 GB used)
mem[1] [tree]   APU1: in use 17.5 GB: planes 8.59 pool:borrowed 6.44 pool:live 1.11 pool:free 5.33 pool:peak-live 2.89 tables 0.31 other 2.15  (driver: 30.7 of 137.4 GB used)
mem[1] [tree]   APU2: in use 17.5 GB: planes 8.59 pool:borrowed 6.44 pool:live 1.11 pool:free 5.33 pool:peak-live 2.89 tables 0.31 other 2.15  (driver: 30.7 of 137.4 GB used)
mem[0] [tree] device 59.2 GB in use (per APU 13.2..19.6): planes 17.2, regions 0.0, block pool 32.2 (donated 0.0, borrowed 32.2, hipMalloc 0.0; live 4.4, peak live 10.9, free 27.8), tables 1.22, other 8.6
mem[1] [tree]   APU3: in use 17.5 GB: planes 8.59 pool:borrowed 6.44 pool:live 1.11 pool:free 5.33 pool:peak-live 2.89 tables 0.31 other 2.15  (driver: 30.7 of 137.4 GB used)
mem[0] [tree] host 13.1 GB RSS (HWM 13.1): staging 4.3 pinned, registered 0.0, X 0.0, digits 0.0, named 0.0, other 8.8
mem[0] [tree]   APU0: in use 19.6 GB: planes 4.29 pool:borrowed 12.88 pool:live 1.11 pool:free 11.77 pool:peak-live 2.72 tables 0.31 other 2.15  (driver: 43.6 of 137.4 GB used)
mem[0] [tree]   APU1: in use 13.2 GB: planes 4.29 pool:borrowed 6.44 pool:live 1.11 pool:free 5.33 pool:peak-live 2.72 tables 0.31 other 2.15  (driver: 30.7 of 137.4 GB used)
mem[0] [tree]   APU2: in use 13.2 GB: planes 4.29 pool:borrowed 6.44 pool:live 1.11 pool:free 5.33 pool:peak-live 2.72 tables 0.30 other 2.15  (driver: 30.7 of 137.4 GB used)
mem[0] [tree]   APU3: in use 13.2 GB: planes 4.29 pool:borrowed 6.44 pool:live 1.11 pool:free 5.33 pool:peak-live 2.72 tables 0.30 other 2.15  (driver: 30.7 of 137.4 GB used)
recip(mn): the single-node chain to 33909 limbs (1.31 s), then the sharded steps to 555555558 over 2 nodes
cache_trace node 0: piece (0, 0) of 3 x 1, 92592594 + 138888891 limbs at 0, slots 2: A cached B cached | 3.914 s: redistribute 0.159 ntt 3.607 crt 0.010 out 0.179 carry 0.003
cache_trace node 1: piece (0, 0) of 3 x 1, 92592594 + 138888891 limbs at 0, slots 2: A cached B cached | 3.914 s: redistribute 0.157 ntt 3.616 crt 0.010 out 0.183 carry 0.003
cache_trace node 0: piece (1, 0) of 3 x 1, 92592594 + 138888891 limbs at 92592594, slots 2: A - B HIT | 3.693 s: redistribute 0.083 ntt 3.470 crt 0.009 out 0.237 carry 0.033
cache_trace node 1: piece (1, 0) of 3 x 1, 92592594 + 138888891 limbs at 92592594, slots 2: A - B HIT | 3.693 s: redistribute 0.085 ntt 3.453 crt 0.010 out 0.245 carry 0.033
cache_trace node 0: piece (2, 0) of 3 x 1, 92592594 + 138888891 limbs at 185185188, slots 2: A - B HIT | 4.215 s: redistribute 0.079 ntt 4.048 crt 0.009 out 0.072 carry 0.053
dist_mn node 0: 277777782 x 138888891 limbs over 2 x 4 ranks (cap 2^28): 3 x 1 pieces, 3 formed, 0 skipped (low product) (low cut) (cache 2 slots: 12 hits, 10 misses)
cache_trace node 1: piece (2, 0) of 3 x 1, 92592594 + 138888891 limbs at 185185188, slots 2: A - B HIT | 4.215 s: redistribute 0.067 ntt 4.059 crt 0.010 out 0.072 carry 0.053
dist_mn node 1: 277777782 x 138888891 limbs over 2 x 4 ranks (cap 2^28): 3 x 1 pieces, 3 formed, 0 skipped (low product) (low cut) (cache 2 slots: 12 hits, 10 misses)
cache_trace node 0: piece (0, 0) of 1 x 2, 138888891 + 69444445 limbs at 0, slots 2: A cached B cached | 3.636 s: redistribute 0.156 ntt 3.375 crt 0.010 out 0.130 carry 0.003
cache_trace node 1: piece (0, 0) of 1 x 2, 138888891 + 69444445 limbs at 0, slots 2: A cached B cached | 3.636 s: redistribute 0.162 ntt 3.375 crt 0.010 out 0.126 carry 0.003
cache_trace node 0: piece (0, 1) of 1 x 2, 138888891 + 69444445 limbs at 69444445, slots 2: A HIT B cached | 2.359 s: redistribute 0.046 ntt 2.134 crt 0.005 out 0.133 carry 0.052
dist_mn node 0: 138888891 x 138888890 limbs over 2 x 4 ranks (cap 2^28): 1 x 2 pieces, 2 formed, 0 skipped (low cut) (cache 2 slots: 13 hits, 13 misses)
cache_trace node 1: piece (0, 1) of 1 x 2, 138888891 + 69444445 limbs at 69444445, slots 2: A HIT B cached | 2.359 s: redistribute 0.044 ntt 2.129 crt 0.005 out 0.138 carry 0.051
dist_mn node 1: 138888891 x 138888890 limbs over 2 x 4 ranks (cap 2^28): 1 x 2 pieces, 2 formed, 0 skipped (low cut) (cache 2 slots: 13 hits, 13 misses)
cache_trace node 0: piece (1, 0) of 5 x 2, 111111112 + 138888890 limbs at 111111112, slots 2: A - B cached | 3.711 s: redistribute 0.156 ntt 3.363 crt 0.009 out 0.146 carry 0.088
cache_trace node 1: piece (1, 0) of 5 x 2, 111111112 + 138888890 limbs at 111111112, slots 2: A - B cached | 3.711 s: redistribute 0.158 ntt 3.362 crt 0.009 out 0.141 carry 0.088
cache_trace node 0: piece (2, 0) of 5 x 2, 111111112 + 138888890 limbs at 222222224, slots 2: A - B HIT | 4.137 s: redistribute 0.086 ntt 3.818 crt 0.010 out 0.143 carry 0.091
cache_trace node 1: piece (2, 0) of 5 x 2, 111111112 + 138888890 limbs at 222222224, slots 2: A - B HIT | 4.137 s: redistribute 0.086 ntt 3.807 crt 0.010 out 0.143 carry 0.091
cache_trace node 0: piece (3, 0) of 5 x 2, 111111112 + 138888890 limbs at 333333336, slots 2: A - B HIT | 3.560 s: redistribute 0.089 ntt 3.271 crt 0.010 out 0.127 carry 0.090
cache_trace node 1: piece (3, 0) of 5 x 2, 111111112 + 138888890 limbs at 333333336, slots 2: A - B HIT | 3.560 s: redistribute 0.083 ntt 3.272 crt 0.010 out 0.132 carry 0.090
cache_trace node 0: piece (4, 0) of 5 x 2, 111111112 + 138888890 limbs at 444444448, slots 2: A - B HIT | 2.507 s: redistribute 0.092 ntt 2.330 crt 0.010 out 0.084 carry 0.067
cache_trace node 1: piece (4, 0) of 5 x 2, 111111112 + 138888890 limbs at 444444448, slots 2: A - B HIT | 2.507 s: redistribute 0.090 ntt 2.313 crt 0.010 out 0.071 carry 0.067
cache_trace node 0: piece (0, 1) of 5 x 2, 111111112 + 138888890 limbs at 138888890, slots 2: A cached B cached | 3.794 s: redistribute 0.146 ntt 3.412 crt 0.010 out 0.153 carry 0.087
cache_trace node 1: piece (0, 1) of 5 x 2, 111111112 + 138888890 limbs at 138888890, slots 2: A cached B cached | 3.794 s: redistribute 0.143 ntt 3.414 crt 0.009 out 0.158 carry 0.087
cache_trace node 0: piece (1, 1) of 5 x 2, 111111112 + 138888890 limbs at 250000002, slots 2: A - B HIT | 3.587 s: redistribute 0.078 ntt 3.311 crt 0.010 out 0.145 carry 0.068
cache_trace node 1: piece (1, 1) of 5 x 2, 111111112 + 138888890 limbs at 250000002, slots 2: A - B HIT | 3.587 s: redistribute 0.081 ntt 3.304 crt 0.010 out 0.151 carry 0.067
cache_trace node 0: piece (2, 1) of 5 x 2, 111111112 + 138888890 limbs at 361111114, slots 2: A - B HIT | 2.475 s: redistribute 0.101 ntt 2.174 crt 0.010 out 0.110 carry 0.104
cache_trace node 1: piece (2, 1) of 5 x 2, 111111112 + 138888890 limbs at 361111114, slots 2: A - B HIT | 2.475 s: redistribute 0.109 ntt 2.178 crt 0.010 out 0.105 carry 0.103
cache_trace node 0: piece (3, 1) of 5 x 2, 111111112 + 138888890 limbs at 472222226, slots 2: A - B HIT | 2.387 s: redistribute 0.074 ntt 2.221 crt 0.005 out 0.058 carry 0.060
dist_mn node 0: 555555560 x 277777780 limbs over 2 x 4 ranks (cap 2^28): 5 x 2 pieces, 8 formed, 2 skipped (low product) (low cut) (cache 2 slots: 19 hits, 16 misses)
cache_trace node 1: piece (3, 1) of 5 x 2, 111111112 + 138888890 limbs at 472222226, slots 2: A - B HIT | 2.387 s: redistribute 0.071 ntt 2.217 crt 0.005 out 0.066 carry 0.060
dist_mn node 1: 555555560 x 277777780 limbs over 2 x 4 ranks (cap 2^28): 5 x 2 pieces, 8 formed, 2 skipped (low product) (low cut) (cache 2 slots: 19 hits, 16 misses)
cache_trace node 0: piece (1, 0) of 2 x 3, 138888890 + 92592593 limbs at 138888890, slots 2: A - B cached | 3.994 s: redistribute 0.136 ntt 3.616 crt 0.008 out 0.147 carry 0.100
cache_trace node 1: piece (1, 0) of 2 x 3, 138888890 + 92592593 limbs at 138888890, slots 2: A - B cached | 3.994 s: redistribute 0.138 ntt 3.619 crt 0.009 out 0.141 carry 0.100
cache_trace node 0: piece (0, 1) of 2 x 3, 138888890 + 92592593 limbs at 92592593, slots 2: A cached B cached | 3.674 s: redistribute 0.144 ntt 3.333 crt 0.008 out 0.167 carry 0.077
cache_trace node 1: piece (0, 1) of 2 x 3, 138888890 + 92592593 limbs at 92592593, slots 2: A cached B cached | 3.674 s: redistribute 0.144 ntt 3.332 crt 0.006 out 0.162 carry 0.077
cache_trace node 0: piece (1, 1) of 2 x 3, 138888890 + 92592593 limbs at 231481483, slots 2: A - B HIT | 3.069 s: redistribute 0.101 ntt 2.765 crt 0.009 out 0.203 carry 0.085
cache_trace node 1: piece (1, 1) of 2 x 3, 138888890 + 92592593 limbs at 231481483, slots 2: A - B HIT | 3.069 s: redistribute 0.098 ntt 2.767 crt 0.010 out 0.209 carry 0.085
cache_trace node 0: piece (0, 2) of 2 x 3, 138888890 + 92592593 limbs at 185185186, slots 2: A HIT B cached | 2.873 s: redistribute 0.081 ntt 2.588 crt 0.010 out 0.159 carry 0.089
cache_trace node 1: piece (0, 2) of 2 x 3, 138888890 + 92592593 limbs at 185185186, slots 2: A HIT B cached | 2.873 s: redistribute 0.078 ntt 2.591 crt 0.010 out 0.149 carry 0.089
cache_trace node 0: piece (1, 2) of 2 x 3, 138888890 + 92592593 limbs at 324074076, slots 2: A - B HIT | 3.350 s: redistribute 0.086 ntt 3.081 crt 0.010 out 0.112 carry 0.076
dist_mn node 0: 277777780 x 277777779 limbs over 2 x 4 ranks (cap 2^28): 2 x 3 pieces, 5 formed, 1 skipped (low cut) (cache 2 slots: 22 hits, 20 misses)
cache_trace node 1: piece (1, 2) of 2 x 3, 138888890 + 92592593 limbs at 324074076, slots 2: A - B HIT | 3.350 s: redistribute 0.083 ntt 3.099 crt 0.010 out 0.112 carry 0.075
dist_mn node 1: 277777780 x 277777779 limbs over 2 x 4 ranks (cap 2^28): 2 x 3 pieces, 5 formed, 1 skipped (low cut) (cache 2 slots: 22 hits, 20 misses)
cache_trace node 0: piece (3, 0) of 4 x 5, 138888887 + 111111112 limbs at 416666670, slots 2: A - B cached | 3.645 s: redistribute 0.164 ntt 3.300 crt 0.010 out 0.153 carry 0.080
cache_trace node 1: piece (3, 0) of 4 x 5, 138888887 + 111111112 limbs at 416666670, slots 2: A - B cached | 3.645 s: redistribute 0.165 ntt 3.298 crt 0.010 out 0.153 carry 0.080
cache_trace node 0: piece (2, 1) of 4 x 5, 138888890 + 111111112 limbs at 388888892, slots 2: A - B cached | 3.936 s: redistribute 0.153 ntt 3.553 crt 0.009 out 0.151 carry 0.074
cache_trace node 1: piece (2, 1) of 4 x 5, 138888890 + 111111112 limbs at 388888892, slots 2: A - B cached | 3.936 s: redistribute 0.155 ntt 3.546 crt 0.010 out 0.156 carry 0.073
cache_trace node 0: piece (3, 1) of 4 x 5, 138888887 + 111111112 limbs at 527777782, slots 2: A - B HIT | 3.473 s: redistribute 0.109 ntt 3.146 crt 0.010 out 0.150 carry 0.094
cache_trace node 1: piece (3, 1) of 4 x 5, 138888887 + 111111112 limbs at 527777782, slots 2: A - B HIT | 3.473 s: redistribute 0.105 ntt 3.143 crt 0.010 out 0.151 carry 0.093
cache_trace node 0: piece (1, 2) of 4 x 5, 138888890 + 111111112 limbs at 361111114, slots 2: A - B cached | 3.650 s: redistribute 0.140 ntt 3.283 crt 0.009 out 0.137 carry 0.094
cache_trace node 1: piece (1, 2) of 4 x 5, 138888890 + 111111112 limbs at 361111114, slots 2: A - B cached | 3.650 s: redistribute 0.141 ntt 3.278 crt 0.007 out 0.162 carry 0.094
cache_trace node 0: piece (2, 2) of 4 x 5, 138888890 + 111111112 limbs at 500000004, slots 2: A - B HIT | 2.490 s: redistribute 0.092 ntt 2.153 crt 0.010 out 0.169 carry 0.104
cache_trace node 1: piece (2, 2) of 4 x 5, 138888890 + 111111112 limbs at 500000004, slots 2: A - B HIT | 2.490 s: redistribute 0.090 ntt 2.156 crt 0.010 out 0.164 carry 0.104
cache_trace node 0: piece (3, 2) of 4 x 5, 138888887 + 111111112 limbs at 638888894, slots 2: A - B HIT | 2.472 s: redistribute 0.095 ntt 2.159 crt 0.009 out 0.125 carry 0.104
cache_trace node 1: piece (3, 2) of 4 x 5, 138888887 + 111111112 limbs at 638888894, slots 2: A - B HIT | 2.472 s: redistribute 0.091 ntt 2.162 crt 0.009 out 0.125 carry 0.104
cache_trace node 0: piece (0, 3) of 4 x 5, 138888890 + 111111112 limbs at 333333336, slots 2: A cached B cached | 4.578 s: redistribute 0.145 ntt 4.110 crt 0.006 out 0.237 carry 0.086
cache_trace node 1: piece (0, 3) of 4 x 5, 138888890 + 111111112 limbs at 333333336, slots 2: A cached B cached | 4.578 s: redistribute 0.143 ntt 4.113 crt 0.008 out 0.233 carry 0.086
cache_trace node 0: piece (1, 3) of 4 x 5, 138888890 + 111111112 limbs at 472222226, slots 2: A - B HIT | 3.623 s: redistribute 0.088 ntt 3.151 crt 0.005 out 0.309 carry 0.093
cache_trace node 1: piece (1, 3) of 4 x 5, 138888890 + 111111112 limbs at 472222226, slots 2: A - B HIT | 3.623 s: redistribute 0.091 ntt 3.153 crt 0.005 out 0.304 carry 0.093
cache_trace node 0: piece (2, 3) of 4 x 5, 138888890 + 111111112 limbs at 611111116, slots 2: A - B HIT | 3.704 s: redistribute 0.119 ntt 3.382 crt 0.010 out 0.149 carry 0.111
cache_trace node 1: piece (2, 3) of 4 x 5, 138888890 + 111111112 limbs at 611111116, slots 2: A - B HIT | 3.704 s: redistribute 0.109 ntt 3.385 crt 0.010 out 0.150 carry 0.111
cache_trace node 0: piece (3, 3) of 4 x 5, 138888887 + 111111112 limbs at 750000006, slots 2: A - B HIT | 2.497 s: redistribute 0.082 ntt 2.212 crt 0.010 out 0.114 carry 0.085
cache_trace node 1: piece (3, 3) of 4 x 5, 138888887 + 111111112 limbs at 750000006, slots 2: A - B HIT | 2.497 s: redistribute 0.079 ntt 2.215 crt 0.010 out 0.122 carry 0.085
cache_trace node 0: piece (0, 4) of 4 x 5, 138888890 + 111111110 limbs at 444444448, slots 2: A HIT B cached | 2.492 s: redistribute 0.065 ntt 2.180 crt 0.010 out 0.162 carry 0.082
cache_trace node 1: piece (0, 4) of 4 x 5, 138888890 + 111111110 limbs at 444444448, slots 2: A HIT B cached | 2.492 s: redistribute 0.063 ntt 2.182 crt 0.010 out 0.162 carry 0.082
cache_trace node 0: piece (1, 4) of 4 x 5, 138888890 + 111111110 limbs at 583333338, slots 2: A - B HIT | 2.586 s: redistribute 0.078 ntt 2.240 crt 0.009 out 0.132 carry 0.144
cache_trace node 1: piece (1, 4) of 4 x 5, 138888890 + 111111110 limbs at 583333338, slots 2: A - B HIT | 2.586 s: redistribute 0.102 ntt 2.234 crt 0.010 out 0.144 carry 0.144
cache_trace node 0: piece (2, 4) of 4 x 5, 138888890 + 111111110 limbs at 722222228, slots 2: A - B HIT | 2.676 s: redistribute 0.099 ntt 2.361 crt 0.010 out 0.118 carry 0.096
cache_trace node 1: piece (2, 4) of 4 x 5, 138888890 + 111111110 limbs at 722222228, slots 2: A - B HIT | 2.676 s: redistribute 0.096 ntt 2.364 crt 0.010 out 0.121 carry 0.096
cache_trace node 0: piece (3, 4) of 4 x 5, 138888887 + 111111110 limbs at 861111118, slots 2: A - B HIT | 3.072 s: redistribute 0.094 ntt 2.743 crt 0.009 out 0.118 carry 0.129
dist_mn node 0: 555555557 x 555555558 limbs over 2 x 4 ranks (cap 2^28): 4 x 5 pieces, 14 formed, 6 skipped (low cut) (cache 2 slots: 32 hits, 26 misses)
cache_trace node 1: piece (3, 4) of 4 x 5, 138888887 + 111111110 limbs at 861111118, slots 2: A - B HIT | 3.072 s: redistribute 0.091 ntt 2.739 crt 0.009 out 0.123 carry 0.129
dist_mn node 1: 555555557 x 555555558 limbs over 2 x 4 ranks (cap 2^28): 4 x 5 pieces, 14 formed, 6 skipped (low cut) (cache 2 slots: 32 hits, 26 misses)
mn_out: /tmp/cx15/f2_r1.txt.part0001: O_DIRECT, packed form, 8 write threads, file system local
cache_trace node 0: piece (0, 0) of 4 x 5, 138888890 + 111111112 limbs at 0, slots 2: A cached B cached | 3.911 s: redistribute 0.155 ntt 3.641 crt 0.010 out 0.129 carry 0.003
cache_trace node 1: piece (0, 0) of 4 x 5, 138888890 + 111111112 limbs at 0, slots 2: A cached B cached | 3.911 s: redistribute 0.157 ntt 3.639 crt 0.010 out 0.129 carry 0.003
cache_trace node 0: piece (1, 0) of 4 x 5, 138888890 + 111111112 limbs at 138888890, slots 2: A - B HIT | 2.574 s: redistribute 0.083 ntt 2.262 crt 0.009 out 0.162 carry 0.085
cache_trace node 1: piece (1, 0) of 4 x 5, 138888890 + 111111112 limbs at 138888890, slots 2: A - B HIT | 2.574 s: redistribute 0.085 ntt 2.258 crt 0.010 out 0.162 carry 0.085
cache_trace node 0: piece (2, 0) of 4 x 5, 138888890 + 111111112 limbs at 277777780, slots 2: A - B HIT | 3.326 s: redistribute 0.078 ntt 3.070 crt 0.010 out 0.131 carry 0.044
cache_trace node 1: piece (2, 0) of 4 x 5, 138888890 + 111111112 limbs at 277777780, slots 2: A - B HIT | 3.326 s: redistribute 0.075 ntt 3.087 crt 0.009 out 0.117 carry 0.044
cache_trace node 0: piece (3, 0) of 4 x 5, 138888887 + 111111112 limbs at 416666670, slots 2: A - B HIT | 3.405 s: redistribute 0.097 ntt 3.140 crt 0.010 out 0.082 carry 0.109
cache_trace node 1: piece (3, 0) of 4 x 5, 138888887 + 111111112 limbs at 416666670, slots 2: A - B HIT | 3.405 s: redistribute 0.094 ntt 3.151 crt 0.010 out 0.074 carry 0.109
cache_trace node 0: piece (0, 1) of 4 x 5, 138888890 + 111111112 limbs at 111111112, slots 2: A HIT B cached | 2.932 s: redistribute 0.070 ntt 2.621 crt 0.010 out 0.165 carry 0.076
cache_trace node 1: piece (0, 1) of 4 x 5, 138888890 + 111111112 limbs at 111111112, slots 2: A HIT B cached | 2.931 s: redistribute 0.072 ntt 2.624 crt 0.010 out 0.165 carry 0.076
cache_trace node 0: piece (1, 1) of 4 x 5, 138888890 + 111111112 limbs at 250000002, slots 2: A - B HIT | 2.579 s: redistribute 0.090 ntt 2.301 crt 0.010 out 0.136 carry 0.078
cache_trace node 1: piece (1, 1) of 4 x 5, 138888890 + 111111112 limbs at 250000002, slots 2: A - B HIT | 2.579 s: redistribute 0.092 ntt 2.298 crt 0.010 out 0.143 carry 0.078
cache_trace node 0: piece (2, 1) of 4 x 5, 138888890 + 111111112 limbs at 388888892, slots 2: A - B HIT | 2.243 s: redistribute 0.084 ntt 1.996 crt 0.010 out 0.112 carry 0.085
cache_trace node 1: piece (2, 1) of 4 x 5, 138888890 + 111111112 limbs at 388888892, slots 2: A - B HIT | 2.243 s: redistribute 0.081 ntt 1.999 crt 0.010 out 0.117 carry 0.085
cache_trace node 0: piece (3, 1) of 4 x 5, 138888887 + 111111112 limbs at 527777782, slots 2: A - B HIT | 2.233 s: redistribute 0.097 ntt 2.078 crt 0.006 out 0.033 carry 0.023
cache_trace node 1: piece (3, 1) of 4 x 5, 138888887 + 111111112 limbs at 527777782, slots 2: A - B HIT | 2.233 s: redistribute 0.093 ntt 2.086 crt 0.008 out 0.037 carry 0.023
cache_trace node 0: piece (0, 2) of 4 x 5, 138888890 + 111111112 limbs at 222222224, slots 2: A HIT B cached | 2.373 s: redistribute 0.092 ntt 2.034 crt 0.010 out 0.149 carry 0.087
cache_trace node 1: piece (0, 2) of 4 x 5, 138888890 + 111111112 limbs at 222222224, slots 2: A HIT B cached | 2.373 s: redistribute 0.092 ntt 2.034 crt 0.010 out 0.149 carry 0.087
cache_trace node 0: piece (1, 2) of 4 x 5, 138888890 + 111111112 limbs at 361111114, slots 2: A - B HIT | 2.530 s: redistribute 0.085 ntt 2.261 crt 0.008 out 0.134 carry 0.104
cache_trace node 1: piece (1, 2) of 4 x 5, 138888890 + 111111112 limbs at 361111114, slots 2: A - B HIT | 2.530 s: redistribute 0.085 ntt 2.252 crt 0.009 out 0.118 carry 0.104
cache_trace node 0: piece (2, 2) of 4 x 5, 138888890 + 111111112 limbs at 500000004, slots 2: A - B HIT | 2.314 s: redistribute 0.093 ntt 2.145 crt 0.010 out 0.045 carry 0.046
cache_trace node 1: piece (2, 2) of 4 x 5, 138888890 + 111111112 limbs at 500000004, slots 2: A - B HIT | 2.314 s: redistribute 0.090 ntt 2.147 crt 0.010 out 0.041 carry 0.046
cache_trace node 0: piece (0, 3) of 4 x 5, 138888890 + 111111112 limbs at 333333336, slots 2: A HIT B cached | 2.412 s: redistribute 0.070 ntt 2.150 crt 0.010 out 0.118 carry 0.089
cache_trace node 1: piece (0, 3) of 4 x 5, 138888890 + 111111112 limbs at 333333336, slots 2: A HIT B cached | 2.412 s: redistribute 0.068 ntt 2.151 crt 0.010 out 0.113 carry 0.089
cache_trace node 0: piece (1, 3) of 4 x 5, 138888890 + 111111112 limbs at 472222226, slots 2: A - B HIT | 2.947 s: redistribute 0.082 ntt 2.754 crt 0.005 out 0.060 carry 0.059
cache_trace node 1: piece (1, 3) of 4 x 5, 138888890 + 111111112 limbs at 472222226, slots 2: A - B HIT | 2.947 s: redistribute 0.084 ntt 2.753 crt 0.005 out 0.065 carry 0.059
cache_trace node 0: piece (0, 4) of 4 x 5, 138888890 + 111111112 limbs at 444444448, slots 2: A HIT B cached | 2.257 s: redistribute 0.092 ntt 2.049 crt 0.010 out 0.075 carry 0.070
dist_mn node 0: 555555557 x 555555560 limbs over 2 x 4 ranks (cap 2^28): 4 x 5 pieces, 14 formed, 6 skipped (low product) (cache 2 slots: 45 hits, 32 misses)
cache_trace node 1: piece (0, 4) of 4 x 5, 138888890 + 111111112 limbs at 444444448, slots 2: A HIT B cached | 2.257 s: redistribute 0.090 ntt 2.056 crt 0.010 out 0.080 carry 0.069
dist_mn node 1: 555555557 x 555555560 limbs over 2 x 4 ranks (cap 2^28): 4 x 5 pieces, 14 formed, 6 skipped (low product) (cache 2 slots: 45 hits, 32 misses)
mn: node 1: dm over 2 nodes 170.32 s (reciprocal 84.80), X 555555557 limbs, sharded; to the output stage
divmod(mn) 170.32 s: reciprocal 84.80 (products 80.67), S = P + Q 0.86, A mu + shift 46.46, X Q + window 38.10, corrections 0.03 (0), R residues 0.07; division products 82.97 s; shifts 68/5.02 s, addsub 24/0.13 s
scratch(mn): mdb_shift slabs 4.444 GB per node-process at most (MDB_SHIFT_CHUNK_MB=1024), window temporaries T + rbO 4.370 GB (MN_T_CHUNK_MB=1024)
mn: node 0: dm over 2 nodes 170.32 s (reciprocal 84.80), X 555555557 limbs, sharded
bs       43.72 s   N 1158787585, P 555555560 limbs, Q 555555560 limbs (seeds 0.0 school 0.0 batch 4.8 mdev 0.0; pool 5.0 GB; dev pools 0.0 GB)   VmRSS 22.4 GB, VmHWM 22.4 GB
RESULT ecalc bs s 43.7156
mem[0] [bs] device 50.6 GB in use (per APU 11.0..17.5): planes 17.2, regions 0.0, block pool 32.2 (donated 0.0, borrowed 32.2, hipMalloc 0.0; live 2.2, peak live 18.0, free 30.0), tables 1.22, other 0.0
mem[0] [bs] host 22.4 GB RSS (HWM 22.4): staging 4.3 pinned, registered 0.0, X 0.0, digits 0.0, named 0.0, other 18.1
mem[0] [bs]   APU0: in use 17.5 GB: planes 4.29 pool:borrowed 12.88 pool:live 0.56 pool:free 12.33 pool:peak-live 4.49 tables 0.31  (driver: 39.4 of 137.4 GB used)
mem[0] [bs]   APU1: in use 11.0 GB: planes 4.29 pool:borrowed 6.44 pool:live 0.56 pool:free 5.89 pool:peak-live 4.49 tables 0.31  (driver: 26.5 of 137.4 GB used)
mem[0] [bs]   APU2: in use 11.0 GB: planes 4.29 pool:borrowed 6.44 pool:live 0.56 pool:free 5.89 pool:peak-live 4.49 tables 0.30  (driver: 26.6 of 137.4 GB used)
mem[0] [bs]   APU3: in use 11.0 GB: planes 4.29 pool:borrowed 6.44 pool:live 0.56 pool:free 5.89 pool:peak-live 4.49 tables 0.30  (driver: 26.6 of 137.4 GB used)
recip    84.80 s   (over 2 nodes; 29 iterations)
10dP      0.00 s   (S = P + Q over shares, inside dm)
RESULT ecalc 10dP s 0
dm      170.32 s   X 555555557 limbs (recip 84.8 s; corrections 0/0; over 2 nodes)   VmRSS 22.4 GB, VmHWM 22.4 GB
RESULT ecalc dm s 170.32
mn: node 0: X share [0, 277777778) of 555555557 limbs on the device (the distributed division's)
mn: node 1: X share [277777778, 555555557) of 555555557 limbs on the device (the distributed division's)
mn: node 0: T1        0.07 s   ok: T(P+Q) == XQ + R and P, Q mod q for 8 primes (P, Q recurrence over this node's terms, overlapped with bs; joined over the nodes)
mn: node 0:       overlapped with bs: P, Q mod q recurrence 1.36 s, block pool pregrown by 0 GB in 0.00 s
mn: node 1: T1        0.07 s   ok: T(P+Q) == XQ + R and P, Q mod q for 8 primes (P, Q recurrence over this node's terms, overlapped with bs; joined over the nodes)
mn: node 1:       overlapped with bs: P, Q mod q recurrence 1.53 s, block pool pregrown by 0 GB in 0.00 s
mn: node 0:       VmRSS 22.4 GB before dc
mn: node 0:       the part file started in the division (MN_OUT_EARLY): its writer ran 0.82 s, joined after 0.00 s here
mn: node 1:       VmRSS 27.0 GB before dc
mn: node 1:       the part file started in the division (MN_OUT_EARLY): its writer ran 1.07 s, joined after 0.00 s here
mn: node 0:       patch: X +0 after the formatting started (ECALC_CORR_PATCH): nothing to patch; 0 deferred windows; 0.002 s
mn: node 1:       patch: X +0 after the formatting started (ECALC_CORR_PATCH): nothing to patch; 0 deferred windows; 0.002 s
mn: node 0: dc        0.02 s   digits [5000000005, 10000000009) of 10000000009 formatted from 277777778 decimal limbs in 19 chunks (residues 0.00, format 0.12, digit residue 0.33, T2 0.00, fetch 0.05, waiting for the writer 0.29)
mn: node 0: T2        0.00 s   windows ok (0 checked on this node), digits == X mod q ok
mn: node 0: digits: 47329977426968671005186835658995918489734436742905921433796789...56994816931502679526 (this node's range)
total   221.24 s   (bs 43.7 + 10dP 0.0 + dm 170.3 + T1 0.1 + dc 0.0 + T2 0.0 = 214.1; init 7.1; other 0.0); VmHWM 22.4 GB
RESULT ecalc total s 221.238
RESULT ecalc phases s 214.127
RESULT ecalc other s 0.0118799
RESULT ecalc vmhwm GB 22.3535
paper A22 (4e10): 285.7 = bs 112.2 + 10dP 12.6 + dm 46.8 + T1 ~3 + dc 110.3
mn: node 0: wrote /tmp/cx15/f2_r1.txt.part0001 (2.22 GB; write 0.81 s in the writer thread, 0.00 s after the checks)
mn: node 0: VERIFY OK
mn: all 2 nodes: VERIFY OK
mem[0] [end] device 18.4 GB in use (per APU 4.6..4.6): planes 17.2, regions 0.0, block pool 0.0 (donated 0.0, borrowed 0.0, hipMalloc 0.0; live 0.0, peak live 18.0, free 0.0), tables 1.22, other 0.0
mem[0] [end] host 21.9 GB RSS (HWM 22.4): staging 4.3 pinned, registered 0.0, X 0.0, digits 0.0, named 0.0, other 17.6
mem[0] [end]   APU0: in use 4.6 GB: planes 4.29 pool:peak-live 4.49 tables 0.31  (driver: 39.4 of 137.4 GB used)
mem[0] [end]   APU1: in use 4.6 GB: planes 4.29 pool:peak-live 4.49 tables 0.31  (driver: 26.5 of 137.4 GB used)
mem[0] [end]   APU2: in use 4.6 GB: planes 4.29 pool:peak-live 4.49 tables 0.30  (driver: 26.6 of 137.4 GB used)
mem[0] [end]   APU3: in use 4.6 GB: planes 4.29 pool:peak-live 4.49 tables 0.30  (driver: 26.6 of 137.4 GB used)
mem[0] summary: bytes in use at each phase boundary, GB (device: all APUs / largest APU; host: this process)
mem[0] phase           device  maxAPU |  planes regions  pl:don  pl:bor  pl:hip pl:live pl:peak tables |    host staging  regist       X  digits   other     HWM
mem[0] init              42.0    15.3 |     8.6     0.0     0.0    32.2     0.0     0.0     0.0   1.22 |     8.8     4.3     0.0     0.0     0.0     4.5    11.7
mem[0] tree              59.2    19.6 |    17.2     0.0     0.0    32.2     0.0     4.4    10.9   1.22 |    13.1     4.3     0.0     0.0     0.0     8.8    13.1
mem[0] bs                50.6    17.5 |    17.2     0.0     0.0    32.2     0.0     2.2    18.0   1.22 |    22.4     4.3     0.0     0.0     0.0    18.1    22.4
mem[0] end               18.4     4.6 |    17.2     0.0     0.0     0.0     0.0     0.0    18.0   1.22 |    21.9     4.3     0.0     0.0     0.0    17.6    22.4
mn: node 1: dc        0.02 s   digits [0, 5000000005) of 10000000009 formatted from 277777779 decimal limbs in 19 chunks (residues 0.00, format 0.12, digit residue 0.32, T2 0.29, fetch 0.05, waiting for the writer 0.25)
mn: node 1: T2        0.00 s   windows ok (4 checked on this node), digits == X mod q ok
mn: node 1: digits: 27182818284590452353602874713526624977572470936999595749669676... (this node's range)
mn: node 1: wrote /tmp/cx15/f2_r1.txt.part0000 (2.22 GB; write 0.75 s in the writer thread, 0.00 s after the checks)
mn: node 1: VERIFY OK
mem[1] [released] device 1.2 GB in use (per APU 0.3..0.3): planes 0.0, regions 0.0, block pool 0.0 (donated 0.0, borrowed 0.0, hipMalloc 0.0; live 0.0, peak live 18.4, free 0.0), tables 1.23, other 0.0
mem[1] [released] host 22.2 GB RSS (HWM 26.9): staging 0.0 pinned, registered 0.0, X 0.0, digits 0.0, named 0.0, other 22.2
mem[1] [released]   APU0: in use 0.3 GB: pool:peak-live 4.60 tables 0.31  (driver: 17.9 of 137.4 GB used)
mem[1] [released]   APU1: in use 0.3 GB: pool:peak-live 4.60 tables 0.31  (driver: 11.5 of 137.4 GB used)
mem[1] [released]   APU2: in use 0.3 GB: pool:peak-live 4.60 tables 0.31  (driver: 11.5 of 137.4 GB used)
mem[1] [released]   APU3: in use 0.3 GB: pool:peak-live 4.60 tables 0.31  (driver: 11.5 of 137.4 GB used)
mem[1] summary: bytes in use at each phase boundary, GB (device: all APUs / largest APU; host: this process)
mem[1] phase           device  maxAPU |  planes regions  pl:don  pl:bor  pl:hip pl:live pl:peak tables |    host staging  regist       X  digits   other     HWM
mem[1] init              42.0    15.3 |     8.6     0.0     0.0    32.2     0.0     0.0     0.0   1.23 |     8.8     4.3     0.0     0.0     0.0     4.5    10.9
mem[1] tree              76.4    23.9 |    34.4     0.0     0.0    32.2     0.0     4.4    11.6   1.23 |    13.3     4.3     0.0     0.0     0.0     9.0    13.3
mem[1] released           1.2     0.3 |     0.0     0.0     0.0     0.0     0.0     0.0    18.4   1.23 |    22.2     0.0     0.0     0.0     0.0    22.2    26.9
rns_dist: RNS_STRATEGY=auto form B: C 0 products 0.00 s, B 30 products 0.04 s, B4 0 products 0.00 s; extra plane memory 0.00 GiB/APU (allocations 0.00 s)
rns_dist: RNS_STRATEGY=auto form B: C 0 products 0.00 s, B 30 products 0.04 s, B4 0 products 0.00 s; extra plane memory 0.00 GiB/APU (allocations 0.00 s)
