
10^11, one node, S = 256 (batch tier MEASURED ntt, above it MODELLED): 63.8 s of transforms (modelled unless marked)
  length       products/pieces   seconds   share
  2^10         61136082           1.95     3.1 %
  2^11         10189348           0.66     1.0 %
  3*2^10        5094674           0.73     1.1 %
  3*2^11        2547336           0.76     1.2 %
  3*2^12        1273668           0.79     1.2 %
  3*2^13         636834           0.90     1.4 %
  3*2^14         318418           0.93     1.5 %
  3*2^15         159208           0.98     1.5 %
  3*2^16          79604           0.97     1.5 %
  3*2^17          39802           0.91     1.4 %
  3*2^18          19902           0.94     1.5 %
  3*2^19           9951           0.98     1.5 %
  2^21                1           0.00     0.0 %
  3*2^20           4977           1.19     1.9 %
  2^22                1           0.00     0.0 %
  3*2^21           2489           1.22     1.9 %
  2^23                1           0.00     0.0 %
  3*2^22           1245           1.28     2.0 %
  2^24                1           0.00     0.0 %
  3*2^23            623           1.27     2.0 %
  2^25                1           0.00     0.0 %
  3*2^24            311           1.31     2.0 %
  2^26                1           0.01     0.0 %
  3*2^25            157           1.30     2.0 %
  2^27                1           0.01     0.0 %
  3*2^26             79           1.37     2.1 %
  2^28                1           0.03     0.1 %
  3*2^27             39           1.92     3.0 %
  2^29                1           0.07     0.1 %
  3*2^28             21           3.14     4.9 %
  2^30                5           0.71     1.1 %
  3*2^29            136          34.40    53.9 %
  2^31               14           3.07     4.8 %
  by family:  2^k 10.2 %, 3 2^k 89.8 %

4.25e13 on 576 nodes, per node (the top node's leaf batch tier + node 0's plan; all MODELLED): 40.4 s of transforms (modelled unless marked)
  length       products/pieces   seconds   share
  2^10         35697738           0.72     1.8 %
  2^11          5949622           0.27     0.7 %
  3*2^10        2974810           0.35     0.9 %
  3*2^11        1487404           0.37     0.9 %
  3*2^12         743702           0.39     1.0 %
  3*2^13         371850           0.42     1.0 %
  3*2^14         185924           0.44     1.1 %
  3*2^15          92962           0.47     1.2 %
  3*2^16          46480           0.49     1.2 %
  3*2^17          23240           0.52     1.3 %
  3*2^18          11620           0.56     1.4 %
  2^20                8           0.00     0.0 %
  3*2^19           5810           0.60     1.5 %
  2^21                2           0.00     0.0 %
  3*2^20           2904           0.64     1.6 %
  2^22                2           0.00     0.0 %
  3*2^21           1452           0.68     1.7 %
  2^23                2           0.00     0.0 %
  3*2^22            726           0.72     1.8 %
  2^24                2           0.00     0.0 %
  3*2^23            362           0.73     1.8 %
  2^25                2           0.00     0.0 %
  3*2^24            180           0.72     1.8 %
  2^26                2           0.00     0.0 %
  3*2^25             90           0.73     1.8 %
  2^27                2           0.00     0.0 %
  3*2^26             44           0.71     1.8 %
  2^28                2           0.00     0.0 %
  3*2^27             22           0.78     1.9 %
  2^29                2           0.00     0.0 %
  3*2^28             10           0.77     1.9 %
  2^30                6           0.57     1.4 %
  3*2^29              8           2.02     5.0 %
  2^31                6           0.88     2.2 %
  2^32                8           1.23     3.0 %
  2^33               10           1.64     4.1 %
  2^34               10           1.64     4.1 %
  2^35               10           1.64     4.1 %
  2^36               10           1.65     4.1 %
  2^37               10           1.67     4.1 %
  2^38               26           3.35     8.3 %
  2^39                2           0.17     0.4 %
  2^40               65          11.80    29.2 %
  by family:  2^k 67.4 %, 3 2^k 32.6 %
