mn tier, F(3) = 1.05, F(5, 7, 15) = 1.05:
  mn 2^k (as built)  4.25e+13: 244.9 s (rc 30.2 lv 86.6 dv 29.1, pcs 185; +0.0 s) | 4.3e+13: 259.2 s (rc 30.4 lv 97.2 dv 29.1, pcs 197; +0.0 s) | 4.4e+13: 289.9 s (rc 32.3 lv 117.9 dv 34.6, pcs 229; +0.0 s)
  mn +3              4.25e+13: 244.4 s (rc 29.8 lv 86.6 dv 29.1, pcs 185; -0.5 s) | 4.3e+13: 258.7 s (rc 29.9 lv 97.2 dv 29.1, pcs 197; -0.5 s) | 4.4e+13: 289.4 s (rc 31.8 lv 117.9 dv 34.6, pcs 229; -0.5 s)
  mn +3,5            4.25e+13: 244.1 s (rc 29.5 lv 86.6 dv 29.1, pcs 185; -0.8 s) | 4.3e+13: 258.4 s (rc 29.6 lv 97.2 dv 29.1, pcs 197; -0.8 s) | 4.4e+13: 289.1 s (rc 31.5 lv 117.9 dv 34.6, pcs 229; -0.8 s)
  mn +3,15           4.25e+13: 244.4 s (rc 29.7 lv 86.6 dv 29.1, pcs 185; -0.5 s) | 4.3e+13: 258.6 s (rc 29.9 lv 97.2 dv 29.1, pcs 197; -0.5 s) | 4.4e+13: 289.3 s (rc 31.7 lv 117.9 dv 34.6, pcs 229; -0.5 s)
  mn +3,5,15         4.25e+13: 244.1 s (rc 29.4 lv 86.6 dv 29.1, pcs 185; -0.8 s) | 4.3e+13: 258.3 s (rc 29.6 lv 97.2 dv 29.1, pcs 197; -0.8 s) | 4.4e+13: 289.0 s (rc 31.4 lv 117.9 dv 34.6, pcs 229; -0.8 s)
  mn +3,5,7,15       4.25e+13: 243.9 s (rc 29.3 lv 86.6 dv 29.1, pcs 185; -1.0 s) | 4.3e+13: 258.2 s (rc 29.4 lv 97.2 dv 29.1, pcs 197; -1.0 s) | 4.4e+13: 288.9 s (rc 31.3 lv 117.9 dv 34.6, pcs 229; -1.0 s)
mn tier, F(3) = 1.05, F(5, 7, 15) = 1.10:
  mn 2^k (as built)  4.25e+13: 244.9 s (rc 30.2 lv 86.6 dv 29.1, pcs 185; +0.0 s) | 4.3e+13: 259.2 s (rc 30.4 lv 97.2 dv 29.1, pcs 197; +0.0 s) | 4.4e+13: 289.9 s (rc 32.3 lv 117.9 dv 34.6, pcs 229; +0.0 s)
  mn +3              4.25e+13: 244.4 s (rc 29.8 lv 86.6 dv 29.1, pcs 185; -0.5 s) | 4.3e+13: 258.7 s (rc 29.9 lv 97.2 dv 29.1, pcs 197; -0.5 s) | 4.4e+13: 289.4 s (rc 31.8 lv 117.9 dv 34.6, pcs 229; -0.5 s)
  mn +3,5            4.25e+13: 244.2 s (rc 29.5 lv 86.6 dv 29.1, pcs 185; -0.7 s) | 4.3e+13: 258.4 s (rc 29.7 lv 97.2 dv 29.1, pcs 197; -0.7 s) | 4.4e+13: 289.1 s (rc 31.5 lv 117.9 dv 34.6, pcs 229; -0.7 s)
  mn +3,15           4.25e+13: 244.4 s (rc 29.8 lv 86.6 dv 29.1, pcs 185; -0.5 s) | 4.3e+13: 258.7 s (rc 29.9 lv 97.2 dv 29.1, pcs 197; -0.5 s) | 4.4e+13: 289.4 s (rc 31.8 lv 117.9 dv 34.6, pcs 229; -0.5 s)
  mn +3,5,15         4.25e+13: 244.2 s (rc 29.5 lv 86.6 dv 29.1, pcs 185; -0.7 s) | 4.3e+13: 258.4 s (rc 29.7 lv 97.2 dv 29.1, pcs 197; -0.7 s) | 4.4e+13: 289.1 s (rc 31.5 lv 117.9 dv 34.6, pcs 229; -0.7 s)
  mn +3,5,7,15       4.25e+13: 244.1 s (rc 29.4 lv 86.6 dv 29.1, pcs 185; -0.8 s) | 4.3e+13: 258.3 s (rc 29.6 lv 97.2 dv 29.1, pcs 197; -0.8 s) | 4.4e+13: 289.1 s (rc 31.5 lv 117.9 dv 34.6, pcs 229; -0.8 s)
leaf batch tier, the top node (terms up to 3.51e+12, 6092413955 terms per node; modelled transform s):
  today S=256 12.11 s (pad 1.073), best S=183 9.00 s (pad 1.000)
  today-costpick S=256 11.92 s (pad 1.147), best S=183 9.00 s (pad 1.000)
  +5 S=256 11.92 s (pad 1.147), best S=183 9.00 s (pad 1.000)
  +15 S=256 11.92 s (pad 1.147), best S=183 9.00 s (pad 1.000)
  +5,15 S=256 11.92 s (pad 1.147), best S=183 9.00 s (pad 1.000)
  +5,7 S=256 11.92 s (pad 1.147), best S=183 9.00 s (pad 1.000)
  +5,7,15 S=256 11.92 s (pad 1.147), best S=183 9.00 s (pad 1.000)
  today-costpick fused S=256 9.83 s (pad 1.073), best S=183 9.00 s (pad 1.000)
  +5 fused S=256 9.83 s (pad 1.073), best S=183 9.00 s (pad 1.000)
  +15 fused S=256 9.83 s (pad 1.073), best S=183 9.00 s (pad 1.000)
  +5,15 fused S=256 9.83 s (pad 1.073), best S=183 9.00 s (pad 1.000)
  +5,7 fused S=256 9.83 s (pad 1.073), best S=183 9.00 s (pad 1.000)
  +5,7,15 fused S=256 9.83 s (pad 1.073), best S=183 9.00 s (pad 1.000)
leaf batch tier, node 0 (terms up to 6.09e+09, 6092413955 terms per node; modelled transform s):
  today S=256 12.11 s (pad 1.371), best S=235 7.07 s (pad 1.000)
  today-costpick S=256 11.92 s (pad 1.466), best S=235 7.07 s (pad 1.000)
  +5 S=256 10.42 s (pad 1.188), best S=235 7.07 s (pad 1.000)
  +15 S=256 11.92 s (pad 1.466), best S=235 7.07 s (pad 1.000)
  +5,15 S=256 10.42 s (pad 1.188), best S=235 7.07 s (pad 1.000)
  +5,7 S=256 10.42 s (pad 1.188), best S=235 7.07 s (pad 1.000)
  +5,7,15 S=256 10.42 s (pad 1.188), best S=235 7.07 s (pad 1.000)
  today-costpick fused S=256 9.83 s (pad 1.371), best S=235 7.07 s (pad 1.000)
  +5 fused S=256 8.15 s (pad 1.150), best S=294 7.03 s (pad 1.007)
  +15 fused S=256 9.83 s (pad 1.371), best S=235 7.07 s (pad 1.000)
  +5,15 fused S=256 8.15 s (pad 1.150), best S=294 7.03 s (pad 1.007)
  +5,7 fused S=256 8.15 s (pad 1.150), best S=294 7.03 s (pad 1.007)
  +5,7,15 fused S=256 8.15 s (pad 1.150), best S=294 7.03 s (pad 1.007)
