size bound: 2251799813685248 < p < 4473785797837303 (2^51, 0.99338 2^52); 2^40 | p - 1

today (modarith.h EC_PRIMES=1):
  4222124650659841 = 15 * 2^48 + 1  (p-1 odd part 15 = 3*5; log2 p 51.907; g 19) prime
  3799912185593857 = 27 * 2^47 + 1  (p-1 odd part 27 = 3; log2 p 51.755; g 5) prime
  3641582511194113 = 207 * 2^44 + 1  (p-1 odd part 207 = 3*23; log2 p 51.693; g 5) prime
  2586051348529153 = 147 * 2^44 + 1  (p-1 odd part 147 = 3*7; log2 p 51.200; g 10) prime
  three-prime product 2^155.355, at most 58424467928 terms (2^35.766)
  four-prime product 2^206.555, at most 2^86.966 terms

3 | p-1 (today's family): 58 primes with 2^40 | p - 1 in the bound
  4370558720409601 = 3975 * 2^40 + 1  (p-1 odd part 3975 = 3*5*53; log2 p 51.957; g 7)
  4350767511109633 = 3957 * 2^40 + 1  (p-1 odd part 3957 = 3*1319; log2 p 51.950; g 5)
  4337573371576321 = 3945 * 2^40 + 1  (p-1 odd part 3945 = 3*5*263; log2 p 51.946; g 11)
  4222124650659841 = 15 * 2^48 + 1  (p-1 odd part 15 = 3*5; log2 p 51.907; g 19)
  4202333441359873 = 1911 * 2^41 + 1  (p-1 odd part 1911 = 3*7*13; log2 p 51.900; g 10)
  4162751022759937 = 1893 * 2^41 + 1  (p-1 odd part 1893 = 3*631; log2 p 51.886; g 23)
  4152855418109953 = 3777 * 2^40 + 1  (p-1 odd part 3777 = 3*1259; log2 p 51.883; g 5)
  4142959813459969 = 471 * 2^43 + 1  (p-1 odd part 471 = 3*157; log2 p 51.880; g 7)
  4126467139043329 = 3753 * 2^40 + 1  (p-1 odd part 3753 = 3*139; log2 p 51.874; g 7)
  4119870069276673 = 3747 * 2^40 + 1  (p-1 odd part 3747 = 3*1249; log2 p 51.872; g 7)
  4109974464626689 = 1869 * 2^41 + 1  (p-1 odd part 1869 = 3*7*89; log2 p 51.868; g 22)
  4103377394860033 = 933 * 2^42 + 1  (p-1 odd part 933 = 3*311; log2 p 51.866; g 5)
  ... (46 more, smaller)
  best three: product 2^155.853, at most 82480193375 terms (2^36.263); margin at 2^33 terms 9.60, at 2^35 2.40, at 2^39 0.1500
  best four: product 2^207.760, at most 2^88.170 terms; margin at 2^39 terms 2^49.2

15 | p-1 (5 2^k and 15 2^k): 17 primes with 2^40 | p - 1 in the bound
  4370558720409601 = 3975 * 2^40 + 1  (p-1 odd part 3975 = 3*5*53; log2 p 51.957; g 7)
  4337573371576321 = 3945 * 2^40 + 1  (p-1 odd part 3945 = 3*5*263; log2 p 51.946; g 11)
  4222124650659841 = 15 * 2^48 + 1  (p-1 odd part 15 = 3*5; log2 p 51.907; g 19)
  3925256511160321 = 1785 * 2^41 + 1  (p-1 odd part 1785 = 3*5*7*17; log2 p 51.802; g 11)
  3809807790243841 = 3465 * 2^40 + 1  (p-1 odd part 3465 = 3*5*7*11; log2 p 51.759; g 19)
  3661373720494081 = 1665 * 2^41 + 1  (p-1 odd part 1665 = 3*5*37; log2 p 51.701; g 26)
  3562417673994241 = 405 * 2^43 + 1  (p-1 odd part 405 = 3*5; log2 p 51.662; g 14)
  3529432325160961 = 1605 * 2^41 + 1  (p-1 odd part 1605 = 3*5*107; log2 p 51.648; g 13)
  3380998255411201 = 3075 * 2^40 + 1  (p-1 odd part 3075 = 3*5*41; log2 p 51.586; g 7)
  3331520232161281 = 1515 * 2^41 + 1  (p-1 odd part 1515 = 3*5*101; log2 p 51.565; g 7)
  3117115464744961 = 2835 * 2^40 + 1  (p-1 odd part 2835 = 3*5*7; log2 p 51.469; g 34)
  3018159418245121 = 2745 * 2^40 + 1  (p-1 odd part 2745 = 3*5*61; log2 p 51.423; g 13)
  ... (5 more, smaller)
  best three: product 2^155.809, at most 80041431023 terms (2^36.220); margin at 2^33 terms 9.32, at 2^35 2.33, at 2^39 0.1456
  best four: product 2^207.611, at most 2^88.022 terms; margin at 2^39 terms 2^49.0

105 | p-1 (5, 7, 15 2^k): 4 primes with 2^40 | p - 1 in the bound
  3925256511160321 = 1785 * 2^41 + 1  (p-1 odd part 1785 = 3*5*7*17; log2 p 51.802; g 11)
  3809807790243841 = 3465 * 2^40 + 1  (p-1 odd part 3465 = 3*5*7*11; log2 p 51.759; g 19)
  3117115464744961 = 2835 * 2^40 + 1  (p-1 odd part 2835 = 3*5*7; log2 p 51.469; g 34)
  2424423139246081 = 2205 * 2^40 + 1  (p-1 odd part 2205 = 3*5*7; log2 p 51.107; g 11)
  best three: product 2^155.029, at most 46614818540 terms (2^35.440); margin at 2^33 terms 5.43, at 2^35 1.36, at 2^39 0.0848
  best four: product 2^206.136, at most 2^86.547 terms; margin at 2^39 terms 2^47.5

9 | p-1 (9 2^k; 45 = 9 5 for 45 2^k): 21 primes with 2^40 | p - 1 in the bound
  4126467139043329 = 3753 * 2^40 + 1  (p-1 odd part 3753 = 3*139; log2 p 51.874; g 7)
  3809807790243841 = 3465 * 2^40 + 1  (p-1 odd part 3465 = 3*5*7*11; log2 p 51.759; g 19)
  3799912185593857 = 27 * 2^47 + 1  (p-1 odd part 27 = 3; log2 p 51.755; g 5)
  3780120976293889 = 1719 * 2^41 + 1  (p-1 odd part 1719 = 3*191; log2 p 51.747; g 7)
  3661373720494081 = 1665 * 2^41 + 1  (p-1 odd part 1665 = 3*5*37; log2 p 51.701; g 26)
  3641582511194113 = 207 * 2^44 + 1  (p-1 odd part 207 = 3*23; log2 p 51.693; g 5)
  3562417673994241 = 405 * 2^43 + 1  (p-1 odd part 405 = 3*5; log2 p 51.662; g 14)
  3186384697294849 = 1449 * 2^41 + 1  (p-1 odd part 1449 = 3*7*23; log2 p 51.501; g 13)
  3136906674044929 = 2853 * 2^40 + 1  (p-1 odd part 2853 = 3*317; log2 p 51.478; g 23)
  3117115464744961 = 2835 * 2^40 + 1  (p-1 odd part 2835 = 3*5*7; log2 p 51.469; g 34)
  3018159418245121 = 2745 * 2^40 + 1  (p-1 odd part 2745 = 3*5*61; log2 p 51.423; g 13)
  2859829743845377 = 2601 * 2^40 + 1  (p-1 odd part 2601 = 3*17; log2 p 51.345; g 11)
  ... (9 more, smaller)
  best three: product 2^155.387, at most 59738596745 terms (2^35.798); margin at 2^33 terms 6.95, at 2^35 1.74, at 2^39 0.1087
  best four: product 2^207.135, at most 2^87.545 terms; margin at 2^39 terms 2^48.5

45 | p-1: 8 primes with 2^40 | p - 1 in the bound
  3809807790243841 = 3465 * 2^40 + 1  (p-1 odd part 3465 = 3*5*7*11; log2 p 51.759; g 19)
  3661373720494081 = 1665 * 2^41 + 1  (p-1 odd part 1665 = 3*5*37; log2 p 51.701; g 26)
  3562417673994241 = 405 * 2^43 + 1  (p-1 odd part 405 = 3*5; log2 p 51.662; g 14)
  3117115464744961 = 2835 * 2^40 + 1  (p-1 odd part 2835 = 3*5*7; log2 p 51.469; g 34)
  3018159418245121 = 2745 * 2^40 + 1  (p-1 odd part 2745 = 3*5*61; log2 p 51.423; g 13)
  2721291278745601 = 2475 * 2^40 + 1  (p-1 odd part 2475 = 3*5*11; log2 p 51.273; g 43)
  2622335232245761 = 2385 * 2^40 + 1  (p-1 odd part 2385 = 3*5*53; log2 p 51.220; g 17)
  2424423139246081 = 2205 * 2^40 + 1  (p-1 odd part 2205 = 3*5*7; log2 p 51.107; g 11)
  best three: product 2^155.122, at most 49692627688 terms (2^35.532); margin at 2^33 terms 5.78, at 2^35 1.45, at 2^39 0.0904
  best four: product 2^206.591, at most 2^87.001 terms; margin at 2^39 terms 2^48.0

The 576 cap: a 2^40-point plane holds a piece of nc <= 2^40 limbs, nterms = min(pa, pb) <= 2^39.
needed: prod p > 2^39 (10^18 - 1)^2 = 2^158.589; three primes < 2^52 give at most 2^156.0: impossible for ANY three-prime set
the target plan's largest piece (MN_PLAN_ONLY=4.25e13:576): 590277777779 + 472222222223 limbs, nterms 472222222223 = 2^38.781
