
==== 10^11, S = 256 (default) (e11_def.log, L815_plan1.txt) ====
batch tier: level, pairs, needed nc (2 max_nl), today's length (pad), measured ntt s, modelled ntt s; best length per family
   1  20378694 nc        286  2^10      pad 3.580  ntt 1.33 (model 0.82) | +5:2^10(3.580) +15:2^10(3.580) +5,15:2^10(3.580) +5,7:2^10(3.580) +5,7,15:2^10(3.580)
   2  10189347 nc        570  2^10      pad 1.796  ntt 0.62 (model 0.41) | +5:2^10(1.796) +15:2^10(1.796) +5,15:2^10(1.796) +5,7:2^10(1.796) +5,7,15:2^10(1.796)
   3   5094674 nc       1140  2^11      pad 1.796  ntt 0.66 (model 0.46) | +5:2^11(1.796) +15:2^11(1.796) +5,15:2^11(1.796) +5,7:2^11(1.796) +5,7,15:2^11(1.796)
   4   2547337 nc       2280  3*2^10    pad 1.347  ntt 0.73 (model 0.61) | +5:2^12(1.796) +15:2^12(1.796) +5,15:2^12(1.796) +5,7:2^12(1.796) +5,7,15:2^12(1.796)
   5   1273668 nc       4560  3*2^11    pad 1.347  ntt 0.76 (model 0.64) | +5:5*2^10(1.123) +15:2^13(1.796) +5,15:5*2^10(1.123) +5,7:5*2^10(1.123) +5,7,15:5*2^10(1.123)
   6    636834 nc       9120  3*2^12    pad 1.347  ntt 0.79 (model 0.67) | +5:5*2^11(1.123) +15:2^14(1.796) +5,15:5*2^11(1.123) +5,7:5*2^11(1.123) +5,7,15:5*2^11(1.123)
   7    318417 nc      18240  3*2^13    pad 1.347  ntt 0.90 (model 0.72) | +5:5*2^12(1.123) +15:2^15(1.796) +5,15:5*2^12(1.123) +5,7:5*2^12(1.123) +5,7,15:5*2^12(1.123)
   8    159209 nc      36478  3*2^14    pad 1.347  ntt 0.93 (model 0.76) | +5:5*2^13(1.123) +15:2^16(1.797) +5,15:5*2^13(1.123) +5,7:5*2^13(1.123) +5,7,15:5*2^13(1.123)
   9     79604 nc      72954  3*2^15    pad 1.347  ntt 0.98 (model 0.80) | +5:5*2^14(1.123) +15:2^17(1.797) +5,15:5*2^14(1.123) +5,7:5*2^14(1.123) +5,7,15:5*2^14(1.123)
  10     39802 nc     145906  3*2^16    pad 1.347  ntt 0.97 (model 0.85) | +5:5*2^15(1.123) +15:3*2^16(1.347) +5,15:5*2^15(1.123) +5,7:5*2^15(1.123) +5,7,15:5*2^15(1.123)
  11     19901 nc     291810  3*2^17    pad 1.348  ntt 0.91 (model 0.89) | +5:5*2^16(1.123) +15:3*2^17(1.348) +5,15:5*2^16(1.123) +5,7:5*2^16(1.123) +5,7,15:5*2^16(1.123)
  12      9951 nc     583618  3*2^18    pad 1.348  ntt 0.94 (model 0.96) | +5:5*2^17(1.123) +15:3*2^18(1.348) +5,15:5*2^17(1.123) +5,7:5*2^17(1.123) +5,7,15:5*2^17(1.123)
  13      4975 nc    1167230  3*2^19    pad 1.348  ntt 0.98 (model 1.03) | +5:5*2^18(1.123) +15:3*2^19(1.348) +5,15:5*2^18(1.123) +5,7:5*2^18(1.123) +5,7,15:5*2^18(1.123)
  14      2488 nc    2334452  3*2^20    pad 1.348  ntt 1.19 (model 1.10) | +5:5*2^19(1.123) +15:3*2^20(1.348) +5,15:5*2^19(1.123) +5,7:5*2^19(1.123) +5,7,15:5*2^19(1.123)
  15      1244 nc    4668844  3*2^21    pad 1.348  ntt 1.22 (model 1.17) | +5:5*2^20(1.123) +15:3*2^21(1.348) +5,15:5*2^20(1.123) +5,7:5*2^20(1.123) +5,7,15:5*2^20(1.123)
  16       622 nc    9337440  3*2^22    pad 1.348  ntt 1.28 (model 1.24) | +5:5*2^21(1.123) +15:3*2^22(1.348) +5,15:5*2^21(1.123) +5,7:5*2^21(1.123) +5,7,15:5*2^21(1.123)
  17       311 nc   18673902  3*2^23    pad 1.348  ntt 1.27 (model 1.25) | +5:5*2^22(1.123) +15:3*2^23(1.348) +5,15:5*2^22(1.123) +5,7:5*2^22(1.123) +5,7,15:5*2^22(1.123)
  18       155 nc   37343886  3*2^24    pad 1.348  ntt 1.30 (model 1.25) | +5:5*2^23(1.123) +15:3*2^24(1.348) +5,15:5*2^23(1.123) +5,7:5*2^23(1.123) +5,7,15:5*2^23(1.123)
  19        78 nc   74682530  3*2^25    pad 1.348  ntt 1.29 (model 1.26) | +5:5*2^24(1.123) +15:3*2^25(1.348) +5,15:5*2^24(1.123) +5,7:5*2^24(1.123) +5,7,15:5*2^24(1.123)
  20        39 nc  149301836  3*2^26    pad 1.348  ntt 1.34 (model 1.27) | +5:5*2^25(1.124) +15:3*2^26(1.348) +5,15:5*2^25(1.124) +5,7:5*2^25(1.124) +5,7,15:5*2^25(1.124)
  21        19 nc  298346870  3*2^27    pad 1.350  ntt 1.86 (model 1.35) | +5:5*2^26(1.125) +15:3*2^27(1.350) +5,15:5*2^26(1.125) +5,7:5*2^26(1.125) +5,7,15:5*2^26(1.125)
  22        10 nc  596343606  3*2^28    pad 1.350  ntt 3.02 (model 1.53) | +5:5*2^27(1.125) +15:3*2^28(1.350) +5,15:5*2^27(1.125) +5,7:5*2^27(1.125) +5,7,15:5*2^27(1.125)
above the batch tier (plan): phase, product, nc per piece, pieces, today's length (pad), modelled transform s; per family
  leaf   leaf   level 23 pair 0 of 5 P:    dist_db 10 nc  1061529251 x1   2^30      pad 1.012  tr 0.14 s | +5:2^30 +15:2^30 +5,15:2^30 +5,7:2^30 +5,7,15:2^30
  leaf   leaf   level 23 pair 0 of 5 Q:    dist_db 10 nc  1061529251 x1   2^30      pad 1.012  tr 0.14 s | +5:2^30 +15:2^30 +5,15:2^30 +5,7:2^30 +5,7,15:2^30
  leaf   leaf   level 23 pair 1 of 5 P:    dist_db 11 nc  1133357805 x1   3*2^29    pad 1.421  tr 0.25 s | +5:5*2^28 +15:3*2^29 +5,15:5*2^28 +5,7:5*2^28 +5,7,15:5*2^28
  leaf   leaf   level 23 pair 1 of 5 Q:    dist_db 11 nc  1133357806 x1   3*2^29    pad 1.421  tr 0.25 s | +5:5*2^28 +15:3*2^29 +5,15:5*2^28 +5,7:5*2^28 +5,7,15:5*2^28
  leaf   leaf   level 23 pair 2 of 5 P:    dist_db 11 nc  1160469044 x1   3*2^29    pad 1.388  tr 0.25 s | +5:5*2^28 +15:3*2^29 +5,15:5*2^28 +5,7:5*2^28 +5,7,15:5*2^28
  leaf   leaf   level 23 pair 2 of 5 Q:    dist_db 11 nc  1160469044 x1   3*2^29    pad 1.388  tr 0.25 s | +5:5*2^28 +15:3*2^29 +5,15:5*2^28 +5,7:5*2^28 +5,7,15:5*2^28
  leaf   leaf   level 23 pair 3 of 5 P:    dist_db 11 nc  1178075120 x1   3*2^29    pad 1.367  tr 0.25 s | +5:5*2^28 +15:3*2^29 +5,15:5*2^28 +5,7:5*2^28 +5,7,15:5*2^28
  leaf   leaf   level 23 pair 3 of 5 Q:    dist_db 11 nc  1178075121 x1   3*2^29    pad 1.367  tr 0.25 s | +5:5*2^28 +15:3*2^29 +5,15:5*2^28 +5,7:5*2^28 +5,7,15:5*2^28
  leaf   leaf   level 23 pair 4 of 5 P:    dist_db 10 nc  1022124342 x1   2^30      pad 1.051  tr 0.14 s | +5:2^30 +15:2^30 +5,15:2^30 +5,7:2^30 +5,7,15:2^30
  leaf   leaf   level 23 pair 4 of 5 Q:    dist_db 10 nc  1022124342 x1   2^30      pad 1.051  tr 0.14 s | +5:2^30 +15:2^30 +5,15:2^30 +5,7:2^30 +5,7,15:2^30
  leaf   leaf   level 24 pair 0 of 2 P:    dist_db 10 nc  1439315185 x3   3*2^29    pad 1.119  tr 0.76 s | +5:3*2^29 +15:3*2^29 +5,15:3*2^29 +5,7:3*2^29 +5,7,15:3*2^29
  leaf   leaf   level 24 pair 0 of 2 Q:    dist_db 10 nc  1439315185 x3   3*2^29    pad 1.119  tr 0.76 s | +5:3*2^29 +15:3*2^29 +5,15:3*2^29 +5,7:3*2^29 +5,7,15:3*2^29
  leaf   leaf   level 24 pair 1 of 2 P:    dist_db 11 nc  1553160751 x3   3*2^29    pad 1.037  tr 0.76 s | +5:3*2^29 +15:3*2^29 +5,15:3*2^29 +5,7:3*2^29 +5,7,15:3*2^29
  leaf   leaf   level 24 pair 1 of 2 Q:    dist_db 11 nc  1553160751 x3   3*2^29    pad 1.037  tr 0.76 s | +5:3*2^29 +15:3*2^29 +5,15:3*2^29 +5,7:3*2^29 +5,7,15:3*2^29
  leaf   leaf   level 25 pair 0 of 1 P:    dist_db 21 nc  1511143741 x9   3*2^29    pad 1.066  tr 2.28 s | +5:3*2^29 +15:3*2^29 +5,15:3*2^29 +5,7:3*2^29 +5,7,15:3*2^29
  leaf   leaf   level 25 pair 0 of 1 Q:    dist_db 21 nc  1511143741 x9   3*2^29    pad 1.066  tr 2.28 s | +5:3*2^29 +15:3*2^29 +5,15:3*2^29 +5,7:3*2^29 +5,7,15:3*2^29
  leaf   leaf   level 26 pair 0 of 1 P:    dist_db 45 nc  1588803245 x8   3*2^29    pad 1.014  tr 2.02 s | +5:3*2^29 +15:3*2^29 +5,15:3*2^29 +5,7:3*2^29 +5,7,15:3*2^29
  leaf   leaf   level 26 pair 0 of 1 Q:    dist_db 45 nc  1588803245 x8   3*2^29    pad 1.014  tr 2.02 s | +5:3*2^29 +15:3*2^29 +5,15:3*2^29 +5,7:3*2^29 +5,7,15:3*2^29
  recip  recip  j 678169 -> 1356337 Q_t r:    dist_db nc     2034510 x1   2^21      pad 1.031  tr 0.00 s | +5:2^21 +15:2^21 +5,15:2^21 +5,7:2^21 +5,7,15:2^21
  recip  recip  j 678169 -> 1356337 r d:    dist_db 1 nc     1356339 x1   3*2^19    pad 1.160  tr 0.00 s | +5:3*2^19 +15:3*2^19 +5,15:3*2^19 +5,7:3*2^19 +5,7,15:3*2^19
  recip  recip  j 1356337 -> 2712674 Q_t r:    dist_d nc     4069014 x1   2^22      pad 1.031  tr 0.00 s | +5:2^22 +15:2^22 +5,15:2^22 +5,7:2^22 +5,7,15:2^22
  recip  recip  j 1356337 -> 2712674 r d:    dist_db  nc     2712675 x1   3*2^20    pad 1.160  tr 0.00 s | +5:3*2^20 +15:3*2^20 +5,15:3*2^20 +5,7:3*2^20 +5,7,15:3*2^20
  recip  recip  j 2712674 -> 5425348 Q_t r:    dist_d nc     8138025 x1   2^23      pad 1.031  tr 0.00 s | +5:2^23 +15:2^23 +5,15:2^23 +5,7:2^23 +5,7,15:2^23
  recip  recip  j 2712674 -> 5425348 r d:    dist_db  nc     5425349 x1   3*2^21    pad 1.160  tr 0.00 s | +5:3*2^21 +15:3*2^21 +5,15:3*2^21 +5,7:3*2^21 +5,7,15:3*2^21
  recip  recip  j 5425348 -> 10850695 Q_t r:    dist_ nc    16276047 x1   2^24      pad 1.031  tr 0.00 s | +5:2^24 +15:2^24 +5,15:2^24 +5,7:2^24 +5,7,15:2^24
  recip  recip  j 5425348 -> 10850695 r d:    dist_db nc    10850697 x1   3*2^22    pad 1.160  tr 0.00 s | +5:3*2^22 +15:3*2^22 +5,15:3*2^22 +5,7:3*2^22 +5,7,15:3*2^22
  recip  recip  j 10850695 -> 21701389 Q_t r:    dist nc    32552088 x1   2^25      pad 1.031  tr 0.00 s | +5:2^25 +15:2^25 +5,15:2^25 +5,7:2^25 +5,7,15:2^25
  recip  recip  j 10850695 -> 21701389 r d:    dist_d nc    21701391 x1   3*2^23    pad 1.160  tr 0.00 s | +5:3*2^23 +15:3*2^23 +5,15:3*2^23 +5,7:3*2^23 +5,7,15:3*2^23
  recip  recip  j 21701389 -> 43402778 Q_t r:    dist nc    65104170 x1   2^26      pad 1.031  tr 0.01 s | +5:2^26 +15:2^26 +5,15:2^26 +5,7:2^26 +5,7,15:2^26
  recip  recip  j 21701389 -> 43402778 r d:    dist_d nc    43402779 x1   3*2^24    pad 1.160  tr 0.01 s | +5:3*2^24 +15:3*2^24 +5,15:3*2^24 +5,7:3*2^24 +5,7,15:3*2^24
  recip  recip  j 43402778 -> 86805556 Q_t r:    dist nc   130208337 x1   2^27      pad 1.031  tr 0.01 s | +5:2^27 +15:2^27 +5,15:2^27 +5,7:2^27 +5,7,15:2^27
  recip  recip  j 43402778 -> 86805556 r d:    dist_d nc    86805557 x1   3*2^25    pad 1.160  tr 0.01 s | +5:3*2^25 +15:3*2^25 +5,15:3*2^25 +5,7:3*2^25 +5,7,15:3*2^25
  recip  recip  j 86805556 -> 173611112 Q_t r:    dis nc   260416671 x1   2^28      pad 1.031  tr 0.03 s | +5:2^28 +15:2^28 +5,15:2^28 +5,7:2^28 +5,7,15:2^28
  recip  recip  j 86805556 -> 173611112 r d:    dist_ nc   173611113 x1   3*2^26    pad 1.160  tr 0.03 s | +5:3*2^26 +15:3*2^26 +5,15:3*2^26 +5,7:3*2^26 +5,7,15:3*2^26
  recip  recip  j 173611112 -> 347222223 Q_t r:    di nc   520833339 x1   2^29      pad 1.031  tr 0.07 s | +5:2^29 +15:2^29 +5,15:2^29 +5,7:2^29 +5,7,15:2^29
  recip  recip  j 173611112 -> 347222223 r d:    dist nc   347222225 x1   3*2^27    pad 1.160  tr 0.06 s | +5:3*2^27 +15:3*2^27 +5,15:3*2^27 +5,7:3*2^27 +5,7,15:3*2^27
  recip  recip  j 347222223 -> 694444445 Q_t r:    di nc  1041666672 x1   2^30      pad 1.031  tr 0.14 s | +5:2^30 +15:2^30 +5,15:2^30 +5,7:2^30 +5,7,15:2^30
  recip  recip  j 347222223 -> 694444445 r d:    dist nc   694444447 x1   3*2^28    pad 1.160  tr 0.12 s | +5:3*2^28 +15:3*2^28 +5,15:3*2^28 +5,7:3*2^28 +5,7,15:3*2^28
  recip  recip  j 694444445 -> 1388888890 Q_t r:    d nc  2083333338 x1   2^31      pad 1.031  tr 0.22 s | +5:2^31 +15:2^31 +5,15:2^31 +5,7:2^31 +5,7,15:2^31
  recip  recip  j 694444445 -> 1388888890 r d:    dis nc  1388888891 x1   3*2^29    pad 1.160  tr 0.25 s | +5:3*2^29 +15:3*2^29 +5,15:3*2^29 +5,7:3*2^29 +5,7,15:3*2^29
  recip  recip  j 1388888890 -> 2777777779 Q_t r:     nc  2083333337 x4   2^31      pad 1.031  tr 0.88 s | +5:2^31 +15:2^31 +5,15:2^31 +5,7:2^31 +5,7,15:2^31
  recip  recip  j 1388888890 -> 2777777779 r d:    di nc  2083333336 x2   2^31      pad 1.031  tr 0.44 s | +5:2^31 +15:2^31 +5,15:2^31 +5,7:2^31 +5,7,15:2^31
  recip  recip  j 2777777779 -> 5555555558 Q_t r:     nc  1543209879 x24  3*2^29    pad 1.044  tr 6.07 s | +5:3*2^29 +15:3*2^29 +5,15:3*2^29 +5,7:3*2^29 +5,7,15:3*2^29
  recip  recip  j 2777777779 -> 5555555558 r d:    di nc  2083333335 x7   2^31      pad 1.031  tr 1.54 s | +5:2^31 +15:2^31 +5,15:2^31 +5,7:2^31 +5,7,15:2^31
  div    div    A_h mu:    dist_db 5555555557 x 55555 nc  1587301588 x28  3*2^29    pad 1.015  tr 7.08 s | +5:3*2^29 +15:3*2^29 +5,15:3*2^29 +5,7:3*2^29 +5,7,15:3*2^29
  div    div    X Q mod B^w:    dist_db 5555555557 x  nc  1587301589 x31  3*2^29    pad 1.015  tr 7.84 s | +5:3*2^29 +15:3*2^29 +5,15:3*2^29 +5,7:3*2^29 +5,7,15:3*2^29
summary 10^11, S = 256 (default) (modelled transform seconds; time-weighted padding; savings against the code as it is, unfused):
  today code     batch 25.27 s pad 1.488 | above 38.54 s pad 1.048 | all 63.81 s pad 1.223 | saving vs today 0.00 s (batch 0.00, above 0.00)
  today-costpick batch 24.89 s pad 1.576 | above 38.54 s pad 1.048 | all 63.43 s pad 1.255 | saving vs today 0.38 s (batch 0.38, above 0.00)
  +5             batch 20.57 s pad 1.344 | above 38.25 s pad 1.038 | all 58.82 s pad 1.145 | saving vs today 4.99 s (batch 4.70, above 0.29)
  +15            batch 24.89 s pad 1.576 | above 38.54 s pad 1.048 | all 63.43 s pad 1.255 | saving vs today 0.38 s (batch 0.38, above 0.00)
  +5,15          batch 20.57 s pad 1.344 | above 38.25 s pad 1.038 | all 58.82 s pad 1.145 | saving vs today 4.99 s (batch 4.70, above 0.29)
  +5,7           batch 20.57 s pad 1.344 | above 38.25 s pad 1.038 | all 58.82 s pad 1.145 | saving vs today 4.99 s (batch 4.70, above 0.29)
  +5,7,15        batch 20.57 s pad 1.344 | above 38.25 s pad 1.038 | all 58.82 s pad 1.145 | saving vs today 4.99 s (batch 4.70, above 0.29)

==== 10^11, S = 168 (V3 item 2, measured best) (e11_s168.log, L815_plan1_s168.txt) ====
batch tier: level, pairs, needed nc (2 max_nl), today's length (pad), measured ntt s, modelled ntt s; best length per family
   1  31053248 nc        188  2^10      pad 5.447  ntt 1.92 (model 1.26) | +5:2^10(5.447) +15:2^10(5.447) +5,15:2^10(5.447) +5,7:2^10(5.447) +5,7,15:2^10(5.447)
   2  15526624 nc        376  2^10      pad 2.723  ntt 0.94 (model 0.63) | +5:2^10(2.723) +15:2^10(2.723) +5,15:2^10(2.723) +5,7:2^10(2.723) +5,7,15:2^10(2.723)
   3   7763312 nc        750  2^10      pad 1.365  ntt 0.46 (model 0.31) | +5:2^10(1.365) +15:2^10(1.365) +5,15:2^10(1.365) +5,7:2^10(1.365) +5,7,15:2^10(1.365)
   4   3881656 nc       1498  2^11      pad 1.367  ntt 0.49 (model 0.35) | +5:2^11(1.367) +15:2^11(1.367) +5,15:2^11(1.367) +5,7:2^11(1.367) +5,7,15:2^11(1.367)
   5   1940828 nc       2994  3*2^10    pad 1.026  ntt 0.55 (model 0.46) | +5:2^12(1.368) +15:2^12(1.368) +5,15:2^12(1.368) +5,7:2^12(1.368) +5,7,15:2^12(1.368)
   6    970414 nc       5986  3*2^11    pad 1.026  ntt 0.58 (model 0.49) | +5:2^13(1.369) +15:2^13(1.369) +5,15:2^13(1.369) +5,7:2^13(1.369) +5,7,15:2^13(1.369)
   7    485207 nc      11970  3*2^12    pad 1.027  ntt 0.60 (model 0.51) | +5:2^14(1.369) +15:2^14(1.369) +5,15:2^14(1.369) +5,7:2^14(1.369) +5,7,15:2^14(1.369)
   8    242604 nc      23938  3*2^13    pad 1.027  ntt 0.69 (model 0.54) | +5:2^15(1.369) +15:2^15(1.369) +5,15:2^15(1.369) +5,7:2^15(1.369) +5,7,15:2^15(1.369)
   9    121302 nc      47876  3*2^14    pad 1.027  ntt 0.71 (model 0.58) | +5:2^16(1.369) +15:2^16(1.369) +5,15:2^16(1.369) +5,7:2^16(1.369) +5,7,15:2^16(1.369)
  10     60651 nc      95750  3*2^15    pad 1.027  ntt 0.75 (model 0.61) | +5:2^17(1.369) +15:2^17(1.369) +5,15:2^17(1.369) +5,7:2^17(1.369) +5,7,15:2^17(1.369)
  11     30325 nc     191500  3*2^16    pad 1.027  ntt 0.74 (model 0.65) | +5:3*2^16(1.027) +15:3*2^16(1.027) +5,15:3*2^16(1.027) +5,7:3*2^16(1.027) +5,7,15:3*2^16(1.027)
  12     15163 nc     383000  3*2^17    pad 1.027  ntt 0.70 (model 0.68) | +5:3*2^17(1.027) +15:3*2^17(1.027) +5,15:3*2^17(1.027) +5,7:3*2^17(1.027) +5,7,15:3*2^17(1.027)
  13      7581 nc     765996  3*2^18    pad 1.027  ntt 0.72 (model 0.73) | +5:3*2^18(1.027) +15:3*2^18(1.027) +5,15:3*2^18(1.027) +5,7:3*2^18(1.027) +5,7,15:3*2^18(1.027)
  14      3791 nc    1531988  3*2^19    pad 1.027  ntt 0.76 (model 0.79) | +5:3*2^19(1.027) +15:3*2^19(1.027) +5,15:3*2^19(1.027) +5,7:3*2^19(1.027) +5,7,15:3*2^19(1.027)
  15      1895 nc    3063948  3*2^20    pad 1.027  ntt 0.92 (model 0.84) | +5:3*2^20(1.027) +15:3*2^20(1.027) +5,15:3*2^20(1.027) +5,7:3*2^20(1.027) +5,7,15:3*2^20(1.027)
  16       948 nc    6127860  3*2^21    pad 1.027  ntt 0.94 (model 0.89) | +5:3*2^21(1.027) +15:3*2^21(1.027) +5,15:3*2^21(1.027) +5,7:3*2^21(1.027) +5,7,15:3*2^21(1.027)
  17       474 nc   12255298  3*2^22    pad 1.027  ntt 0.98 (model 0.95) | +5:3*2^22(1.027) +15:3*2^22(1.027) +5,15:3*2^22(1.027) +5,7:3*2^22(1.027) +5,7,15:3*2^22(1.027)
  18       237 nc   24508908  3*2^23    pad 1.027  ntt 0.98 (model 0.95) | +5:3*2^23(1.027) +15:3*2^23(1.027) +5,15:3*2^23(1.027) +5,7:3*2^23(1.027) +5,7,15:3*2^23(1.027)
  19       118 nc   49011058  3*2^24    pad 1.027  ntt 1.01 (model 0.95) | +5:3*2^24(1.027) +15:3*2^24(1.027) +5,15:3*2^24(1.027) +5,7:3*2^24(1.027) +5,7,15:3*2^24(1.027)
  20        59 nc   98013070  3*2^25    pad 1.027  ntt 0.98 (model 0.95) | +5:3*2^25(1.027) +15:3*2^25(1.027) +5,15:3*2^25(1.027) +5,7:3*2^25(1.027) +5,7,15:3*2^25(1.027)
  21        30 nc  195989812  3*2^26    pad 1.027  ntt 1.08 (model 0.97) | +5:3*2^26(1.027) +15:3*2^26(1.027) +5,15:3*2^26(1.027) +5,7:3*2^26(1.027) +5,7,15:3*2^26(1.027)
  22        15 nc  391537342  3*2^27    pad 1.028  ntt 1.65 (model 1.06) | +5:3*2^27(1.028) +15:3*2^27(1.028) +5,15:3*2^27(1.028) +5,7:3*2^27(1.028) +5,7,15:3*2^27(1.028)
  23         7 nc  781230230  3*2^28    pad 1.031  ntt 2.09 (model 1.07) | +5:3*2^28(1.031) +15:3*2^28(1.031) +5,15:3*2^28(1.031) +5,7:3*2^28(1.031) +5,7,15:3*2^28(1.031)
above the batch tier (plan): phase, product, nc per piece, pieces, today's length (pad), modelled transform s; per family
  leaf   leaf   level 24 pair 0 of 4 P:    dist_db 14 nc  1411749999 x1   3*2^29    pad 1.141  tr 0.25 s | +5:3*2^29 +15:3*2^29 +5,15:3*2^29 +5,7:3*2^29 +5,7,15:3*2^29
  leaf   leaf   level 24 pair 0 of 4 Q:    dist_db 14 nc  1411749999 x1   3*2^29    pad 1.141  tr 0.25 s | +5:3*2^29 +15:3*2^29 +5,15:3*2^29 +5,7:3*2^29 +5,7,15:3*2^29
  leaf   leaf   level 24 pair 1 of 4 P:    dist_db 15 nc  1506024977 x1   3*2^29    pad 1.069  tr 0.25 s | +5:3*2^29 +15:3*2^29 +5,15:3*2^29 +5,7:3*2^29 +5,7,15:3*2^29
  leaf   leaf   level 24 pair 1 of 4 Q:    dist_db 15 nc  1506024978 x1   3*2^29    pad 1.069  tr 0.25 s | +5:3*2^29 +15:3*2^29 +5,15:3*2^29 +5,7:3*2^29 +5,7,15:3*2^29
  leaf   leaf   level 24 pair 2 of 4 P:    dist_db 15 nc  1541608479 x1   3*2^29    pad 1.045  tr 0.25 s | +5:3*2^29 +15:3*2^29 +5,15:3*2^29 +5,7:3*2^29 +5,7,15:3*2^29
  leaf   leaf   level 24 pair 2 of 4 Q:    dist_db 15 nc  1541608479 x1   3*2^29    pad 1.045  tr 0.25 s | +5:3*2^29 +15:3*2^29 +5,15:3*2^29 +5,7:3*2^29 +5,7,15:3*2^29
  leaf   leaf   level 24 pair 3 of 4 P:    dist_db 10 nc  1096172107 x1   3*2^29    pad 1.469  tr 0.25 s | +5:5*2^28 +15:3*2^29 +5,15:5*2^28 +5,7:5*2^28 +5,7,15:5*2^28
  leaf   leaf   level 24 pair 3 of 4 Q:    dist_db 10 nc  1096172107 x1   3*2^29    pad 1.469  tr 0.25 s | +5:5*2^28 +15:3*2^29 +5,15:5*2^28 +5,7:5*2^28 +5,7,15:5*2^28
  leaf   leaf   level 25 pair 0 of 2 P:    dist_db 14 nc  1458887489 x4   3*2^29    pad 1.104  tr 1.01 s | +5:3*2^29 +15:3*2^29 +5,15:3*2^29 +5,7:3*2^29 +5,7,15:3*2^29
  leaf   leaf   level 25 pair 0 of 2 Q:    dist_db 14 nc  1458887489 x4   3*2^29    pad 1.104  tr 1.01 s | +5:3*2^29 +15:3*2^29 +5,15:3*2^29 +5,7:3*2^29 +5,7,15:3*2^29
  leaf   leaf   level 25 pair 1 of 2 P:    dist_db 15 nc  1610041600 x3   3*2^29    pad 1.000  tr 0.76 s | +5:3*2^29 +15:3*2^29 +5,15:3*2^29 +5,7:3*2^29 +5,7,15:3*2^29
  leaf   leaf   level 25 pair 1 of 2 Q:    dist_db 15 nc  1610041600 x3   3*2^29    pad 1.000  tr 0.76 s | +5:3*2^29 +15:3*2^29 +5,15:3*2^29 +5,7:3*2^29 +5,7,15:3*2^29
  leaf   leaf   level 26 pair 0 of 1 P:    dist_db 29 nc  1608703939 x12  3*2^29    pad 1.001  tr 3.04 s | +5:3*2^29 +15:3*2^29 +5,15:3*2^29 +5,7:3*2^29 +5,7,15:3*2^29
  leaf   leaf   level 26 pair 0 of 1 Q:    dist_db 29 nc  1608703939 x12  3*2^29    pad 1.001  tr 3.04 s | +5:3*2^29 +15:3*2^29 +5,15:3*2^29 +5,7:3*2^29 +5,7,15:3*2^29
  recip  recip  j 678169 -> 1356337 Q_t r:    dist_db nc     2034510 x1   2^21      pad 1.031  tr 0.00 s | +5:2^21 +15:2^21 +5,15:2^21 +5,7:2^21 +5,7,15:2^21
  recip  recip  j 678169 -> 1356337 r d:    dist_db 1 nc     1356339 x1   3*2^19    pad 1.160  tr 0.00 s | +5:3*2^19 +15:3*2^19 +5,15:3*2^19 +5,7:3*2^19 +5,7,15:3*2^19
  recip  recip  j 1356337 -> 2712674 Q_t r:    dist_d nc     4069014 x1   2^22      pad 1.031  tr 0.00 s | +5:2^22 +15:2^22 +5,15:2^22 +5,7:2^22 +5,7,15:2^22
  recip  recip  j 1356337 -> 2712674 r d:    dist_db  nc     2712675 x1   3*2^20    pad 1.160  tr 0.00 s | +5:3*2^20 +15:3*2^20 +5,15:3*2^20 +5,7:3*2^20 +5,7,15:3*2^20
  recip  recip  j 2712674 -> 5425348 Q_t r:    dist_d nc     8138025 x1   2^23      pad 1.031  tr 0.00 s | +5:2^23 +15:2^23 +5,15:2^23 +5,7:2^23 +5,7,15:2^23
  recip  recip  j 2712674 -> 5425348 r d:    dist_db  nc     5425349 x1   3*2^21    pad 1.160  tr 0.00 s | +5:3*2^21 +15:3*2^21 +5,15:3*2^21 +5,7:3*2^21 +5,7,15:3*2^21
  recip  recip  j 5425348 -> 10850695 Q_t r:    dist_ nc    16276047 x1   2^24      pad 1.031  tr 0.00 s | +5:2^24 +15:2^24 +5,15:2^24 +5,7:2^24 +5,7,15:2^24
  recip  recip  j 5425348 -> 10850695 r d:    dist_db nc    10850697 x1   3*2^22    pad 1.160  tr 0.00 s | +5:3*2^22 +15:3*2^22 +5,15:3*2^22 +5,7:3*2^22 +5,7,15:3*2^22
  recip  recip  j 10850695 -> 21701389 Q_t r:    dist nc    32552088 x1   2^25      pad 1.031  tr 0.00 s | +5:2^25 +15:2^25 +5,15:2^25 +5,7:2^25 +5,7,15:2^25
  recip  recip  j 10850695 -> 21701389 r d:    dist_d nc    21701391 x1   3*2^23    pad 1.160  tr 0.00 s | +5:3*2^23 +15:3*2^23 +5,15:3*2^23 +5,7:3*2^23 +5,7,15:3*2^23
  recip  recip  j 21701389 -> 43402778 Q_t r:    dist nc    65104170 x1   2^26      pad 1.031  tr 0.01 s | +5:2^26 +15:2^26 +5,15:2^26 +5,7:2^26 +5,7,15:2^26
  recip  recip  j 21701389 -> 43402778 r d:    dist_d nc    43402779 x1   3*2^24    pad 1.160  tr 0.01 s | +5:3*2^24 +15:3*2^24 +5,15:3*2^24 +5,7:3*2^24 +5,7,15:3*2^24
  recip  recip  j 43402778 -> 86805556 Q_t r:    dist nc   130208337 x1   2^27      pad 1.031  tr 0.01 s | +5:2^27 +15:2^27 +5,15:2^27 +5,7:2^27 +5,7,15:2^27
  recip  recip  j 43402778 -> 86805556 r d:    dist_d nc    86805557 x1   3*2^25    pad 1.160  tr 0.01 s | +5:3*2^25 +15:3*2^25 +5,15:3*2^25 +5,7:3*2^25 +5,7,15:3*2^25
  recip  recip  j 86805556 -> 173611112 Q_t r:    dis nc   260416671 x1   2^28      pad 1.031  tr 0.03 s | +5:2^28 +15:2^28 +5,15:2^28 +5,7:2^28 +5,7,15:2^28
  recip  recip  j 86805556 -> 173611112 r d:    dist_ nc   173611113 x1   3*2^26    pad 1.160  tr 0.03 s | +5:3*2^26 +15:3*2^26 +5,15:3*2^26 +5,7:3*2^26 +5,7,15:3*2^26
  recip  recip  j 173611112 -> 347222223 Q_t r:    di nc   520833339 x1   2^29      pad 1.031  tr 0.07 s | +5:2^29 +15:2^29 +5,15:2^29 +5,7:2^29 +5,7,15:2^29
  recip  recip  j 173611112 -> 347222223 r d:    dist nc   347222225 x1   3*2^27    pad 1.160  tr 0.06 s | +5:3*2^27 +15:3*2^27 +5,15:3*2^27 +5,7:3*2^27 +5,7,15:3*2^27
  recip  recip  j 347222223 -> 694444445 Q_t r:    di nc  1041666672 x1   2^30      pad 1.031  tr 0.14 s | +5:2^30 +15:2^30 +5,15:2^30 +5,7:2^30 +5,7,15:2^30
  recip  recip  j 347222223 -> 694444445 r d:    dist nc   694444447 x1   3*2^28    pad 1.160  tr 0.12 s | +5:3*2^28 +15:3*2^28 +5,15:3*2^28 +5,7:3*2^28 +5,7,15:3*2^28
  recip  recip  j 694444445 -> 1388888890 Q_t r:    d nc  2083333338 x1   2^31      pad 1.031  tr 0.22 s | +5:2^31 +15:2^31 +5,15:2^31 +5,7:2^31 +5,7,15:2^31
  recip  recip  j 694444445 -> 1388888890 r d:    dis nc  1388888891 x1   3*2^29    pad 1.160  tr 0.25 s | +5:3*2^29 +15:3*2^29 +5,15:3*2^29 +5,7:3*2^29 +5,7,15:3*2^29
  recip  recip  j 1388888890 -> 2777777779 Q_t r:     nc  2083333337 x4   2^31      pad 1.031  tr 0.88 s | +5:2^31 +15:2^31 +5,15:2^31 +5,7:2^31 +5,7,15:2^31
  recip  recip  j 1388888890 -> 2777777779 r d:    di nc  2083333336 x2   2^31      pad 1.031  tr 0.44 s | +5:2^31 +15:2^31 +5,15:2^31 +5,7:2^31 +5,7,15:2^31
  recip  recip  j 2777777779 -> 5555555558 Q_t r:     nc  1543209879 x24  3*2^29    pad 1.044  tr 6.07 s | +5:3*2^29 +15:3*2^29 +5,15:3*2^29 +5,7:3*2^29 +5,7,15:3*2^29
  recip  recip  j 2777777779 -> 5555555558 r d:    di nc  2083333335 x7   2^31      pad 1.031  tr 1.54 s | +5:2^31 +15:2^31 +5,15:2^31 +5,7:2^31 +5,7,15:2^31
  div    div    A_h mu:    dist_db 5555555557 x 55555 nc  1587301588 x28  3*2^29    pad 1.015  tr 7.08 s | +5:3*2^29 +15:3*2^29 +5,15:3*2^29 +5,7:3*2^29 +5,7,15:3*2^29
  div    div    X Q mod B^w:    dist_db 5555555557 x  nc  1587301589 x31  3*2^29    pad 1.015  tr 7.84 s | +5:3*2^29 +15:3*2^29 +5,15:3*2^29 +5,7:3*2^29 +5,7,15:3*2^29
summary 10^11, S = 168 (V3 item 2, measured best) (modelled transform seconds; time-weighted padding; savings against the code as it is, unfused):
  today code     batch 21.24 s pad 1.517 | above 36.45 s pad 1.034 | all 57.69 s pad 1.212 | saving vs today 0.00 s (batch 0.00, above 0.00)
  today-costpick batch 20.95 s pad 1.582 | above 36.45 s pad 1.034 | all 57.41 s pad 1.234 | saving vs today 0.29 s (batch 0.29, above 0.00)
  +5             batch 20.95 s pad 1.582 | above 36.36 s pad 1.030 | all 57.31 s pad 1.232 | saving vs today 0.38 s (batch 0.29, above 0.10)
  +15            batch 20.95 s pad 1.582 | above 36.45 s pad 1.034 | all 57.41 s pad 1.234 | saving vs today 0.29 s (batch 0.29, above 0.00)
  +5,15          batch 20.95 s pad 1.582 | above 36.36 s pad 1.030 | all 57.31 s pad 1.232 | saving vs today 0.38 s (batch 0.29, above 0.10)
  +5,7           batch 20.95 s pad 1.582 | above 36.36 s pad 1.030 | all 57.31 s pad 1.232 | saving vs today 0.38 s (batch 0.29, above 0.10)
  +5,7,15        batch 20.95 s pad 1.582 | above 36.36 s pad 1.030 | all 57.31 s pad 1.232 | saving vs today 0.38 s (batch 0.29, above 0.10)
summary 10^11, S = 256 (default) -- FUSED radix pass (2a) (modelled transform seconds; time-weighted padding; savings against the code as it is, unfused):
  today code     batch 20.70 s pad 1.519 | above 33.86 s pad 1.048 | all 54.55 s pad 1.227 | saving vs today 9.25 s (batch 4.57, above 4.68)
  today-costpick batch 20.70 s pad 1.519 | above 33.86 s pad 1.048 | all 54.55 s pad 1.227 | saving vs today 9.25 s (batch 4.57, above 4.68)
  +5             batch 16.85 s pad 1.375 | above 33.60 s pad 1.038 | all 50.45 s pad 1.151 | saving vs today 13.36 s (batch 8.42, above 4.94)
  +15            batch 20.70 s pad 1.519 | above 33.86 s pad 1.048 | all 54.55 s pad 1.227 | saving vs today 9.25 s (batch 4.57, above 4.68)
  +5,15          batch 16.85 s pad 1.375 | above 33.60 s pad 1.038 | all 50.45 s pad 1.151 | saving vs today 13.36 s (batch 8.42, above 4.94)
  +5,7           batch 16.85 s pad 1.375 | above 33.60 s pad 1.038 | all 50.45 s pad 1.151 | saving vs today 13.36 s (batch 8.42, above 4.94)
  +5,7,15        batch 16.85 s pad 1.375 | above 33.60 s pad 1.038 | all 50.45 s pad 1.151 | saving vs today 13.36 s (batch 8.42, above 4.94)
summary 10^11, S = 168 (V3 item 2, measured best) -- FUSED radix pass (2a) (modelled transform seconds; time-weighted padding; savings against the code as it is, unfused):
  today code     batch 17.73 s pad 1.614 | above 31.98 s pad 1.034 | all 49.70 s pad 1.241 | saving vs today 7.99 s (batch 3.51, above 4.48)
  today-costpick batch 17.73 s pad 1.614 | above 31.98 s pad 1.034 | all 49.70 s pad 1.241 | saving vs today 7.99 s (batch 3.51, above 4.48)
  +5             batch 17.73 s pad 1.614 | above 31.89 s pad 1.030 | all 49.62 s pad 1.239 | saving vs today 8.08 s (batch 3.51, above 4.56)
  +15            batch 17.73 s pad 1.614 | above 31.98 s pad 1.034 | all 49.70 s pad 1.241 | saving vs today 7.99 s (batch 3.51, above 4.48)
  +5,15          batch 17.73 s pad 1.614 | above 31.89 s pad 1.030 | all 49.62 s pad 1.239 | saving vs today 8.08 s (batch 3.51, above 4.56)
  +5,7           batch 17.73 s pad 1.614 | above 31.89 s pad 1.030 | all 49.62 s pad 1.239 | saving vs today 8.08 s (batch 3.51, above 4.56)
  +5,7,15        batch 17.73 s pad 1.614 | above 31.89 s pad 1.030 | all 49.62 s pad 1.239 | saving vs today 8.08 s (batch 3.51, above 4.56)

==== the batch tier by seed span S (modelled, 10^11): ntt s / padding; the best S in [160, 320] per family ====
  today code   S=256: 20.83 s pad 1.449 | best S=229: 13.27 s pad 1.244
  today-costpick S=256: 20.51 s pad 1.535 | best S=229: 13.27 s pad 1.244
  +5           S=256: 16.90 s pad 1.292 | best S=229: 13.27 s pad 1.244
  +15          S=256: 20.51 s pad 1.535 | best S=229: 13.27 s pad 1.244
  +5,15        S=256: 16.90 s pad 1.292 | best S=229: 13.27 s pad 1.244
  +5,7         S=256: 16.90 s pad 1.292 | best S=229: 13.27 s pad 1.244
  +5,7,15      S=256: 16.90 s pad 1.292 | best S=229: 13.27 s pad 1.244

==== the batch tier by seed span S (modelled, 10^11) -- fused: ntt s / padding; the best S in [160, 320] per family ====
  today code   S=256: 16.91 s pad 1.474 | best S=229: 13.27 s pad 1.244
  today-costpick S=256: 16.91 s pad 1.474 | best S=229: 13.27 s pad 1.244
  +5           S=256: 13.71 s pad 1.315 | best S=286: 12.27 s pad 1.177
  +15          S=256: 16.91 s pad 1.474 | best S=214: 12.11 s pad 1.326
  +5,15        S=256: 13.71 s pad 1.315 | best S=214: 12.11 s pad 1.326
  +5,7         S=256: 13.71 s pad 1.315 | best S=286: 12.27 s pad 1.177
  +5,7,15      S=256: 13.71 s pad 1.315 | best S=214: 12.11 s pad 1.326
