ppac-pl1-s24-16
0b80ca3d Merge branch 'p14-V3' into int15
check r3         : 0 mismatches (m 8, batch 2)
check r5         : 0 mismatches (m 8, batch 2)
check r7         : 0 mismatches (m 8, batch 2)
check r15 CT 3x5 : 0 mismatches (m 8, batch 2)
check r15 naive  : 0 mismatches (m 8, batch 2)
pass | 2^k | points | pass ms | ps/point | GB/s (16 B/point) | copy ms | copy GB/s | pass / copy
r3          | 10 | 1073740800 |   7.714 |   7.18 |   2227 |   7.446 |   2307 | 1.04
r3          | 17 | 1073479680 |   7.965 |   7.42 |   2156 |   7.401 |   2321 | 1.08
r3          | 22 | 1069547520 |   7.806 |   7.30 |   2192 |   7.487 |   2286 | 1.04
r3          | 26 | 1006632960 |   7.269 |   7.22 |   2216 |   7.256 |   2220 | 1.00
r5          | 10 | 1073740800 |   9.523 |   8.87 |   1804 |   7.211 |   2382 | 1.32
r5          | 17 | 1073479680 |   9.597 |   8.94 |   1790 |   7.267 |   2364 | 1.32
r5          | 22 | 1069547520 |   9.439 |   8.83 |   1813 |   7.508 |   2279 | 1.26
r5          | 26 | 1006632960 |   8.878 |   8.82 |   1814 |   7.104 |   2267 | 1.25
r7          | 10 | 1073737728 |  12.345 |  11.50 |   1392 |   6.970 |   2465 | 1.77
r7          | 17 | 1073479680 |  12.382 |  11.53 |   1387 |   6.808 |   2523 | 1.82
r7          | 22 | 1056964608 |  12.182 |  11.53 |   1388 |   7.019 |   2409 | 1.74
r7          | 26 |  939524096 |  10.775 |  11.47 |   1395 |   6.271 |   2397 | 1.72
r15 CT 3x5  | 10 | 1073740800 |  12.293 |  11.45 |   1398 |   6.622 |   2594 | 1.86
r15 CT 3x5  | 17 | 1073479680 |  12.236 |  11.40 |   1404 |   6.594 |   2605 | 1.86
r15 CT 3x5  | 22 | 1069547520 |  12.150 |  11.36 |   1408 |   6.778 |   2525 | 1.79
r15 CT 3x5  | 26 | 1006632960 |  11.545 |  11.47 |   1395 |   6.474 |   2488 | 1.78
r15 naive   | 10 | 1073740800 |  29.911 |  27.86 |    574 |   5.600 |   3068 | 5.34
r15 naive   | 17 | 1073479680 |  30.067 |  28.01 |    571 |   5.653 |   3038 | 5.32
r15 naive   | 22 | 1069547520 |  29.903 |  27.96 |    572 |   5.828 |   2936 | 5.13
r15 naive   | 26 | 1006632960 |  28.182 |  28.00 |    571 |   5.506 |   2925 | 5.12
