modelled transform seconds per size, saving against today at S = 256 unfused (mean over the 40 sizes, min .. max)
  today (code)           S=256:  0.00 s ( 0.00 ..  0.00) | own best S:  9.60 s ( 4.72 .. 22.27) | beyond tuned today:  0.00 s ( 0.00 ..  0.00)
  today-costpick         S=256:  0.25 s ( 0.13 ..  0.43) | own best S:  9.60 s ( 4.72 .. 22.27) | beyond tuned today:  0.00 s ( 0.00 ..  0.00)
  +5                     S=256:  2.62 s ( 1.38 ..  4.43) | own best S:  9.67 s ( 4.87 .. 22.35) | beyond tuned today:  0.07 s ( 0.00 ..  0.31)
  +15                    S=256:  0.25 s ( 0.13 ..  0.43) | own best S:  9.60 s ( 4.72 .. 22.27) | beyond tuned today:  0.00 s ( 0.00 ..  0.00)
  +5,15                  S=256:  2.62 s ( 1.38 ..  4.43) | own best S:  9.67 s ( 4.87 .. 22.35) | beyond tuned today:  0.07 s ( 0.00 ..  0.31)
  +5,7                   S=256:  2.62 s ( 1.38 ..  4.43) | own best S:  9.67 s ( 4.87 .. 22.35) | beyond tuned today:  0.07 s ( 0.00 ..  0.31)
  +5,7,15                S=256:  2.62 s ( 1.38 ..  4.43) | own best S:  9.67 s ( 4.87 .. 22.35) | beyond tuned today:  0.07 s ( 0.00 ..  0.31)
  today-costpick  fused  S=256:  6.49 s ( 2.12 .. 15.32) | own best S: 12.40 s ( 5.17 .. 24.87) | beyond tuned today:  2.80 s ( 0.20 ..  8.81)
  +5              fused  S=256:  9.10 s ( 3.59 .. 19.74) | own best S: 12.64 s ( 5.45 .. 24.87) | beyond tuned today:  3.04 s ( 0.29 ..  8.81)
  +15             fused  S=256:  6.60 s ( 2.32 .. 15.64) | own best S: 12.80 s ( 5.57 .. 25.50) | beyond tuned today:  3.20 s ( 0.33 ..  9.44)
  +5,15           fused  S=256:  9.21 s ( 3.83 .. 20.05) | own best S: 13.02 s ( 5.65 .. 25.50) | beyond tuned today:  3.42 s ( 0.33 ..  9.44)
  +5,7            fused  S=256:  9.15 s ( 3.70 .. 19.78) | own best S: 12.73 s ( 5.45 .. 24.93) | beyond tuned today:  3.13 s ( 0.29 ..  8.87)
  +5,7,15         fused  S=256:  9.22 s ( 3.83 .. 20.05) | own best S: 13.03 s ( 5.65 .. 25.50) | beyond tuned today:  3.43 s ( 0.33 ..  9.44)

per size (unfused): D, today S=256 total s | saving at S=256 for +5, +15, +5,15, +5,7,15 | tuned today saving | beyond tuned today for +5, +5,15, +5,7,15
  4e+10   18.81 |  1.38  0.13  1.38  1.38 |  4.87 |  0.08  0.08  0.08
  4.13e+10   19.14 |  1.41  0.13  1.41  1.41 |  5.05 |  0.08  0.08  0.08
  4.26e+10   18.78 |  1.44  0.14  1.44  1.44 |  5.01 |  0.08  0.08  0.08
  4.4e+10   16.85 |  1.47  0.14  1.47  1.47 |  4.97 |  0.08  0.08  0.08
  4.55e+10   17.19 |  1.52  0.15  1.52  1.52 |  5.17 |  0.08  0.08  0.08
  4.7e+10   20.81 |  1.55  0.15  1.55  1.55 |  4.89 |  0.31  0.31  0.31
  4.85e+10   21.10 |  1.51  0.16  1.51  1.51 |  4.97 |  0.00  0.00  0.00
  5.01e+10   20.05 |  1.88  0.16  1.88  1.88 |  6.10 |  0.00  0.00  0.00
  5.17e+10   25.24 |  1.71  0.17  1.71  1.71 |  6.18 |  0.08  0.08  0.08
  5.34e+10   25.55 |  1.75  0.17  1.75  1.75 |  6.36 |  0.08  0.08  0.08
  5.52e+10   26.76 |  1.81  0.18  1.81  1.81 |  6.39 |  0.16  0.16  0.16
  5.7e+10   26.40 |  1.85  0.18  1.85  1.85 |  4.72 |  0.16  0.16  0.16
  5.88e+10   29.91 |  1.89  0.19  1.89  1.89 |  7.17 |  0.08  0.08  0.08
  6.07e+10   30.01 |  2.14  0.19  2.14  2.14 |  7.05 |  0.08  0.08  0.08
  6.27e+10   30.33 |  2.18  0.20  2.18  2.18 |  5.32 |  0.08  0.08  0.08
  6.48e+10   26.61 |  2.07  0.21  2.07  2.07 |  5.53 |  0.00  0.00  0.00
  6.69e+10   34.89 |  2.13  0.21  2.13  2.13 |  7.43 |  0.00  0.00  0.00
  6.91e+10   35.10 |  2.19  0.22  2.19  2.19 |  7.65 |  0.00  0.00  0.00
  7.13e+10   35.12 |  2.33  0.23  2.33  2.33 |  6.73 |  0.00  0.00  0.00
  7.36e+10   36.05 |  2.34  0.23  2.34  2.34 |  6.52 |  0.00  0.00  0.00
  7.6e+10   30.80 |  2.39  0.24  2.39  2.39 |  6.63 |  0.00  0.00  0.00
  7.85e+10   43.83 |  2.54  0.25  2.54  2.54 |  9.74 |  0.08  0.08  0.08
  8.11e+10   47.29 |  2.68  0.26  2.68  2.68 | 10.54 |  0.08  0.08  0.08
  8.37e+10   48.79 |  2.78  0.26  2.78  2.78 | 11.86 |  0.08  0.08  0.08
  8.65e+10   49.80 |  2.84  0.27  2.84  2.84 | 11.78 |  0.08  0.08  0.08
  8.93e+10   51.46 |  2.92  0.28  2.92  2.92 | 11.87 |  0.08  0.08  0.08
  9.22e+10   52.47 |  2.99  0.29  2.99  2.99 | 11.24 |  0.16  0.16  0.16
  9.52e+10   50.61 |  3.11  0.30  3.11  3.11 | 14.29 |  0.08  0.08  0.08
  9.83e+10   59.72 |  3.11  0.31  3.11  3.11 | 12.44 |  0.00  0.00  0.00
  1.02e+11   62.90 |  3.26  0.32  3.26  3.26 | 12.60 |  0.00  0.00  0.00
  1.05e+11   56.26 |  3.54  0.33  3.54  3.54 | 14.03 |  0.08  0.08  0.08
  1.08e+11   71.54 |  3.54  0.34  3.54  3.54 | 14.28 |  0.08  0.08  0.08
  1.12e+11   74.20 |  3.63  0.35  3.63  3.63 | 16.95 |  0.08  0.08  0.08
  1.16e+11   78.59 |  3.76  0.36  3.76  3.76 | 13.91 |  0.08  0.08  0.08
  1.19e+11   81.02 |  3.84  0.37  3.84  3.84 | 13.01 |  0.31  0.31  0.31
  1.23e+11   71.06 |  4.02  0.38  4.02  4.02 | 15.14 |  0.08  0.08  0.08
  1.27e+11   90.15 |  4.15  0.39  4.15  4.15 | 17.13 |  0.08  0.08  0.08
  1.31e+11   74.45 |  4.19  0.41  4.19  4.19 | 22.27 |  0.08  0.08  0.08
  1.36e+11   94.33 |  4.38  0.42  4.38  4.38 | 10.09 |  0.00  0.00  0.00
  1.4e+11  105.43 |  4.43  0.43  4.43  4.43 | 16.06 |  0.00  0.00  0.00

time-weighted padding of the products above the batch tier (today, S=256), per size: min 1.033 mean 1.073 max 1.126
  +5       min 1.022 mean 1.056 max 1.109
  +15      min 1.033 mean 1.073 max 1.126
  +5,15    min 1.022 mean 1.056 max 1.109
  +5,7     min 1.022 mean 1.056 max 1.109
  +5,7,15  min 1.022 mean 1.056 max 1.109
