== ecalc: e to 100000000000 digits (decimal limbs, base 10^18) [computed to the next multiple of 18] ==
META bench=ecalc host=ppac-pl1-s24-16 date=2026-09-28T21:07:33 pool_log=31 stg=7 pw_fuse=14 body=1 engine=1 base=10^18
ECALC_PLANE_CAP: 2^31 points (POOL_LOG=31 RNS_PLANES_3Q30=0 DIST_LOGN_TEST=31)
rns_init: primes per product (ECALC_NP=auto): three (c 2^44 + 1, c = 240, 216, 207), four for a distributed product over 58424467928 terms; plane pool 0 for 3 primes
RESULT ecalc init s 18.0469
      VmRSS 24.4 GB after init (staging 4.3 GB pinned + device regions 290 GB); init 18.0 s
mem [init] device 393.6 GB in use (per APU 94.6..109.7): planes 103.1, regions 152.5, block pool 137.4 (donated 0.0, borrowed 137.4, hipMalloc 0.0; live 0.0, peak live 0.0, free 0.0), tables 0.61, other 0.0
mem [init] host 24.4 GB RSS (HWM 24.4): staging 21.5 pinned, registered 0.0, X 0.0, digits 0.0, named 0.0, other 2.9
budget: ECALC_BUDGET_CHECK ok: 1 rank, largest rank peak 418.6 GB, node budget 480 GB
bs       86.22 s   N 10433891470, P 5555555560 limbs, Q 5555555560 limbs (seeds 18.2 school 0.0 batch 35.1 mdev 32.5; pool 99.1 GB; dev pools 0.0 GB)   VmRSS 9.0 GB, VmHWM 27.4 GB
RESULT ecalc bs s 86.2212
mem [bs] device 393.6 GB in use (per APU 94.6..109.7): planes 103.1, regions 0.0, block pool 289.9 (donated 0.0, borrowed 289.9, hipMalloc 0.0; live 88.9, peak live 150.2, free 201.0), tables 0.61, other 0.0
mem [bs] host 9.0 GB RSS (HWM 27.4): staging 4.3 pinned, registered 0.1, X 0.0, digits 0.0, named 0.0, other 4.7
newton(db) j 1388888890 (k 2777777780): recip cut 0 pieces skipped, 6 formed in the step's two products
recip    13.13 s   mu 5555555559 limbs (31 iterations, 0 mdev)   VmRSS 6.9 GB, VmHWM 27.4 GB
mem [recip] device 393.6 GB in use (per APU 94.6..109.7): planes 103.1, regions 0.0, block pool 289.9 (donated 0.0, borrowed 289.9, hipMalloc 0.0; live 111.1, peak live 172.2, free 178.8), tables 0.61, other 0.0
mem [recip] host 6.9 GB RSS (HWM 27.4): staging 0.0 pinned, registered 0.1, X 0.0, digits 0.0, named 0.0, other 6.8
      I3: P, Q residues by kernel 1.31 s (before the reciprocal), S = P + Q on device 0.17 s; no host A
10dP      0.17 s   T 5555555556 limbs, A 11111111116 limbs (0 mdev, 0 splits)   VmRSS 6.9 GB, VmHWM 27.4 GB
RESULT ecalc 10dP s 0.170158
   dist_db 2777777779 x 2777777780 limbs: 2 x 4 pieces of 1388888890 + 694444445, 6 formed, 2 skipped (low cut): 7.876 s (cache 0 slots: 0 hits, 0 misses)
   dist_db 2777777779 x 5555555560 limbs: 3 x 5 pieces of 925925927 + 1111111112, 14 formed, 1 skipped (low product): 18.558 s (cache 0 slots: 0 hits, 0 misses)
   dist_db 2777777779 x 2777777780 limbs: 2 x 4 pieces of 1388888890 + 694444445, 6 formed, 2 skipped (low cut): 7.747 s (cache 0 slots: 0 hits, 0 misses)
mn_out: /tmp/int315_e1e11_s4.out: O_DIRECT, packed form, 8 write threads, file system local
   dist_db 2777777778 x 5555555560 limbs: 3 x 5 pieces of 925925926 + 1111111112, 14 formed, 1 skipped (low product): 19.705 s (cache 0 slots: 0 hits, 0 misses)
mem [division] device 393.6 GB in use (per APU 94.6..109.7): planes 103.1, regions 0.0, block pool 289.9 (donated 0.0, borrowed 289.9, hipMalloc 0.0; live 44.4, peak live 216.3, free 245.5), tables 0.61, other 0.0
mem [division] host 7.4 GB RSS (HWM 27.4): staging 0.0 pinned, registered 0.1, X 0.0, digits 0.0, named 0.0, other 7.4
dm       72.48 s   X 5555555557 limbs, R 0 limbs (recip 13.1 s; corrections 0/0; 0 mdev); X on the device   VmRSS 7.4 GB, VmHWM 27.4 GB
mem [dm] device 393.6 GB in use (per APU 94.6..109.7): planes 103.1, regions 0.0, block pool 289.9 (donated 0.0, borrowed 289.9, hipMalloc 0.0; live 44.4, peak live 216.3, free 245.5), tables 0.61, other 0.0
mem [dm] host 7.4 GB RSS (HWM 27.4): staging 0.0 pinned, registered 0.1, X 0.0, digits 0.0, named 0.0, other 7.4
RESULT ecalc dm s 72.484
T1        0.00 s   ok: T(P+Q) == XQ + R and P, Q mod q for 8 primes (P, Q recurrence overlapped with bs)
      overlapped with bs: P, Q mod q recurrence 11.29 s, block pool pregrown by 0 GB in 0.00 s
RESULT ecalc T1 s 9.14e-06
      VmRSS 7.4 GB before dc
total   177.14 s   (bs 86.2 + 10dP 0.2 + dm 72.5 + T1 0.0 + dc 0.0 + T2 0.0 = 158.9; init 18.0; other 0.2); VmHWM 27.4 GB
RESULT ecalc total s 177.137
RESULT ecalc phases s 158.875
RESULT ecalc other s 0.214329
RESULT ecalc vmhwm GB 27.3793
paper A22 (4e10): 285.7 = bs 112.2 + 10dP 12.6 + dm 46.8 + T1 ~3 + dc 110.3
      patch: X +0 after the formatting started (ECALC_CORR_PATCH): nothing to patch; 0 deferred windows; 0.002 s
dc        0.03 s   digits [0, 100000000009) of 100000000009 formatted from 5555555557 decimal limbs in 373 chunks (streamed with the low product; joined after total) (residues 1.36, format 2.71, digit residue 3.45, T2 0.30, fetch 2.14, waiting for the writer 10.07)
RESULT ecalc dc s 0.0271203
T2        0.00 s   windows ok (4 checked), digits == X mod q ok (overlapped)
RESULT ecalc T2 s 0
digits: 27182818284590452353602874713526624977572470936999595749669676...37703810896884928977
wrote /tmp/int315_e1e11_s4.out (44.44 GB; write 18.38 s in the writer thread, 0.00 s after the checks)
VERIFY OK
mem [end] device 103.7 GB in use (per APU 25.9..25.9): planes 103.1, regions 0.0, block pool 0.0 (donated 0.0, borrowed 0.0, hipMalloc 0.0; live 0.0, peak live 216.3, free 0.0), tables 0.61, other 0.0
mem [end] host 6.9 GB RSS (HWM 27.4): staging 0.0 pinned, registered 0.1, X 0.0, digits 0.0, named 0.0, other 6.9
mem summary: bytes in use at each phase boundary, GB (device: all APUs / largest APU; host: this process)
mem phase           device  maxAPU |  planes regions  pl:don  pl:bor  pl:hip pl:live pl:peak tables |    host staging  regist       X  digits   other     HWM
mem init             393.6   109.7 |   103.1   152.5     0.0   137.4     0.0     0.0     0.0   0.61 |    24.4    21.5     0.0     0.0     0.0     2.9    24.4
mem bs               393.6   109.7 |   103.1     0.0     0.0   289.9     0.0    88.9   150.2   0.61 |     9.0     4.3     0.1     0.0     0.0     4.7    27.4
mem recip            393.6   109.7 |   103.1     0.0     0.0   289.9     0.0   111.1   172.2   0.61 |     6.9     0.0     0.1     0.0     0.0     6.8    27.4
mem division         393.6   109.7 |   103.1     0.0     0.0   289.9     0.0    44.4   216.3   0.61 |     7.4     0.0     0.1     0.0     0.0     7.4    27.4
mem dm               393.6   109.7 |   103.1     0.0     0.0   289.9     0.0    44.4   216.3   0.61 |     7.4     0.0     0.1     0.0     0.0     7.4    27.4
mem end              103.7    25.9 |   103.1     0.0     0.0     0.0     0.0     0.0   216.3   0.61 |     6.9     0.0     0.1     0.0     0.0     6.9    27.4
rns_dist: RNS_STRATEGY=auto form B: C 71 products 60.43 s, B 61 products 3.27 s, B4 0 products 0.00 s; extra plane memory 0.00 GiB/APU (allocations 0.00 s)
