== T2 run a192n0: 40000000000 nw, env: DB_POOL_VERBOSE=1 BI_MUL1_FAST=0 BS_SEED_FILL=192; job 21519 on ppac-pl1-s24-16, clone at 4e0edd4, 2026-09-27 10:07:11 CDT
== ecalc: e to 40000000000 digits (decimal limbs, base 10^18) [computed to the next multiple of 18] ==
META bench=ecalc host=ppac-pl1-s24-16 date=2026-09-27T10:07:11 pool_log=31 stg=7 pw_fuse=14 body=1 engine=1 base=10^18
ECALC_PLANE_CAP: 2^31 points (POOL_LOG=31 RNS_PLANES_3Q30=0 DIST_LOGN_TEST=31)
rns_init: three primes (ECALC_NP=3): c 2^44 + 1, c = 240, 216, 207; at most 58424467928 terms per product
dbig pool: APU2 VMM arena 30.06 GB = 14 chunks of 2.00 GiB, the first 7 mapped in 3.12 s (0.208 s/GB), the rest in the background, VA 92.3 GB reserved at 0x775237800000
dbig pool: APU3 VMM arena 30.06 GB = 14 chunks of 2.00 GiB, the first 6 mapped in 3.68 s (0.286 s/GB), the rest in the background, VA 92.3 GB reserved at 0x777eb7c00000
dbig pool: APU0 VMM arena 32.21 GB = 15 chunks of 2.00 GiB, the first 8 mapped in 4.95 s (0.288 s/GB), the rest in the background, VA 98.8 GB reserved at 0x773937400000
dbig pool: APU1 VMM arena 32.21 GB = 15 chunks of 2.00 GiB, the first 8 mapped in 5.20 s (0.302 s/GB), the rest in the background, VA 98.8 GB reserved at 0x7767b7a00000
bs: arenas 118.9 GB allocated in 5.20 s (layout pass 0.06 s; dm extra 7.4 GB, tails 36.1 GB)
      init: region pools 5.26 s (inside rns_init, before the plane pools: the seeds stream into them)
      init: rns_init 11.83 s, region pools 0.00 s, the rest 0.00 s
RESULT ecalc init s 11.8267
      VmRSS 24.2 GB after init (staging 4.3 GB pinned + device regions 119 GB); init 11.8 s
mem [init] device 222.6 GB in use (per APU 54.5..56.7): planes 103.1, regions 56.6, block pool 62.3 (donated 0.0, borrowed 62.3, hipMalloc 0.0; live 0.0, peak live 0.0, free 0.0), tables 0.61, other 0.0
mem [init] host 24.2 GB RSS (HWM 24.2): staging 21.5 pinned, registered 0.0, X 0.0, digits 0.0, named 0.0, other 2.8
budget: rank 0: peak 247.2 GB (device 222.6, host 24.6), still to take 0.0 GB | node of 1 rank: peaks 247.2 of 480 GB, to take 0.0 of MemAvailable 337.9 GB | rank share 480.0 GB
budget: ECALC_BUDGET_CHECK ok: 1 rank, largest rank peak 247.2 GB, node budget 480 GB
bs: seeds were computed during init (15.25 s: buffers 1.57 + 0.15, spans 11.70, waited 0.47 for the regions, 0.34 for the DMA, 1.03 issuing it (max 0.62); 8 chunks of 8191 MB, 8 through a buffer, the rest stored into the regions)
bs: 4346031744 terms, 12139754 spans of 358, seeds 9.75 s (waiting for the init thread)
dbig pool: APU0 VMM arena: the background thread mapped chunks 0..14 in 4.80 s
dbig pool: APU1 VMM arena: the background thread mapped chunks 0..14 in 1.68 s
bs:   layout 0.286  batch 1.370  add+norm 0.073
bs: level  1 batch   6069877 pairs  max_nl        192  pool  35.68 GB  1.73 s  (batch 1.13: scatter 0.09 ntt 0.41 crt 0.08 merge 0.05)
live: bs level 1 batch               pool live 0.00 0.00 0.00 0.00 | window peak 0.00 0.00 0.00 0.00 | pool 1.41 1.41 1.44 1.44 GB per APU; peak/pool 0.0 %; MemAvailable 290.4 GB, Cached 0.5 GB
bs:   layout 0.149  batch 0.580  add+norm 0.037
bs: level  2 batch   3034938 pairs  max_nl        384  pool  35.62 GB  0.77 s  (batch 0.45: scatter 0.04 ntt 0.18 crt 0.07 merge 0.03)
live: bs level 2 batch               pool live 0.00 0.00 0.00 0.00 | window peak 0.00 0.00 0.00 0.00 | pool 1.41 1.41 1.44 1.44 GB per APU; peak/pool 0.0 %; MemAvailable 290.8 GB, Cached 0.5 GB
bs:   layout 0.097  batch 0.430  add+norm 0.011
bs: level  3 batch   1517469 pairs  max_nl        767  pool  35.59 GB  0.54 s  (batch 0.37: scatter 0.03 ntt 0.19 crt 0.07 merge 0.01)
live: bs level 3 batch               pool live 0.00 0.00 0.00 0.00 | window peak 0.00 0.00 0.00 0.00 | pool 1.41 1.41 1.44 1.44 GB per APU; peak/pool 0.0 %; MemAvailable 291.1 GB, Cached 0.5 GB
bs:   layout 0.099  batch 0.386  add+norm 0.006
bs: level  4 batch    758735 pairs  max_nl       1534  pool  35.57 GB  0.49 s  (batch 0.36: scatter 0.03 ntt 0.22 crt 0.07 merge 0.01)
live: bs level 4 batch               pool live 0.00 0.00 0.00 0.00 | window peak 0.00 0.00 0.00 0.00 | pool 1.41 1.41 1.44 1.44 GB per APU; peak/pool 0.0 %; MemAvailable 291.2 GB, Cached 0.5 GB
bs:   layout 0.013  batch 0.359  add+norm 0.004
bs: level  5 batch    379367 pairs  max_nl       3068  pool  35.56 GB  0.38 s  (batch 0.34: scatter 0.03 ntt 0.22 crt 0.07 merge 0.01)
live: bs level 5 batch               pool live 0.00 0.00 0.00 0.00 | window peak 0.00 0.00 0.00 0.00 | pool 1.41 1.41 1.44 1.44 GB per APU; peak/pool 0.0 %; MemAvailable 291.3 GB, Cached 0.5 GB
bs:   layout 0.011  batch 0.375  add+norm 0.002
bs: level  6 batch    189684 pairs  max_nl       6135  pool  35.56 GB  0.39 s  (batch 0.37: scatter 0.03 ntt 0.24 crt 0.07 merge 0.03)
live: bs level 6 batch               pool live 0.00 0.00 0.00 0.00 | window peak 0.00 0.00 0.00 0.00 | pool 1.41 1.41 1.44 1.44 GB per APU; peak/pool 0.0 %; MemAvailable 291.2 GB, Cached 0.5 GB
bs:   layout 0.002  batch 0.372  add+norm 0.001
bs: level  7 batch     94842 pairs  max_nl      12269  pool  35.56 GB  0.38 s  (batch 0.37: scatter 0.03 ntt 0.27 crt 0.07 merge 0.00)
live: bs level 7 batch               pool live 0.00 0.00 0.00 0.00 | window peak 0.00 0.00 0.00 0.00 | pool 1.41 1.41 1.44 1.44 GB per APU; peak/pool 0.0 %; MemAvailable 291.2 GB, Cached 0.5 GB
bs:   layout 0.011  batch 0.378  add+norm 0.000
bs: level  8 batch     47421 pairs  max_nl      24537  pool  35.56 GB  0.39 s  (batch 0.38: scatter 0.02 ntt 0.28 crt 0.07 merge 0.00)
live: bs level 8 batch               pool live 0.00 0.00 0.00 0.00 | window peak 0.00 0.00 0.00 0.00 | pool 1.41 1.41 1.44 1.44 GB per APU; peak/pool 0.0 %; MemAvailable 291.2 GB, Cached 0.5 GB
bs:   layout 0.001  batch 0.384  add+norm 0.000
bs: level  9 batch     23710 pairs  max_nl      49073  pool  35.56 GB  0.39 s  (batch 0.38: scatter 0.02 ntt 0.29 crt 0.07 merge 0.00)
live: bs level 9 batch               pool live 0.00 0.00 0.00 0.00 | window peak 0.00 0.00 0.00 0.00 | pool 1.41 1.41 1.44 1.44 GB per APU; peak/pool 0.0 %; MemAvailable 291.2 GB, Cached 0.5 GB
bs:   layout 0.000  batch 0.391  add+norm 0.000
bs: level 10 batch     11855 pairs  max_nl      98146  pool  35.56 GB  0.39 s  (batch 0.39: scatter 0.02 ntt 0.29 crt 0.08 merge 0.00)
live: bs level 10 batch              pool live 0.00 0.00 0.00 0.00 | window peak 0.00 0.00 0.00 0.00 | pool 1.41 1.41 1.44 1.44 GB per APU; peak/pool 0.0 %; MemAvailable 291.2 GB, Cached 0.5 GB
bs:   layout 0.001  batch 0.373  add+norm 0.000
bs: level 11 batch      5928 pairs  max_nl     196291  pool  35.56 GB  0.37 s  (batch 0.37: scatter 0.02 ntt 0.27 crt 0.08 merge 0.00)
live: bs level 11 batch              pool live 0.00 0.00 0.00 0.00 | window peak 0.00 0.00 0.00 0.00 | pool 1.41 1.41 1.44 1.44 GB per APU; peak/pool 0.0 %; MemAvailable 291.2 GB, Cached 0.5 GB
bs:   layout 0.000  batch 0.383  add+norm 0.000
bs: level 12 batch      2964 pairs  max_nl     392580  pool  35.56 GB  0.38 s  (batch 0.38: scatter 0.02 ntt 0.28 crt 0.08 merge 0.00)
live: bs level 12 batch              pool live 0.00 0.00 0.00 0.00 | window peak 0.00 0.00 0.00 0.00 | pool 1.41 1.41 1.44 1.44 GB per APU; peak/pool 0.0 %; MemAvailable 291.1 GB, Cached 0.5 GB
bs:   layout 0.000  batch 0.397  add+norm 0.000
bs: level 13 batch      1482 pairs  max_nl     785151  pool  35.56 GB  0.40 s  (batch 0.40: scatter 0.02 ntt 0.29 crt 0.08 merge 0.00)
live: bs level 13 batch              pool live 0.00 0.00 0.00 0.00 | window peak 0.00 0.00 0.00 0.00 | pool 1.41 1.41 1.44 1.44 GB per APU; peak/pool 0.0 %; MemAvailable 291.1 GB, Cached 0.5 GB
bs:   layout 0.000  batch 0.462  add+norm 0.000
bs: level 14 batch       741 pairs  max_nl    1570266  pool  35.56 GB  0.46 s  (batch 0.46: scatter 0.02 ntt 0.35 crt 0.09 merge 0.00)
live: bs level 14 batch              pool live 0.00 0.00 0.00 0.00 | window peak 0.00 0.00 0.00 0.00 | pool 1.41 1.41 1.44 1.44 GB per APU; peak/pool 0.0 %; MemAvailable 291.1 GB, Cached 0.5 GB
bs:   layout 0.000  batch 0.468  add+norm 0.000
bs: level 15 batch       370 pairs  max_nl    3140388  pool  35.56 GB  0.47 s  (batch 0.47: scatter 0.02 ntt 0.36 crt 0.09 merge 0.00)
live: bs level 15 batch              pool live 0.00 0.00 0.00 0.00 | window peak 0.00 0.00 0.00 0.00 | pool 1.41 1.41 1.44 1.44 GB per APU; peak/pool 0.0 %; MemAvailable 291.1 GB, Cached 0.5 GB
bs:   layout 0.000  batch 0.488  add+norm 0.000
bs: level 16 batch       185 pairs  max_nl    6280583  pool  35.56 GB  0.49 s  (batch 0.49: scatter 0.02 ntt 0.37 crt 0.09 merge 0.00)
live: bs level 16 batch              pool live 0.00 0.00 0.00 0.00 | window peak 0.00 0.00 0.00 0.00 | pool 1.41 1.41 1.44 1.44 GB per APU; peak/pool 0.0 %; MemAvailable 291.1 GB, Cached 0.5 GB
bs:   layout 0.000  batch 0.469  add+norm 0.000
bs: level 17 batch        93 pairs  max_nl   12560399  pool  35.56 GB  0.47 s  (batch 0.47: scatter 0.02 ntt 0.38 crt 0.08 merge 0.00)
live: bs level 17 batch              pool live 0.00 0.00 0.00 0.00 | window peak 0.00 0.00 0.00 0.00 | pool 1.41 1.41 1.44 1.44 GB per APU; peak/pool 0.0 %; MemAvailable 291.1 GB, Cached 0.5 GB
bs:   layout 0.000  batch 0.489  add+norm 0.000
bs: level 18 batch        46 pairs  max_nl   25111551  pool  35.56 GB  0.49 s  (batch 0.49: scatter 0.03 ntt 0.39 crt 0.07 merge 0.00)
live: bs level 18 batch              pool live 0.00 0.00 0.00 0.00 | window peak 0.00 0.00 0.00 0.00 | pool 1.41 1.41 1.44 1.44 GB per APU; peak/pool 0.0 %; MemAvailable 291.1 GB, Cached 0.5 GB
bs:   layout 0.000  batch 0.471  add+norm 0.000
bs: level 19 batch        23 pairs  max_nl   50210660  pool  35.56 GB  0.47 s  (batch 0.47: scatter 0.02 ntt 0.37 crt 0.07 merge 0.00)
live: bs level 19 batch              pool live 0.00 0.00 0.00 0.00 | window peak 0.00 0.00 0.00 0.00 | pool 1.41 1.41 1.44 1.44 GB per APU; peak/pool 0.0 %; MemAvailable 291.1 GB, Cached 0.5 GB
bs:   layout 0.000  batch 0.577  add+norm 0.000
bs: level 20 batch        12 pairs  max_nl  100370997  pool  35.56 GB  0.58 s  (batch 0.58: scatter 0.11 ntt 0.41 crt 0.08 merge 0.00)
live: bs level 20 batch              pool live 0.00 0.00 0.00 0.00 | window peak 0.00 0.00 0.00 0.00 | pool 1.41 1.41 1.44 1.44 GB per APU; peak/pool 0.0 %; MemAvailable 291.0 GB, Cached 0.5 GB
bs:   layout 0.000  batch 1.154  add+norm 0.000
bs: level 21 batch         6 pairs  max_nl  200114431  pool  35.56 GB  1.15 s  (batch 1.15: scatter 0.26 ntt 0.85 crt 0.29 merge 0.01)
live: bs level 21 batch              pool live 0.00 0.00 0.00 0.00 | window peak 0.00 0.00 0.00 0.00 | pool 1.41 1.41 1.44 1.44 GB per APU; peak/pool 0.0 %; MemAvailable 291.1 GB, Cached 0.5 GB
bs:   layout 0.000  batch 1.140  add+norm 0.000
bs: level 22 batch         3 pairs  max_nl  397405948  pool  35.56 GB  1.14 s  (batch 1.14: scatter 0.26 ntt 0.85 crt 0.29 merge 0.00)
live: bs level 22 batch              pool live 0.00 0.00 0.00 0.00 | window peak 0.00 0.00 0.00 0.00 | pool 1.41 1.41 1.44 1.44 GB per APU; peak/pool 0.0 %; MemAvailable 291.1 GB, Cached 0.5 GB
dbig pool: APU2 VMM arena: the background thread mapped chunks 0..13 in 6.31 s
dbig pool: APU3 VMM arena: the background thread mapped chunks 0..13 in 3.76 s
bs: level 23 mdev          1 pairs  max_nl  779502643  pool  35.56 GB  1.56 s  (batch 0.00: scatter 0.00 ntt 0.00 crt 0.00 merge 0.00)
live: bs level 23 mdev               pool live 8.89 8.89 8.89 8.89 | window peak 8.89 8.89 8.89 8.89 | pool 32.21 32.21 30.06 30.06 GB per APU; peak/pool 28.5 %; MemAvailable 290.0 GB, Cached 0.5 GB
bs: level 24 mdev          1 pairs  max_nl 1508781413  pool  35.56 GB  2.53 s  (batch 0.00: scatter 0.00 ntt 0.00 crt 0.00 merge 0.00)
live: bs level 24 mdev               pool live 8.89 8.89 8.89 8.89 | window peak 16.27 16.27 16.27 16.27 | pool 32.21 32.21 30.06 30.06 GB per APU; peak/pool 52.2 %; MemAvailable 290.0 GB, Cached 0.5 GB
bs       26.60 s   N 4346031744, P 2222222227 limbs, Q 2222222227 limbs (seeds 9.7 school 0.0 batch 12.7 mdev 4.1; pool 39.6 GB; dev pools 0.0 GB)   VmRSS 8.9 GB, VmHWM 25.3 GB
RESULT ecalc bs s 26.5979
mem [bs] device 228.3 GB in use (per APU 56.0..58.1): planes 103.1, regions 0.0, block pool 124.6 (donated 0.0, borrowed 124.6, hipMalloc 0.0; live 35.6, peak live 65.1, free 89.0), tables 0.61, other 0.0
mem [bs] host 8.9 GB RSS (HWM 25.3): staging 4.3 pinned, registered 0.1, X 0.0, digits 0.0, named 0.0, other 4.6
      I3: plane pool tails donated: 0.0 GB
live: recip(db) j 2 -> 3             pool live 22.22 22.22 22.22 22.22 | window peak 22.22 22.22 22.22 22.22 | pool 32.21 32.21 30.06 30.06 GB per APU; peak/pool 71.4 %; MemAvailable 292.2 GB, Cached 0.5 GB
live: recip(db) j 3 -> 5             pool live 22.22 22.22 22.22 22.22 | window peak 22.22 22.22 22.22 22.22 | pool 32.21 32.21 30.06 30.06 GB per APU; peak/pool 71.4 %; MemAvailable 292.2 GB, Cached 0.5 GB
live: recip(db) j 5 -> 9             pool live 22.22 22.22 22.22 22.22 | window peak 22.22 22.22 22.22 22.22 | pool 32.21 32.21 30.06 30.06 GB per APU; peak/pool 71.4 %; MemAvailable 292.2 GB, Cached 0.5 GB
live: recip(db) j 9 -> 17            pool live 22.22 22.22 22.22 22.22 | window peak 22.22 22.22 22.22 22.22 | pool 32.21 32.21 30.06 30.06 GB per APU; peak/pool 71.4 %; MemAvailable 292.2 GB, Cached 0.5 GB
live: recip(db) j 17 -> 34           pool live 22.22 22.22 22.22 22.22 | window peak 22.22 22.22 22.22 22.22 | pool 32.21 32.21 30.06 30.06 GB per APU; peak/pool 71.4 %; MemAvailable 292.2 GB, Cached 0.5 GB
live: recip(db) j 34 -> 67           pool live 22.22 22.22 22.22 22.22 | window peak 22.22 22.22 22.22 22.22 | pool 32.21 32.21 30.06 30.06 GB per APU; peak/pool 71.4 %; MemAvailable 292.2 GB, Cached 0.5 GB
live: recip(db) j 67 -> 133          pool live 22.22 22.22 22.22 22.22 | window peak 22.22 22.22 22.22 22.22 | pool 32.21 32.21 30.06 30.06 GB per APU; peak/pool 71.4 %; MemAvailable 292.2 GB, Cached 0.5 GB
live: recip(db) j 133 -> 265         pool live 22.22 22.22 22.22 22.22 | window peak 22.22 22.22 22.22 22.22 | pool 32.21 32.21 30.06 30.06 GB per APU; peak/pool 71.4 %; MemAvailable 292.2 GB, Cached 0.5 GB
live: recip(db) j 265 -> 530         pool live 22.22 22.22 22.22 22.22 | window peak 22.22 22.22 22.22 22.22 | pool 32.21 32.21 30.06 30.06 GB per APU; peak/pool 71.4 %; MemAvailable 292.2 GB, Cached 0.5 GB
live: recip(db) j 530 -> 1060        pool live 22.22 22.22 22.22 22.22 | window peak 22.22 22.22 22.22 22.22 | pool 32.21 32.21 30.06 30.06 GB per APU; peak/pool 71.4 %; MemAvailable 292.2 GB, Cached 0.5 GB
live: recip(db) j 1060 -> 2120       pool live 22.22 22.22 22.22 22.22 | window peak 22.22 22.22 22.22 22.22 | pool 32.21 32.21 30.06 30.06 GB per APU; peak/pool 71.4 %; MemAvailable 292.2 GB, Cached 0.5 GB
live: recip(db) j 2120 -> 4239       pool live 22.22 22.22 22.22 22.22 | window peak 22.22 22.22 22.22 22.22 | pool 32.21 32.21 30.06 30.06 GB per APU; peak/pool 71.4 %; MemAvailable 292.2 GB, Cached 0.5 GB
live: recip(db) j 4239 -> 8478       pool live 22.22 22.22 22.22 22.22 | window peak 22.22 22.22 22.22 22.22 | pool 32.21 32.21 30.06 30.06 GB per APU; peak/pool 71.4 %; MemAvailable 292.2 GB, Cached 0.5 GB
live: recip(db) j 8478 -> 16955      pool live 22.22 22.22 22.22 22.22 | window peak 22.22 22.22 22.22 22.22 | pool 32.21 32.21 30.06 30.06 GB per APU; peak/pool 71.4 %; MemAvailable 292.2 GB, Cached 0.5 GB
live: recip(db) j 16955 -> 33909     pool live 22.22 22.22 22.22 22.22 | window peak 22.22 22.22 22.22 22.22 | pool 32.21 32.21 30.06 30.06 GB per APU; peak/pool 71.4 %; MemAvailable 292.2 GB, Cached 0.5 GB
live: recip(db) j 33909 -> 67817     pool live 22.22 22.22 22.22 22.22 | window peak 22.22 22.22 22.22 22.22 | pool 32.21 32.21 30.06 30.06 GB per APU; peak/pool 71.4 %; MemAvailable 292.2 GB, Cached 0.5 GB
live: recip(db) j 67817 -> 135634    pool live 22.22 22.22 22.22 22.22 | window peak 22.22 22.22 22.22 22.22 | pool 32.21 32.21 30.06 30.06 GB per APU; peak/pool 71.4 %; MemAvailable 292.2 GB, Cached 0.5 GB
live: recip(db) j 135634 -> 271268   pool live 22.22 22.22 22.22 22.22 | window peak 22.22 22.22 22.22 22.22 | pool 32.21 32.21 30.06 30.06 GB per APU; peak/pool 71.4 %; MemAvailable 292.2 GB, Cached 0.5 GB
live: recip(db) j 271268 -> 542535   pool live 22.22 22.22 22.22 22.22 | window peak 22.22 22.22 22.22 22.22 | pool 32.21 32.21 30.06 30.06 GB per APU; peak/pool 71.4 %; MemAvailable 292.2 GB, Cached 0.5 GB
live: recip(db) j 542535 -> 1085070  pool live 22.22 22.22 22.22 22.22 | window peak 22.22 22.22 22.22 22.22 | pool 32.21 32.21 30.06 30.06 GB per APU; peak/pool 71.4 %; MemAvailable 292.2 GB, Cached 0.5 GB
live: recip(db) j 1085070 -> 2170139 pool live 22.22 22.22 22.22 22.22 | window peak 22.22 22.22 22.22 22.22 | pool 32.21 32.21 30.06 30.06 GB per APU; peak/pool 71.4 %; MemAvailable 292.2 GB, Cached 0.5 GB
live: recip(db) j 2170139 -> 4340278 pool live 22.22 22.22 22.22 22.22 | window peak 22.22 22.22 22.22 22.22 | pool 32.21 32.21 30.06 30.06 GB per APU; peak/pool 71.4 %; MemAvailable 292.2 GB, Cached 0.5 GB
live: recip(db) j 4340278 -> 8680556 pool live 22.22 22.22 22.22 22.22 | window peak 22.22 22.22 22.22 22.22 | pool 32.21 32.21 30.06 30.06 GB per APU; peak/pool 71.4 %; MemAvailable 292.2 GB, Cached 0.5 GB
live: recip(db) j 8680556 -> 17361112 pool live 22.22 22.22 22.22 22.22 | window peak 22.22 22.22 22.22 22.22 | pool 32.21 32.21 30.06 30.06 GB per APU; peak/pool 71.4 %; MemAvailable 292.2 GB, Cached 0.5 GB
live: recip(db) j 17361112 -> 34722223 pool live 22.22 22.22 22.22 22.22 | window peak 22.22 22.22 22.22 22.22 | pool 32.21 32.21 30.06 30.06 GB per APU; peak/pool 71.4 %; MemAvailable 292.2 GB, Cached 0.5 GB
live: recip(db) j 34722223 -> 69444445 pool live 22.22 22.22 22.22 22.22 | window peak 22.22 22.22 22.22 22.22 | pool 32.21 32.21 30.06 30.06 GB per APU; peak/pool 71.4 %; MemAvailable 292.2 GB, Cached 0.5 GB
live: recip(db) j 69444445 -> 138888890 pool live 22.22 22.22 22.22 22.22 | window peak 22.22 22.22 22.22 22.22 | pool 32.21 32.21 30.06 30.06 GB per APU; peak/pool 71.4 %; MemAvailable 292.2 GB, Cached 0.5 GB
live: recip(db) j 138888890 -> 277777779 pool live 22.22 22.22 22.22 22.22 | window peak 22.22 22.22 22.22 22.22 | pool 32.21 32.21 30.06 30.06 GB per APU; peak/pool 71.4 %; MemAvailable 292.2 GB, Cached 0.5 GB
live: recip(db) j 277777779 -> 555555557 pool live 22.22 22.22 22.22 22.22 | window peak 22.22 22.22 22.22 22.22 | pool 32.21 32.21 30.06 30.06 GB per APU; peak/pool 71.4 %; MemAvailable 292.2 GB, Cached 0.5 GB
live: recip(db) j 555555557 -> 1111111113 pool live 22.22 22.22 22.22 22.22 | window peak 22.22 22.22 22.22 22.22 | pool 32.21 32.21 30.06 30.06 GB per APU; peak/pool 71.4 %; MemAvailable 291.9 GB, Cached 0.5 GB
newton(db) j 1111111113 (k 2222222225): recip cut 0 pieces skipped, 8 formed in the step's two products
live: recip(db) j 1111111113 -> 2222222225 pool live 22.22 22.22 22.22 22.22 | window peak 25.33 25.33 25.33 25.33 | pool 32.21 32.21 30.06 30.06 GB per APU; peak/pool 81.4 %; MemAvailable 291.9 GB, Cached 0.5 GB
recip     9.62 s   mu 2222222226 limbs (31 iterations, 0 mdev)   VmRSS 6.9 GB, VmHWM 25.3 GB
mem [recip] device 228.3 GB in use (per APU 56.0..58.1): planes 103.1, regions 0.0, block pool 124.6 (donated 0.0, borrowed 124.6, hipMalloc 0.0; live 53.3, peak live 101.3, free 71.2), tables 0.61, other 0.0
mem [recip] host 6.9 GB RSS (HWM 25.3): staging 0.0 pinned, registered 0.1, X 0.0, digits 0.0, named 0.0, other 6.8
      I3: P, Q residues by kernel 0.53 s (before the reciprocal), S = P + Q on device 0.06 s; no host A
10dP      0.06 s   T 2222222223 limbs, A 4444444450 limbs (0 mdev, 0 splits)   VmRSS 6.9 GB, VmHWM 25.3 GB
RESULT ecalc 10dP s 0.0591539
   dist_db 2222222224 x 2222222225 limbs: 3 x 3 pieces of 740740742 + 740740742, 8 formed, 1 skipped (low cut): 5.607 s (cache 0 slots: 0 hits, 0 misses)
  T2 window@50 ok
  T2 window@1000000 ok
  T2 window@100000000 ok
  T2 window@1000000000 ok
   dist_db 2222222224 x 2222222227 limbs: 3 x 3 pieces of 740740742 + 740740743, 8 formed, 1 skipped (low product): 5.727 s (cache 0 slots: 0 hits, 0 misses)
live: divmod(dev) end                pool live 13.33 13.33 13.33 13.33 | window peak 25.19 25.19 25.19 25.19 | pool 32.21 32.21 30.06 30.06 GB per APU; peak/pool 80.9 %; MemAvailable 291.2 GB, Cached 0.5 GB
mem [division] device 228.3 GB in use (per APU 56.0..58.1): planes 103.1, regions 0.0, block pool 124.6 (donated 0.0, borrowed 124.6, hipMalloc 0.0; live 17.8, peak live 101.3, free 106.8), tables 0.61, other 0.0
mem [division] host 7.6 GB RSS (HWM 25.3): staging 0.0 pinned, registered 0.1, X 0.0, digits 0.0, named 0.0, other 7.5
dm       22.14 s   X 2222222224 limbs, R 0 limbs (recip 9.6 s; corrections 0/0; 0 mdev); X on the device   VmRSS 7.6 GB, VmHWM 25.3 GB
mem [dm] device 228.3 GB in use (per APU 56.0..58.1): planes 103.1, regions 0.0, block pool 124.6 (donated 0.0, borrowed 124.6, hipMalloc 0.0; live 17.8, peak live 101.3, free 106.8), tables 0.61, other 0.0
mem [dm] host 7.6 GB RSS (HWM 25.3): staging 0.0 pinned, registered 0.1, X 0.0, digits 0.0, named 0.0, other 7.5
RESULT ecalc dm s 22.1433
  T1 q0=4611686018427388039: P ok, Q ok, T(P+Q) == XQ+R ok
  T1 q1=4611686018427388073: P ok, Q ok, T(P+Q) == XQ+R ok
  T1 q2=4611686018427388081: P ok, Q ok, T(P+Q) == XQ+R ok
  T1 q3=4611686018427388091: P ok, Q ok, T(P+Q) == XQ+R ok
  T1 q4=4611686018427388093: P ok, Q ok, T(P+Q) == XQ+R ok
  T1 q5=4611686018427388097: P ok, Q ok, T(P+Q) == XQ+R ok
  T1 q6=4611686018427388157: P ok, Q ok, T(P+Q) == XQ+R ok
  T1 q7=4611686018427388181: P ok, Q ok, T(P+Q) == XQ+R ok
T1        0.00 s   ok: T(P+Q) == XQ + R and P, Q mod q for 8 primes (P, Q recurrence overlapped with bs)
      overlapped with bs: P, Q mod q recurrence 4.83 s, block pool pregrown by 0 GB in 0.00 s
RESULT ecalc T1 s 1.69099e-05
      VmRSS 7.6 GB before dc
total    60.68 s   (bs 26.6 + 10dP 0.1 + dm 22.1 + T1 0.0 + dc 0.0 + T2 0.0 = 48.8; init 11.8; other 0.1); VmHWM 25.3 GB
RESULT ecalc total s 60.6849
RESULT ecalc phases s 48.8004
RESULT ecalc other s 0.0578218
RESULT ecalc vmhwm GB 25.331
paper A22 (4e10): 285.7 = bs 112.2 + 10dP 12.6 + dm 46.8 + T1 ~3 + dc 110.3
  T1 q0: digits == X ok
  T1 q1: digits == X ok
  T1 q2: digits == X ok
  T1 q3: digits == X ok
  T1 q4: digits == X ok
  T1 q5: digits == X ok
  T1 q6: digits == X ok
  T1 q7: digits == X ok
dc        0.00 s   digits [0, 40000000015) of 40000000015 formatted from 2222222224 decimal limbs in 150 chunks (streamed with the low product; joined after total) (residues 0.28, format 2.56, digit residue 1.49, T2 0.00, fetch 0.70, waiting for the writer 0.00)
RESULT ecalc dc s 9.30007e-06
T2        0.00 s   windows ok (4 checked), digits == X mod q ok (overlapped)
RESULT ecalc T2 s 0
digits: 27182818284590452353602874713526624977572470936999595749669676...78143383465712288221
VERIFY OK
dbig pool: APU0 tail 9.03 GB: 1 large blocks from its back, 3 small blocks spilled into it
dbig pool: APU1 tail 9.03 GB: 1 large blocks from its back, 3 small blocks spilled into it
dbig pool: APU2 tail 9.03 GB: 1 large blocks from its back, 1 small blocks spilled into it
dbig pool: APU3 tail 9.03 GB: 1 large blocks from its back, 1 small blocks spilled into it
mem [end] device 103.7 GB in use (per APU 25.9..25.9): planes 103.1, regions 0.0, block pool 0.0 (donated 0.0, borrowed 0.0, hipMalloc 0.0; live 0.0, peak live 101.3, free 0.0), tables 0.61, other 0.0
mem [end] host 6.9 GB RSS (HWM 25.3): staging 0.0 pinned, registered 0.1, X 0.0, digits 0.0, named 0.0, other 6.9
mem summary: bytes in use at each phase boundary, GB (device: all APUs / largest APU; host: this process)
mem phase           device  maxAPU |  planes regions  pl:don  pl:bor  pl:hip pl:live pl:peak tables |    host staging  regist       X  digits   other     HWM
mem init             222.6    56.7 |   103.1    56.6     0.0    62.3     0.0     0.0     0.0   0.61 |    24.2    21.5     0.0     0.0     0.0     2.8    24.2
mem bs               228.3    58.1 |   103.1     0.0     0.0   124.6     0.0    35.6    65.1   0.61 |     8.9     4.3     0.1     0.0     0.0     4.6    25.3
mem recip            228.3    58.1 |   103.1     0.0     0.0   124.6     0.0    53.3   101.3   0.61 |     6.9     0.0     0.1     0.0     0.0     6.8    25.3
mem division         228.3    58.1 |   103.1     0.0     0.0   124.6     0.0    17.8   101.3   0.61 |     7.6     0.0     0.1     0.0     0.0     7.5    25.3
mem dm               228.3    58.1 |   103.1     0.0     0.0   124.6     0.0    17.8   101.3   0.61 |     7.6     0.0     0.1     0.0     0.0     7.5    25.3
mem end              103.7    25.9 |   103.1     0.0     0.0     0.0     0.0     0.0   101.3   0.61 |     6.9     0.0     0.1     0.0     0.0     6.9    25.3
dbig pool: APU0 VMM arena released (0 remaps of 0 chunks in 0.00 s, 0 growths of 0 chunks)
dbig pool: APU1 VMM arena released (0 remaps of 0 chunks in 0.00 s, 0 growths of 0 chunks)
dbig pool: APU2 VMM arena released (0 remaps of 0 chunks in 0.00 s, 0 growths of 0 chunks)
dbig pool: APU3 VMM arena released (0 remaps of 0 chunks in 0.00 s, 0 growths of 0 chunks)
rns_dist: RNS_STRATEGY=auto form B: C 1 products 0.86 s, B 89 products 15.54 s, B4 0 products 0.00 s; extra plane memory 0.00 GiB/APU (allocations 0.00 s)

real	1m2.265s
user	0m0.004s
sys	0m0.017s
