== T2 run a256w0: 40000000000 w, env: DB_POOL_VERBOSE=1 BI_MUL1_FAST=0; job 21519 on ppac-pl1-s24-16, clone at 4e0edd4, 2026-09-27 10:13:35 CDT
== ecalc: e to 40000000000 digits (decimal limbs, base 10^18) [computed to the next multiple of 18] ==
META bench=ecalc host=ppac-pl1-s24-16 date=2026-09-27T10:13:35 pool_log=31 stg=7 pw_fuse=14 body=1 engine=1 base=10^18
ECALC_PLANE_CAP: 2^31 points (POOL_LOG=31 RNS_PLANES_3Q30=0 DIST_LOGN_TEST=31)
rns_init: three primes (ECALC_NP=3): c 2^44 + 1, c = 240, 216, 207; at most 58424467928 terms per product
dbig pool: APU3 VMM arena 30.06 GB = 14 chunks of 2.00 GiB, the first 6 mapped in 2.69 s (0.209 s/GB), the rest in the background, VA 92.3 GB reserved at 0x78293f400000
dbig pool: APU0 VMM arena 30.06 GB = 14 chunks of 2.00 GiB, the first 7 mapped in 3.12 s (0.208 s/GB), the rest in the background, VA 92.3 GB reserved at 0x78563fa00000
dbig pool: APU1 VMM arena 30.06 GB = 14 chunks of 2.00 GiB, the first 6 mapped in 4.40 s (0.342 s/GB), the rest in the background, VA 92.3 GB reserved at 0x7840bf800000
dbig pool: APU2 VMM arena 30.06 GB = 14 chunks of 2.00 GiB, the first 6 mapped in 4.66 s (0.361 s/GB), the rest in the background, VA 92.3 GB reserved at 0x786bbfc00000
bs: arenas 114.5 GB allocated in 4.66 s (layout pass 0.08 s; dm extra 18.8 GB, tails 36.1 GB)
      init: region pools 4.74 s (inside rns_init, before the plane pools: the seeds stream into them)
      init: rns_init 11.66 s, region pools 0.00 s, the rest 0.00 s
RESULT ecalc init s 11.6634
      VmRSS 24.3 GB after init (staging 4.3 GB pinned + device regions 114 GB); init 11.7 s
mem [init] device 218.2 GB in use (per APU 54.5..54.5): planes 103.1, regions 60.8, block pool 53.7 (donated 0.0, borrowed 53.7, hipMalloc 0.0; live 0.0, peak live 0.0, free 0.0), tables 0.61, other 0.0
mem [init] host 24.3 GB RSS (HWM 24.3): staging 21.5 pinned, registered 0.0, X 0.0, digits 0.0, named 0.0, other 2.8
budget: rank 0: peak 243.0 GB (device 218.2, host 24.8), still to take 0.0 GB | node of 1 rank: peaks 243.0 of 480 GB, to take 0.0 of MemAvailable 346.3 GB | rank share 480.0 GB
budget: ECALC_BUDGET_CHECK ok: 1 rank, largest rank peak 243.0 GB, node budget 480 GB
bs: seeds were computed during init (13.06 s: buffers 1.64 + 0.13, spans 8.66, waited 0.78 for the regions, 0.34 for the DMA, 1.51 issuing it (max 0.66); 8 chunks of 8191 MB, 8 through a buffer, the rest stored into the regions)
bs: 4346031744 terms, 16976687 spans of 256, seeds 8.08 s (waiting for the init thread)
bs:   layout 0.336  batch 1.743  add+norm 0.219
bs: level  1 batch   8488343 pairs  max_nl        138  pool  35.72 GB  2.30 s  (batch 1.41: scatter 0.11 ntt 0.54 crt 0.08 merge 0.10)
live: bs level 1 batch               pool live 0.00 0.00 0.00 0.00 | window peak 0.00 0.00 0.00 0.00 | pool 1.44 1.44 1.44 1.44 GB per APU; peak/pool 0.0 %; MemAvailable 294.0 GB, Cached 0.6 GB
bs:   layout 0.220  batch 0.724  add+norm 0.028
bs: level  2 batch   4244172 pairs  max_nl        275  pool  35.64 GB  0.97 s  (batch 0.56: scatter 0.05 ntt 0.25 crt 0.08 merge 0.02)
live: bs level 2 batch               pool live 0.00 0.00 0.00 0.00 | window peak 0.00 0.00 0.00 0.00 | pool 1.44 1.44 1.44 1.44 GB per APU; peak/pool 0.0 %; MemAvailable 294.6 GB, Cached 0.6 GB
bs:   layout 0.145  batch 0.556  add+norm 0.014
bs: level  3 batch   2122086 pairs  max_nl        549  pool  35.60 GB  0.71 s  (batch 0.47: scatter 0.05 ntt 0.26 crt 0.07 merge 0.01)
live: bs level 3 batch               pool live 0.00 0.00 0.00 0.00 | window peak 0.00 0.00 0.00 0.00 | pool 1.44 1.44 1.44 1.44 GB per APU; peak/pool 0.0 %; MemAvailable 294.9 GB, Cached 0.6 GB
bs:   layout 0.031  batch 0.488  add+norm 0.007
bs: level  4 batch   1061043 pairs  max_nl       1097  pool  35.58 GB  0.53 s  (batch 0.45: scatter 0.04 ntt 0.30 crt 0.07 merge 0.00)
live: bs level 4 batch               pool live 0.00 0.00 0.00 0.00 | window peak 0.00 0.00 0.00 0.00 | pool 1.44 1.44 1.44 1.44 GB per APU; peak/pool 0.0 %; MemAvailable 295.1 GB, Cached 0.6 GB
bs:   layout 0.020  batch 0.473  add+norm 0.004
bs: level  5 batch    530521 pairs  max_nl       2194  pool  35.57 GB  0.50 s  (batch 0.45: scatter 0.04 ntt 0.31 crt 0.07 merge 0.01)
live: bs level 5 batch               pool live 0.00 0.00 0.00 0.00 | window peak 0.00 0.00 0.00 0.00 | pool 1.44 1.44 1.44 1.44 GB per APU; peak/pool 0.0 %; MemAvailable 295.2 GB, Cached 0.6 GB
bs:   layout 0.008  batch 0.535  add+norm 0.002
bs: level  6 batch    265261 pairs  max_nl       4387  pool  35.56 GB  0.54 s  (batch 0.52: scatter 0.03 ntt 0.32 crt 0.07 merge 0.09)
live: bs level 6 batch               pool live 0.00 0.00 0.00 0.00 | window peak 0.00 0.00 0.00 0.00 | pool 1.44 1.44 1.44 1.44 GB per APU; peak/pool 0.0 %; MemAvailable 295.1 GB, Cached 0.6 GB
bs:   layout 0.005  batch 0.471  add+norm 0.001
bs: level  7 batch    132630 pairs  max_nl       8773  pool  35.56 GB  0.48 s  (batch 0.47: scatter 0.03 ntt 0.36 crt 0.07 merge 0.00)
live: bs level 7 batch               pool live 0.00 0.00 0.00 0.00 | window peak 0.00 0.00 0.00 0.00 | pool 1.44 1.44 1.44 1.44 GB per APU; peak/pool 0.0 %; MemAvailable 295.1 GB, Cached 0.6 GB
bs:   layout 0.001  batch 0.478  add+norm 0.000
bs: level  8 batch     66315 pairs  max_nl      17546  pool  35.56 GB  0.48 s  (batch 0.48: scatter 0.03 ntt 0.37 crt 0.07 merge 0.00)
live: bs level 8 batch               pool live 0.00 0.00 0.00 0.00 | window peak 0.00 0.00 0.00 0.00 | pool 1.44 1.44 1.44 1.44 GB per APU; peak/pool 0.0 %; MemAvailable 295.1 GB, Cached 0.6 GB
bs:   layout 0.003  batch 0.499  add+norm 0.000
bs: level  9 batch     33158 pairs  max_nl      35092  pool  35.56 GB  0.50 s  (batch 0.50: scatter 0.03 ntt 0.39 crt 0.07 merge 0.00)
live: bs level 9 batch               pool live 0.00 0.00 0.00 0.00 | window peak 0.00 0.00 0.00 0.00 | pool 1.44 1.44 1.44 1.44 GB per APU; peak/pool 0.0 %; MemAvailable 295.1 GB, Cached 0.6 GB
bs:   layout 0.001  batch 0.504  add+norm 0.000
bs: level 10 batch     16579 pairs  max_nl      70183  pool  35.56 GB  0.51 s  (batch 0.50: scatter 0.03 ntt 0.39 crt 0.08 merge 0.00)
live: bs level 10 batch              pool live 0.00 0.00 0.00 0.00 | window peak 0.00 0.00 0.00 0.00 | pool 1.44 1.44 1.44 1.44 GB per APU; peak/pool 0.0 %; MemAvailable 295.1 GB, Cached 0.6 GB
bs:   layout 0.000  batch 0.482  add+norm 0.000
bs: level 11 batch      8289 pairs  max_nl     140365  pool  35.56 GB  0.48 s  (batch 0.48: scatter 0.03 ntt 0.37 crt 0.08 merge 0.00)
live: bs level 11 batch              pool live 0.00 0.00 0.00 0.00 | window peak 0.00 0.00 0.00 0.00 | pool 1.44 1.44 1.44 1.44 GB per APU; peak/pool 0.0 %; MemAvailable 295.1 GB, Cached 0.6 GB
bs:   layout 0.001  batch 0.495  add+norm 0.000
bs: level 12 batch      4145 pairs  max_nl     280729  pool  35.56 GB  0.50 s  (batch 0.49: scatter 0.03 ntt 0.38 crt 0.08 merge 0.00)
live: bs level 12 batch              pool live 0.00 0.00 0.00 0.00 | window peak 0.00 0.00 0.00 0.00 | pool 1.44 1.44 1.44 1.44 GB per APU; peak/pool 0.0 %; MemAvailable 295.1 GB, Cached 0.6 GB
bs:   layout 0.000  batch 0.515  add+norm 0.000
bs: level 13 batch      2072 pairs  max_nl     561453  pool  35.56 GB  0.51 s  (batch 0.51: scatter 0.03 ntt 0.40 crt 0.08 merge 0.00)
live: bs level 13 batch              pool live 0.00 0.00 0.00 0.00 | window peak 0.00 0.00 0.00 0.00 | pool 1.44 1.44 1.44 1.44 GB per APU; peak/pool 0.0 %; MemAvailable 295.1 GB, Cached 0.6 GB
bs:   layout 0.000  batch 0.603  add+norm 0.000
bs: level 14 batch      1036 pairs  max_nl    1122899  pool  35.56 GB  0.60 s  (batch 0.60: scatter 0.03 ntt 0.48 crt 0.09 merge 0.00)
live: bs level 14 batch              pool live 0.00 0.00 0.00 0.00 | window peak 0.00 0.00 0.00 0.00 | pool 1.44 1.44 1.44 1.44 GB per APU; peak/pool 0.0 %; MemAvailable 295.1 GB, Cached 0.6 GB
bs:   layout 0.000  batch 0.611  add+norm 0.000
bs: level 15 batch       518 pairs  max_nl    2245773  pool  35.56 GB  0.61 s  (batch 0.61: scatter 0.03 ntt 0.49 crt 0.09 merge 0.00)
live: bs level 15 batch              pool live 0.00 0.00 0.00 0.00 | window peak 0.00 0.00 0.00 0.00 | pool 1.44 1.44 1.44 1.44 GB per APU; peak/pool 0.0 %; MemAvailable 295.1 GB, Cached 0.6 GB
bs:   layout 0.000  batch 0.630  add+norm 0.000
bs: level 16 batch       259 pairs  max_nl    4491448  pool  35.56 GB  0.63 s  (batch 0.63: scatter 0.03 ntt 0.51 crt 0.09 merge 0.00)
live: bs level 16 batch              pool live 0.00 0.00 0.00 0.00 | window peak 0.00 0.00 0.00 0.00 | pool 1.44 1.44 1.44 1.44 GB per APU; peak/pool 0.0 %; MemAvailable 295.1 GB, Cached 0.6 GB
bs:   layout 0.000  batch 0.623  add+norm 0.000
bs: level 17 batch       130 pairs  max_nl    8982503  pool  35.56 GB  0.62 s  (batch 0.62: scatter 0.03 ntt 0.51 crt 0.07 merge 0.00)
live: bs level 17 batch              pool live 0.00 0.00 0.00 0.00 | window peak 0.00 0.00 0.00 0.00 | pool 1.44 1.44 1.44 1.44 GB per APU; peak/pool 0.0 %; MemAvailable 295.1 GB, Cached 0.6 GB
bs:   layout 0.000  batch 0.639  add+norm 0.000
bs: level 18 batch        65 pairs  max_nl   17960293  pool  35.56 GB  0.64 s  (batch 0.64: scatter 0.03 ntt 0.54 crt 0.07 merge 0.00)
live: bs level 18 batch              pool live 0.00 0.00 0.00 0.00 | window peak 0.00 0.00 0.00 0.00 | pool 1.44 1.44 1.44 1.44 GB per APU; peak/pool 0.0 %; MemAvailable 295.1 GB, Cached 0.6 GB
bs:   layout 0.000  batch 0.654  add+norm 0.000
bs: level 19 batch        32 pairs  max_nl   35901562  pool  35.56 GB  0.65 s  (batch 0.65: scatter 0.03 ntt 0.54 crt 0.07 merge 0.00)
live: bs level 19 batch              pool live 0.00 0.00 0.00 0.00 | window peak 0.00 0.00 0.00 0.00 | pool 1.44 1.44 1.44 1.44 GB per APU; peak/pool 0.0 %; MemAvailable 295.1 GB, Cached 0.6 GB
bs:   layout 0.000  batch 0.752  add+norm 0.000
bs: level 20 batch        16 pairs  max_nl   71777421  pool  35.56 GB  0.75 s  (batch 0.75: scatter 0.04 ntt 0.63 crt 0.08 merge 0.00)
live: bs level 20 batch              pool live 0.00 0.00 0.00 0.00 | window peak 0.00 0.00 0.00 0.00 | pool 1.44 1.44 1.44 1.44 GB per APU; peak/pool 0.0 %; MemAvailable 295.1 GB, Cached 0.6 GB
bs:   layout 0.000  batch 0.931  add+norm 0.008
bs: level 21 batch         8 pairs  max_nl  143450361  pool  35.56 GB  0.94 s  (batch 0.93: scatter 0.13 ntt 0.75 crt 0.08 merge 0.01)
live: bs level 21 batch              pool live 0.00 0.00 0.00 0.00 | window peak 0.00 0.00 0.00 0.00 | pool 1.44 1.44 1.44 1.44 GB per APU; peak/pool 0.0 %; MemAvailable 295.0 GB, Cached 0.6 GB
bs:   layout 0.000  batch 1.318  add+norm 0.001
bs: level 22 batch         4 pairs  max_nl  286468623  pool  35.56 GB  1.32 s  (batch 1.32: scatter 0.25 ntt 1.03 crt 0.28 merge 0.00)
live: bs level 22 batch              pool live 0.00 0.00 0.00 0.00 | window peak 0.00 0.00 0.00 0.00 | pool 1.44 1.44 1.44 1.44 GB per APU; peak/pool 0.0 %; MemAvailable 295.1 GB, Cached 0.6 GB
dbig pool: APU0 VMM arena: the background thread mapped chunks 0..13 in 5.02 s
dbig pool: APU1 VMM arena: the background thread mapped chunks 0..13 in 6.56 s
dbig pool: APU2 VMM arena: the background thread mapped chunks 0..13 in 3.82 s
dbig pool: APU3 VMM arena: the background thread mapped chunks 0..13 in 2.03 s
bs: level 23 mdev          2 pairs  max_nl  571080422  pool  35.56 GB  2.07 s  (batch 0.00: scatter 0.00 ntt 0.00 crt 0.00 merge 0.00)
live: bs level 23 mdev               pool live 8.89 8.89 8.89 8.89 | window peak 8.89 8.89 8.89 8.89 | pool 30.06 30.06 30.06 30.06 GB per APU; peak/pool 29.6 %; MemAvailable 294.1 GB, Cached 0.6 GB
bs: level 24 mdev          1 pairs  max_nl 1133357805  pool  35.56 GB  3.77 s  (batch 0.00: scatter 0.00 ntt 0.00 crt 0.00 merge 0.00)
live: bs level 24 mdev               pool live 8.89 8.89 8.89 8.89 | window peak 16.16 16.16 16.16 16.16 | pool 30.06 30.06 30.06 30.06 GB per APU; peak/pool 53.7 %; MemAvailable 294.2 GB, Cached 0.6 GB
bs: level 25 mdev          1 pairs  max_nl 2194887055  pool  35.56 GB  1.95 s  (batch 0.00: scatter 0.00 ntt 0.00 crt 0.00 merge 0.00)
live: bs level 25 mdev               pool live 8.89 8.89 8.89 8.89 | window peak 14.85 14.85 14.85 14.85 | pool 30.06 30.06 30.06 30.06 GB per APU; peak/pool 49.4 %; MemAvailable 294.2 GB, Cached 0.6 GB
bs       31.71 s   N 4346031744, P 2222222227 limbs, Q 2222222227 limbs (seeds 8.1 school 0.0 batch 15.8 mdev 7.8; pool 39.9 GB; dev pools 0.0 GB)   VmRSS 9.0 GB, VmHWM 25.7 GB
RESULT ecalc bs s 31.7143
mem [bs] device 224.0 GB in use (per APU 56.0..56.0): planes 103.1, regions 0.0, block pool 120.3 (donated 0.0, borrowed 120.3, hipMalloc 0.0; live 35.6, peak live 64.6, free 84.7), tables 0.61, other 0.0
mem [bs] host 9.0 GB RSS (HWM 25.7): staging 4.3 pinned, registered 0.1, X 0.0, digits 0.0, named 0.0, other 4.6
      I3: plane pool tails donated: 0.0 GB
live: recip(db) j 2 -> 3             pool live 22.22 22.22 22.22 22.22 | window peak 22.22 22.22 22.22 22.22 | pool 30.06 30.06 30.06 30.06 GB per APU; peak/pool 73.9 %; MemAvailable 296.3 GB, Cached 0.6 GB
live: recip(db) j 3 -> 5             pool live 22.22 22.22 22.22 22.22 | window peak 22.22 22.22 22.22 22.22 | pool 30.06 30.06 30.06 30.06 GB per APU; peak/pool 73.9 %; MemAvailable 296.3 GB, Cached 0.6 GB
live: recip(db) j 5 -> 9             pool live 22.22 22.22 22.22 22.22 | window peak 22.22 22.22 22.22 22.22 | pool 30.06 30.06 30.06 30.06 GB per APU; peak/pool 73.9 %; MemAvailable 296.3 GB, Cached 0.6 GB
live: recip(db) j 9 -> 17            pool live 22.22 22.22 22.22 22.22 | window peak 22.22 22.22 22.22 22.22 | pool 30.06 30.06 30.06 30.06 GB per APU; peak/pool 73.9 %; MemAvailable 296.3 GB, Cached 0.6 GB
live: recip(db) j 17 -> 34           pool live 22.22 22.22 22.22 22.22 | window peak 22.22 22.22 22.22 22.22 | pool 30.06 30.06 30.06 30.06 GB per APU; peak/pool 73.9 %; MemAvailable 296.3 GB, Cached 0.6 GB
live: recip(db) j 34 -> 67           pool live 22.22 22.22 22.22 22.22 | window peak 22.22 22.22 22.22 22.22 | pool 30.06 30.06 30.06 30.06 GB per APU; peak/pool 73.9 %; MemAvailable 296.3 GB, Cached 0.6 GB
live: recip(db) j 67 -> 133          pool live 22.22 22.22 22.22 22.22 | window peak 22.22 22.22 22.22 22.22 | pool 30.06 30.06 30.06 30.06 GB per APU; peak/pool 73.9 %; MemAvailable 296.3 GB, Cached 0.6 GB
live: recip(db) j 133 -> 265         pool live 22.22 22.22 22.22 22.22 | window peak 22.22 22.22 22.22 22.22 | pool 30.06 30.06 30.06 30.06 GB per APU; peak/pool 73.9 %; MemAvailable 296.3 GB, Cached 0.6 GB
live: recip(db) j 265 -> 530         pool live 22.22 22.22 22.22 22.22 | window peak 22.22 22.22 22.22 22.22 | pool 30.06 30.06 30.06 30.06 GB per APU; peak/pool 73.9 %; MemAvailable 296.3 GB, Cached 0.6 GB
live: recip(db) j 530 -> 1060        pool live 22.22 22.22 22.22 22.22 | window peak 22.22 22.22 22.22 22.22 | pool 30.06 30.06 30.06 30.06 GB per APU; peak/pool 73.9 %; MemAvailable 296.3 GB, Cached 0.6 GB
live: recip(db) j 1060 -> 2120       pool live 22.22 22.22 22.22 22.22 | window peak 22.22 22.22 22.22 22.22 | pool 30.06 30.06 30.06 30.06 GB per APU; peak/pool 73.9 %; MemAvailable 296.3 GB, Cached 0.6 GB
live: recip(db) j 2120 -> 4239       pool live 22.22 22.22 22.22 22.22 | window peak 22.22 22.22 22.22 22.22 | pool 30.06 30.06 30.06 30.06 GB per APU; peak/pool 73.9 %; MemAvailable 296.3 GB, Cached 0.6 GB
live: recip(db) j 4239 -> 8478       pool live 22.22 22.22 22.22 22.22 | window peak 22.22 22.22 22.22 22.22 | pool 30.06 30.06 30.06 30.06 GB per APU; peak/pool 73.9 %; MemAvailable 296.3 GB, Cached 0.6 GB
live: recip(db) j 8478 -> 16955      pool live 22.22 22.22 22.22 22.22 | window peak 22.22 22.22 22.22 22.22 | pool 30.06 30.06 30.06 30.06 GB per APU; peak/pool 73.9 %; MemAvailable 296.3 GB, Cached 0.6 GB
live: recip(db) j 16955 -> 33909     pool live 22.22 22.22 22.22 22.22 | window peak 22.22 22.22 22.22 22.22 | pool 30.06 30.06 30.06 30.06 GB per APU; peak/pool 73.9 %; MemAvailable 296.3 GB, Cached 0.6 GB
live: recip(db) j 33909 -> 67817     pool live 22.22 22.22 22.22 22.22 | window peak 22.22 22.22 22.22 22.22 | pool 30.06 30.06 30.06 30.06 GB per APU; peak/pool 73.9 %; MemAvailable 296.3 GB, Cached 0.6 GB
live: recip(db) j 67817 -> 135634    pool live 22.22 22.22 22.22 22.22 | window peak 22.22 22.22 22.22 22.22 | pool 30.06 30.06 30.06 30.06 GB per APU; peak/pool 73.9 %; MemAvailable 296.3 GB, Cached 0.6 GB
live: recip(db) j 135634 -> 271268   pool live 22.22 22.22 22.22 22.22 | window peak 22.22 22.22 22.22 22.22 | pool 30.06 30.06 30.06 30.06 GB per APU; peak/pool 73.9 %; MemAvailable 296.3 GB, Cached 0.6 GB
live: recip(db) j 271268 -> 542535   pool live 22.22 22.22 22.22 22.22 | window peak 22.22 22.22 22.22 22.22 | pool 30.06 30.06 30.06 30.06 GB per APU; peak/pool 73.9 %; MemAvailable 296.3 GB, Cached 0.6 GB
live: recip(db) j 542535 -> 1085070  pool live 22.22 22.22 22.22 22.22 | window peak 22.22 22.22 22.22 22.22 | pool 30.06 30.06 30.06 30.06 GB per APU; peak/pool 73.9 %; MemAvailable 296.3 GB, Cached 0.6 GB
live: recip(db) j 1085070 -> 2170139 pool live 22.22 22.22 22.22 22.22 | window peak 22.22 22.22 22.22 22.22 | pool 30.06 30.06 30.06 30.06 GB per APU; peak/pool 73.9 %; MemAvailable 296.3 GB, Cached 0.6 GB
live: recip(db) j 2170139 -> 4340278 pool live 22.22 22.22 22.22 22.22 | window peak 22.22 22.22 22.22 22.22 | pool 30.06 30.06 30.06 30.06 GB per APU; peak/pool 73.9 %; MemAvailable 296.3 GB, Cached 0.6 GB
live: recip(db) j 4340278 -> 8680556 pool live 22.22 22.22 22.22 22.22 | window peak 22.22 22.22 22.22 22.22 | pool 30.06 30.06 30.06 30.06 GB per APU; peak/pool 73.9 %; MemAvailable 296.3 GB, Cached 0.6 GB
live: recip(db) j 8680556 -> 17361112 pool live 22.22 22.22 22.22 22.22 | window peak 22.22 22.22 22.22 22.22 | pool 30.06 30.06 30.06 30.06 GB per APU; peak/pool 73.9 %; MemAvailable 296.3 GB, Cached 0.6 GB
live: recip(db) j 17361112 -> 34722223 pool live 22.22 22.22 22.22 22.22 | window peak 22.22 22.22 22.22 22.22 | pool 30.06 30.06 30.06 30.06 GB per APU; peak/pool 73.9 %; MemAvailable 296.3 GB, Cached 0.6 GB
live: recip(db) j 34722223 -> 69444445 pool live 22.22 22.22 22.22 22.22 | window peak 22.22 22.22 22.22 22.22 | pool 30.06 30.06 30.06 30.06 GB per APU; peak/pool 73.9 %; MemAvailable 296.3 GB, Cached 0.6 GB
live: recip(db) j 69444445 -> 138888890 pool live 22.22 22.22 22.22 22.22 | window peak 22.22 22.22 22.22 22.22 | pool 30.06 30.06 30.06 30.06 GB per APU; peak/pool 73.9 %; MemAvailable 296.3 GB, Cached 0.6 GB
live: recip(db) j 138888890 -> 277777779 pool live 22.22 22.22 22.22 22.22 | window peak 22.22 22.22 22.22 22.22 | pool 30.06 30.06 30.06 30.06 GB per APU; peak/pool 73.9 %; MemAvailable 296.3 GB, Cached 0.6 GB
live: recip(db) j 277777779 -> 555555557 pool live 22.22 22.22 22.22 22.22 | window peak 22.22 22.22 22.22 22.22 | pool 30.06 30.06 30.06 30.06 GB per APU; peak/pool 73.9 %; MemAvailable 296.3 GB, Cached 0.6 GB
live: recip(db) j 555555557 -> 1111111113 pool live 22.22 22.22 22.22 22.22 | window peak 22.22 22.22 22.22 22.22 | pool 30.06 30.06 30.06 30.06 GB per APU; peak/pool 73.9 %; MemAvailable 296.0 GB, Cached 0.6 GB
newton(db) j 1111111113 (k 2222222225): recip cut 0 pieces skipped, 8 formed in the step's two products
live: recip(db) j 1111111113 -> 2222222225 pool live 22.22 22.22 22.22 22.22 | window peak 25.33 25.33 25.33 25.33 | pool 30.06 30.06 30.06 30.06 GB per APU; peak/pool 84.3 %; MemAvailable 296.0 GB, Cached 0.6 GB
recip     9.56 s   mu 2222222226 limbs (31 iterations, 0 mdev)   VmRSS 6.9 GB, VmHWM 25.7 GB
mem [recip] device 224.0 GB in use (per APU 56.0..56.0): planes 103.1, regions 0.0, block pool 120.3 (donated 0.0, borrowed 120.3, hipMalloc 0.0; live 53.3, peak live 101.3, free 66.9), tables 0.61, other 0.0
mem [recip] host 6.9 GB RSS (HWM 25.7): staging 0.0 pinned, registered 0.1, X 0.0, digits 0.0, named 0.0, other 6.9
      I3: P, Q residues by kernel 0.53 s (before the reciprocal), S = P + Q on device 0.06 s; no host A
10dP      0.06 s   T 2222222223 limbs, A 4444444450 limbs (0 mdev, 0 splits)   VmRSS 6.9 GB, VmHWM 25.7 GB
RESULT ecalc 10dP s 0.0598518
   dist_db 2222222224 x 2222222225 limbs: 3 x 3 pieces of 740740742 + 740740742, 8 formed, 1 skipped (low cut): 5.614 s (cache 0 slots: 0 hits, 0 misses)
dbig pool: APU0 VMM remap for a 8.89 GB request: 5 free chunks moved to slot 14 (10.74 GB contiguous) in 0.221 s; free 16.73 GB in 4 extents, live 13.33 GB
  T2 window@50 ok
  T2 window@1000000 ok
  T2 window@100000000 ok
  T2 window@1000000000 ok
dbig pool: APU1 VMM remap for a 8.89 GB request: 5 free chunks moved to slot 14 (10.74 GB contiguous) in 0.232 s; free 16.73 GB in 4 extents, live 13.33 GB
dbig pool: APU2 VMM remap for a 8.89 GB request: 5 free chunks moved to slot 14 (10.74 GB contiguous) in 0.208 s; free 16.73 GB in 4 extents, live 13.33 GB
dbig pool: APU3 VMM remap for a 8.89 GB request: 5 free chunks moved to slot 14 (10.74 GB contiguous) in 0.196 s; free 16.73 GB in 4 extents, live 13.33 GB
   dist_db 2222222224 x 2222222227 limbs: 3 x 3 pieces of 740740742 + 740740743, 8 formed, 1 skipped (low product): 5.621 s (cache 0 slots: 0 hits, 0 misses)
live: divmod(dev) end                pool live 13.33 13.33 13.33 13.33 | window peak 25.19 25.19 25.19 25.19 | pool 30.06 30.06 30.06 30.06 GB per APU; peak/pool 83.8 %; MemAvailable 295.1 GB, Cached 0.6 GB
mem [division] device 224.0 GB in use (per APU 56.0..56.0): planes 103.1, regions 0.0, block pool 120.3 (donated 0.0, borrowed 120.3, hipMalloc 0.0; live 17.8, peak live 101.3, free 102.5), tables 0.61, other 0.0
mem [division] host 7.9 GB RSS (HWM 25.7): staging 0.0 pinned, registered 0.1, X 0.0, digits 0.0, named 0.0, other 7.8
dm       22.82 s   X 2222222224 limbs, R 0 limbs (recip 9.6 s; corrections 0/0; 0 mdev); X on the device   VmRSS 7.9 GB, VmHWM 25.7 GB
mem [dm] device 224.0 GB in use (per APU 56.0..56.0): planes 103.1, regions 0.0, block pool 120.3 (donated 0.0, borrowed 120.3, hipMalloc 0.0; live 17.8, peak live 101.3, free 102.5), tables 0.61, other 0.0
mem [dm] host 7.9 GB RSS (HWM 25.7): staging 0.0 pinned, registered 0.1, X 0.0, digits 0.0, named 0.0, other 7.8
RESULT ecalc dm s 22.8175
  T1 q0=4611686018427388039: P ok, Q ok, T(P+Q) == XQ+R ok
  T1 q1=4611686018427388073: P ok, Q ok, T(P+Q) == XQ+R ok
  T1 q2=4611686018427388081: P ok, Q ok, T(P+Q) == XQ+R ok
  T1 q3=4611686018427388091: P ok, Q ok, T(P+Q) == XQ+R ok
  T1 q4=4611686018427388093: P ok, Q ok, T(P+Q) == XQ+R ok
  T1 q5=4611686018427388097: P ok, Q ok, T(P+Q) == XQ+R ok
  T1 q6=4611686018427388157: P ok, Q ok, T(P+Q) == XQ+R ok
  T1 q7=4611686018427388181: P ok, Q ok, T(P+Q) == XQ+R ok
T1        0.00 s   ok: T(P+Q) == XQ + R and P, Q mod q for 8 primes (P, Q recurrence overlapped with bs)
      overlapped with bs: P, Q mod q recurrence 4.93 s, block pool pregrown by 0 GB in 0.00 s
RESULT ecalc T1 s 1.926e-05
      VmRSS 7.9 GB before dc
total    66.34 s   (bs 31.7 + 10dP 0.1 + dm 22.8 + T1 0.0 + dc 0.0 + T2 0.0 = 54.6; init 11.7; other 0.1); VmHWM 25.7 GB
RESULT ecalc total s 66.3354
RESULT ecalc phases s 54.5917
RESULT ecalc other s 0.0803269
RESULT ecalc vmhwm GB 25.7478
paper A22 (4e10): 285.7 = bs 112.2 + 10dP 12.6 + dm 46.8 + T1 ~3 + dc 110.3
  T1 q0: digits == X ok
  T1 q1: digits == X ok
  T1 q2: digits == X ok
  T1 q3: digits == X ok
  T1 q4: digits == X ok
  T1 q5: digits == X ok
  T1 q6: digits == X ok
  T1 q7: digits == X ok
dc       12.91 s   digits [0, 40000000015) of 40000000015 formatted from 2222222224 decimal limbs in 150 chunks (streamed with the low product; joined after total) (residues 0.27, format 2.43, digit residue 2.58, T2 0.00, fetch 0.83, waiting for the writer 14.29)
RESULT ecalc dc s 12.9116
T2        0.00 s   windows ok (4 checked), digits == X mod q ok (overlapped)
RESULT ecalc T2 s 0
digits: 27182818284590452353602874713526624977572470936999595749669676...78143383465712288221
wrote /tmp/t2_21519/e.out (40.00 GB; write 19.90 s in the writer thread, 0.03 s after the checks)
VERIFY OK
dbig pool: APU0 tail 9.03 GB: 1 large blocks from its back, 5 small blocks spilled into it
dbig pool: APU1 tail 9.03 GB: 1 large blocks from its back, 4 small blocks spilled into it
dbig pool: APU2 tail 9.03 GB: 1 large blocks from its back, 4 small blocks spilled into it
dbig pool: APU3 tail 9.03 GB: 1 large blocks from its back, 4 small blocks spilled into it
mem [end] device 103.7 GB in use (per APU 25.9..25.9): planes 103.1, regions 0.0, block pool 0.0 (donated 0.0, borrowed 0.0, hipMalloc 0.0; live 0.0, peak live 101.3, free 0.0), tables 0.61, other 0.0
mem [end] host 7.0 GB RSS (HWM 25.7): staging 0.0 pinned, registered 0.1, X 0.0, digits 0.0, named 0.0, other 6.9
mem summary: bytes in use at each phase boundary, GB (device: all APUs / largest APU; host: this process)
mem phase           device  maxAPU |  planes regions  pl:don  pl:bor  pl:hip pl:live pl:peak tables |    host staging  regist       X  digits   other     HWM
mem init             218.2    54.5 |   103.1    60.8     0.0    53.7     0.0     0.0     0.0   0.61 |    24.3    21.5     0.0     0.0     0.0     2.8    24.3
mem bs               224.0    56.0 |   103.1     0.0     0.0   120.3     0.0    35.6    64.6   0.61 |     9.0     4.3     0.1     0.0     0.0     4.6    25.7
mem recip            224.0    56.0 |   103.1     0.0     0.0   120.3     0.0    53.3   101.3   0.61 |     6.9     0.0     0.1     0.0     0.0     6.9    25.7
mem division         224.0    56.0 |   103.1     0.0     0.0   120.3     0.0    17.8   101.3   0.61 |     7.9     0.0     0.1     0.0     0.0     7.8    25.7
mem dm               224.0    56.0 |   103.1     0.0     0.0   120.3     0.0    17.8   101.3   0.61 |     7.9     0.0     0.1     0.0     0.0     7.8    25.7
mem end              103.7    25.9 |   103.1     0.0     0.0     0.0     0.0     0.0   101.3   0.61 |     7.0     0.0     0.1     0.0     0.0     6.9    25.7
dbig pool: APU0 VMM arena released (1 remaps of 5 chunks in 0.22 s, 0 growths of 0 chunks)
dbig pool: APU1 VMM arena released (1 remaps of 5 chunks in 0.23 s, 0 growths of 0 chunks)
dbig pool: APU2 VMM arena released (1 remaps of 5 chunks in 0.21 s, 0 growths of 0 chunks)
dbig pool: APU3 VMM arena released (1 remaps of 5 chunks in 0.20 s, 0 growths of 0 chunks)
rns_dist: RNS_STRATEGY=auto form B: C 1 products 0.88 s, B 99 products 18.24 s, B4 0 products 0.00 s; extra plane memory 0.00 GiB/APU (allocations 0.00 s)

real	1m20.948s
user	0m0.010s
sys	0m0.015s
