== T2 run dv: 100000000000 nw, env: RNS_VERBOSE=1; job 21461 on ppac-pl1-s24-26, clone at 594ba4c, 2026-09-26 22:23:14 CDT
== ecalc: e to 100000000000 digits (decimal limbs, base 10^18) [computed to the next multiple of 18] ==
META bench=ecalc host=ppac-pl1-s24-26 date=2026-09-26T22:23:15 pool_log=31 stg=7 pw_fuse=14 body=1 engine=1 base=10^18
ECALC_PLANE_CAP: 2^31 points (POOL_LOG=31 RNS_PLANES_3Q30=0 DIST_LOGN_TEST=31)
rns_init: three primes (ECALC_NP=3): c 2^44 + 1, c = 240, 216, 207; at most 58424467928 terms per product
rns_init: APU2 staging 1.0 GiB touch 0.05 s register 0.10 s, 48 cpus; device open 0.00 s, contexts 0.75 s, stream+staging 0.17 s
rns_init: APU1 staging 1.0 GiB touch 0.04 s register 0.12 s, 48 cpus; device open 0.00 s, contexts 0.96 s, stream+staging 0.18 s
rns_init: APU3 staging 1.0 GiB touch 0.04 s register 0.09 s, 48 cpus; device open 0.00 s, contexts 1.17 s, stream+staging 0.16 s
rns_init: APU0 staging 1.0 GiB touch 0.03 s register 0.09 s, 48 cpus; device open 0.00 s, contexts 1.24 s, stream+staging 0.22 s
dbig pool: APU3 VMM arena 64.42 GB = 30 chunks of 2.00 GiB, the first 13 mapped in 6.71 s (0.240 s/GB), the rest in the background, VA 195.4 GB reserved at 0x743df3400000
dbig pool: APU2 VMM arena 64.42 GB = 30 chunks of 2.00 GiB, the first 14 mapped in 8.52 s (0.283 s/GB), the rest in the background, VA 195.4 GB reserved at 0x746b73600000
dbig pool: APU0 VMM arena 68.72 GB = 32 chunks of 2.00 GiB, the first 16 mapped in 9.22 s (0.268 s/GB), the rest in the background, VA 208.3 GB reserved at 0x74c873c00000
dbig pool: APU1 VMM arena 64.42 GB = 30 chunks of 2.00 GiB, the first 15 mapped in 10.21 s (0.317 s/GB), the rest in the background, VA 195.4 GB reserved at 0x749af3a00000
bs: arenas 259.9 GB allocated in 10.21 s (layout pass 0.23 s; dm extra 17.0 GB, tails 90.3 GB)
      init: region pools 10.44 s (inside rns_init, before the plane pools: the seeds stream into them)
rns_init: plane pools per APU 12.00 + 12.00 GiB (hipmalloc), staging 1.00 GiB, tables 0.153 GB; staging+contexts 1.48 s, pools 15.22 s, peer access 0.17 s
      init: rns_init 17.10 s, region pools 0.00 s, the rest 0.00 s
RESULT ecalc init s 17.104
      VmRSS 24.5 GB after init (staging 4.3 GB pinned + device regions 260 GB); init 17.1 s
mem [init] device 363.6 GB in use (per APU 89.7..94.3): planes 103.1, regions 135.3, block pool 124.6 (donated 0.0, borrowed 124.6, hipMalloc 0.0; live 0.0, peak live 0.0, free 0.0), tables 0.61, other 0.0
mem [init] host 24.5 GB RSS (HWM 24.5): staging 21.5 pinned, registered 0.0, X 0.0, digits 0.0, named 0.0, other 3.0
budget: rank 0: peak 388.6 GB (device 363.6, host 25.0), still to take 0.0 GB | node of 1 rank: peaks 388.6 of 480 GB, to take 0.0 of MemAvailable 273.9 GB | rank share 480.0 GB
budget: ECALC_BUDGET_CHECK ok: 1 rank, largest rank peak 388.6 GB, node budget 480 GB
bs: seeds were computed during init (31.30 s: buffers 1.63 + 0.09, spans 21.43, waited 5.36 for the regions, 0.67 for the DMA, 2.11 issuing it (max 0.94); 12 chunks of 8191 MB, 12 through a buffer, the rest stored into the regions)
bs: 10433891470 terms, 40757389 spans of 256, seeds 20.45 s (waiting for the init thread)
dbig pool: APU0 VMM arena: the background thread mapped chunks 0..31 in 5.52 s
batch-local N=40757388 (10189348/10189348/10189348/10189344) L=2^10 tile 406900 pair: scatter 0.248 ntt 1.211 crt 0.194 merge 0.075
bs:   layout 0.754  batch 3.246  add+norm 0.138
bs: level  1 batch  20378694 pairs  max_nl        143  pool  89.29 GB  4.14 s  (batch 2.54: scatter 0.25 ntt 1.21 crt 0.19 merge 0.07)
live: bs level 1 batch               pool live 0.00 0.00 0.00 0.00 | window peak 0.00 0.00 0.00 0.00 | pool 0.31 0.60 0.60 0.60 GB per APU; peak/pool 0.0 %; MemAvailable 149.0 GB, Cached 0.6 GB
batch-local N=20378694 (5094674/5094674/5094674/5094672) L=2^10 tile 406900 pair: scatter 0.117 ntt 0.577 crt 0.179 merge 0.060
bs:   layout 0.364  batch 1.631  add+norm 0.065
bs: level  2 batch  10189347 pairs  max_nl        285  pool  89.09 GB  2.06 s  (batch 1.27: scatter 0.12 ntt 0.58 crt 0.18 merge 0.06)
live: bs level 2 batch               pool live 0.00 0.00 0.00 0.00 | window peak 0.00 0.00 0.00 0.00 | pool 0.31 0.60 0.60 0.60 GB per APU; peak/pool 0.0 %; MemAvailable 150.5 GB, Cached 0.6 GB
batch-local N=10189348 (2547338/2547336/2547338/2547336) L=2^11 tile 203450 pair: scatter 0.106 ntt 0.611 crt 0.175 merge 0.019
bs:   layout 0.145  batch 1.273  add+norm 0.031
bs: level  3 batch   5094674 pairs  max_nl        570  pool  88.99 GB  1.45 s  (batch 1.08: scatter 0.11 ntt 0.61 crt 0.17 merge 0.02)
live: bs level 3 batch               pool live 0.00 0.00 0.00 0.00 | window peak 0.00 0.00 0.00 0.00 | pool 0.31 0.60 0.60 0.60 GB per APU; peak/pool 0.0 %; MemAvailable 151.3 GB, Cached 0.6 GB
batch-local N=5094674 (1273670/1273668/1273668/1273668) L=3*2^10 tile 135632 pair: scatter 0.083 ntt 0.691 crt 0.169 merge 0.008
bs:   layout 0.074  batch 1.129  add+norm 0.018
bs: level  4 batch   2547337 pairs  max_nl       1140  pool  88.94 GB  1.22 s  (batch 1.04: scatter 0.08 ntt 0.69 crt 0.17 merge 0.01)
live: bs level 4 batch               pool live 0.00 0.00 0.00 0.00 | window peak 0.00 0.00 0.00 0.00 | pool 0.31 0.60 0.60 0.60 GB per APU; peak/pool 0.0 %; MemAvailable 151.7 GB, Cached 0.6 GB
batch-local N=2547336 (636836/636834/636834/636832) L=3*2^11 tile 67816 pair: scatter 0.079 ntt 0.725 crt 0.166 merge 0.007
bs:   layout 0.042  batch 1.062  add+norm 0.011
bs: level  5 batch   1273668 pairs  max_nl       2280  pool  88.91 GB  1.11 s  (batch 1.02: scatter 0.08 ntt 0.73 crt 0.17 merge 0.01)
live: bs level 5 batch               pool live 0.00 0.00 0.00 0.00 | window peak 0.00 0.00 0.00 0.00 | pool 0.31 0.60 0.60 0.60 GB per APU; peak/pool 0.0 %; MemAvailable 152.0 GB, Cached 0.6 GB
batch-local N=1273668 (318418/318418/318418/318414) L=3*2^12 tile 33908 pair: scatter 0.077 ntt 0.761 crt 0.168 merge 0.034
bs:   layout 0.023  batch 1.084  add+norm 0.006
bs: level  6 batch    636834 pairs  max_nl       4560  pool  88.90 GB  1.11 s  (batch 1.06: scatter 0.08 ntt 0.76 crt 0.17 merge 0.03)
live: bs level 6 batch               pool live 0.00 0.00 0.00 0.00 | window peak 0.00 0.00 0.00 0.00 | pool 0.31 0.60 0.60 0.60 GB per APU; peak/pool 0.0 %; MemAvailable 152.0 GB, Cached 0.6 GB
batch-local N=636834 (159210/159208/159210/159206) L=3*2^13 tile 16954 pair: scatter 0.075 ntt 0.857 crt 0.164 merge 0.009
bs:   layout 0.012  batch 1.128  add+norm 0.003
bs: level  7 batch    318417 pairs  max_nl       9120  pool  88.90 GB  1.14 s  (batch 1.12: scatter 0.08 ntt 0.86 crt 0.16 merge 0.01)
live: bs level 7 batch               pool live 0.00 0.00 0.00 0.00 | window peak 0.00 0.00 0.00 0.00 | pool 0.31 0.60 0.60 0.60 GB per APU; peak/pool 0.0 %; MemAvailable 152.1 GB, Cached 0.6 GB
batch-local N=318418 (79606/79604/79604/79604) L=3*2^14 tile 8476 pair: scatter 0.071 ntt 0.880 crt 0.172 merge 0.005
bs:   layout 0.009  batch 1.135  add+norm 0.001
bs: level  8 batch    159209 pairs  max_nl      18239  pool  88.89 GB  1.15 s  (batch 1.13: scatter 0.07 ntt 0.88 crt 0.17 merge 0.01)
live: bs level 8 batch               pool live 0.00 0.00 0.00 0.00 | window peak 0.00 0.00 0.00 0.00 | pool 0.31 0.60 0.60 0.60 GB per APU; peak/pool 0.0 %; MemAvailable 152.1 GB, Cached 0.6 GB
batch-local N=159208 (39804/39802/39802/39800) L=3*2^15 tile 4238 pair: scatter 0.069 ntt 0.928 crt 0.180 merge 0.003
bs:   layout 0.002  batch 1.186  add+norm 0.001
bs: level  9 batch     79604 pairs  max_nl      36477  pool  88.89 GB  1.19 s  (batch 1.18: scatter 0.07 ntt 0.93 crt 0.18 merge 0.00)
live: bs level 9 batch               pool live 0.00 0.00 0.00 0.00 | window peak 0.00 0.00 0.00 0.00 | pool 0.31 0.60 0.60 0.60 GB per APU; peak/pool 0.0 %; MemAvailable 152.1 GB, Cached 0.6 GB
batch-local N=79604 (19902/19902/19902/19898) L=3*2^16 tile 2118 pair: scatter 0.072 ntt 0.924 crt 0.196 merge 0.002
bs:   layout 0.009  batch 1.197  add+norm 0.000
bs: level 10 batch     39802 pairs  max_nl      72953  pool  88.89 GB  1.21 s  (batch 1.20: scatter 0.07 ntt 0.92 crt 0.20 merge 0.00)
live: bs level 10 batch              pool live 0.00 0.00 0.00 0.00 | window peak 0.00 0.00 0.00 0.00 | pool 0.31 0.60 0.60 0.60 GB per APU; peak/pool 0.0 %; MemAvailable 152.1 GB, Cached 0.6 GB
batch-local N=39802 (9952/9950/9952/9948) L=3*2^17 tile 1058 pair: scatter 0.071 ntt 0.869 crt 0.198 merge 0.001
bs:   layout 0.000  batch 1.138  add+norm 0.000
bs: level 11 batch     19901 pairs  max_nl     145905  pool  88.89 GB  1.14 s  (batch 1.14: scatter 0.07 ntt 0.87 crt 0.20 merge 0.00)
live: bs level 11 batch              pool live 0.00 0.00 0.00 0.00 | window peak 0.00 0.00 0.00 0.00 | pool 0.31 0.60 0.60 0.60 GB per APU; peak/pool 0.0 %; MemAvailable 152.1 GB, Cached 0.6 GB
batch-local N=19902 (4976/4976/4976/4974) L=3*2^18 tile 528 pair: scatter 0.072 ntt 0.897 crt 0.198 merge 0.001
bs:   layout 0.002  batch 1.169  add+norm 0.000
bs: level 12 batch      9951 pairs  max_nl     291809  pool  88.89 GB  1.17 s  (batch 1.17: scatter 0.07 ntt 0.90 crt 0.20 merge 0.00)
live: bs level 12 batch              pool live 0.00 0.00 0.00 0.00 | window peak 0.00 0.00 0.00 0.00 | pool 0.31 0.60 0.60 0.60 GB per APU; peak/pool 0.0 %; MemAvailable 152.1 GB, Cached 0.6 GB
batch-local N=9950 (2488/2488/2488/2486) L=3*2^19 tile 264 pair: scatter 0.071 ntt 0.941 crt 0.199 merge 0.001
bs:   layout 0.000  batch 1.212  add+norm 0.000
bs: level 13 batch      4975 pairs  max_nl     583615  pool  88.89 GB  1.21 s  (batch 1.21: scatter 0.07 ntt 0.94 crt 0.20 merge 0.00)
live: bs level 13 batch              pool live 0.00 0.00 0.00 0.00 | window peak 0.00 0.00 0.00 0.00 | pool 0.31 0.60 0.60 0.60 GB per APU; peak/pool 0.0 %; MemAvailable 152.1 GB, Cached 0.6 GB
batch-local N=4976 (1244/1244/1244/1244) L=3*2^20 tile 132 pair: scatter 0.073 ntt 1.136 crt 0.222 merge 0.001
bs:   layout 0.000  batch 1.432  add+norm 0.000
bs: level 14 batch      2488 pairs  max_nl    1167226  pool  88.89 GB  1.43 s  (batch 1.43: scatter 0.07 ntt 1.14 crt 0.22 merge 0.00)
live: bs level 14 batch              pool live 0.00 0.00 0.00 0.00 | window peak 0.00 0.00 0.00 0.00 | pool 0.31 0.60 0.60 0.60 GB per APU; peak/pool 0.0 %; MemAvailable 152.1 GB, Cached 0.6 GB
batch-local N=2488 (622/622/622/622) L=3*2^21 tile 66 pair: scatter 0.073 ntt 1.164 crt 0.222 merge 0.002
bs:   layout 0.000  batch 1.458  add+norm 0.000
bs: level 15 batch      1244 pairs  max_nl    2334422  pool  88.89 GB  1.46 s  (batch 1.46: scatter 0.07 ntt 1.16 crt 0.22 merge 0.00)
live: bs level 15 batch              pool live 0.00 0.00 0.00 0.00 | window peak 0.00 0.00 0.00 0.00 | pool 0.31 0.60 0.60 0.60 GB per APU; peak/pool 0.0 %; MemAvailable 152.1 GB, Cached 0.6 GB
batch-local N=1244 (312/310/312/310) L=3*2^22 tile 32 pair: scatter 0.074 ntt 1.211 crt 0.221 merge 0.002
bs:   layout 0.000  batch 1.504  add+norm 0.000
bs: level 16 batch       622 pairs  max_nl    4668720  pool  88.89 GB  1.50 s  (batch 1.50: scatter 0.07 ntt 1.21 crt 0.22 merge 0.00)
live: bs level 16 batch              pool live 0.00 0.00 0.00 0.00 | window peak 0.00 0.00 0.00 0.00 | pool 0.31 0.60 0.60 0.60 GB per APU; peak/pool 0.0 %; MemAvailable 152.1 GB, Cached 0.6 GB
batch-local N=622 (156/156/156/154) L=3*2^23 tile 16 pair: scatter 0.070 ntt 1.213 crt 0.184 merge 0.002
bs:   layout 0.000  batch 1.465  add+norm 0.000
bs: level 17 batch       311 pairs  max_nl    9336951  pool  88.89 GB  1.46 s  (batch 1.46: scatter 0.07 ntt 1.21 crt 0.18 merge 0.00)
live: bs level 17 batch              pool live 0.00 0.00 0.00 0.00 | window peak 0.00 0.00 0.00 0.00 | pool 0.31 0.60 0.60 0.60 GB per APU; peak/pool 0.0 %; MemAvailable 152.0 GB, Cached 0.6 GB
batch-local N=310 (78/78/78/76) L=3*2^24 tile 8 pair: scatter 0.071 ntt 1.238 crt 0.181 merge 0.003
bs:   layout 0.000  batch 1.489  add+norm 0.000
bs: level 18 batch       155 pairs  max_nl   18671943  pool  88.89 GB  1.49 s  (batch 1.49: scatter 0.07 ntt 1.24 crt 0.18 merge 0.00)
live: bs level 18 batch              pool live 0.00 0.00 0.00 0.00 | window peak 0.00 0.00 0.00 0.00 | pool 0.31 0.60 0.60 0.60 GB per APU; peak/pool 0.0 %; MemAvailable 152.0 GB, Cached 0.6 GB
batch-local N=156 (40/38/40/38) L=3*2^25 tile 4 pair: scatter 0.073 ntt 1.219 crt 0.186 merge 0.006
bs:   layout 0.000  batch 1.484  add+norm 0.000
bs: level 19 batch        78 pairs  max_nl   37341265  pool  88.89 GB  1.48 s  (batch 1.48: scatter 0.07 ntt 1.22 crt 0.19 merge 0.01)
live: bs level 19 batch              pool live 0.00 0.00 0.00 0.00 | window peak 0.00 0.00 0.00 0.00 | pool 0.31 0.60 0.60 0.60 GB per APU; peak/pool 0.0 %; MemAvailable 152.0 GB, Cached 0.6 GB
batch-local N=78 (20/20/20/18) L=3*2^26 tile 2 pair: scatter 0.080 ntt 1.268 crt 0.186 merge 0.009
bs:   layout 0.000  batch 1.538  add+norm 0.000
bs: level 20 batch        39 pairs  max_nl   74650918  pool  88.89 GB  1.54 s  (batch 1.54: scatter 0.08 ntt 1.27 crt 0.19 merge 0.01)
live: bs level 20 batch              pool live 0.00 0.00 0.00 0.00 | window peak 0.00 0.00 0.00 0.00 | pool 0.31 0.60 0.60 0.60 GB per APU; peak/pool 0.0 %; MemAvailable 152.0 GB, Cached 0.6 GB
batch-local N=38 (10/10/10/8) L=3*2^27 tile 1: scatter 0.099 ntt 1.763 crt 0.187 merge 0.017
bs:   layout 0.000  batch 2.063  add+norm 0.001
bs: level 21 batch        19 pairs  max_nl  149173435  pool  88.89 GB  2.06 s  (batch 2.06: scatter 0.10 ntt 1.76 crt 0.19 merge 0.02)
live: bs level 21 batch              pool live 0.00 0.00 0.00 0.00 | window peak 0.00 0.00 0.00 0.00 | pool 0.31 0.60 0.60 0.60 GB per APU; peak/pool 0.0 %; MemAvailable 152.0 GB, Cached 0.6 GB
batch N=20 L=3*2^28 tile 2 pair: 3.622 s (scatter 0.923 ntt 2.878 crt 0.727 merge 0.010)
bs:   layout 0.000  batch 3.622  add+norm 0.001
bs: level 22 batch        10 pairs  max_nl  298171803  pool  88.89 GB  3.62 s  (batch 3.62: scatter 0.92 ntt 2.88 crt 0.73 merge 0.01)
live: bs level 22 batch              pool live 0.00 0.00 0.00 0.00 | window peak 0.00 0.00 0.00 0.00 | pool 0.31 0.60 0.60 0.60 GB per APU; peak/pool 0.0 %; MemAvailable 152.0 GB, Cached 0.6 GB
dbig pool: APU1 VMM arena: the background thread mapped chunks 0..29 in 9.80 s
dbig pool: APU2 VMM arena: the background thread mapped chunks 0..29 in 12.59 s
dbig pool: APU3 VMM arena: the background thread mapped chunks 0..29 in 14.80 s
dist B 2^30 (1061529251 limbs = 548721764 x 512807487): load 0.143 ntt 0.134 crt 0.041 spills 0.044 total 0.363 s
   dist_db 1061529251 limbs: 0.462 s (dbig: shift 0.000 addsub 0.043 maxidx 0.027 reserve 0.000)
dist B 2^30 (1061529251 limbs = 548721764 x 512807487): load 0.130 ntt 0.134 crt 0.040 spills 0.016 total 0.319 s
   dist_db 1061529251 limbs: 0.324 s (dbig: shift 0.000 addsub 0.015 maxidx 0.009 reserve 0.000)
dist B 3*2^29 (1133357805 limbs = 571080422 x 562277383): load 0.126 ntt 0.239 crt 0.043 spills 0.021 total 0.434 s
   dist_db 1133357805 limbs: 0.439 s (dbig: shift 0.000 addsub 0.020 maxidx 0.010 reserve 0.000)
dist B 3*2^29 (1133357806 limbs = 571080422 x 562277384): load 0.135 ntt 0.237 crt 0.043 spills 0.016 total 0.431 s
   dist_db 1133357806 limbs: 0.436 s (dbig: shift 0.000 addsub 0.016 maxidx 0.010 reserve 0.000)
dist B 3*2^29 (1160469044 limbs = 582842743 x 577626301): load 0.154 ntt 0.237 crt 0.044 spills 0.021 total 0.453 s
   dist_db 1160469044 limbs: 0.458 s (dbig: shift 0.000 addsub 0.020 maxidx 0.010 reserve 0.000)
dist B 3*2^29 (1160469044 limbs = 582842743 x 577626301): load 0.154 ntt 0.237 crt 0.044 spills 0.016 total 0.449 s
   dist_db 1160469044 limbs: 0.454 s (dbig: shift 0.000 addsub 0.016 maxidx 0.010 reserve 0.000)
dist B 3*2^29 (1178075120 limbs = 590894383 x 587180737): load 0.141 ntt 0.238 crt 0.045 spills 0.020 total 0.443 s
   dist_db 1178075120 limbs: 0.448 s (dbig: shift 0.000 addsub 0.020 maxidx 0.010 reserve 0.000)
dist B 3*2^29 (1178075121 limbs = 590894383 x 587180738): load 0.142 ntt 0.238 crt 0.045 spills 0.016 total 0.438 s
   dist_db 1178075121 limbs: 0.443 s (dbig: shift 0.000 addsub 0.016 maxidx 0.010 reserve 0.000)
dist B 2^30 (1022124342 limbs = 594141204 x 427983138): load 0.136 ntt 0.134 crt 0.039 spills 0.015 total 0.323 s
   dist_db 1022124342 limbs: 0.327 s (dbig: shift 0.000 addsub 0.014 maxidx 0.009 reserve 0.000)
dist B 2^30 (1022124342 limbs = 594141204 x 427983138): load 0.122 ntt 0.133 crt 0.039 spills 0.015 total 0.308 s
   dist_db 1022124342 limbs: 0.312 s (dbig: shift 0.000 addsub 0.014 maxidx 0.009 reserve 0.000)
bs: level 23 mdev          5 pairs  max_nl  594141204  pool  88.89 GB  5.02 s  (batch 0.00: scatter 0.00 ntt 0.00 crt 0.00 merge 0.00)
live: bs level 23 mdev               pool live 22.22 22.22 22.22 22.22 | window peak 22.22 22.22 22.22 22.22 | pool 68.72 64.42 64.42 64.42 GB per APU; peak/pool 33.9 %; MemAvailable 151.2 GB, Cached 0.6 GB
dist B 3*2^29 (1439315185 limbs = 1061529250 x 377785935): load 0.087 ntt 0.238 crt 0.092 spills 0.033 total 0.449 s
dist B 3*2^29 (1439315185 limbs = 1061529250 x 377785935): load 0.087 ntt 0.238 crt 0.054 spills 0.022 total 0.411 s
dist B 3*2^29 (1439315185 limbs = 1061529250 x 377785935): load 0.087 ntt 0.239 crt 0.054 spills 0.021 total 0.401 s
   dist_db 1061529250 x 1133357805 limbs: 1 x 3 pieces of 1061529250 + 377785935, 3 formed, 0 skipped: 1.775 s (cache 0 slots: 0 hits, 0 misses)
dist B 3*2^29 (1439315185 limbs = 1061529250 x 377785935): load 0.087 ntt 0.237 crt 0.091 spills 0.031 total 0.443 s
dist B 3*2^29 (1439315185 limbs = 1061529250 x 377785935): load 0.088 ntt 0.238 crt 0.054 spills 0.021 total 0.399 s
dist B 3*2^29 (1439315185 limbs = 1061529250 x 377785935): load 0.088 ntt 0.237 crt 0.054 spills 0.021 total 0.400 s
   dist_db 1061529250 x 1133357805 limbs: 1 x 3 pieces of 1061529250 + 377785935, 3 formed, 0 skipped: 1.758 s (cache 0 slots: 0 hits, 0 misses)
dist B 3*2^29 (1553160751 limbs = 1160469044 x 392691707): load 0.093 ntt 0.238 crt 0.096 spills 0.035 total 0.460 s
dist B 3*2^29 (1553160751 limbs = 1160469044 x 392691707): load 0.094 ntt 0.239 crt 0.058 spills 0.022 total 0.411 s
dist B 3*2^29 (1553160751 limbs = 1160469044 x 392691707): load 0.094 ntt 0.240 crt 0.058 spills 0.022 total 0.415 s
   dist_db 1160469044 x 1178075121 limbs: 1 x 3 pieces of 1160469044 + 392691707, 3 formed, 0 skipped: 1.786 s (cache 0 slots: 0 hits, 0 misses)
dist B 3*2^29 (1553160751 limbs = 1160469044 x 392691707): load 0.093 ntt 0.237 crt 0.097 spills 0.033 total 0.459 s
dist B 3*2^29 (1553160751 limbs = 1160469044 x 392691707): load 0.093 ntt 0.239 crt 0.058 spills 0.022 total 0.410 s
dist B 3*2^29 (1553160751 limbs = 1160469044 x 392691707): load 0.094 ntt 0.239 crt 0.058 spills 0.022 total 0.413 s
   dist_db 1160469044 x 1178075121 limbs: 1 x 3 pieces of 1160469044 + 392691707, 3 formed, 0 skipped: 1.772 s (cache 0 slots: 0 hits, 0 misses)
bs: level 24 mdev          2 pairs  max_nl 1178075121  pool  88.89 GB  7.64 s  (batch 0.00: scatter 0.00 ntt 0.00 crt 0.00 merge 0.00)
live: bs level 24 mdev               pool live 22.22 22.22 22.22 22.22 | window peak 30.01 30.01 30.01 30.01 | pool 68.72 64.42 64.42 64.42 GB per APU; peak/pool 45.8 %; MemAvailable 151.2 GB, Cached 0.6 GB
dist B 3*2^29 (1511143741 limbs = 779514722 x 731629019): load 0.145 ntt 0.240 crt 0.103 spills 0.064 total 0.556 s
dist B 3*2^29 (1511143741 limbs = 779514722 x 731629019): load 0.130 ntt 0.245 crt 0.056 spills 0.022 total 0.446 s
dist B 3*2^29 (1511143739 limbs = 779514722 x 731629017): load 0.144 ntt 0.239 crt 0.056 spills 0.022 total 0.458 s
dist B 3*2^29 (1511143741 limbs = 779514722 x 731629019): load 0.135 ntt 0.239 crt 0.056 spills 0.022 total 0.450 s
dist B 3*2^29 (1511143741 limbs = 779514722 x 731629019): load 0.145 ntt 0.239 crt 0.056 spills 0.022 total 0.461 s
dist B 3*2^29 (1511143739 limbs = 779514722 x 731629017): load 0.145 ntt 0.239 crt 0.056 spills 0.022 total 0.460 s
dist B 3*2^29 (1511143739 limbs = 779514720 x 731629019): load 0.147 ntt 0.239 crt 0.056 spills 0.022 total 0.462 s
dist B 3*2^29 (1511143739 limbs = 779514720 x 731629019): load 0.143 ntt 0.239 crt 0.056 spills 0.022 total 0.460 s
dist B 3*2^29 (1511143737 limbs = 779514720 x 731629017): load 0.147 ntt 0.240 crt 0.057 spills 0.022 total 0.466 s
   dist_db 2194887055 x 2338544164 limbs: 3 x 3 pieces of 731629019 + 779514722, 9 formed, 0 skipped: 6.323 s (cache 0 slots: 0 hits, 0 misses)
dist B 3*2^29 (1511143741 limbs = 779514722 x 731629019): load 0.146 ntt 0.239 crt 0.103 spills 0.062 total 0.547 s
dist B 3*2^29 (1511143741 limbs = 779514722 x 731629019): load 0.130 ntt 0.244 crt 0.056 spills 0.022 total 0.447 s
dist B 3*2^29 (1511143739 limbs = 779514722 x 731629017): load 0.144 ntt 0.241 crt 0.057 spills 0.022 total 0.459 s
dist B 3*2^29 (1511143741 limbs = 779514722 x 731629019): load 0.134 ntt 0.239 crt 0.057 spills 0.022 total 0.449 s
dist B 3*2^29 (1511143741 limbs = 779514722 x 731629019): load 0.146 ntt 0.240 crt 0.056 spills 0.022 total 0.464 s
dist B 3*2^29 (1511143739 limbs = 779514722 x 731629017): load 0.145 ntt 0.240 crt 0.057 spills 0.022 total 0.461 s
dist B 3*2^29 (1511143739 limbs = 779514720 x 731629019): load 0.147 ntt 0.239 crt 0.056 spills 0.022 total 0.462 s
dist B 3*2^29 (1511143739 limbs = 779514720 x 731629019): load 0.143 ntt 0.239 crt 0.057 spills 0.022 total 0.461 s
dist B 3*2^29 (1511143737 limbs = 779514720 x 731629017): load 0.148 ntt 0.239 crt 0.057 spills 0.022 total 0.466 s
   dist_db 2194887055 x 2338544164 limbs: 3 x 3 pieces of 731629019 + 779514722, 9 formed, 0 skipped: 6.356 s (cache 0 slots: 0 hits, 0 misses)
bs: level 25 mdev          1 pairs  max_nl 2338544164  pool  88.89 GB  13.09 s  (batch 0.00: scatter 0.00 ntt 0.00 crt 0.00 merge 0.00)
live: bs level 25 mdev               pool live 22.22 22.22 22.22 22.22 | window peak 34.31 34.31 34.31 34.31 | pool 68.72 64.42 64.42 64.42 GB per APU; peak/pool 52.4 %; MemAvailable 151.2 GB, Cached 0.6 GB
dist B 3*2^29 (1588803245 limbs = 1022124342 x 566678903): load 0.116 ntt 0.240 crt 0.102 spills 0.077 total 0.543 s
dist B 3*2^29 (1588803245 limbs = 1022124342 x 566678903): load 0.128 ntt 0.240 crt 0.059 spills 0.023 total 0.447 s
dist B 3*2^29 (1588803245 limbs = 1022124342 x 566678903): load 0.128 ntt 0.239 crt 0.059 spills 0.023 total 0.450 s
dist B 3*2^29 (1588803245 limbs = 1022124342 x 566678903): load 0.129 ntt 0.240 crt 0.059 spills 0.023 total 0.451 s
dist B 3*2^29 (1588803245 limbs = 1022124342 x 566678903): load 0.122 ntt 0.240 crt 0.059 spills 0.023 total 0.442 s
dist B 3*2^29 (1588803245 limbs = 1022124342 x 566678903): load 0.122 ntt 0.240 crt 0.059 spills 0.023 total 0.441 s
dist B 3*2^29 (1588803245 limbs = 1022124342 x 566678903): load 0.118 ntt 0.240 crt 0.059 spills 0.023 total 0.441 s
dist B 3*2^29 (1588803239 limbs = 1022124342 x 566678897): load 0.120 ntt 0.238 crt 0.059 spills 0.023 total 0.441 s
   dist_db 4533431218 x 1022124342 limbs: 8 x 1 pieces of 566678903 + 1022124342, 8 formed, 0 skipped: 5.769 s (cache 0 slots: 0 hits, 0 misses)
dist B 3*2^29 (1588803245 limbs = 1022124342 x 566678903): load 0.116 ntt 0.239 crt 0.104 spills 0.075 total 0.531 s
dist B 3*2^29 (1588803245 limbs = 1022124342 x 566678903): load 0.128 ntt 0.240 crt 0.059 spills 0.023 total 0.448 s
dist B 3*2^29 (1588803245 limbs = 1022124342 x 566678903): load 0.128 ntt 0.239 crt 0.059 spills 0.023 total 0.450 s
dist B 3*2^29 (1588803245 limbs = 1022124342 x 566678903): load 0.128 ntt 0.240 crt 0.059 spills 0.023 total 0.450 s
dist B 3*2^29 (1588803245 limbs = 1022124342 x 566678903): load 0.121 ntt 0.240 crt 0.059 spills 0.023 total 0.441 s
dist B 3*2^29 (1588803245 limbs = 1022124342 x 566678903): load 0.121 ntt 0.240 crt 0.059 spills 0.028 total 0.445 s
dist B 3*2^29 (1588803245 limbs = 1022124342 x 566678903): load 0.119 ntt 0.239 crt 0.059 spills 0.023 total 0.441 s
dist B 3*2^29 (1588803239 limbs = 1022124342 x 566678897): load 0.119 ntt 0.240 crt 0.059 spills 0.023 total 0.441 s
   dist_db 4533431218 x 1022124342 limbs: 8 x 1 pieces of 566678903 + 1022124342, 8 formed, 0 skipped: 5.762 s (cache 0 slots: 0 hits, 0 misses)
bs: level 26 mdev          1 pairs  max_nl 4533431218  pool  88.89 GB  11.78 s  (batch 0.00: scatter 0.00 ntt 0.00 crt 0.00 merge 0.00)
live: bs level 26 mdev               pool live 22.22 22.22 22.22 22.22 | window peak 36.51 36.51 36.51 36.51 | pool 68.72 64.42 64.42 64.42 GB per APU; peak/pool 55.7 %; MemAvailable 151.2 GB, Cached 0.6 GB
bs       93.45 s   N 10433891470, P 5555555560 limbs, Q 5555555560 limbs (seeds 20.5 school 0.0 batch 35.4 mdev 37.5; pool 98.5 GB; dev pools 0.0 GB)   VmRSS 8.9 GB, VmHWM 27.2 GB
RESULT ecalc bs s 93.4542
mem [bs] device 365.7 GB in use (per APU 90.3..94.6): planes 103.1, regions 0.0, block pool 262.0 (donated 0.0, borrowed 262.0, hipMalloc 0.0; live 88.9, peak live 146.0, free 173.1), tables 0.61, other 0.0
mem [bs] host 8.9 GB RSS (HWM 27.2): staging 4.3 pinned, registered 0.1, X 0.0, digits 0.0, named 0.0, other 4.6
      I3: plane pool tails donated: 0.0 GB
dist B 2^20 (9 limbs = 6 x 3): load 0.000 ntt 0.001 crt 0.000 spills 0.000 total 0.002 s
   dist_db 9 limbs: 0.002 s (dbig: shift 0.000 addsub 0.000 maxidx 0.000 reserve 0.000)
dist B 2^20 (5 limbs = 3 x 2): load 0.000 ntt 0.000 crt 0.000 spills 0.000 total 0.000 s
   dist_db 5 limbs: 0.000 s (dbig: shift 0.000 addsub 0.000 maxidx 0.000 reserve 0.000)
live: recip(db) j 2 -> 3             pool live 55.56 55.56 55.56 55.56 | window peak 55.56 55.56 55.56 55.56 | pool 68.72 64.42 64.42 64.42 GB per APU; peak/pool 84.8 %; MemAvailable 153.4 GB, Cached 0.6 GB
dist B 2^20 (12 limbs = 8 x 4): load 0.000 ntt 0.000 crt 0.000 spills 0.000 total 0.000 s
   dist_db 12 limbs: 0.000 s (dbig: shift 0.000 addsub 0.000 maxidx 0.000 reserve 0.000)
dist B 2^20 (7 limbs = 4 x 3): load 0.000 ntt 0.000 crt 0.000 spills 0.000 total 0.000 s
   dist_db 7 limbs: 0.000 s (dbig: shift 0.000 addsub 0.000 maxidx 0.000 reserve 0.000)
live: recip(db) j 3 -> 6             pool live 55.56 55.56 55.56 55.56 | window peak 55.56 55.56 55.56 55.56 | pool 68.72 64.42 64.42 64.42 GB per APU; peak/pool 84.8 %; MemAvailable 153.4 GB, Cached 0.6 GB
dist B 2^20 (21 limbs = 14 x 7): load 0.000 ntt 0.000 crt 0.000 spills 0.000 total 0.000 s
   dist_db 21 limbs: 0.000 s (dbig: shift 0.000 addsub 0.000 maxidx 0.000 reserve 0.000)
dist B 2^20 (13 limbs = 7 x 6): load 0.000 ntt 0.000 crt 0.000 spills 0.000 total 0.000 s
   dist_db 13 limbs: 0.000 s (dbig: shift 0.000 addsub 0.000 maxidx 0.000 reserve 0.000)
live: recip(db) j 6 -> 11            pool live 55.56 55.56 55.56 55.56 | window peak 55.56 55.56 55.56 55.56 | pool 68.72 64.42 64.42 64.42 GB per APU; peak/pool 84.8 %; MemAvailable 153.4 GB, Cached 0.6 GB
dist B 2^20 (36 limbs = 24 x 12): load 0.000 ntt 0.000 crt 0.000 spills 0.000 total 0.000 s
   dist_db 36 limbs: 0.000 s (dbig: shift 0.000 addsub 0.000 maxidx 0.000 reserve 0.000)
dist B 2^20 (23 limbs = 12 x 11): load 0.000 ntt 0.000 crt 0.000 spills 0.000 total 0.000 s
   dist_db 23 limbs: 0.000 s (dbig: shift 0.000 addsub 0.000 maxidx 0.000 reserve 0.000)
live: recip(db) j 11 -> 21           pool live 55.56 55.56 55.56 55.56 | window peak 55.56 55.56 55.56 55.56 | pool 68.72 64.42 64.42 64.42 GB per APU; peak/pool 84.8 %; MemAvailable 153.4 GB, Cached 0.6 GB
dist B 2^20 (66 limbs = 44 x 22): load 0.000 ntt 0.000 crt 0.000 spills 0.000 total 0.000 s
   dist_db 66 limbs: 0.000 s (dbig: shift 0.000 addsub 0.000 maxidx 0.000 reserve 0.000)
dist B 2^20 (43 limbs = 22 x 21): load 0.000 ntt 0.000 crt 0.000 spills 0.000 total 0.000 s
   dist_db 43 limbs: 0.000 s (dbig: shift 0.000 addsub 0.000 maxidx 0.000 reserve 0.000)
live: recip(db) j 21 -> 42           pool live 55.56 55.56 55.56 55.56 | window peak 55.56 55.56 55.56 55.56 | pool 68.72 64.42 64.42 64.42 GB per APU; peak/pool 84.8 %; MemAvailable 153.4 GB, Cached 0.6 GB
dist B 2^20 (129 limbs = 86 x 43): load 0.000 ntt 0.000 crt 0.000 spills 0.000 total 0.000 s
   dist_db 129 limbs: 0.000 s (dbig: shift 0.000 addsub 0.000 maxidx 0.000 reserve 0.000)
dist B 2^20 (85 limbs = 43 x 42): load 0.000 ntt 0.000 crt 0.000 spills 0.000 total 0.000 s
   dist_db 85 limbs: 0.000 s (dbig: shift 0.000 addsub 0.000 maxidx 0.000 reserve 0.000)
live: recip(db) j 42 -> 83           pool live 55.56 55.56 55.56 55.56 | window peak 55.56 55.56 55.56 55.56 | pool 68.72 64.42 64.42 64.42 GB per APU; peak/pool 84.8 %; MemAvailable 153.4 GB, Cached 0.6 GB
dist B 2^20 (252 limbs = 168 x 84): load 0.000 ntt 0.000 crt 0.000 spills 0.000 total 0.000 s
   dist_db 252 limbs: 0.000 s (dbig: shift 0.000 addsub 0.000 maxidx 0.000 reserve 0.000)
dist B 2^20 (167 limbs = 84 x 83): load 0.000 ntt 0.000 crt 0.000 spills 0.000 total 0.000 s
   dist_db 167 limbs: 0.000 s (dbig: shift 0.000 addsub 0.000 maxidx 0.000 reserve 0.000)
live: recip(db) j 83 -> 166          pool live 55.56 55.56 55.56 55.56 | window peak 55.56 55.56 55.56 55.56 | pool 68.72 64.42 64.42 64.42 GB per APU; peak/pool 84.8 %; MemAvailable 153.4 GB, Cached 0.6 GB
dist B 2^20 (501 limbs = 334 x 167): load 0.000 ntt 0.000 crt 0.000 spills 0.000 total 0.000 s
   dist_db 501 limbs: 0.000 s (dbig: shift 0.000 addsub 0.000 maxidx 0.000 reserve 0.000)
dist B 2^20 (333 limbs = 167 x 166): load 0.000 ntt 0.000 crt 0.000 spills 0.000 total 0.000 s
   dist_db 333 limbs: 0.000 s (dbig: shift 0.000 addsub 0.000 maxidx 0.000 reserve 0.000)
live: recip(db) j 166 -> 332         pool live 55.56 55.56 55.56 55.56 | window peak 55.56 55.56 55.56 55.56 | pool 68.72 64.42 64.42 64.42 GB per APU; peak/pool 84.8 %; MemAvailable 153.4 GB, Cached 0.6 GB
dist B 2^20 (999 limbs = 666 x 333): load 0.000 ntt 0.000 crt 0.000 spills 0.000 total 0.000 s
   dist_db 999 limbs: 0.000 s (dbig: shift 0.000 addsub 0.000 maxidx 0.000 reserve 0.000)
dist B 2^20 (665 limbs = 333 x 332): load 0.000 ntt 0.000 crt 0.000 spills 0.000 total 0.000 s
   dist_db 665 limbs: 0.000 s (dbig: shift 0.000 addsub 0.000 maxidx 0.000 reserve 0.000)
live: recip(db) j 332 -> 663         pool live 55.56 55.56 55.56 55.56 | window peak 55.56 55.56 55.56 55.56 | pool 68.72 64.42 64.42 64.42 GB per APU; peak/pool 84.8 %; MemAvailable 153.4 GB, Cached 0.6 GB
dist B 2^20 (1992 limbs = 1328 x 664): load 0.000 ntt 0.000 crt 0.000 spills 0.000 total 0.000 s
   dist_db 1992 limbs: 0.000 s (dbig: shift 0.000 addsub 0.000 maxidx 0.000 reserve 0.000)
dist B 2^20 (1327 limbs = 664 x 663): load 0.000 ntt 0.000 crt 0.000 spills 0.000 total 0.000 s
   dist_db 1327 limbs: 0.000 s (dbig: shift 0.000 addsub 0.000 maxidx 0.000 reserve 0.000)
live: recip(db) j 663 -> 1325        pool live 55.56 55.56 55.56 55.56 | window peak 55.56 55.56 55.56 55.56 | pool 68.72 64.42 64.42 64.42 GB per APU; peak/pool 84.8 %; MemAvailable 153.4 GB, Cached 0.6 GB
dist B 2^20 (3978 limbs = 2652 x 1326): load 0.000 ntt 0.000 crt 0.000 spills 0.000 total 0.000 s
   dist_db 3978 limbs: 0.001 s (dbig: shift 0.000 addsub 0.000 maxidx 0.000 reserve 0.000)
dist B 2^20 (2651 limbs = 1326 x 1325): load 0.000 ntt 0.000 crt 0.000 spills 0.000 total 0.000 s
   dist_db 2651 limbs: 0.000 s (dbig: shift 0.000 addsub 0.000 maxidx 0.000 reserve 0.000)
live: recip(db) j 1325 -> 2650       pool live 55.56 55.56 55.56 55.56 | window peak 55.56 55.56 55.56 55.56 | pool 68.72 64.42 64.42 64.42 GB per APU; peak/pool 84.8 %; MemAvailable 153.4 GB, Cached 0.6 GB
dist B 2^20 (7953 limbs = 5302 x 2651): load 0.000 ntt 0.000 crt 0.000 spills 0.000 total 0.001 s
   dist_db 7953 limbs: 0.001 s (dbig: shift 0.000 addsub 0.000 maxidx 0.000 reserve 0.000)
dist B 2^20 (5301 limbs = 2651 x 2650): load 0.000 ntt 0.000 crt 0.000 spills 0.000 total 0.001 s
   dist_db 5301 limbs: 0.001 s (dbig: shift 0.000 addsub 0.000 maxidx 0.000 reserve 0.000)
live: recip(db) j 2650 -> 5299       pool live 55.56 55.56 55.56 55.56 | window peak 55.56 55.56 55.56 55.56 | pool 68.72 64.42 64.42 64.42 GB per APU; peak/pool 84.8 %; MemAvailable 153.4 GB, Cached 0.6 GB
dist B 2^20 (15900 limbs = 10600 x 5300): load 0.000 ntt 0.000 crt 0.000 spills 0.000 total 0.001 s
   dist_db 15900 limbs: 0.001 s (dbig: shift 0.000 addsub 0.000 maxidx 0.000 reserve 0.000)
dist B 2^20 (10599 limbs = 5300 x 5299): load 0.000 ntt 0.000 crt 0.000 spills 0.000 total 0.001 s
   dist_db 10599 limbs: 0.001 s (dbig: shift 0.000 addsub 0.000 maxidx 0.000 reserve 0.000)
live: recip(db) j 5299 -> 10597      pool live 55.56 55.56 55.56 55.56 | window peak 55.56 55.56 55.56 55.56 | pool 68.72 64.42 64.42 64.42 GB per APU; peak/pool 84.8 %; MemAvailable 153.4 GB, Cached 0.6 GB
dist B 2^20 (31794 limbs = 21196 x 10598): load 0.000 ntt 0.000 crt 0.000 spills 0.000 total 0.001 s
   dist_db 31794 limbs: 0.001 s (dbig: shift 0.000 addsub 0.000 maxidx 0.000 reserve 0.000)
dist B 2^20 (21195 limbs = 10598 x 10597): load 0.000 ntt 0.000 crt 0.000 spills 0.000 total 0.001 s
   dist_db 21195 limbs: 0.001 s (dbig: shift 0.000 addsub 0.000 maxidx 0.000 reserve 0.000)
live: recip(db) j 10597 -> 21193     pool live 55.56 55.56 55.56 55.56 | window peak 55.56 55.56 55.56 55.56 | pool 68.72 64.42 64.42 64.42 GB per APU; peak/pool 84.8 %; MemAvailable 153.4 GB, Cached 0.6 GB
dist B 2^20 (63582 limbs = 42388 x 21194): load 0.000 ntt 0.000 crt 0.000 spills 0.000 total 0.001 s
   dist_db 63582 limbs: 0.001 s (dbig: shift 0.000 addsub 0.000 maxidx 0.000 reserve 0.000)
dist B 2^20 (42387 limbs = 21194 x 21193): load 0.000 ntt 0.000 crt 0.000 spills 0.000 total 0.001 s
   dist_db 42387 limbs: 0.001 s (dbig: shift 0.000 addsub 0.000 maxidx 0.000 reserve 0.000)
live: recip(db) j 21193 -> 42386     pool live 55.56 55.56 55.56 55.56 | window peak 55.56 55.56 55.56 55.56 | pool 68.72 64.42 64.42 64.42 GB per APU; peak/pool 84.8 %; MemAvailable 153.4 GB, Cached 0.6 GB
dist B 2^20 (127161 limbs = 84774 x 42387): load 0.000 ntt 0.000 crt 0.000 spills 0.001 total 0.002 s
   dist_db 127161 limbs: 0.002 s (dbig: shift 0.000 addsub 0.001 maxidx 0.000 reserve 0.000)
dist B 2^20 (84773 limbs = 42387 x 42386): load 0.000 ntt 0.000 crt 0.000 spills 0.000 total 0.001 s
   dist_db 84773 limbs: 0.001 s (dbig: shift 0.000 addsub 0.000 maxidx 0.000 reserve 0.000)
live: recip(db) j 42386 -> 84772     pool live 55.56 55.56 55.56 55.56 | window peak 55.56 55.56 55.56 55.56 | pool 68.72 64.42 64.42 64.42 GB per APU; peak/pool 84.8 %; MemAvailable 153.4 GB, Cached 0.6 GB
dist B 2^20 (254319 limbs = 169546 x 84773): load 0.000 ntt 0.000 crt 0.000 spills 0.001 total 0.002 s
   dist_db 254319 limbs: 0.002 s (dbig: shift 0.000 addsub 0.001 maxidx 0.000 reserve 0.000)
dist B 2^20 (169545 limbs = 84773 x 84772): load 0.000 ntt 0.000 crt 0.000 spills 0.000 total 0.001 s
   dist_db 169545 limbs: 0.001 s (dbig: shift 0.000 addsub 0.000 maxidx 0.000 reserve 0.000)
live: recip(db) j 84772 -> 169543    pool live 55.56 55.56 55.56 55.56 | window peak 55.56 55.56 55.56 55.56 | pool 68.72 64.42 64.42 64.42 GB per APU; peak/pool 84.8 %; MemAvailable 153.4 GB, Cached 0.6 GB
dist B 2^20 (508632 limbs = 339088 x 169544): load 0.000 ntt 0.000 crt 0.000 spills 0.000 total 0.001 s
   dist_db 508632 limbs: 0.001 s (dbig: shift 0.000 addsub 0.000 maxidx 0.000 reserve 0.000)
dist B 2^20 (339087 limbs = 169544 x 169543): load 0.000 ntt 0.000 crt 0.000 spills 0.000 total 0.001 s
   dist_db 339087 limbs: 0.001 s (dbig: shift 0.000 addsub 0.000 maxidx 0.000 reserve 0.000)
live: recip(db) j 169543 -> 339085   pool live 55.56 55.56 55.56 55.56 | window peak 55.56 55.56 55.56 55.56 | pool 68.72 64.42 64.42 64.42 GB per APU; peak/pool 84.8 %; MemAvailable 153.4 GB, Cached 0.6 GB
dist B 2^20 (1017258 limbs = 678172 x 339086): load 0.000 ntt 0.000 crt 0.000 spills 0.000 total 0.001 s
   dist_db 1017258 limbs: 0.001 s (dbig: shift 0.000 addsub 0.000 maxidx 0.000 reserve 0.000)
dist B 2^20 (678170 limbs = 339086 x 339084): load 0.000 ntt 0.000 crt 0.000 spills 0.000 total 0.001 s
   dist_db 678170 limbs: 0.001 s (dbig: shift 0.000 addsub 0.000 maxidx 0.000 reserve 0.000)
live: recip(db) j 339085 -> 678169   pool live 55.56 55.56 55.56 55.56 | window peak 55.56 55.56 55.56 55.56 | pool 68.72 64.42 64.42 64.42 GB per APU; peak/pool 84.8 %; MemAvailable 153.4 GB, Cached 0.6 GB
dist B 2^21 (2034510 limbs = 1356340 x 678170): load 0.000 ntt 0.001 crt 0.000 spills 0.000 total 0.001 s
   dist_db 2034510 limbs: 0.002 s (dbig: shift 0.000 addsub 0.000 maxidx 0.000 reserve 0.000)
dist B 3*2^19 (1356339 limbs = 678170 x 678169): load 0.000 ntt 0.001 crt 0.000 spills 0.000 total 0.002 s
   dist_db 1356339 limbs: 0.002 s (dbig: shift 0.000 addsub 0.000 maxidx 0.000 reserve 0.000)
live: recip(db) j 678169 -> 1356337  pool live 55.56 55.56 55.56 55.56 | window peak 55.56 55.56 55.56 55.56 | pool 68.72 64.42 64.42 64.42 GB per APU; peak/pool 84.8 %; MemAvailable 153.3 GB, Cached 0.6 GB
dist B 2^22 (4069014 limbs = 2712676 x 1356338): load 0.000 ntt 0.001 crt 0.000 spills 0.000 total 0.002 s
   dist_db 4069014 limbs: 0.002 s (dbig: shift 0.000 addsub 0.000 maxidx 0.000 reserve 0.000)
dist B 3*2^20 (2712675 limbs = 1356338 x 1356337): load 0.000 ntt 0.001 crt 0.000 spills 0.000 total 0.001 s
   dist_db 2712675 limbs: 0.001 s (dbig: shift 0.000 addsub 0.000 maxidx 0.000 reserve 0.000)
live: recip(db) j 1356337 -> 2712674 pool live 55.56 55.56 55.56 55.56 | window peak 55.56 55.56 55.56 55.56 | pool 68.72 64.42 64.42 64.42 GB per APU; peak/pool 84.8 %; MemAvailable 153.3 GB, Cached 0.6 GB
dist B 2^23 (8138025 limbs = 5425350 x 2712675): load 0.001 ntt 0.002 crt 0.001 spills 0.002 total 0.005 s
   dist_db 8138025 limbs: 0.005 s (dbig: shift 0.000 addsub 0.002 maxidx 0.000 reserve 0.000)
dist B 3*2^21 (5425349 limbs = 2712675 x 2712674): load 0.001 ntt 0.001 crt 0.000 spills 0.000 total 0.002 s
   dist_db 5425349 limbs: 0.002 s (dbig: shift 0.000 addsub 0.000 maxidx 0.000 reserve 0.000)
live: recip(db) j 2712674 -> 5425348 pool live 55.56 55.56 55.56 55.56 | window peak 55.56 55.56 55.56 55.56 | pool 68.72 64.42 64.42 64.42 GB per APU; peak/pool 84.8 %; MemAvailable 153.3 GB, Cached 0.6 GB
dist B 2^24 (16276047 limbs = 10850698 x 5425349): load 0.002 ntt 0.002 crt 0.001 spills 0.002 total 0.008 s
   dist_db 16276047 limbs: 0.008 s (dbig: shift 0.000 addsub 0.002 maxidx 0.000 reserve 0.000)
dist B 3*2^22 (10850697 limbs = 5425349 x 5425348): load 0.001 ntt 0.002 crt 0.001 spills 0.001 total 0.004 s
   dist_db 10850697 limbs: 0.005 s (dbig: shift 0.000 addsub 0.001 maxidx 0.000 reserve 0.000)
live: recip(db) j 5425348 -> 10850695 pool live 55.56 55.56 55.56 55.56 | window peak 55.56 55.56 55.56 55.56 | pool 68.72 64.42 64.42 64.42 GB per APU; peak/pool 84.8 %; MemAvailable 153.3 GB, Cached 0.6 GB
dist B 2^25 (32552088 limbs = 21701392 x 10850696): load 0.004 ntt 0.004 crt 0.003 spills 0.002 total 0.012 s
   dist_db 32552088 limbs: 0.013 s (dbig: shift 0.000 addsub 0.002 maxidx 0.001 reserve 0.000)
dist B 3*2^23 (21701391 limbs = 10850696 x 10850695): load 0.003 ntt 0.003 crt 0.002 spills 0.002 total 0.009 s
   dist_db 21701391 limbs: 0.009 s (dbig: shift 0.000 addsub 0.002 maxidx 0.001 reserve 0.000)
live: recip(db) j 10850695 -> 21701389 pool live 55.56 55.56 55.56 55.56 | window peak 55.56 55.56 55.56 55.56 | pool 68.72 64.42 64.42 64.42 GB per APU; peak/pool 84.8 %; MemAvailable 153.3 GB, Cached 0.6 GB
dist B 2^26 (65104170 limbs = 43402780 x 21701390): load 0.008 ntt 0.008 crt 0.005 spills 0.004 total 0.024 s
   dist_db 65104170 limbs: 0.025 s (dbig: shift 0.000 addsub 0.004 maxidx 0.002 reserve 0.000)
dist B 3*2^24 (43402779 limbs = 21701390 x 21701389): load 0.005 ntt 0.007 crt 0.003 spills 0.003 total 0.018 s
   dist_db 43402779 limbs: 0.019 s (dbig: shift 0.000 addsub 0.003 maxidx 0.001 reserve 0.000)
live: recip(db) j 21701389 -> 43402778 pool live 55.56 55.56 55.56 55.56 | window peak 55.56 55.56 55.56 55.56 | pool 68.72 64.42 64.42 64.42 GB per APU; peak/pool 84.8 %; MemAvailable 153.3 GB, Cached 0.6 GB
dist B 2^27 (130208337 limbs = 86805558 x 43402779): load 0.015 ntt 0.018 crt 0.009 spills 0.012 total 0.054 s
   dist_db 130208337 limbs: 0.056 s (dbig: shift 0.000 addsub 0.012 maxidx 0.004 reserve 0.000)
dist B 3*2^25 (86805557 limbs = 43402779 x 43402778): load 0.010 ntt 0.013 crt 0.006 spills 0.005 total 0.033 s
   dist_db 86805557 limbs: 0.035 s (dbig: shift 0.000 addsub 0.005 maxidx 0.003 reserve 0.000)
live: recip(db) j 43402778 -> 86805556 pool live 55.56 55.56 55.56 55.56 | window peak 55.56 55.56 55.56 55.56 | pool 68.72 64.42 64.42 64.42 GB per APU; peak/pool 84.8 %; MemAvailable 153.3 GB, Cached 0.6 GB
dist B 2^28 (260416671 limbs = 173611114 x 86805557): load 0.031 ntt 0.033 crt 0.018 spills 0.022 total 0.103 s
   dist_db 260416671 limbs: 0.107 s (dbig: shift 0.000 addsub 0.022 maxidx 0.008 reserve 0.000)
dist B 3*2^26 (173611113 limbs = 86805557 x 86805556): load 0.021 ntt 0.026 crt 0.012 spills 0.010 total 0.069 s
   dist_db 173611113 limbs: 0.072 s (dbig: shift 0.000 addsub 0.010 maxidx 0.007 reserve 0.000)
live: recip(db) j 86805556 -> 173611112 pool live 55.56 55.56 55.56 55.56 | window peak 55.56 55.56 55.56 55.56 | pool 68.72 64.42 64.42 64.42 GB per APU; peak/pool 84.8 %; MemAvailable 153.4 GB, Cached 0.6 GB
dist B 2^29 (520833339 limbs = 347222226 x 173611113): load 0.063 ntt 0.068 crt 0.035 spills 0.043 total 0.207 s
   dist_db 520833339 limbs: 0.216 s (dbig: shift 0.000 addsub 0.042 maxidx 0.017 reserve 0.000)
dist B 3*2^27 (347222225 limbs = 173611113 x 173611112): load 0.042 ntt 0.058 crt 0.024 spills 0.020 total 0.144 s
   dist_db 347222225 limbs: 0.150 s (dbig: shift 0.000 addsub 0.019 maxidx 0.012 reserve 0.000)
live: recip(db) j 173611112 -> 347222223 pool live 55.56 55.56 55.56 55.56 | window peak 55.56 55.56 55.56 55.56 | pool 68.72 64.42 64.42 64.42 GB per APU; peak/pool 84.8 %; MemAvailable 153.4 GB, Cached 0.6 GB
dist B 2^30 (1041666672 limbs = 694444448 x 347222224): load 0.128 ntt 0.132 crt 0.069 spills 0.056 total 0.384 s
   dist_db 1041666672 limbs: 0.401 s (dbig: shift 0.000 addsub 0.056 maxidx 0.035 reserve 0.000)
dist B 3*2^28 (694444447 limbs = 347222224 x 347222223): load 0.084 ntt 0.117 crt 0.045 spills 0.039 total 0.285 s
   dist_db 694444447 limbs: 0.297 s (dbig: shift 0.000 addsub 0.039 maxidx 0.024 reserve 0.000)
live: recip(db) j 347222223 -> 694444445 pool live 55.56 55.56 55.56 55.56 | window peak 55.56 55.56 55.56 55.56 | pool 68.72 64.42 64.42 64.42 GB per APU; peak/pool 84.8 %; MemAvailable 153.4 GB, Cached 0.6 GB
dist 2^31 = 2^15 x 2^16 (2083333338 limbs): load 0.269 ntt 0.479 crt 0.095 spills 0.115 total 0.966 s
   dist_db 2083333338 limbs: 1.001 s (dbig: shift 0.000 addsub 0.115 maxidx 0.070 reserve 0.000)
dist B 3*2^29 (1388888891 limbs = 694444446 x 694444445): load 0.166 ntt 0.239 crt 0.093 spills 0.077 total 0.572 s
   dist_db 1388888891 limbs: 0.595 s (dbig: shift 0.000 addsub 0.077 maxidx 0.047 reserve 0.000)
live: recip(db) j 694444445 -> 1388888890 pool live 55.56 55.56 55.56 55.56 | window peak 55.56 55.56 55.56 55.56 | pool 68.72 64.42 64.42 64.42 GB per APU; peak/pool 84.8 %; MemAvailable 153.0 GB, Cached 0.6 GB
dist 2^31 = 2^15 x 2^16 (2083333337 limbs): load 0.272 ntt 0.468 crt 0.095 spills 0.115 total 0.929 s
dist 2^31 = 2^15 x 2^16 (2083333337 limbs): load 0.265 ntt 0.456 crt 0.072 spills 0.029 total 0.817 s
dist 2^31 = 2^15 x 2^16 (2083333336 limbs): load 0.274 ntt 0.467 crt 0.072 spills 0.029 total 0.821 s
dist 2^31 = 2^15 x 2^16 (2083333336 limbs): load 0.266 ntt 0.459 crt 0.072 spills 0.030 total 0.821 s
   dist_db 2777777782 x 1388888891 limbs: 2 x 2 pieces of 1388888891 + 694444446, 4 formed, 0 skipped (low cut): 4.648 s (cache 0 slots: 0 hits, 0 misses)
dist 2^31 = 2^15 x 2^16 (2083333336 limbs): load 0.264 ntt 0.460 crt 0.095 spills 0.116 total 0.919 s
dist 2^31 = 2^15 x 2^16 (2083333336 limbs): load 0.267 ntt 0.459 crt 0.072 spills 0.030 total 0.811 s
   dist_db 1388888891 x 1388888890 limbs: 1 x 2 pieces of 1388888891 + 694444445, 2 formed, 0 skipped (low cut): 2.116 s (cache 0 slots: 0 hits, 0 misses)
newton(db) j 1388888890 (k 5555555558): recip cut 0 pieces skipped, 6 formed in the step's two products
live: recip(db) j 1388888890 -> 2777777779 pool live 55.56 55.56 55.56 55.56 | window peak 59.72 59.72 59.72 59.72 | pool 68.72 64.42 64.42 64.42 GB per APU; peak/pool 91.2 %; MemAvailable 153.0 GB, Cached 0.6 GB
dist B 3*2^29 (1543209879 limbs = 925925927 x 617283952): load 0.144 ntt 0.241 crt 0.058 spills 0.022 total 0.465 s
dist B 3*2^29 (1543209879 limbs = 925925927 x 617283952): load 0.153 ntt 0.241 crt 0.058 spills 0.022 total 0.475 s
dist B 3*2^29 (1543209879 limbs = 925925927 x 617283952): load 0.128 ntt 0.244 crt 0.058 spills 0.022 total 0.445 s
dist B 3*2^29 (1543209879 limbs = 925925927 x 617283952): load 0.148 ntt 0.243 crt 0.058 spills 0.022 total 0.465 s
dist B 3*2^29 (1543209879 limbs = 925925927 x 617283952): load 0.137 ntt 0.243 crt 0.058 spills 0.022 total 0.454 s
dist B 3*2^29 (1543209879 limbs = 925925927 x 617283952): load 0.147 ntt 0.242 crt 0.058 spills 0.022 total 0.463 s
dist B 3*2^29 (1543209871 limbs = 925925927 x 617283944): load 0.148 ntt 0.241 crt 0.058 spills 0.022 total 0.464 s
dist B 3*2^29 (1543209879 limbs = 925925927 x 617283952): load 0.147 ntt 0.241 crt 0.058 spills 0.022 total 0.465 s
dist B 3*2^29 (1543209879 limbs = 925925927 x 617283952): load 0.149 ntt 0.241 crt 0.058 spills 0.022 total 0.470 s
dist B 3*2^29 (1543209879 limbs = 925925927 x 617283952): load 0.157 ntt 0.241 crt 0.058 spills 0.022 total 0.478 s
dist B 3*2^29 (1543209879 limbs = 925925927 x 617283952): load 0.143 ntt 0.241 crt 0.058 spills 0.022 total 0.462 s
dist B 3*2^29 (1543209879 limbs = 925925927 x 617283952): load 0.167 ntt 0.241 crt 0.057 spills 0.022 total 0.484 s
dist B 3*2^29 (1543209879 limbs = 925925927 x 617283952): load 0.154 ntt 0.241 crt 0.057 spills 0.022 total 0.471 s
dist B 3*2^29 (1543209879 limbs = 925925927 x 617283952): load 0.144 ntt 0.240 crt 0.057 spills 0.022 total 0.463 s
dist B 3*2^29 (1543209871 limbs = 925925927 x 617283944): load 0.144 ntt 0.241 crt 0.058 spills 0.022 total 0.466 s
dist B 3*2^29 (1543209878 limbs = 925925926 x 617283952): load 0.164 ntt 0.239 crt 0.058 spills 0.022 total 0.478 s
dist B 3*2^29 (1543209878 limbs = 925925926 x 617283952): load 0.161 ntt 0.241 crt 0.057 spills 0.022 total 0.477 s
dist B 3*2^29 (1543209878 limbs = 925925926 x 617283952): load 0.153 ntt 0.241 crt 0.057 spills 0.022 total 0.473 s
dist B 3*2^29 (1543209878 limbs = 925925926 x 617283952): load 0.162 ntt 0.241 crt 0.057 spills 0.022 total 0.483 s
dist B 3*2^29 (1543209878 limbs = 925925926 x 617283952): load 0.140 ntt 0.241 crt 0.058 spills 0.022 total 0.458 s
dist B 3*2^29 (1543209878 limbs = 925925926 x 617283952): load 0.153 ntt 0.241 crt 0.058 spills 0.022 total 0.470 s
dist B 3*2^29 (1543209878 limbs = 925925926 x 617283952): load 0.142 ntt 0.240 crt 0.057 spills 0.022 total 0.458 s
dist B 3*2^29 (1543209878 limbs = 925925926 x 617283952): load 0.151 ntt 0.239 crt 0.057 spills 0.022 total 0.470 s
dist B 3*2^29 (1543209870 limbs = 925925926 x 617283944): load 0.156 ntt 0.241 crt 0.057 spills 0.022 total 0.476 s
   dist_db 5555555560 x 2777777780 limbs: 9 x 3 pieces of 617283952 + 925925927, 24 formed, 3 skipped (low cut): 19.718 s (cache 0 slots: 0 hits, 0 misses)
dist 2^31 = 2^15 x 2^16 (2083333335 limbs): load 0.264 ntt 0.457 crt 0.072 spills 0.029 total 0.811 s
dist 2^31 = 2^15 x 2^16 (2083333335 limbs): load 0.266 ntt 0.458 crt 0.072 spills 0.029 total 0.808 s
dist 2^31 = 2^15 x 2^16 (2083333335 limbs): load 0.264 ntt 0.459 crt 0.073 spills 0.029 total 0.815 s
dist 2^31 = 2^15 x 2^16 (2083333335 limbs): load 0.266 ntt 0.463 crt 0.072 spills 0.029 total 0.814 s
dist 2^31 = 2^15 x 2^16 (2083333335 limbs): load 0.265 ntt 0.459 crt 0.072 spills 0.030 total 0.814 s
dist 2^31 = 2^15 x 2^16 (2083333334 limbs): load 0.265 ntt 0.463 crt 0.072 spills 0.030 total 0.814 s
dist 2^31 = 2^15 x 2^16 (2083333334 limbs): load 0.265 ntt 0.458 crt 0.072 spills 0.030 total 0.814 s
   dist_db 2777777780 x 2777777779 limbs: 2 x 4 pieces of 1388888890 + 694444445, 7 formed, 1 skipped (low cut): 8.180 s (cache 0 slots: 0 hits, 0 misses)
newton(db) j 2777777779 (k 5555555558): recip cut 4 pieces skipped, 31 formed in the step's two products
live: recip(db) j 2777777779 -> 5555555558 pool live 55.56 55.56 55.56 55.56 | window peak 59.72 59.72 59.72 59.72 | pool 68.72 64.42 64.42 64.42 GB per APU; peak/pool 91.2 %; MemAvailable 153.1 GB, Cached 0.6 GB
recip(db) 40.15 s: dist 153 calls 49.74 s (load 14.91 ntt 25.97 crt 6.18 spills 2.97); dbig shift 69/0.77 addsub 297/26.61 maxidx 789/5.97 reserve 34/0.00; pools 0.0 GB
recip    41.59 s   mu 5555555559 limbs (32 iterations, 0 mdev)   VmRSS 6.9 GB, VmHWM 27.2 GB
mem [recip] device 365.7 GB in use (per APU 90.3..94.6): planes 103.1, regions 0.0, block pool 262.0 (donated 0.0, borrowed 262.0, hipMalloc 0.0; live 133.3, peak live 238.9, free 128.7), tables 0.61, other 0.0
mem [recip] host 6.9 GB RSS (HWM 27.2): staging 0.0 pinned, registered 0.1, X 0.0, digits 0.0, named 0.0, other 6.8
      I3: P, Q residues by kernel 1.31 s (before the reciprocal), S = P + Q on device 0.14 s; no host A
10dP      0.14 s   T 5555555556 limbs, A 11111111116 limbs (0 mdev, 0 splits)   VmRSS 6.9 GB, VmHWM 27.2 GB
RESULT ecalc 10dP s 0.143847
dist B 3*2^29 (1587301587 limbs = 793650794 x 793650793): load 0.187 ntt 0.242 crt 0.060 spills 0.023 total 0.506 s
dist B 3*2^29 (1587301588 limbs = 793650794 x 793650794): load 0.165 ntt 0.242 crt 0.060 spills 0.022 total 0.484 s
dist B 3*2^29 (1587301587 limbs = 793650794 x 793650793): load 0.181 ntt 0.241 crt 0.060 spills 0.023 total 0.500 s
dist B 3*2^29 (1587301588 limbs = 793650794 x 793650794): load 0.203 ntt 0.242 crt 0.060 spills 0.022 total 0.527 s
dist B 3*2^29 (1587301588 limbs = 793650794 x 793650794): load 0.188 ntt 0.241 crt 0.059 spills 0.022 total 0.510 s
dist B 3*2^29 (1587301587 limbs = 793650794 x 793650793): load 0.204 ntt 0.242 crt 0.059 spills 0.025 total 0.531 s
dist B 3*2^29 (1587301588 limbs = 793650794 x 793650794): load 0.152 ntt 0.241 crt 0.060 spills 0.025 total 0.477 s
dist B 3*2^29 (1587301588 limbs = 793650794 x 793650794): load 0.170 ntt 0.241 crt 0.059 spills 0.023 total 0.489 s
dist B 3*2^29 (1587301588 limbs = 793650794 x 793650794): load 0.151 ntt 0.241 crt 0.059 spills 0.023 total 0.474 s
dist B 3*2^29 (1587301587 limbs = 793650794 x 793650793): load 0.167 ntt 0.240 crt 0.060 spills 0.023 total 0.489 s
dist B 3*2^29 (1587301588 limbs = 793650794 x 793650794): load 0.200 ntt 0.241 crt 0.059 spills 0.023 total 0.522 s
dist B 3*2^29 (1587301588 limbs = 793650794 x 793650794): load 0.186 ntt 0.241 crt 0.060 spills 0.023 total 0.504 s
dist B 3*2^29 (1587301588 limbs = 793650794 x 793650794): load 0.210 ntt 0.242 crt 0.059 spills 0.023 total 0.527 s
dist B 3*2^29 (1587301588 limbs = 793650794 x 793650794): load 0.174 ntt 0.241 crt 0.060 spills 0.022 total 0.493 s
dist B 3*2^29 (1587301587 limbs = 793650794 x 793650793): load 0.189 ntt 0.241 crt 0.059 spills 0.023 total 0.512 s
dist B 3*2^29 (1587301588 limbs = 793650794 x 793650794): load 0.163 ntt 0.242 crt 0.059 spills 0.023 total 0.481 s
dist B 3*2^29 (1587301588 limbs = 793650794 x 793650794): load 0.185 ntt 0.241 crt 0.059 spills 0.022 total 0.508 s
dist B 3*2^29 (1587301588 limbs = 793650794 x 793650794): load 0.151 ntt 0.241 crt 0.059 spills 0.023 total 0.473 s
dist B 3*2^29 (1587301588 limbs = 793650794 x 793650794): load 0.178 ntt 0.241 crt 0.059 spills 0.023 total 0.497 s
dist B 3*2^29 (1587301588 limbs = 793650794 x 793650794): load 0.155 ntt 0.242 crt 0.059 spills 0.023 total 0.479 s
dist B 3*2^29 (1587301587 limbs = 793650794 x 793650793): load 0.175 ntt 0.242 crt 0.059 spills 0.023 total 0.498 s
dist B 3*2^29 (1587301588 limbs = 793650794 x 793650794): load 0.204 ntt 0.242 crt 0.060 spills 0.023 total 0.523 s
dist B 3*2^29 (1587301588 limbs = 793650794 x 793650794): load 0.180 ntt 0.243 crt 0.060 spills 0.023 total 0.499 s
dist B 3*2^29 (1587301588 limbs = 793650794 x 793650794): load 0.203 ntt 0.241 crt 0.059 spills 0.022 total 0.526 s
dist B 3*2^29 (1587301588 limbs = 793650794 x 793650794): load 0.166 ntt 0.241 crt 0.060 spills 0.023 total 0.490 s
dist B 3*2^29 (1587301588 limbs = 793650794 x 793650794): load 0.188 ntt 0.242 crt 0.059 spills 0.023 total 0.512 s
dist B 3*2^29 (1587301588 limbs = 793650794 x 793650794): load 0.177 ntt 0.241 crt 0.059 spills 0.022 total 0.499 s
dist B 3*2^29 (1587301587 limbs = 793650794 x 793650793): load 0.194 ntt 0.241 crt 0.060 spills 0.022 total 0.516 s
   dist_db 5555555557 x 5555555558 limbs: 7 x 7 pieces of 793650794 + 793650794, 28 formed, 21 skipped (low cut): 25.251 s (cache 0 slots: 0 hits, 0 misses)
  T2 window@50 ok
  T2 window@1000000 ok
  T2 window@100000000 ok
  T2 window@1000000000 ok
dbig pool: APU1 VMM remap for a 22.22 GB request: 11 free chunks moved to slot 30 (23.62 GB contiguous) in 0.479 s; free 31.09 GB in 3 extents, live 33.33 GB
dbig pool: APU2 VMM remap for a 22.22 GB request: 11 free chunks moved to slot 30 (23.62 GB contiguous) in 0.491 s; free 31.09 GB in 3 extents, live 33.33 GB
dbig pool: APU3 VMM remap for a 22.22 GB request: 11 free chunks moved to slot 30 (23.62 GB contiguous) in 0.473 s; free 31.09 GB in 3 extents, live 33.33 GB
dist B 3*2^29 (1587301589 limbs = 793650795 x 793650794): load 0.192 ntt 0.259 crt 0.103 spills 0.093 total 0.641 s
dist B 3*2^29 (1587301589 limbs = 793650795 x 793650794): load 0.184 ntt 0.259 crt 0.059 spills 0.024 total 0.521 s
dist B 3*2^29 (1587301589 limbs = 793650795 x 793650794): load 0.198 ntt 0.259 crt 0.059 spills 0.024 total 0.541 s
dist B 3*2^29 (1587301589 limbs = 793650795 x 793650794): load 0.156 ntt 0.258 crt 0.059 spills 0.025 total 0.499 s
dist B 3*2^29 (1587301589 limbs = 793650795 x 793650794): load 0.190 ntt 0.259 crt 0.059 spills 0.025 total 0.529 s
dist B 3*2^29 (1587301589 limbs = 793650795 x 793650794): load 0.172 ntt 0.257 crt 0.059 spills 0.024 total 0.506 s
dist B 3*2^29 (1587301588 limbs = 793650795 x 793650793): load 0.189 ntt 0.258 crt 0.059 spills 0.024 total 0.527 s
dist B 3*2^29 (1587301589 limbs = 793650795 x 793650794): load 0.187 ntt 0.261 crt 0.060 spills 0.025 total 0.525 s
dist B 3*2^29 (1587301589 limbs = 793650795 x 793650794): load 0.180 ntt 0.262 crt 0.059 spills 0.024 total 0.516 s
dist B 3*2^29 (1587301589 limbs = 793650795 x 793650794): load 0.198 ntt 0.261 crt 0.059 spills 0.024 total 0.542 s
dist B 3*2^29 (1587301589 limbs = 793650795 x 793650794): load 0.154 ntt 0.267 crt 0.059 spills 0.024 total 0.497 s
dist B 3*2^29 (1587301589 limbs = 793650795 x 793650794): load 0.180 ntt 0.245 crt 0.060 spills 0.023 total 0.501 s
dist B 3*2^29 (1587301589 limbs = 793650795 x 793650794): load 0.163 ntt 0.243 crt 0.060 spills 0.022 total 0.482 s
dist B 3*2^29 (1587301588 limbs = 793650795 x 793650793): load 0.181 ntt 0.243 crt 0.060 spills 0.023 total 0.500 s
dist B 3*2^29 (1587301589 limbs = 793650795 x 793650794): load 0.198 ntt 0.241 crt 0.059 spills 0.022 total 0.515 s
dist B 3*2^29 (1587301589 limbs = 793650795 x 793650794): load 0.192 ntt 0.243 crt 0.059 spills 0.022 total 0.510 s
dist B 3*2^29 (1587301589 limbs = 793650795 x 793650794): load 0.222 ntt 0.241 crt 0.060 spills 0.022 total 0.546 s
dist B 3*2^29 (1587301589 limbs = 793650795 x 793650794): load 0.187 ntt 0.246 crt 0.060 spills 0.022 total 0.512 s
dist B 3*2^29 (1587301589 limbs = 793650795 x 793650794): load 0.200 ntt 0.241 crt 0.060 spills 0.023 total 0.523 s
dist B 3*2^29 (1587301589 limbs = 793650795 x 793650794): load 0.186 ntt 0.242 crt 0.060 spills 0.022 total 0.510 s
dist B 3*2^29 (1587301589 limbs = 793650795 x 793650794): load 0.158 ntt 0.241 crt 0.060 spills 0.022 total 0.477 s
dist B 3*2^29 (1587301589 limbs = 793650795 x 793650794): load 0.153 ntt 0.244 crt 0.060 spills 0.023 total 0.472 s
dist B 3*2^29 (1587301589 limbs = 793650795 x 793650794): load 0.183 ntt 0.242 crt 0.059 spills 0.022 total 0.507 s
dist B 3*2^29 (1587301589 limbs = 793650795 x 793650794): load 0.152 ntt 0.242 crt 0.059 spills 0.022 total 0.476 s
dist B 3*2^29 (1587301589 limbs = 793650795 x 793650794): load 0.190 ntt 0.242 crt 0.060 spills 0.023 total 0.509 s
dist B 3*2^29 (1587301589 limbs = 793650795 x 793650794): load 0.191 ntt 0.242 crt 0.060 spills 0.023 total 0.511 s
dist B 3*2^29 (1587301589 limbs = 793650795 x 793650794): load 0.184 ntt 0.242 crt 0.060 spills 0.022 total 0.503 s
dist B 3*2^29 (1587301589 limbs = 793650795 x 793650794): load 0.202 ntt 0.241 crt 0.060 spills 0.022 total 0.526 s
dist B 3*2^29 (1587301589 limbs = 793650795 x 793650794): load 0.172 ntt 0.242 crt 0.059 spills 0.022 total 0.490 s
dist B 3*2^29 (1587301589 limbs = 793650795 x 793650794): load 0.165 ntt 0.242 crt 0.059 spills 0.023 total 0.484 s
dist B 3*2^29 (1587301584 limbs = 793650794 x 793650790): load 0.188 ntt 0.242 crt 0.060 spills 0.022 total 0.507 s
   dist_db 5555555557 x 5555555560 limbs: 7 x 7 pieces of 793650794 + 793650795, 31 formed, 18 skipped (low product): 27.889 s (cache 0 slots: 0 hits, 0 misses)
live: divmod(dev) end                pool live 33.33 33.33 33.33 33.33 | window peak 58.73 58.73 58.73 58.73 | pool 68.72 64.42 64.42 64.42 GB per APU; peak/pool 89.7 %; MemAvailable 152.4 GB, Cached 0.6 GB
divmod(dev) 57.60 s: mu 0.05, A mu + shift 25.50, X out + low product 30.11, window + corrections 1.24 (2), X out + R residues 0.70; pools 0.0 GB; transform cache 0 hits / 0 misses
mem [division] device 365.7 GB in use (per APU 90.3..94.6): planes 103.1, regions 0.0, block pool 262.0 (donated 0.0, borrowed 262.0, hipMalloc 0.0; live 44.4, peak live 238.9, free 217.5), tables 0.61, other 0.0
mem [division] host 7.6 GB RSS (HWM 27.2): staging 0.0 pinned, registered 0.1, X 0.0, digits 0.0, named 0.0, other 7.6
dm       99.19 s   X 5555555557 limbs, R 0 limbs (recip 41.6 s; corrections 0/2; 0 mdev); X on the device   VmRSS 7.6 GB, VmHWM 27.2 GB
mem [dm] device 365.7 GB in use (per APU 90.3..94.6): planes 103.1, regions 0.0, block pool 262.0 (donated 0.0, borrowed 262.0, hipMalloc 0.0; live 44.4, peak live 238.9, free 217.5), tables 0.61, other 0.0
mem [dm] host 7.6 GB RSS (HWM 27.2): staging 0.0 pinned, registered 0.1, X 0.0, digits 0.0, named 0.0, other 7.6
RESULT ecalc dm s 99.1915
  T1 q0=4611686018427388039: P ok, Q ok, T(P+Q) == XQ+R ok
  T1 q1=4611686018427388073: P ok, Q ok, T(P+Q) == XQ+R ok
  T1 q2=4611686018427388081: P ok, Q ok, T(P+Q) == XQ+R ok
  T1 q3=4611686018427388091: P ok, Q ok, T(P+Q) == XQ+R ok
  T1 q4=4611686018427388093: P ok, Q ok, T(P+Q) == XQ+R ok
  T1 q5=4611686018427388097: P ok, Q ok, T(P+Q) == XQ+R ok
  T1 q6=4611686018427388157: P ok, Q ok, T(P+Q) == XQ+R ok
  T1 q7=4611686018427388181: P ok, Q ok, T(P+Q) == XQ+R ok
T1        0.65 s   ok: T(P+Q) == XQ + R and P, Q mod q for 8 primes (P, Q recurrence overlapped with bs)
      overlapped with bs: P, Q mod q recurrence 11.20 s, block pool pregrown by 0 GB in 0.00 s
RESULT ecalc T1 s 0.645302
      VmRSS 7.6 GB before dc
total   210.73 s   (bs 93.5 + 10dP 0.1 + dm 99.2 + T1 0.6 + dc 0.0 + T2 0.0 = 193.4; init 17.1; other 0.2); VmHWM 27.2 GB
RESULT ecalc total s 210.73
RESULT ecalc phases s 193.435
RESULT ecalc other s 0.191572
RESULT ecalc vmhwm GB 27.2261
paper A22 (4e10): 285.7 = bs 112.2 + 10dP 12.6 + dm 46.8 + T1 ~3 + dc 110.3
      X corrected after the formatting started: redoing the digits
  T2 window@50 ok
  T2 window@1000000 ok
  T2 window@100000000 ok
  T2 window@1000000000 ok
  T1 q0: digits == X ok
  T1 q1: digits == X ok
  T1 q2: digits == X ok
  T1 q3: digits == X ok
  T1 q4: digits == X ok
  T1 q5: digits == X ok
  T1 q6: digits == X ok
  T1 q7: digits == X ok
dc        5.85 s   digits [0, 100000000009) of 100000000009 formatted from 5555555557 decimal limbs in 373 chunks (streamed with the low product; joined after total) (residues 0.68, format 2.01, digit residue 2.92, T2 0.00, fetch 0.85, waiting for the writer 0.00)
RESULT ecalc dc s 5.84724
T2        0.00 s   windows ok (4 checked), digits == X mod q ok (overlapped)
RESULT ecalc T2 s 0
digits: 27182818284590452353602874713526624977572470936999595749669676...37703810896884928977
VERIFY OK
dbig pool: APU0 tail 22.57 GB: 1 large blocks from its back, 6 small blocks spilled into it
dbig pool: APU1 tail 22.57 GB: 1 large blocks from its back, 13 small blocks spilled into it
dbig pool: APU2 tail 22.57 GB: 1 large blocks from its back, 12 small blocks spilled into it
dbig pool: APU3 tail 22.57 GB: 1 large blocks from its back, 11 small blocks spilled into it
mem [end] device 103.7 GB in use (per APU 25.9..25.9): planes 103.1, regions 0.0, block pool 0.0 (donated 0.0, borrowed 0.0, hipMalloc 0.0; live 0.0, peak live 238.9, free 0.0), tables 0.61, other 0.0
mem [end] host 7.0 GB RSS (HWM 27.2): staging 0.0 pinned, registered 0.1, X 0.0, digits 0.0, named 0.0, other 6.9
mem summary: bytes in use at each phase boundary, GB (device: all APUs / largest APU; host: this process)
mem phase           device  maxAPU |  planes regions  pl:don  pl:bor  pl:hip pl:live pl:peak tables |    host staging  regist       X  digits   other     HWM
mem init             363.6    94.3 |   103.1   135.3     0.0   124.6     0.0     0.0     0.0   0.61 |    24.5    21.5     0.0     0.0     0.0     3.0    24.5
mem bs               365.7    94.6 |   103.1     0.0     0.0   262.0     0.0    88.9   146.0   0.61 |     8.9     4.3     0.1     0.0     0.0     4.6    27.2
mem recip            365.7    94.6 |   103.1     0.0     0.0   262.0     0.0   133.3   238.9   0.61 |     6.9     0.0     0.1     0.0     0.0     6.8    27.2
mem division         365.7    94.6 |   103.1     0.0     0.0   262.0     0.0    44.4   238.9   0.61 |     7.6     0.0     0.1     0.0     0.0     7.6    27.2
mem dm               365.7    94.6 |   103.1     0.0     0.0   262.0     0.0    44.4   238.9   0.61 |     7.6     0.0     0.1     0.0     0.0     7.6    27.2
mem end              103.7    25.9 |   103.1     0.0     0.0     0.0     0.0     0.0   238.9   0.61 |     7.0     0.0     0.1     0.0     0.0     6.9    27.2
dbig pool: APU0 VMM arena released (0 remaps of 0 chunks in 0.00 s, 0 growths of 0 chunks)
dbig pool: APU1 VMM arena released (1 remaps of 11 chunks in 0.48 s, 0 growths of 0 chunks)
dbig pool: APU2 VMM arena released (1 remaps of 11 chunks in 0.49 s, 0 growths of 0 chunks)
dbig pool: APU3 VMM arena released (1 remaps of 11 chunks in 0.47 s, 0 growths of 0 chunks)
rns_dist: RNS_STRATEGY=auto form B: C 14 products 11.77 s, B 198 products 67.92 s, B4 0 products 0.00 s; extra plane memory 0.00 GiB/APU (allocations 0.00 s)

real	3m38.683s
user	0m0.014s
sys	0m0.028s
